#
# There is insufficient memory for the Java Runtime Environment to continue.
# Native memory allocation (malloc) failed to allocate 1263856 bytes. Error detail: Chunk::new
# Possible reasons:
#   The system is out of physical RAM or swap space
#   This process is running with CompressedOops enabled, and the Java Heap may be blocking the growth of the native heap
# Possible solutions:
#   Reduce memory load on the system
#   Increase physical memory or swap space
#   Check if swap backing store is full
#   Decrease Java heap size (-Xmx/-Xms)
#   Decrease number of Java threads
#   Decrease Java thread stack sizes (-Xss)
#   Set larger code cache with -XX:ReservedCodeCacheSize=
#   JVM is running with Unscaled Compressed Oops mode in which the Java heap is
#     placed in the first 4GB address space. The Java Heap base address is the
#     maximum limit for the native heap growth. Please use -XX:HeapBaseMinAddress
#     to set the Java Heap base and to place the Java Heap above 4GB virtual address.
# This output file may be truncated or incomplete.
#
#  Out of Memory Error (arena.cpp:168), pid=24056, tid=26912
#
# JRE version: OpenJDK Runtime Environment Temurin-21.0.12.1+1 (21.0.12.1+1) (build 21.0.12.1+1-LTS)
# Java VM: OpenJDK 64-Bit Server VM Temurin-21.0.12.1+1 (21.0.12.1+1-LTS, mixed mode, sharing, tiered, compressed oops, compressed class ptrs, g1 gc, windows-amd64)
# No core dump will be written. Minidumps are not enabled by default on client versions of Windows
#

---------------  S U M M A R Y ------------

Command Line: --add-opens=java.base/java.lang=ALL-UNNAMED --add-opens=java.base/java.lang.invoke=ALL-UNNAMED --add-opens=java.base/java.util=ALL-UNNAMED --add-opens=java.prefs/java.util.prefs=ALL-UNNAMED --add-exports=jdk.compiler/com.sun.tools.javac.api=ALL-UNNAMED --add-exports=jdk.compiler/com.sun.tools.javac.util=ALL-UNNAMED --add-opens=java.base/java.util=ALL-UNNAMED --add-opens=java.prefs/java.util.prefs=ALL-UNNAMED --add-opens=java.base/java.nio.charset=ALL-UNNAMED --add-opens=java.base/java.net=ALL-UNNAMED --add-opens=java.base/java.util.concurrent.atomic=ALL-UNNAMED --add-opens=java.xml/javax.xml.namespace=ALL-UNNAMED -XX:MaxMetaspaceSize=384m -XX:+HeapDumpOnOutOfMemoryError -Xms256m -Xmx512m -Dfile.encoding=UTF-8 -Duser.country=KR -Duser.language=ko -Duser.variant -javaagent:C:\Users\wogud\.gradle\wrapper\dists\gradle-8.14.4-bin\92wwslzcyst3phie3o264zltu\gradle-8.14.4\lib\agents\gradle-instrumentation-agent-8.14.4.jar org.gradle.launcher.daemon.bootstrap.GradleDaemon 8.14.4

Host: Intel(R) Core(TM) Ultra 7 256V, 8 cores, 15G,  Windows 11 , 64 bit Build 26100 (10.0.26100.9168)
Time: Fri Sep  4 16:16:08 2026 elapsed time: 1026.351750 seconds (0d 0h 17m 6s)

---------------  T H R E A D  ---------------

Current thread (0x000002a1f414f200):  JavaThread "C2 CompilerThread0" daemon [_thread_in_native, id=26912, stack(0x000000aab2600000,0x000000aab2700000) (1024K)]


Current CompileTask:
C2:1026351 8745       4       org.gradle.internal.instantiation.generator.AbstractClassGenerator::inspectType (602 bytes)

Stack: [0x000000aab2600000,0x000000aab2700000]
Native frames: (J=compiled Java code, j=interpreted, Vv=VM code, C=native code)
V  [jvm.dll+0x6d83e9]
V  [jvm.dll+0x8b5736]
V  [jvm.dll+0x8b7cee]
V  [jvm.dll+0x8b83d3]
V  [jvm.dll+0x284596]
V  [jvm.dll+0xc685d]
V  [jvm.dll+0xc6da1]
V  [jvm.dll+0x2fb5ae]
V  [jvm.dll+0x5fee94]
V  [jvm.dll+0x255d67]
V  [jvm.dll+0x24e0f4]
V  [jvm.dll+0x24bbe6]
V  [jvm.dll+0x1cb4ae]
V  [jvm.dll+0x25baad]
V  [jvm.dll+0x25a03a]
V  [jvm.dll+0x3f8aae]
V  [jvm.dll+0x8600cd]
V  [jvm.dll+0x6d6c1d]
C  [ucrtbase.dll+0x2cd30]
C  [KERNEL32.DLL+0x2ccb7]
C  [ntdll.dll+0xaad6c]


---------------  P R O C E S S  ---------------

Threads class SMR info:
_java_thread_list=0x000002a1facc6bd0, length=58, elements={
0x000002a1de7a5d80, 0x000002a1f413e490, 0x000002a1f4148dc0, 0x000002a1f414c550,
0x000002a1f414cfb0, 0x000002a1f414da10, 0x000002a1f414e470, 0x000002a1f414f200,
0x000002a1f415b9a0, 0x000002a1f43ee400, 0x000002a1f430b5e0, 0x000002a1f9ac1dc0,
0x000002a1f922cd70, 0x000002a1f463b560, 0x000002a1f41b8900, 0x000002a1f9cc18e0,
0x000002a1f9cc0530, 0x000002a1f9cbfea0, 0x000002a1f9cc0bc0, 0x000002a1f9f38bc0,
0x000002a1f9f37ea0, 0x000002a1f9f35dd0, 0x000002a1f9f39250, 0x000002a1f9f398e0,
0x000002a1f9f36af0, 0x000002a1f9f3a600, 0x000002a1f9f37180, 0x000002a1f9f3c6d0,
0x000002a1fb09e1e0, 0x000002a1fb09ad60, 0x000002a1fb09b3f0, 0x000002a1fb09a6d0,
0x000002a1fb09ba80, 0x000002a1fb09c110, 0x000002a1fb09c7a0, 0x000002a1fb09a040,
0x000002a1fb09ce30, 0x000002a1fb098c90, 0x000002a1fb09f590, 0x000002a1fb0a02b0,
0x000002a1fb099320, 0x000002a1fb0999b0, 0x000002a1fb09db50, 0x000002a1fb09ef00,
0x000002a1fb09fc20, 0x000002a1fb09d4c0, 0x000002a1fb09e870, 0x000002a1faf325a0,
0x000002a1faf34d00, 0x000002a1faf33fe0, 0x000002a1faf332c0, 0x000002a1faf34670,
0x000002a1faf33950, 0x000002a1faf31f10, 0x000002a1faf32c30, 0x000002a1f9f37810,
0x000002a1f9f39f70, 0x000002a1f9f3ac90
}

Java Threads: ( => current thread )
  0x000002a1de7a5d80 JavaThread "main"                              [_thread_blocked, id=26768, stack(0x000000aab1800000,0x000000aab1900000) (1024K)]
  0x000002a1f413e490 JavaThread "Reference Handler"          daemon [_thread_blocked, id=26888, stack(0x000000aab2000000,0x000000aab2100000) (1024K)]
  0x000002a1f4148dc0 JavaThread "Finalizer"                  daemon [_thread_blocked, id=26892, stack(0x000000aab2100000,0x000000aab2200000) (1024K)]
  0x000002a1f414c550 JavaThread "Signal Dispatcher"          daemon [_thread_blocked, id=26896, stack(0x000000aab2200000,0x000000aab2300000) (1024K)]
  0x000002a1f414cfb0 JavaThread "Attach Listener"            daemon [_thread_blocked, id=26900, stack(0x000000aab2300000,0x000000aab2400000) (1024K)]
  0x000002a1f414da10 JavaThread "Service Thread"             daemon [_thread_blocked, id=26904, stack(0x000000aab2400000,0x000000aab2500000) (1024K)]
  0x000002a1f414e470 JavaThread "Monitor Deflation Thread"   daemon [_thread_blocked, id=26908, stack(0x000000aab2500000,0x000000aab2600000) (1024K)]
=>0x000002a1f414f200 JavaThread "C2 CompilerThread0"         daemon [_thread_in_native, id=26912, stack(0x000000aab2600000,0x000000aab2700000) (1024K)]
  0x000002a1f415b9a0 JavaThread "C1 CompilerThread0"         daemon [_thread_blocked, id=26920, stack(0x000000aab2700000,0x000000aab2800000) (1024K)]
  0x000002a1f43ee400 JavaThread "Common-Cleaner"             daemon [_thread_blocked, id=26952, stack(0x000000aab2800000,0x000000aab2900000) (1024K)]
  0x000002a1f430b5e0 JavaThread "Notification Thread"        daemon [_thread_blocked, id=27016, stack(0x000000aab2900000,0x000000aab2a00000) (1024K)]
  0x000002a1f9ac1dc0 JavaThread "Daemon health stats"               [_thread_blocked, id=31384, stack(0x000000aab1500000,0x000000aab1600000) (1024K)]
  0x000002a1f922cd70 JavaThread "Incoming local TCP Connector on port 65309"        [_thread_in_native, id=31716, stack(0x000000aab3100000,0x000000aab3200000) (1024K)]
  0x000002a1f463b560 JavaThread "Daemon"                            [_thread_blocked, id=29824, stack(0x000000aab3200000,0x000000aab3300000) (1024K)]
  0x000002a1f41b8900 JavaThread "Daemon periodic checks"            [_thread_blocked, id=30796, stack(0x000000aab3300000,0x000000aab3400000) (1024K)]
  0x000002a1f9cc18e0 JavaThread "Daemon worker"                     [_thread_in_Java, id=26936, stack(0x000000aab3600000,0x000000aab3700000) (1024K)]
  0x000002a1f9cc0530 JavaThread "Cache worker for journal cache (C:\Users\wogud\.gradle\caches\journal-1)"        [_thread_blocked, id=32092, stack(0x000000aab3a00000,0x000000aab3b00000) (1024K)]
  0x000002a1f9cbfea0 JavaThread "File lock request listener"        [_thread_in_native, id=32116, stack(0x000000aab3b00000,0x000000aab3c00000) (1024K)]
  0x000002a1f9cc0bc0 JavaThread "Cache worker for file hash cache (C:\Users\wogud\.gradle\caches\8.14.4\fileHashes)"        [_thread_blocked, id=32248, stack(0x000000aab3d00000,0x000000aab3e00000) (1024K)]
  0x000002a1f9f38bc0 JavaThread "File watcher server"        daemon [_thread_in_native, id=32792, stack(0x000000aab4100000,0x000000aab4200000) (1024K)]
  0x000002a1f9f37ea0 JavaThread "File watcher consumer"      daemon [_thread_blocked, id=32804, stack(0x000000aab4200000,0x000000aab4300000) (1024K)]
  0x000002a1f9f35dd0 JavaThread "jar transforms"                    [_thread_blocked, id=24552, stack(0x000000aab1700000,0x000000aab1800000) (1024K)]
  0x000002a1f9f39250 JavaThread "File lock release action executor Thread 3"        [_thread_blocked, id=47252, stack(0x000000aab4300000,0x000000aab4400000) (1024K)]
  0x000002a1f9f398e0 JavaThread "jar transforms Thread 2"           [_thread_blocked, id=47292, stack(0x000000aab4400000,0x000000aab4500000) (1024K)]
  0x000002a1f9f36af0 JavaThread "Cache worker for file content cache (C:\Users\wogud\.gradle\caches\8.14.4\fileContent)"        [_thread_blocked, id=47836, stack(0x000000aab4600000,0x000000aab4700000) (1024K)]
  0x000002a1f9f3a600 JavaThread "jar transforms Thread 3"           [_thread_blocked, id=48340, stack(0x000000aab4700000,0x000000aab4800000) (1024K)]
  0x000002a1f9f37180 JavaThread "jar transforms Thread 4"           [_thread_blocked, id=43036, stack(0x000000aab4800000,0x000000aab4900000) (1024K)]
  0x000002a1f9f3c6d0 JavaThread "jar transforms Thread 5"           [_thread_blocked, id=33992, stack(0x000000aab4b00000,0x000000aab4c00000) (1024K)]
  0x000002a1fb09e1e0 JavaThread "Memory manager"                    [_thread_blocked, id=18876, stack(0x000000aab6100000,0x000000aab6200000) (1024K)]
  0x000002a1fb09ad60 JavaThread "jar transforms Thread 6"           [_thread_blocked, id=47476, stack(0x000000aab1600000,0x000000aab1700000) (1024K)]
  0x000002a1fb09b3f0 JavaThread "included builds"                   [_thread_blocked, id=26824, stack(0x000000aab3c00000,0x000000aab3d00000) (1024K)]
  0x000002a1fb09a6d0 JavaThread "VFS cleanup"                       [_thread_blocked, id=48624, stack(0x000000aab3700000,0x000000aab3800000) (1024K)]
  0x000002a1fb09ba80 JavaThread "Daemon Thread 2"                   [_thread_blocked, id=41824, stack(0x000000aab3500000,0x000000aab3600000) (1024K)]
  0x000002a1fb09c110 JavaThread "Handler for socket connection from /127.0.0.1:65309 to /127.0.0.1:56946"        [_thread_in_native, id=35212, stack(0x000000aab3800000,0x000000aab3900000) (1024K)]
  0x000002a1fb09c7a0 JavaThread "Daemon Thread 3"                   [_thread_blocked, id=40000, stack(0x000000aab3900000,0x000000aab3a00000) (1024K)]
  0x000002a1fb09a040 JavaThread "Cancel handler"                    [_thread_blocked, id=30900, stack(0x000000aab4000000,0x000000aab4100000) (1024K)]
  0x000002a1fb09ce30 JavaThread "Asynchronous log dispatcher for DefaultDaemonConnection: socket connection from /127.0.0.1:65309 to /127.0.0.1:56946"        [_thread_blocked, id=39204, stack(0x000000aab3f00000,0x000000aab4000000) (1024K)]
  0x000002a1fb098c90 JavaThread "Stdin handler"                     [_thread_blocked, id=49404, stack(0x000000aab3400000,0x000000aab3500000) (1024K)]
  0x000002a1fb09f590 JavaThread "Daemon client event forwarder"        [_thread_blocked, id=37676, stack(0x000000aab4a00000,0x000000aab4b00000) (1024K)]
  0x000002a1fb0a02b0 JavaThread "Cache worker for file hash cache (C:\Users\wogud\OneDrive\바탕 화면\cpaston_project\.gradle\8.14.4\fileHashes)"        [_thread_blocked, id=17296, stack(0x000000aab4c00000,0x000000aab4d00000) (1024K)]
  0x000002a1fb099320 JavaThread "Cache worker for Build Output Cleanup Cache (C:\Users\wogud\OneDrive\바탕 화면\cpaston_project\.gradle\buildOutputCleanup)"        [_thread_blocked, id=50032, stack(0x000000aab4500000,0x000000aab4600000) (1024K)]
  0x000002a1fb0999b0 JavaThread "Cache worker for checksums cache (C:\Users\wogud\OneDrive\바탕 화면\cpaston_project\.gradle\8.14.4\checksums)"        [_thread_blocked, id=43764, stack(0x000000aab4900000,0x000000aab4a00000) (1024K)]
  0x000002a1fb09db50 JavaThread "Cache worker for cache directory md-supplier (C:\Users\wogud\.gradle\caches\8.14.4\md-supplier)"        [_thread_blocked, id=11912, stack(0x000000aab4d00000,0x000000aab4e00000) (1024K)]
  0x000002a1fb09ef00 JavaThread "Cache worker for cache directory md-rule (C:\Users\wogud\.gradle\caches\8.14.4\md-rule)"        [_thread_blocked, id=44792, stack(0x000000aab4e00000,0x000000aab4f00000) (1024K)]
  0x000002a1fb09fc20 JavaThread "Unconstrained build operations"        [_thread_blocked, id=36152, stack(0x000000aab4f00000,0x000000aab5000000) (1024K)]
  0x000002a1fb09d4c0 JavaThread "Unconstrained build operations Thread 2"        [_thread_blocked, id=27376, stack(0x000000aab5000000,0x000000aab5100000) (1024K)]
  0x000002a1fb09e870 JavaThread "Unconstrained build operations Thread 3"        [_thread_blocked, id=5516, stack(0x000000aab5100000,0x000000aab5200000) (1024K)]
  0x000002a1faf325a0 JavaThread "Unconstrained build operations Thread 4"        [_thread_blocked, id=40532, stack(0x000000aab5200000,0x000000aab5300000) (1024K)]
  0x000002a1faf34d00 JavaThread "Unconstrained build operations Thread 5"        [_thread_blocked, id=27624, stack(0x000000aab5300000,0x000000aab5400000) (1024K)]
  0x000002a1faf33fe0 JavaThread "Unconstrained build operations Thread 6"        [_thread_blocked, id=32304, stack(0x000000aab5400000,0x000000aab5500000) (1024K)]
  0x000002a1faf332c0 JavaThread "Unconstrained build operations Thread 7"        [_thread_blocked, id=49012, stack(0x000000aab5500000,0x000000aab5600000) (1024K)]
  0x000002a1faf34670 JavaThread "Unconstrained build operations Thread 8"        [_thread_blocked, id=43292, stack(0x000000aab5600000,0x000000aab5700000) (1024K)]
  0x000002a1faf33950 JavaThread "Unconstrained build operations Thread 9"        [_thread_blocked, id=37900, stack(0x000000aab5700000,0x000000aab5800000) (1024K)]
  0x000002a1faf31f10 JavaThread "Unconstrained build operations Thread 10"        [_thread_blocked, id=30904, stack(0x000000aab5800000,0x000000aab5900000) (1024K)]
  0x000002a1faf32c30 JavaThread "Unconstrained build operations Thread 11"        [_thread_blocked, id=13096, stack(0x000000aab5900000,0x000000aab5a00000) (1024K)]
  0x000002a1f9f37810 JavaThread "Unconstrained build operations Thread 12"        [_thread_blocked, id=48404, stack(0x000000aab5a00000,0x000000aab5b00000) (1024K)]
  0x000002a1f9f39f70 JavaThread "Unconstrained build operations Thread 13"        [_thread_blocked, id=28408, stack(0x000000aab5b00000,0x000000aab5c00000) (1024K)]
  0x000002a1f9f3ac90 JavaThread "Unconstrained build operations Thread 14"        [_thread_blocked, id=14932, stack(0x000000aab5c00000,0x000000aab5d00000) (1024K)]
Total: 58

Other Threads:
  0x000002a1f41248d0 VMThread "VM Thread"                           [id=26868, stack(0x000000aab1f00000,0x000000aab2000000) (1024K)]
  0x000002a1f4118b60 WatcherThread "VM Periodic Task Thread"        [id=26864, stack(0x000000aab1e00000,0x000000aab1f00000) (1024K)]
  0x000002a1de7d1430 WorkerThread "GC Thread#0"                     [id=26828, stack(0x000000aab1900000,0x000000aab1a00000) (1024K)]
  0x000002a1f44379e0 WorkerThread "GC Thread#1"                     [id=2200, stack(0x000000aab2c00000,0x000000aab2d00000) (1024K)]
  0x000002a1f44833b0 WorkerThread "GC Thread#2"                     [id=3856, stack(0x000000aab2d00000,0x000000aab2e00000) (1024K)]
  0x000002a1f4483760 WorkerThread "GC Thread#3"                     [id=7320, stack(0x000000aab2e00000,0x000000aab2f00000) (1024K)]
  0x000002a1f4483b10 WorkerThread "GC Thread#4"                     [id=14432, stack(0x000000aab2f00000,0x000000aab3000000) (1024K)]
  0x000002a1f4483ec0 WorkerThread "GC Thread#5"                     [id=25856, stack(0x000000aab3000000,0x000000aab3100000) (1024K)]
  0x000002a1f4303960 WorkerThread "GC Thread#6"                     [id=31704, stack(0x000000aab2a00000,0x000000aab2b00000) (1024K)]
  0x000002a1f4c47bc0 WorkerThread "GC Thread#7"                     [id=31708, stack(0x000000aab2b00000,0x000000aab2c00000) (1024K)]
  0x000002a1de7d6b40 ConcurrentGCThread "G1 Main Marker"            [id=26832, stack(0x000000aab1a00000,0x000000aab1b00000) (1024K)]
  0x000002a1de7d7560 WorkerThread "G1 Conc#0"                       [id=26836, stack(0x000000aab1b00000,0x000000aab1c00000) (1024K)]
  0x000002a1fa4c6310 WorkerThread "G1 Conc#1"                       [id=32316, stack(0x000000aab3e00000,0x000000aab3f00000) (1024K)]
  0x000002a1f3fe11e0 ConcurrentGCThread "G1 Refine#0"               [id=26840, stack(0x000000aab1c00000,0x000000aab1d00000) (1024K)]
  0x000002a1f3fe1b70 ConcurrentGCThread "G1 Service"                [id=26844, stack(0x000000aab1d00000,0x000000aab1e00000) (1024K)]
Total: 15

Threads with active compile tasks:
C2 CompilerThread0  1026560 8745       4       org.gradle.internal.instantiation.generator.AbstractClassGenerator::inspectType (602 bytes)
Total: 1

VM state: not at safepoint (normal execution)

VM Mutex/Monitor currently owned by a thread: None

Heap address: 0x00000000e0000000, size: 512 MB, Compressed Oops mode: 32-bit

CDS archive(s) mapped at: [0x000002a180000000-0x000002a180ba0000-0x000002a180ba0000), size 12189696, SharedBaseAddress: 0x000002a180000000, ArchiveRelocationMode: 1.
Compressed class space mapped at: 0x000002a181000000-0x000002a195000000, reserved size: 335544320
Narrow klass base: 0x000002a180000000, Narrow klass shift: 0, Narrow klass range: 0x100000000

GC Precious Log:
 CardTable entry size: 512
 Card Set container configuration: InlinePtr #cards 5 size 8 Array Of Cards #cards 12 size 40 Howl #buckets 4 coarsen threshold 1843 Howl Bitmap #cards 512 size 80 coarsen threshold 460 Card regions per heap region 1 cards per card region 2048
 CPUs: 8 total, 8 available
 Memory: 15914M
 Large Page Support: Disabled
 NUMA Support: Disabled
 Compressed Oops: Enabled (32-bit)
 Heap Region Size: 1M
 Heap Min Capacity: 256M
 Heap Initial Capacity: 256M
 Heap Max Capacity: 512M
 Pre-touch: Disabled
 Parallel Workers: 8
 Concurrent Workers: 2
 Concurrent Refinement Workers: 8
 Periodic GC: Disabled

Heap:
 garbage-first heap   total 262144K, used 84611K [0x00000000e0000000, 0x0000000100000000)
  region size 1024K, 53 young (54272K), 16 survivors (16384K)
 Metaspace       used 57620K, committed 59712K, reserved 393216K
  class space    used 8458K, committed 9472K, reserved 327680K

Heap Regions: E=young(eden), S=young(survivor), O=old, HS=humongous(starts), HC=humongous(continues), CS=collection set, F=free, TAMS=top-at-mark-start, PB=parsable bottom
|   0|0x00000000e0000000, 0x00000000e0100000, 0x00000000e0100000|100%|HS|  |TAMS 0x00000000e0000000| PB 0x00000000e0000000| Complete 
|   1|0x00000000e0100000, 0x00000000e0200000, 0x00000000e0200000|100%|HC|  |TAMS 0x00000000e0100000| PB 0x00000000e0100000| Complete 
|   2|0x00000000e0200000, 0x00000000e0300000, 0x00000000e0300000|100%|HC|  |TAMS 0x00000000e0200000| PB 0x00000000e0200000| Complete 
|   3|0x00000000e0300000, 0x00000000e0400000, 0x00000000e0400000|100%| O|  |TAMS 0x00000000e0300000| PB 0x00000000e0300000| Untracked 
|   4|0x00000000e0400000, 0x00000000e0500000, 0x00000000e0500000|100%| O|  |TAMS 0x00000000e0400000| PB 0x00000000e0400000| Untracked 
|   5|0x00000000e0500000, 0x00000000e0600000, 0x00000000e0600000|100%| O|  |TAMS 0x00000000e0500000| PB 0x00000000e0500000| Untracked 
|   6|0x00000000e0600000, 0x00000000e0700000, 0x00000000e0700000|100%|HS|  |TAMS 0x00000000e0600000| PB 0x00000000e0600000| Complete 
|   7|0x00000000e0700000, 0x00000000e0800000, 0x00000000e0800000|100%| O|  |TAMS 0x00000000e0700000| PB 0x00000000e0700000| Untracked 
|   8|0x00000000e0800000, 0x00000000e0900000, 0x00000000e0900000|100%| O|  |TAMS 0x00000000e0800000| PB 0x00000000e0800000| Untracked 
|   9|0x00000000e0900000, 0x00000000e0a00000, 0x00000000e0a00000|100%| O|  |TAMS 0x00000000e0900000| PB 0x00000000e0900000| Untracked 
|  10|0x00000000e0a00000, 0x00000000e0b00000, 0x00000000e0b00000|100%| O|  |TAMS 0x00000000e0a00000| PB 0x00000000e0a00000| Untracked 
|  11|0x00000000e0b00000, 0x00000000e0c00000, 0x00000000e0c00000|100%| O|  |TAMS 0x00000000e0b00000| PB 0x00000000e0b00000| Untracked 
|  12|0x00000000e0c00000, 0x00000000e0d00000, 0x00000000e0d00000|100%| O|  |TAMS 0x00000000e0c00000| PB 0x00000000e0c00000| Untracked 
|  13|0x00000000e0d00000, 0x00000000e0d00000, 0x00000000e0e00000|  0%| F|  |TAMS 0x00000000e0d00000| PB 0x00000000e0d00000| Untracked 
|  14|0x00000000e0e00000, 0x00000000e0f00000, 0x00000000e0f00000|100%| O|  |TAMS 0x00000000e0e00000| PB 0x00000000e0e00000| Untracked 
|  15|0x00000000e0f00000, 0x00000000e1000000, 0x00000000e1000000|100%| O|  |TAMS 0x00000000e0f00000| PB 0x00000000e0f00000| Untracked 
|  16|0x00000000e1000000, 0x00000000e1100000, 0x00000000e1100000|100%| O|  |TAMS 0x00000000e1000000| PB 0x00000000e1000000| Untracked 
|  17|0x00000000e1100000, 0x00000000e1200000, 0x00000000e1200000|100%| O|  |TAMS 0x00000000e1100000| PB 0x00000000e1100000| Untracked 
|  18|0x00000000e1200000, 0x00000000e1300000, 0x00000000e1300000|100%| O|  |TAMS 0x00000000e1200000| PB 0x00000000e1200000| Untracked 
|  19|0x00000000e1300000, 0x00000000e1400000, 0x00000000e1400000|100%| O|  |TAMS 0x00000000e1300000| PB 0x00000000e1300000| Untracked 
|  20|0x00000000e1400000, 0x00000000e1500000, 0x00000000e1500000|100%| O|  |TAMS 0x00000000e1400000| PB 0x00000000e1400000| Untracked 
|  21|0x00000000e1500000, 0x00000000e1600000, 0x00000000e1600000|100%| O|  |TAMS 0x00000000e1500000| PB 0x00000000e1500000| Untracked 
|  22|0x00000000e1600000, 0x00000000e1700000, 0x00000000e1700000|100%| O|  |TAMS 0x00000000e1600000| PB 0x00000000e1600000| Untracked 
|  23|0x00000000e1700000, 0x00000000e1800000, 0x00000000e1800000|100%| O|  |TAMS 0x00000000e1700000| PB 0x00000000e1700000| Untracked 
|  24|0x00000000e1800000, 0x00000000e1900000, 0x00000000e1900000|100%| O|  |TAMS 0x00000000e1800000| PB 0x00000000e1800000| Untracked 
|  25|0x00000000e1900000, 0x00000000e1a00000, 0x00000000e1a00000|100%| O|  |TAMS 0x00000000e1900000| PB 0x00000000e1900000| Untracked 
|  26|0x00000000e1a00000, 0x00000000e1b00000, 0x00000000e1b00000|100%| O|  |TAMS 0x00000000e1a00000| PB 0x00000000e1a00000| Untracked 
|  27|0x00000000e1b00000, 0x00000000e1c00000, 0x00000000e1c00000|100%| O|  |TAMS 0x00000000e1b00000| PB 0x00000000e1b00000| Untracked 
|  28|0x00000000e1c00000, 0x00000000e1d00000, 0x00000000e1d00000|100%| O|  |TAMS 0x00000000e1c00000| PB 0x00000000e1c00000| Untracked 
|  29|0x00000000e1d00000, 0x00000000e1e00000, 0x00000000e1e00000|100%| O|  |TAMS 0x00000000e1d00000| PB 0x00000000e1d00000| Untracked 
|  30|0x00000000e1e00000, 0x00000000e1f00000, 0x00000000e1f00000|100%| O|  |TAMS 0x00000000e1e00000| PB 0x00000000e1e00000| Untracked 
|  31|0x00000000e1f00000, 0x00000000e1fa0f58, 0x00000000e2000000| 62%| O|  |TAMS 0x00000000e1f00000| PB 0x00000000e1f00000| Untracked 
|  32|0x00000000e2000000, 0x00000000e2000000, 0x00000000e2100000|  0%| F|  |TAMS 0x00000000e2000000| PB 0x00000000e2000000| Untracked 
|  33|0x00000000e2100000, 0x00000000e2100000, 0x00000000e2200000|  0%| F|  |TAMS 0x00000000e2100000| PB 0x00000000e2100000| Untracked 
|  34|0x00000000e2200000, 0x00000000e2200000, 0x00000000e2300000|  0%| F|  |TAMS 0x00000000e2200000| PB 0x00000000e2200000| Untracked 
|  35|0x00000000e2300000, 0x00000000e2300000, 0x00000000e2400000|  0%| F|  |TAMS 0x00000000e2300000| PB 0x00000000e2300000| Untracked 
|  36|0x00000000e2400000, 0x00000000e2400000, 0x00000000e2500000|  0%| F|  |TAMS 0x00000000e2400000| PB 0x00000000e2400000| Untracked 
|  37|0x00000000e2500000, 0x00000000e2500000, 0x00000000e2600000|  0%| F|  |TAMS 0x00000000e2500000| PB 0x00000000e2500000| Untracked 
|  38|0x00000000e2600000, 0x00000000e2600000, 0x00000000e2700000|  0%| F|  |TAMS 0x00000000e2600000| PB 0x00000000e2600000| Untracked 
|  39|0x00000000e2700000, 0x00000000e2700000, 0x00000000e2800000|  0%| F|  |TAMS 0x00000000e2700000| PB 0x00000000e2700000| Untracked 
|  40|0x00000000e2800000, 0x00000000e2800000, 0x00000000e2900000|  0%| F|  |TAMS 0x00000000e2800000| PB 0x00000000e2800000| Untracked 
|  41|0x00000000e2900000, 0x00000000e2900000, 0x00000000e2a00000|  0%| F|  |TAMS 0x00000000e2900000| PB 0x00000000e2900000| Untracked 
|  42|0x00000000e2a00000, 0x00000000e2a00000, 0x00000000e2b00000|  0%| F|  |TAMS 0x00000000e2a00000| PB 0x00000000e2a00000| Untracked 
|  43|0x00000000e2b00000, 0x00000000e2b00000, 0x00000000e2c00000|  0%| F|  |TAMS 0x00000000e2b00000| PB 0x00000000e2b00000| Untracked 
|  44|0x00000000e2c00000, 0x00000000e2c00000, 0x00000000e2d00000|  0%| F|  |TAMS 0x00000000e2c00000| PB 0x00000000e2c00000| Untracked 
|  45|0x00000000e2d00000, 0x00000000e2d00000, 0x00000000e2e00000|  0%| F|  |TAMS 0x00000000e2d00000| PB 0x00000000e2d00000| Untracked 
|  46|0x00000000e2e00000, 0x00000000e2e00000, 0x00000000e2f00000|  0%| F|  |TAMS 0x00000000e2e00000| PB 0x00000000e2e00000| Untracked 
|  47|0x00000000e2f00000, 0x00000000e2f00000, 0x00000000e3000000|  0%| F|  |TAMS 0x00000000e2f00000| PB 0x00000000e2f00000| Untracked 
|  48|0x00000000e3000000, 0x00000000e3000000, 0x00000000e3100000|  0%| F|  |TAMS 0x00000000e3000000| PB 0x00000000e3000000| Untracked 
|  49|0x00000000e3100000, 0x00000000e3100000, 0x00000000e3200000|  0%| F|  |TAMS 0x00000000e3100000| PB 0x00000000e3100000| Untracked 
|  50|0x00000000e3200000, 0x00000000e3200000, 0x00000000e3300000|  0%| F|  |TAMS 0x00000000e3200000| PB 0x00000000e3200000| Untracked 
|  51|0x00000000e3300000, 0x00000000e3300000, 0x00000000e3400000|  0%| F|  |TAMS 0x00000000e3300000| PB 0x00000000e3300000| Untracked 
|  52|0x00000000e3400000, 0x00000000e3400000, 0x00000000e3500000|  0%| F|  |TAMS 0x00000000e3400000| PB 0x00000000e3400000| Untracked 
|  53|0x00000000e3500000, 0x00000000e3500000, 0x00000000e3600000|  0%| F|  |TAMS 0x00000000e3500000| PB 0x00000000e3500000| Untracked 
|  54|0x00000000e3600000, 0x00000000e3600000, 0x00000000e3700000|  0%| F|  |TAMS 0x00000000e3600000| PB 0x00000000e3600000| Untracked 
|  55|0x00000000e3700000, 0x00000000e3700000, 0x00000000e3800000|  0%| F|  |TAMS 0x00000000e3700000| PB 0x00000000e3700000| Untracked 
|  56|0x00000000e3800000, 0x00000000e3800000, 0x00000000e3900000|  0%| F|  |TAMS 0x00000000e3800000| PB 0x00000000e3800000| Untracked 
|  57|0x00000000e3900000, 0x00000000e3900000, 0x00000000e3a00000|  0%| F|  |TAMS 0x00000000e3900000| PB 0x00000000e3900000| Untracked 
|  58|0x00000000e3a00000, 0x00000000e3a00000, 0x00000000e3b00000|  0%| F|  |TAMS 0x00000000e3a00000| PB 0x00000000e3a00000| Untracked 
|  59|0x00000000e3b00000, 0x00000000e3b00000, 0x00000000e3c00000|  0%| F|  |TAMS 0x00000000e3b00000| PB 0x00000000e3b00000| Untracked 
|  60|0x00000000e3c00000, 0x00000000e3c00000, 0x00000000e3d00000|  0%| F|  |TAMS 0x00000000e3c00000| PB 0x00000000e3c00000| Untracked 
|  61|0x00000000e3d00000, 0x00000000e3d00000, 0x00000000e3e00000|  0%| F|  |TAMS 0x00000000e3d00000| PB 0x00000000e3d00000| Untracked 
|  62|0x00000000e3e00000, 0x00000000e3e00000, 0x00000000e3f00000|  0%| F|  |TAMS 0x00000000e3e00000| PB 0x00000000e3e00000| Untracked 
|  63|0x00000000e3f00000, 0x00000000e3f00000, 0x00000000e4000000|  0%| F|  |TAMS 0x00000000e3f00000| PB 0x00000000e3f00000| Untracked 
|  64|0x00000000e4000000, 0x00000000e4000000, 0x00000000e4100000|  0%| F|  |TAMS 0x00000000e4000000| PB 0x00000000e4000000| Untracked 
|  65|0x00000000e4100000, 0x00000000e4100000, 0x00000000e4200000|  0%| F|  |TAMS 0x00000000e4100000| PB 0x00000000e4100000| Untracked 
|  66|0x00000000e4200000, 0x00000000e4200000, 0x00000000e4300000|  0%| F|  |TAMS 0x00000000e4200000| PB 0x00000000e4200000| Untracked 
|  67|0x00000000e4300000, 0x00000000e4300000, 0x00000000e4400000|  0%| F|  |TAMS 0x00000000e4300000| PB 0x00000000e4300000| Untracked 
|  68|0x00000000e4400000, 0x00000000e4400000, 0x00000000e4500000|  0%| F|  |TAMS 0x00000000e4400000| PB 0x00000000e4400000| Untracked 
|  69|0x00000000e4500000, 0x00000000e4500000, 0x00000000e4600000|  0%| F|  |TAMS 0x00000000e4500000| PB 0x00000000e4500000| Untracked 
|  70|0x00000000e4600000, 0x00000000e4600000, 0x00000000e4700000|  0%| F|  |TAMS 0x00000000e4600000| PB 0x00000000e4600000| Untracked 
|  71|0x00000000e4700000, 0x00000000e4700000, 0x00000000e4800000|  0%| F|  |TAMS 0x00000000e4700000| PB 0x00000000e4700000| Untracked 
|  72|0x00000000e4800000, 0x00000000e4800000, 0x00000000e4900000|  0%| F|  |TAMS 0x00000000e4800000| PB 0x00000000e4800000| Untracked 
|  73|0x00000000e4900000, 0x00000000e4900000, 0x00000000e4a00000|  0%| F|  |TAMS 0x00000000e4900000| PB 0x00000000e4900000| Untracked 
|  74|0x00000000e4a00000, 0x00000000e4a00000, 0x00000000e4b00000|  0%| F|  |TAMS 0x00000000e4a00000| PB 0x00000000e4a00000| Untracked 
|  75|0x00000000e4b00000, 0x00000000e4b00000, 0x00000000e4c00000|  0%| F|  |TAMS 0x00000000e4b00000| PB 0x00000000e4b00000| Untracked 
|  76|0x00000000e4c00000, 0x00000000e4c00000, 0x00000000e4d00000|  0%| F|  |TAMS 0x00000000e4c00000| PB 0x00000000e4c00000| Untracked 
|  77|0x00000000e4d00000, 0x00000000e4d00000, 0x00000000e4e00000|  0%| F|  |TAMS 0x00000000e4d00000| PB 0x00000000e4d00000| Untracked 
|  78|0x00000000e4e00000, 0x00000000e4e00000, 0x00000000e4f00000|  0%| F|  |TAMS 0x00000000e4e00000| PB 0x00000000e4e00000| Untracked 
|  79|0x00000000e4f00000, 0x00000000e4f00000, 0x00000000e5000000|  0%| F|  |TAMS 0x00000000e4f00000| PB 0x00000000e4f00000| Untracked 
|  80|0x00000000e5000000, 0x00000000e5000000, 0x00000000e5100000|  0%| F|  |TAMS 0x00000000e5000000| PB 0x00000000e5000000| Untracked 
|  81|0x00000000e5100000, 0x00000000e5100000, 0x00000000e5200000|  0%| F|  |TAMS 0x00000000e5100000| PB 0x00000000e5100000| Untracked 
|  82|0x00000000e5200000, 0x00000000e5200000, 0x00000000e5300000|  0%| F|  |TAMS 0x00000000e5200000| PB 0x00000000e5200000| Untracked 
|  83|0x00000000e5300000, 0x00000000e5300000, 0x00000000e5400000|  0%| F|  |TAMS 0x00000000e5300000| PB 0x00000000e5300000| Untracked 
|  84|0x00000000e5400000, 0x00000000e5400000, 0x00000000e5500000|  0%| F|  |TAMS 0x00000000e5400000| PB 0x00000000e5400000| Untracked 
|  85|0x00000000e5500000, 0x00000000e5500000, 0x00000000e5600000|  0%| F|  |TAMS 0x00000000e5500000| PB 0x00000000e5500000| Untracked 
|  86|0x00000000e5600000, 0x00000000e5600000, 0x00000000e5700000|  0%| F|  |TAMS 0x00000000e5600000| PB 0x00000000e5600000| Untracked 
|  87|0x00000000e5700000, 0x00000000e5800000, 0x00000000e5800000|100%| S|CS|TAMS 0x00000000e5700000| PB 0x00000000e5700000| Complete 
|  88|0x00000000e5800000, 0x00000000e5900000, 0x00000000e5900000|100%| S|CS|TAMS 0x00000000e5800000| PB 0x00000000e5800000| Complete 
|  89|0x00000000e5900000, 0x00000000e5900000, 0x00000000e5a00000|  0%| F|  |TAMS 0x00000000e5900000| PB 0x00000000e5900000| Untracked 
|  90|0x00000000e5a00000, 0x00000000e5a00000, 0x00000000e5b00000|  0%| F|  |TAMS 0x00000000e5a00000| PB 0x00000000e5a00000| Untracked 
|  91|0x00000000e5b00000, 0x00000000e5b00000, 0x00000000e5c00000|  0%| F|  |TAMS 0x00000000e5b00000| PB 0x00000000e5b00000| Untracked 
|  92|0x00000000e5c00000, 0x00000000e5c00000, 0x00000000e5d00000|  0%| F|  |TAMS 0x00000000e5c00000| PB 0x00000000e5c00000| Untracked 
|  93|0x00000000e5d00000, 0x00000000e5d00000, 0x00000000e5e00000|  0%| F|  |TAMS 0x00000000e5d00000| PB 0x00000000e5d00000| Untracked 
|  94|0x00000000e5e00000, 0x00000000e5e00000, 0x00000000e5f00000|  0%| F|  |TAMS 0x00000000e5e00000| PB 0x00000000e5e00000| Untracked 
|  95|0x00000000e5f00000, 0x00000000e5f00000, 0x00000000e6000000|  0%| F|  |TAMS 0x00000000e5f00000| PB 0x00000000e5f00000| Untracked 
|  96|0x00000000e6000000, 0x00000000e6000000, 0x00000000e6100000|  0%| F|  |TAMS 0x00000000e6000000| PB 0x00000000e6000000| Untracked 
|  97|0x00000000e6100000, 0x00000000e6100000, 0x00000000e6200000|  0%| F|  |TAMS 0x00000000e6100000| PB 0x00000000e6100000| Untracked 
|  98|0x00000000e6200000, 0x00000000e6200000, 0x00000000e6300000|  0%| F|  |TAMS 0x00000000e6200000| PB 0x00000000e6200000| Untracked 
|  99|0x00000000e6300000, 0x00000000e6300000, 0x00000000e6400000|  0%| F|  |TAMS 0x00000000e6300000| PB 0x00000000e6300000| Untracked 
| 100|0x00000000e6400000, 0x00000000e6400000, 0x00000000e6500000|  0%| F|  |TAMS 0x00000000e6400000| PB 0x00000000e6400000| Untracked 
| 101|0x00000000e6500000, 0x00000000e6500000, 0x00000000e6600000|  0%| F|  |TAMS 0x00000000e6500000| PB 0x00000000e6500000| Untracked 
| 102|0x00000000e6600000, 0x00000000e6600000, 0x00000000e6700000|  0%| F|  |TAMS 0x00000000e6600000| PB 0x00000000e6600000| Untracked 
| 103|0x00000000e6700000, 0x00000000e6800000, 0x00000000e6800000|100%| S|CS|TAMS 0x00000000e6700000| PB 0x00000000e6700000| Complete 
| 104|0x00000000e6800000, 0x00000000e6900000, 0x00000000e6900000|100%| S|CS|TAMS 0x00000000e6800000| PB 0x00000000e6800000| Complete 
| 105|0x00000000e6900000, 0x00000000e6a00000, 0x00000000e6a00000|100%| S|CS|TAMS 0x00000000e6900000| PB 0x00000000e6900000| Complete 
| 106|0x00000000e6a00000, 0x00000000e6b00000, 0x00000000e6b00000|100%| S|CS|TAMS 0x00000000e6a00000| PB 0x00000000e6a00000| Complete 
| 107|0x00000000e6b00000, 0x00000000e6c00000, 0x00000000e6c00000|100%| S|CS|TAMS 0x00000000e6b00000| PB 0x00000000e6b00000| Complete 
| 108|0x00000000e6c00000, 0x00000000e6d00000, 0x00000000e6d00000|100%| S|CS|TAMS 0x00000000e6c00000| PB 0x00000000e6c00000| Complete 
| 109|0x00000000e6d00000, 0x00000000e6e00000, 0x00000000e6e00000|100%| S|CS|TAMS 0x00000000e6d00000| PB 0x00000000e6d00000| Complete 
| 110|0x00000000e6e00000, 0x00000000e6f00000, 0x00000000e6f00000|100%| S|CS|TAMS 0x00000000e6e00000| PB 0x00000000e6e00000| Complete 
| 111|0x00000000e6f00000, 0x00000000e7000000, 0x00000000e7000000|100%| S|CS|TAMS 0x00000000e6f00000| PB 0x00000000e6f00000| Complete 
| 112|0x00000000e7000000, 0x00000000e7100000, 0x00000000e7100000|100%| S|CS|TAMS 0x00000000e7000000| PB 0x00000000e7000000| Complete 
| 113|0x00000000e7100000, 0x00000000e7200000, 0x00000000e7200000|100%| S|CS|TAMS 0x00000000e7100000| PB 0x00000000e7100000| Complete 
| 114|0x00000000e7200000, 0x00000000e7300000, 0x00000000e7300000|100%| S|CS|TAMS 0x00000000e7200000| PB 0x00000000e7200000| Complete 
| 115|0x00000000e7300000, 0x00000000e7400000, 0x00000000e7400000|100%| S|CS|TAMS 0x00000000e7300000| PB 0x00000000e7300000| Complete 
| 116|0x00000000e7400000, 0x00000000e7500000, 0x00000000e7500000|100%| S|CS|TAMS 0x00000000e7400000| PB 0x00000000e7400000| Complete 
| 117|0x00000000e7500000, 0x00000000e7500000, 0x00000000e7600000|  0%| F|  |TAMS 0x00000000e7500000| PB 0x00000000e7500000| Untracked 
| 118|0x00000000e7600000, 0x00000000e7600000, 0x00000000e7700000|  0%| F|  |TAMS 0x00000000e7600000| PB 0x00000000e7600000| Untracked 
| 119|0x00000000e7700000, 0x00000000e7700000, 0x00000000e7800000|  0%| F|  |TAMS 0x00000000e7700000| PB 0x00000000e7700000| Untracked 
| 120|0x00000000e7800000, 0x00000000e7800000, 0x00000000e7900000|  0%| F|  |TAMS 0x00000000e7800000| PB 0x00000000e7800000| Untracked 
| 121|0x00000000e7900000, 0x00000000e7900000, 0x00000000e7a00000|  0%| F|  |TAMS 0x00000000e7900000| PB 0x00000000e7900000| Untracked 
| 122|0x00000000e7a00000, 0x00000000e7a00000, 0x00000000e7b00000|  0%| F|  |TAMS 0x00000000e7a00000| PB 0x00000000e7a00000| Untracked 
| 123|0x00000000e7b00000, 0x00000000e7b00000, 0x00000000e7c00000|  0%| F|  |TAMS 0x00000000e7b00000| PB 0x00000000e7b00000| Untracked 
| 124|0x00000000e7c00000, 0x00000000e7c00000, 0x00000000e7d00000|  0%| F|  |TAMS 0x00000000e7c00000| PB 0x00000000e7c00000| Untracked 
| 125|0x00000000e7d00000, 0x00000000e7d00000, 0x00000000e7e00000|  0%| F|  |TAMS 0x00000000e7d00000| PB 0x00000000e7d00000| Untracked 
| 126|0x00000000e7e00000, 0x00000000e7e00000, 0x00000000e7f00000|  0%| F|  |TAMS 0x00000000e7e00000| PB 0x00000000e7e00000| Untracked 
| 127|0x00000000e7f00000, 0x00000000e7f00000, 0x00000000e8000000|  0%| F|  |TAMS 0x00000000e7f00000| PB 0x00000000e7f00000| Untracked 
| 128|0x00000000e8000000, 0x00000000e8000000, 0x00000000e8100000|  0%| F|  |TAMS 0x00000000e8000000| PB 0x00000000e8000000| Untracked 
| 129|0x00000000e8100000, 0x00000000e8100000, 0x00000000e8200000|  0%| F|  |TAMS 0x00000000e8100000| PB 0x00000000e8100000| Untracked 
| 130|0x00000000e8200000, 0x00000000e8200000, 0x00000000e8300000|  0%| F|  |TAMS 0x00000000e8200000| PB 0x00000000e8200000| Untracked 
| 131|0x00000000e8300000, 0x00000000e8300000, 0x00000000e8400000|  0%| F|  |TAMS 0x00000000e8300000| PB 0x00000000e8300000| Untracked 
| 132|0x00000000e8400000, 0x00000000e8400000, 0x00000000e8500000|  0%| F|  |TAMS 0x00000000e8400000| PB 0x00000000e8400000| Untracked 
| 133|0x00000000e8500000, 0x00000000e8500000, 0x00000000e8600000|  0%| F|  |TAMS 0x00000000e8500000| PB 0x00000000e8500000| Untracked 
| 134|0x00000000e8600000, 0x00000000e8600000, 0x00000000e8700000|  0%| F|  |TAMS 0x00000000e8600000| PB 0x00000000e8600000| Untracked 
| 135|0x00000000e8700000, 0x00000000e8700000, 0x00000000e8800000|  0%| F|  |TAMS 0x00000000e8700000| PB 0x00000000e8700000| Untracked 
| 136|0x00000000e8800000, 0x00000000e8800000, 0x00000000e8900000|  0%| F|  |TAMS 0x00000000e8800000| PB 0x00000000e8800000| Untracked 
| 137|0x00000000e8900000, 0x00000000e8900000, 0x00000000e8a00000|  0%| F|  |TAMS 0x00000000e8900000| PB 0x00000000e8900000| Untracked 
| 138|0x00000000e8a00000, 0x00000000e8a00000, 0x00000000e8b00000|  0%| F|  |TAMS 0x00000000e8a00000| PB 0x00000000e8a00000| Untracked 
| 139|0x00000000e8b00000, 0x00000000e8b00000, 0x00000000e8c00000|  0%| F|  |TAMS 0x00000000e8b00000| PB 0x00000000e8b00000| Untracked 
| 140|0x00000000e8c00000, 0x00000000e8c00000, 0x00000000e8d00000|  0%| F|  |TAMS 0x00000000e8c00000| PB 0x00000000e8c00000| Untracked 
| 141|0x00000000e8d00000, 0x00000000e8d00000, 0x00000000e8e00000|  0%| F|  |TAMS 0x00000000e8d00000| PB 0x00000000e8d00000| Untracked 
| 142|0x00000000e8e00000, 0x00000000e8e00000, 0x00000000e8f00000|  0%| F|  |TAMS 0x00000000e8e00000| PB 0x00000000e8e00000| Untracked 
| 143|0x00000000e8f00000, 0x00000000e8f00000, 0x00000000e9000000|  0%| F|  |TAMS 0x00000000e8f00000| PB 0x00000000e8f00000| Untracked 
| 144|0x00000000e9000000, 0x00000000e9000000, 0x00000000e9100000|  0%| F|  |TAMS 0x00000000e9000000| PB 0x00000000e9000000| Untracked 
| 145|0x00000000e9100000, 0x00000000e9100000, 0x00000000e9200000|  0%| F|  |TAMS 0x00000000e9100000| PB 0x00000000e9100000| Untracked 
| 146|0x00000000e9200000, 0x00000000e9200000, 0x00000000e9300000|  0%| F|  |TAMS 0x00000000e9200000| PB 0x00000000e9200000| Untracked 
| 147|0x00000000e9300000, 0x00000000e9300000, 0x00000000e9400000|  0%| F|  |TAMS 0x00000000e9300000| PB 0x00000000e9300000| Untracked 
| 148|0x00000000e9400000, 0x00000000e9400000, 0x00000000e9500000|  0%| F|  |TAMS 0x00000000e9400000| PB 0x00000000e9400000| Untracked 
| 149|0x00000000e9500000, 0x00000000e9500000, 0x00000000e9600000|  0%| F|  |TAMS 0x00000000e9500000| PB 0x00000000e9500000| Untracked 
| 150|0x00000000e9600000, 0x00000000e9600000, 0x00000000e9700000|  0%| F|  |TAMS 0x00000000e9600000| PB 0x00000000e9600000| Untracked 
| 151|0x00000000e9700000, 0x00000000e9700000, 0x00000000e9800000|  0%| F|  |TAMS 0x00000000e9700000| PB 0x00000000e9700000| Untracked 
| 152|0x00000000e9800000, 0x00000000e9800000, 0x00000000e9900000|  0%| F|  |TAMS 0x00000000e9800000| PB 0x00000000e9800000| Untracked 
| 153|0x00000000e9900000, 0x00000000e9900000, 0x00000000e9a00000|  0%| F|  |TAMS 0x00000000e9900000| PB 0x00000000e9900000| Untracked 
| 154|0x00000000e9a00000, 0x00000000e9a00000, 0x00000000e9b00000|  0%| F|  |TAMS 0x00000000e9a00000| PB 0x00000000e9a00000| Untracked 
| 155|0x00000000e9b00000, 0x00000000e9b00000, 0x00000000e9c00000|  0%| F|  |TAMS 0x00000000e9b00000| PB 0x00000000e9b00000| Untracked 
| 156|0x00000000e9c00000, 0x00000000e9c00000, 0x00000000e9d00000|  0%| F|  |TAMS 0x00000000e9c00000| PB 0x00000000e9c00000| Untracked 
| 157|0x00000000e9d00000, 0x00000000e9d00000, 0x00000000e9e00000|  0%| F|  |TAMS 0x00000000e9d00000| PB 0x00000000e9d00000| Untracked 
| 158|0x00000000e9e00000, 0x00000000e9e00000, 0x00000000e9f00000|  0%| F|  |TAMS 0x00000000e9e00000| PB 0x00000000e9e00000| Untracked 
| 159|0x00000000e9f00000, 0x00000000e9f00000, 0x00000000ea000000|  0%| F|  |TAMS 0x00000000e9f00000| PB 0x00000000e9f00000| Untracked 
| 160|0x00000000ea000000, 0x00000000ea000000, 0x00000000ea100000|  0%| F|  |TAMS 0x00000000ea000000| PB 0x00000000ea000000| Untracked 
| 161|0x00000000ea100000, 0x00000000ea100000, 0x00000000ea200000|  0%| F|  |TAMS 0x00000000ea100000| PB 0x00000000ea100000| Untracked 
| 162|0x00000000ea200000, 0x00000000ea200000, 0x00000000ea300000|  0%| F|  |TAMS 0x00000000ea200000| PB 0x00000000ea200000| Untracked 
| 163|0x00000000ea300000, 0x00000000ea300000, 0x00000000ea400000|  0%| F|  |TAMS 0x00000000ea300000| PB 0x00000000ea300000| Untracked 
| 164|0x00000000ea400000, 0x00000000ea400000, 0x00000000ea500000|  0%| F|  |TAMS 0x00000000ea400000| PB 0x00000000ea400000| Untracked 
| 165|0x00000000ea500000, 0x00000000ea500000, 0x00000000ea600000|  0%| F|  |TAMS 0x00000000ea500000| PB 0x00000000ea500000| Untracked 
| 166|0x00000000ea600000, 0x00000000ea600000, 0x00000000ea700000|  0%| F|  |TAMS 0x00000000ea600000| PB 0x00000000ea600000| Untracked 
| 167|0x00000000ea700000, 0x00000000ea700000, 0x00000000ea800000|  0%| F|  |TAMS 0x00000000ea700000| PB 0x00000000ea700000| Untracked 
| 168|0x00000000ea800000, 0x00000000ea800000, 0x00000000ea900000|  0%| F|  |TAMS 0x00000000ea800000| PB 0x00000000ea800000| Untracked 
| 169|0x00000000ea900000, 0x00000000ea900000, 0x00000000eaa00000|  0%| F|  |TAMS 0x00000000ea900000| PB 0x00000000ea900000| Untracked 
| 170|0x00000000eaa00000, 0x00000000eaa00000, 0x00000000eab00000|  0%| F|  |TAMS 0x00000000eaa00000| PB 0x00000000eaa00000| Untracked 
| 171|0x00000000eab00000, 0x00000000eab00000, 0x00000000eac00000|  0%| F|  |TAMS 0x00000000eab00000| PB 0x00000000eab00000| Untracked 
| 172|0x00000000eac00000, 0x00000000eac00000, 0x00000000ead00000|  0%| F|  |TAMS 0x00000000eac00000| PB 0x00000000eac00000| Untracked 
| 173|0x00000000ead00000, 0x00000000ead00000, 0x00000000eae00000|  0%| F|  |TAMS 0x00000000ead00000| PB 0x00000000ead00000| Untracked 
| 174|0x00000000eae00000, 0x00000000eae00000, 0x00000000eaf00000|  0%| F|  |TAMS 0x00000000eae00000| PB 0x00000000eae00000| Untracked 
| 175|0x00000000eaf00000, 0x00000000eaf00000, 0x00000000eb000000|  0%| F|  |TAMS 0x00000000eaf00000| PB 0x00000000eaf00000| Untracked 
| 176|0x00000000eb000000, 0x00000000eb000000, 0x00000000eb100000|  0%| F|  |TAMS 0x00000000eb000000| PB 0x00000000eb000000| Untracked 
| 177|0x00000000eb100000, 0x00000000eb100000, 0x00000000eb200000|  0%| F|  |TAMS 0x00000000eb100000| PB 0x00000000eb100000| Untracked 
| 178|0x00000000eb200000, 0x00000000eb200000, 0x00000000eb300000|  0%| F|  |TAMS 0x00000000eb200000| PB 0x00000000eb200000| Untracked 
| 179|0x00000000eb300000, 0x00000000eb300000, 0x00000000eb400000|  0%| F|  |TAMS 0x00000000eb300000| PB 0x00000000eb300000| Untracked 
| 180|0x00000000eb400000, 0x00000000eb400000, 0x00000000eb500000|  0%| F|  |TAMS 0x00000000eb400000| PB 0x00000000eb400000| Untracked 
| 181|0x00000000eb500000, 0x00000000eb500000, 0x00000000eb600000|  0%| F|  |TAMS 0x00000000eb500000| PB 0x00000000eb500000| Untracked 
| 182|0x00000000eb600000, 0x00000000eb600000, 0x00000000eb700000|  0%| F|  |TAMS 0x00000000eb600000| PB 0x00000000eb600000| Untracked 
| 183|0x00000000eb700000, 0x00000000eb700000, 0x00000000eb800000|  0%| F|  |TAMS 0x00000000eb700000| PB 0x00000000eb700000| Untracked 
| 184|0x00000000eb800000, 0x00000000eb800000, 0x00000000eb900000|  0%| F|  |TAMS 0x00000000eb800000| PB 0x00000000eb800000| Untracked 
| 185|0x00000000eb900000, 0x00000000eb900000, 0x00000000eba00000|  0%| F|  |TAMS 0x00000000eb900000| PB 0x00000000eb900000| Untracked 
| 186|0x00000000eba00000, 0x00000000eba00000, 0x00000000ebb00000|  0%| F|  |TAMS 0x00000000eba00000| PB 0x00000000eba00000| Untracked 
| 187|0x00000000ebb00000, 0x00000000ebb00000, 0x00000000ebc00000|  0%| F|  |TAMS 0x00000000ebb00000| PB 0x00000000ebb00000| Untracked 
| 188|0x00000000ebc00000, 0x00000000ebc00000, 0x00000000ebd00000|  0%| F|  |TAMS 0x00000000ebc00000| PB 0x00000000ebc00000| Untracked 
| 189|0x00000000ebd00000, 0x00000000ebd00000, 0x00000000ebe00000|  0%| F|  |TAMS 0x00000000ebd00000| PB 0x00000000ebd00000| Untracked 
| 190|0x00000000ebe00000, 0x00000000ebe00000, 0x00000000ebf00000|  0%| F|  |TAMS 0x00000000ebe00000| PB 0x00000000ebe00000| Untracked 
| 191|0x00000000ebf00000, 0x00000000ebf00000, 0x00000000ec000000|  0%| F|  |TAMS 0x00000000ebf00000| PB 0x00000000ebf00000| Untracked 
| 192|0x00000000ec000000, 0x00000000ec000000, 0x00000000ec100000|  0%| F|  |TAMS 0x00000000ec000000| PB 0x00000000ec000000| Untracked 
| 193|0x00000000ec100000, 0x00000000ec100000, 0x00000000ec200000|  0%| F|  |TAMS 0x00000000ec100000| PB 0x00000000ec100000| Untracked 
| 194|0x00000000ec200000, 0x00000000ec200000, 0x00000000ec300000|  0%| F|  |TAMS 0x00000000ec200000| PB 0x00000000ec200000| Untracked 
| 195|0x00000000ec300000, 0x00000000ec300000, 0x00000000ec400000|  0%| F|  |TAMS 0x00000000ec300000| PB 0x00000000ec300000| Untracked 
| 196|0x00000000ec400000, 0x00000000ec400000, 0x00000000ec500000|  0%| F|  |TAMS 0x00000000ec400000| PB 0x00000000ec400000| Untracked 
| 197|0x00000000ec500000, 0x00000000ec500000, 0x00000000ec600000|  0%| F|  |TAMS 0x00000000ec500000| PB 0x00000000ec500000| Untracked 
| 198|0x00000000ec600000, 0x00000000ec600000, 0x00000000ec700000|  0%| F|  |TAMS 0x00000000ec600000| PB 0x00000000ec600000| Untracked 
| 199|0x00000000ec700000, 0x00000000ec700000, 0x00000000ec800000|  0%| F|  |TAMS 0x00000000ec700000| PB 0x00000000ec700000| Untracked 
| 200|0x00000000ec800000, 0x00000000ec800000, 0x00000000ec900000|  0%| F|  |TAMS 0x00000000ec800000| PB 0x00000000ec800000| Untracked 
| 201|0x00000000ec900000, 0x00000000ec900000, 0x00000000eca00000|  0%| F|  |TAMS 0x00000000ec900000| PB 0x00000000ec900000| Untracked 
| 202|0x00000000eca00000, 0x00000000eca00000, 0x00000000ecb00000|  0%| F|  |TAMS 0x00000000eca00000| PB 0x00000000eca00000| Untracked 
| 203|0x00000000ecb00000, 0x00000000ecb00000, 0x00000000ecc00000|  0%| F|  |TAMS 0x00000000ecb00000| PB 0x00000000ecb00000| Untracked 
| 204|0x00000000ecc00000, 0x00000000ecc00000, 0x00000000ecd00000|  0%| F|  |TAMS 0x00000000ecc00000| PB 0x00000000ecc00000| Untracked 
| 205|0x00000000ecd00000, 0x00000000ecd00000, 0x00000000ece00000|  0%| F|  |TAMS 0x00000000ecd00000| PB 0x00000000ecd00000| Untracked 
| 206|0x00000000ece00000, 0x00000000ece00000, 0x00000000ecf00000|  0%| F|  |TAMS 0x00000000ece00000| PB 0x00000000ece00000| Untracked 
| 207|0x00000000ecf00000, 0x00000000ecf00000, 0x00000000ed000000|  0%| F|  |TAMS 0x00000000ecf00000| PB 0x00000000ecf00000| Untracked 
| 208|0x00000000ed000000, 0x00000000ed000000, 0x00000000ed100000|  0%| F|  |TAMS 0x00000000ed000000| PB 0x00000000ed000000| Untracked 
| 209|0x00000000ed100000, 0x00000000ed100000, 0x00000000ed200000|  0%| F|  |TAMS 0x00000000ed100000| PB 0x00000000ed100000| Untracked 
| 210|0x00000000ed200000, 0x00000000ed200000, 0x00000000ed300000|  0%| F|  |TAMS 0x00000000ed200000| PB 0x00000000ed200000| Untracked 
| 211|0x00000000ed300000, 0x00000000ed300000, 0x00000000ed400000|  0%| F|  |TAMS 0x00000000ed300000| PB 0x00000000ed300000| Untracked 
| 212|0x00000000ed400000, 0x00000000ed400000, 0x00000000ed500000|  0%| F|  |TAMS 0x00000000ed400000| PB 0x00000000ed400000| Untracked 
| 213|0x00000000ed500000, 0x00000000ed500000, 0x00000000ed600000|  0%| F|  |TAMS 0x00000000ed500000| PB 0x00000000ed500000| Untracked 
| 214|0x00000000ed600000, 0x00000000ed600000, 0x00000000ed700000|  0%| F|  |TAMS 0x00000000ed600000| PB 0x00000000ed600000| Untracked 
| 215|0x00000000ed700000, 0x00000000ed700000, 0x00000000ed800000|  0%| F|  |TAMS 0x00000000ed700000| PB 0x00000000ed700000| Untracked 
| 216|0x00000000ed800000, 0x00000000ed800000, 0x00000000ed900000|  0%| F|  |TAMS 0x00000000ed800000| PB 0x00000000ed800000| Untracked 
| 217|0x00000000ed900000, 0x00000000ed900000, 0x00000000eda00000|  0%| F|  |TAMS 0x00000000ed900000| PB 0x00000000ed900000| Untracked 
| 218|0x00000000eda00000, 0x00000000eda00000, 0x00000000edb00000|  0%| F|  |TAMS 0x00000000eda00000| PB 0x00000000eda00000| Untracked 
| 219|0x00000000edb00000, 0x00000000edb80000, 0x00000000edc00000| 50%| E|  |TAMS 0x00000000edb00000| PB 0x00000000edb00000| Complete 
| 220|0x00000000edc00000, 0x00000000edd00000, 0x00000000edd00000|100%| E|CS|TAMS 0x00000000edc00000| PB 0x00000000edc00000| Complete 
| 221|0x00000000edd00000, 0x00000000ede00000, 0x00000000ede00000|100%| E|CS|TAMS 0x00000000edd00000| PB 0x00000000edd00000| Complete 
| 222|0x00000000ede00000, 0x00000000edf00000, 0x00000000edf00000|100%| E|CS|TAMS 0x00000000ede00000| PB 0x00000000ede00000| Complete 
| 223|0x00000000edf00000, 0x00000000ee000000, 0x00000000ee000000|100%| E|CS|TAMS 0x00000000edf00000| PB 0x00000000edf00000| Complete 
| 224|0x00000000ee000000, 0x00000000ee100000, 0x00000000ee100000|100%| E|CS|TAMS 0x00000000ee000000| PB 0x00000000ee000000| Complete 
| 225|0x00000000ee100000, 0x00000000ee200000, 0x00000000ee200000|100%| E|CS|TAMS 0x00000000ee100000| PB 0x00000000ee100000| Complete 
| 226|0x00000000ee200000, 0x00000000ee300000, 0x00000000ee300000|100%| E|CS|TAMS 0x00000000ee200000| PB 0x00000000ee200000| Complete 
| 227|0x00000000ee300000, 0x00000000ee400000, 0x00000000ee400000|100%| E|CS|TAMS 0x00000000ee300000| PB 0x00000000ee300000| Complete 
| 228|0x00000000ee400000, 0x00000000ee500000, 0x00000000ee500000|100%| E|CS|TAMS 0x00000000ee400000| PB 0x00000000ee400000| Complete 
| 229|0x00000000ee500000, 0x00000000ee600000, 0x00000000ee600000|100%| E|CS|TAMS 0x00000000ee500000| PB 0x00000000ee500000| Complete 
| 230|0x00000000ee600000, 0x00000000ee700000, 0x00000000ee700000|100%| E|CS|TAMS 0x00000000ee600000| PB 0x00000000ee600000| Complete 
| 231|0x00000000ee700000, 0x00000000ee800000, 0x00000000ee800000|100%| E|CS|TAMS 0x00000000ee700000| PB 0x00000000ee700000| Complete 
| 232|0x00000000ee800000, 0x00000000ee900000, 0x00000000ee900000|100%| E|CS|TAMS 0x00000000ee800000| PB 0x00000000ee800000| Complete 
| 233|0x00000000ee900000, 0x00000000eea00000, 0x00000000eea00000|100%| E|CS|TAMS 0x00000000ee900000| PB 0x00000000ee900000| Complete 
| 234|0x00000000eea00000, 0x00000000eeb00000, 0x00000000eeb00000|100%| E|CS|TAMS 0x00000000eea00000| PB 0x00000000eea00000| Complete 
| 235|0x00000000eeb00000, 0x00000000eec00000, 0x00000000eec00000|100%| E|CS|TAMS 0x00000000eeb00000| PB 0x00000000eeb00000| Complete 
| 236|0x00000000eec00000, 0x00000000eed00000, 0x00000000eed00000|100%| E|CS|TAMS 0x00000000eec00000| PB 0x00000000eec00000| Complete 
| 237|0x00000000eed00000, 0x00000000eee00000, 0x00000000eee00000|100%| E|CS|TAMS 0x00000000eed00000| PB 0x00000000eed00000| Complete 
| 238|0x00000000eee00000, 0x00000000eef00000, 0x00000000eef00000|100%| E|CS|TAMS 0x00000000eee00000| PB 0x00000000eee00000| Complete 
| 239|0x00000000eef00000, 0x00000000ef000000, 0x00000000ef000000|100%| E|CS|TAMS 0x00000000eef00000| PB 0x00000000eef00000| Complete 
| 240|0x00000000ef000000, 0x00000000ef100000, 0x00000000ef100000|100%| E|CS|TAMS 0x00000000ef000000| PB 0x00000000ef000000| Complete 
| 241|0x00000000ef100000, 0x00000000ef200000, 0x00000000ef200000|100%| E|CS|TAMS 0x00000000ef100000| PB 0x00000000ef100000| Complete 
| 242|0x00000000ef200000, 0x00000000ef300000, 0x00000000ef300000|100%| E|CS|TAMS 0x00000000ef200000| PB 0x00000000ef200000| Complete 
| 243|0x00000000ef300000, 0x00000000ef400000, 0x00000000ef400000|100%| E|CS|TAMS 0x00000000ef300000| PB 0x00000000ef300000| Complete 
| 244|0x00000000ef400000, 0x00000000ef500000, 0x00000000ef500000|100%| E|CS|TAMS 0x00000000ef400000| PB 0x00000000ef400000| Complete 
| 245|0x00000000ef500000, 0x00000000ef600000, 0x00000000ef600000|100%| E|CS|TAMS 0x00000000ef500000| PB 0x00000000ef500000| Complete 
| 246|0x00000000ef600000, 0x00000000ef700000, 0x00000000ef700000|100%| E|CS|TAMS 0x00000000ef600000| PB 0x00000000ef600000| Complete 
| 247|0x00000000ef700000, 0x00000000ef800000, 0x00000000ef800000|100%| E|CS|TAMS 0x00000000ef700000| PB 0x00000000ef700000| Complete 
| 248|0x00000000ef800000, 0x00000000ef900000, 0x00000000ef900000|100%| E|CS|TAMS 0x00000000ef800000| PB 0x00000000ef800000| Complete 
| 249|0x00000000ef900000, 0x00000000efa00000, 0x00000000efa00000|100%| E|CS|TAMS 0x00000000ef900000| PB 0x00000000ef900000| Complete 
| 250|0x00000000efa00000, 0x00000000efb00000, 0x00000000efb00000|100%| E|CS|TAMS 0x00000000efa00000| PB 0x00000000efa00000| Complete 
| 251|0x00000000efb00000, 0x00000000efc00000, 0x00000000efc00000|100%| E|CS|TAMS 0x00000000efb00000| PB 0x00000000efb00000| Complete 
| 252|0x00000000efc00000, 0x00000000efd00000, 0x00000000efd00000|100%| E|CS|TAMS 0x00000000efc00000| PB 0x00000000efc00000| Complete 
| 253|0x00000000efd00000, 0x00000000efe00000, 0x00000000efe00000|100%| E|CS|TAMS 0x00000000efd00000| PB 0x00000000efd00000| Complete 
| 254|0x00000000efe00000, 0x00000000eff00000, 0x00000000eff00000|100%| E|CS|TAMS 0x00000000efe00000| PB 0x00000000efe00000| Complete 
| 255|0x00000000eff00000, 0x00000000f0000000, 0x00000000f0000000|100%| E|CS|TAMS 0x00000000eff00000| PB 0x00000000eff00000| Complete 

Card table byte_map: [0x000002a1f0dc0000,0x000002a1f0ec0000] _byte_map_base: 0x000002a1f06c0000

Marking Bits: (CMBitMap*) 0x000002a1de7d1a50
 Bits: [0x000002a1f0ec0000, 0x000002a1f16c0000)

Polling page: 0x000002a1dc6a0000

Metaspace:

Usage:
  Non-class:     48.01 MB used.
      Class:      8.26 MB used.
       Both:     56.27 MB used.

Virtual space:
  Non-class space:       64.00 MB reserved,      49.06 MB ( 77%) committed,  1 nodes.
      Class space:      320.00 MB reserved,       9.25 MB (  3%) committed,  1 nodes.
             Both:      384.00 MB reserved,      58.31 MB ( 15%) committed. 

Chunk freelists:
   Non-Class:  14.92 MB
       Class:  6.61 MB
        Both:  21.53 MB

MaxMetaspaceSize: 384.00 MB
CompressedClassSpaceSize: 320.00 MB
Initial GC threshold: 21.00 MB
Current GC threshold: 58.69 MB
CDS: on
 - commit_granule_bytes: 65536.
 - commit_granule_words: 8192.
 - virtual_space_node_default_size: 8388608.
 - enlarge_chunks_in_place: 1.
 - use_allocation_guard: 0.


Internal statistics:

num_allocs_failed_limit: 6.
num_arena_births: 3582.
num_arena_deaths: 0.
num_vsnodes_births: 2.
num_vsnodes_deaths: 0.
num_space_committed: 933.
num_space_uncommitted: 0.
num_chunks_returned_to_freelist: 6.
num_chunks_taken_from_freelist: 6409.
num_chunk_merges: 6.
num_chunk_splits: 4128.
num_chunks_enlarged: 2495.
num_inconsistent_stats: 0.

CodeHeap 'non-profiled nmethods': size=120000Kb used=5217Kb max_used=5217Kb free=114782Kb
 bounds [0x000002a1e9460000, 0x000002a1e9980000, 0x000002a1f0990000]
CodeHeap 'profiled nmethods': size=120000Kb used=16029Kb max_used=16029Kb free=103970Kb
 bounds [0x000002a1e1990000, 0x000002a1e2940000, 0x000002a1e8ec0000]
CodeHeap 'non-nmethods': size=5760Kb used=2613Kb max_used=2668Kb free=3146Kb
 bounds [0x000002a1e8ec0000, 0x000002a1e9170000, 0x000002a1e9460000]
CodeCache: size=245760Kb, used=23859Kb, max_used=23914Kb, free=221898Kb
 total_blobs=9114, nmethods=8231, adapters=787, full_count=0
Compilation: enabled, stopped_count=0, restarted_count=0

Compilation events (20 events):
Event: 1023.216 Thread 0x000002a1f415b9a0 8740       3       com.google.common.collect.Multimaps$CustomSetMultimap::wrapCollection (58 bytes)
Event: 1023.216 Thread 0x000002a1f415b9a0 nmethod 8740 0x000002a1e291bb90 code [0x000002a1e291bdc0, 0x000002a1e291c6a0]
Event: 1023.216 Thread 0x000002a1f414f200 nmethod 8739 0x000002a1e9977c90 code [0x000002a1e9977e40, 0x000002a1e9978158]
Event: 1023.217 Thread 0x000002a1f415b9a0 8741       3       org.gradle.internal.reflect.annotations.impl.DefaultTypeAnnotationMetadataStore$HasAnnotationMetadataBuilder::resolveAnnotation (40 bytes)
Event: 1023.217 Thread 0x000002a1f415b9a0 nmethod 8741 0x000002a1e291c810 code [0x000002a1e291ca00, 0x000002a1e291cf98]
Event: 1023.217 Thread 0x000002a1f415b9a0 8742       3       org.gradle.internal.reflect.annotations.impl.DefaultTypeAnnotationMetadataStore$HasAnnotationMetadataBuilder::resolveAnnotations (142 bytes)
Event: 1023.217 Thread 0x000002a1f415b9a0 nmethod 8742 0x000002a1e291d110 code [0x000002a1e291d400, 0x000002a1e291e520]
Event: 1023.217 Thread 0x000002a1f415b9a0 8743       3       org.gradle.internal.reflect.annotations.impl.DefaultTypeAnnotationMetadataStore$HasAnnotationMetadataBuilder::allAnnotationCategories (43 bytes)
Event: 1023.217 Thread 0x000002a1f415b9a0 nmethod 8743 0x000002a1e291ea10 code [0x000002a1e291eca0, 0x000002a1e291f908]
Event: 1023.217 Thread 0x000002a1f415b9a0 8744       3       java.util.TimSort::gallopRight (335 bytes)
Event: 1023.218 Thread 0x000002a1f415b9a0 nmethod 8744 0x000002a1e291fc90 code [0x000002a1e291fec0, 0x000002a1e2920970]
Event: 1023.242 Thread 0x000002a1f414f200 8745       4       org.gradle.internal.instantiation.generator.AbstractClassGenerator::inspectType (602 bytes)
Event: 1023.248 Thread 0x000002a1f415b9a0 8746       3       org.objectweb.asm.AnnotationWriter::putAnnotations (110 bytes)
Event: 1023.248 Thread 0x000002a1f415b9a0 nmethod 8746 0x000002a1e2920d10 code [0x000002a1e2920f20, 0x000002a1e2921340]
Event: 1024.759 Thread 0x000002a1f415b9a0 8748       3       java.util.HashMap$HashMapSpliterator::estimateSize (11 bytes)
Event: 1025.283 Thread 0x000002a1f415b9a0 nmethod 8748 0x000002a1e2921610 code [0x000002a1e29217c0, 0x000002a1e2921910]
Event: 1025.336 Thread 0x000002a1f415b9a0 8751       3       org.gradle.internal.instantiation.generator.AbstractClassGenerator$PropertyMetadata::addSetter (41 bytes)
Event: 1025.336 Thread 0x000002a1f415b9a0 nmethod 8751 0x000002a1e2921990 code [0x000002a1e2921b80, 0x000002a1e2922058]
Event: 1025.369 Thread 0x000002a1f415b9a0 8752       3       org.gradle.cache.internal.filelock.DefaultLockOptions::mode (10 bytes)
Event: 1025.369 Thread 0x000002a1f415b9a0 nmethod 8752 0x000002a1e2922210 code [0x000002a1e29223c0, 0x000002a1e2922620]

GC Heap History (16 events):
Event: 4.842 GC heap before
{Heap before GC invocations=0 (full 0):
 garbage-first heap   total 262144K, used 23552K [0x00000000e0000000, 0x0000000100000000)
  region size 1024K, 23 young (23552K), 0 survivors (0K)
 Metaspace       used 925K, committed 1088K, reserved 393216K
  class space    used 76K, committed 128K, reserved 327680K
}
Event: 4.885 GC heap after
{Heap after GC invocations=1 (full 0):
 garbage-first heap   total 262144K, used 1621K [0x00000000e0000000, 0x0000000100000000)
  region size 1024K, 2 young (2048K), 2 survivors (2048K)
 Metaspace       used 925K, committed 1088K, reserved 393216K
  class space    used 76K, committed 128K, reserved 327680K
}
Event: 13.432 GC heap before
{Heap before GC invocations=1 (full 0):
 garbage-first heap   total 262144K, used 41557K [0x00000000e0000000, 0x0000000100000000)
  region size 1024K, 39 young (39936K), 2 survivors (2048K)
 Metaspace       used 4424K, committed 4608K, reserved 393216K
  class space    used 562K, committed 640K, reserved 327680K
}
Event: 13.436 GC heap after
{Heap after GC invocations=2 (full 0):
 garbage-first heap   total 262144K, used 10842K [0x00000000e0000000, 0x0000000100000000)
  region size 1024K, 5 young (5120K), 5 survivors (5120K)
 Metaspace       used 4424K, committed 4608K, reserved 393216K
  class space    used 562K, committed 640K, reserved 327680K
}
Event: 34.670 GC heap before
{Heap before GC invocations=2 (full 0):
 garbage-first heap   total 262144K, used 74330K [0x00000000e0000000, 0x0000000100000000)
  region size 1024K, 65 young (66560K), 5 survivors (5120K)
 Metaspace       used 8543K, committed 8896K, reserved 393216K
  class space    used 1171K, committed 1344K, reserved 327680K
}
Event: 34.675 GC heap after
{Heap after GC invocations=3 (full 0):
 garbage-first heap   total 262144K, used 18105K [0x00000000e0000000, 0x0000000100000000)
  region size 1024K, 9 young (9216K), 9 survivors (9216K)
 Metaspace       used 8543K, committed 8896K, reserved 393216K
  class space    used 1171K, committed 1344K, reserved 327680K
}
Event: 41.361 GC heap before
{Heap before GC invocations=3 (full 0):
 garbage-first heap   total 262144K, used 97977K [0x00000000e0000000, 0x0000000100000000)
  region size 1024K, 88 young (90112K), 9 survivors (9216K)
 Metaspace       used 20827K, committed 21504K, reserved 393216K
  class space    used 3064K, committed 3456K, reserved 327680K
}
Event: 41.377 GC heap after
{Heap after GC invocations=4 (full 0):
 garbage-first heap   total 262144K, used 24505K [0x00000000e0000000, 0x0000000100000000)
  region size 1024K, 16 young (16384K), 16 survivors (16384K)
 Metaspace       used 20827K, committed 21504K, reserved 393216K
  class space    used 3064K, committed 3456K, reserved 327680K
}
Event: 324.440 GC heap before
{Heap before GC invocations=5 (full 0):
 garbage-first heap   total 262144K, used 157625K [0x00000000e0000000, 0x0000000100000000)
  region size 1024K, 147 young (150528K), 16 survivors (16384K)
 Metaspace       used 33830K, committed 34944K, reserved 393216K
  class space    used 4851K, committed 5376K, reserved 327680K
}
Event: 324.500 GC heap after
{Heap after GC invocations=6 (full 0):
 garbage-first heap   total 262144K, used 32310K [0x00000000e0000000, 0x0000000100000000)
  region size 1024K, 14 young (14336K), 14 survivors (14336K)
 Metaspace       used 33830K, committed 34944K, reserved 393216K
  class space    used 4851K, committed 5376K, reserved 327680K
}
Event: 325.148 GC heap before
{Heap before GC invocations=6 (full 0):
 garbage-first heap   total 262144K, used 41526K [0x00000000e0000000, 0x0000000100000000)
  region size 1024K, 20 young (20480K), 14 survivors (14336K)
 Metaspace       used 34944K, committed 35968K, reserved 393216K
  class space    used 4924K, committed 5440K, reserved 327680K
}
Event: 325.160 GC heap after
{Heap after GC invocations=7 (full 0):
 garbage-first heap   total 262144K, used 32967K [0x00000000e0000000, 0x0000000100000000)
  region size 1024K, 9 young (9216K), 9 survivors (9216K)
 Metaspace       used 34944K, committed 35968K, reserved 393216K
  class space    used 4924K, committed 5440K, reserved 327680K
}
Event: 967.885 GC heap before
{Heap before GC invocations=8 (full 0):
 garbage-first heap   total 262144K, used 181447K [0x00000000e0000000, 0x0000000100000000)
  region size 1024K, 153 young (156672K), 9 survivors (9216K)
 Metaspace       used 45767K, committed 47424K, reserved 393216K
  class space    used 6593K, committed 7424K, reserved 327680K
}
Event: 967.946 GC heap after
{Heap after GC invocations=9 (full 0):
 garbage-first heap   total 262144K, used 38354K [0x00000000e0000000, 0x0000000100000000)
  region size 1024K, 14 young (14336K), 14 survivors (14336K)
 Metaspace       used 45767K, committed 47424K, reserved 393216K
  class space    used 6593K, committed 7424K, reserved 327680K
}
Event: 1013.753 GC heap before
{Heap before GC invocations=9 (full 0):
 garbage-first heap   total 262144K, used 179666K [0x00000000e0000000, 0x0000000100000000)
  region size 1024K, 153 young (156672K), 14 survivors (14336K)
 Metaspace       used 55673K, committed 57664K, reserved 393216K
  class space    used 8148K, committed 9152K, reserved 327680K
}
Event: 1013.962 GC heap after
{Heap after GC invocations=10 (full 0):
 garbage-first heap   total 262144K, used 47747K [0x00000000e0000000, 0x0000000100000000)
  region size 1024K, 16 young (16384K), 16 survivors (16384K)
 Metaspace       used 55673K, committed 57664K, reserved 393216K
  class space    used 8148K, committed 9152K, reserved 327680K
}

Dll operation events (20 events):
Event: 0.783 Attempting to load shared library C:\Users\wogud\.vscode\extensions\redhat.java-1.56.0-win32-x64\jre\21.0.12.1-win32-x86_64\bin\nio.dll
Event: 0.793 Loaded shared library C:\Users\wogud\.vscode\extensions\redhat.java-1.56.0-win32-x64\jre\21.0.12.1-win32-x86_64\bin\nio.dll
Event: 0.955 Attempting to load shared library C:\Users\wogud\.vscode\extensions\redhat.java-1.56.0-win32-x64\jre\21.0.12.1-win32-x86_64\bin\zip.dll
Event: 0.955 Loaded shared library C:\Users\wogud\.vscode\extensions\redhat.java-1.56.0-win32-x64\jre\21.0.12.1-win32-x86_64\bin\zip.dll
Event: 4.907 Attempting to load shared library C:\Users\wogud\.vscode\extensions\redhat.java-1.56.0-win32-x64\jre\21.0.12.1-win32-x86_64\bin\jimage.dll
Event: 4.907 Loaded shared library C:\Users\wogud\.vscode\extensions\redhat.java-1.56.0-win32-x64\jre\21.0.12.1-win32-x86_64\bin\jimage.dll
Event: 6.315 Attempting to load shared library C:\Users\wogud\.vscode\extensions\redhat.java-1.56.0-win32-x64\jre\21.0.12.1-win32-x86_64\bin\verify.dll
Event: 6.324 Loaded shared library C:\Users\wogud\.vscode\extensions\redhat.java-1.56.0-win32-x64\jre\21.0.12.1-win32-x86_64\bin\verify.dll
Event: 6.702 Attempting to load shared library C:\Users\wogud\.gradle\native\1def1411415f61bf3af743bc5b6707747c0891f09f0c88961ee8f79bc544acac\windows-amd64\native-platform.dll
Event: 6.705 Loaded shared library C:\Users\wogud\.gradle\native\1def1411415f61bf3af743bc5b6707747c0891f09f0c88961ee8f79bc544acac\windows-amd64\native-platform.dll
Event: 6.754 Attempting to load shared library C:\Users\wogud\.gradle\native\0.2.7\x86_64-windows-gnu\gradle-fileevents.dll
Event: 6.763 Loaded shared library C:\Users\wogud\.gradle\native\0.2.7\x86_64-windows-gnu\gradle-fileevents.dll
Event: 32.353 Attempting to load shared library C:\Users\wogud\.vscode\extensions\redhat.java-1.56.0-win32-x64\jre\21.0.12.1-win32-x86_64\bin\management.dll
Event: 32.522 Loaded shared library C:\Users\wogud\.vscode\extensions\redhat.java-1.56.0-win32-x64\jre\21.0.12.1-win32-x86_64\bin\management.dll
Event: 32.584 Attempting to load shared library C:\Users\wogud\.vscode\extensions\redhat.java-1.56.0-win32-x64\jre\21.0.12.1-win32-x86_64\bin\management_ext.dll
Event: 32.604 Loaded shared library C:\Users\wogud\.vscode\extensions\redhat.java-1.56.0-win32-x64\jre\21.0.12.1-win32-x86_64\bin\management_ext.dll
Event: 34.110 Attempting to load shared library C:\Users\wogud\.vscode\extensions\redhat.java-1.56.0-win32-x64\jre\21.0.12.1-win32-x86_64\bin\extnet.dll
Event: 34.196 Loaded shared library C:\Users\wogud\.vscode\extensions\redhat.java-1.56.0-win32-x64\jre\21.0.12.1-win32-x86_64\bin\extnet.dll
Event: 35.024 Attempting to load shared library C:\Users\wogud\.vscode\extensions\redhat.java-1.56.0-win32-x64\jre\21.0.12.1-win32-x86_64\bin\sunmscapi.dll
Event: 35.044 Loaded shared library C:\Users\wogud\.vscode\extensions\redhat.java-1.56.0-win32-x64\jre\21.0.12.1-win32-x86_64\bin\sunmscapi.dll

Deoptimization events (20 events):
Event: 1022.519 Thread 0x000002a1f9cc18e0 Uncommon trap: trap_request=0xffffffbe fr.pc=0x000002a1e993cbec relative=0x000000000000142c
Event: 1022.519 Thread 0x000002a1f9cc18e0 Uncommon trap: reason=profile_predicate action=maybe_recompile pc=0x000002a1e993cbec method=java.util.TreeMap.put(Ljava/lang/Object;Ljava/lang/Object;Z)Ljava/lang/Object; @ 27 c2
Event: 1022.519 Thread 0x000002a1f9cc18e0 DEOPT PACKING pc=0x000002a1e993cbec sp=0x000000aab36f7b60
Event: 1022.520 Thread 0x000002a1f9cc18e0 DEOPT UNPACKING pc=0x000002a1e8f14422 sp=0x000000aab36f7b50 mode 2
Event: 1022.521 Thread 0x000002a1f9cc18e0 Uncommon trap: trap_request=0xffffffbe fr.pc=0x000002a1e993cbec relative=0x000000000000142c
Event: 1022.521 Thread 0x000002a1f9cc18e0 Uncommon trap: reason=profile_predicate action=maybe_recompile pc=0x000002a1e993cbec method=java.util.TreeMap.put(Ljava/lang/Object;Ljava/lang/Object;Z)Ljava/lang/Object; @ 27 c2
Event: 1022.521 Thread 0x000002a1f9cc18e0 DEOPT PACKING pc=0x000002a1e993cbec sp=0x000000aab36f7b60
Event: 1022.521 Thread 0x000002a1f9cc18e0 DEOPT UNPACKING pc=0x000002a1e8f14422 sp=0x000000aab36f7b50 mode 2
Event: 1023.163 Thread 0x000002a1f9cc18e0 Uncommon trap: trap_request=0xffffffde fr.pc=0x000002a1e96fe3bc relative=0x000000000000027c
Event: 1023.163 Thread 0x000002a1f9cc18e0 Uncommon trap: reason=class_check action=maybe_recompile pc=0x000002a1e96fe3bc method=java.util.stream.StreamOpFlag.fromCharacteristics(Ljava/util/Spliterator;)I @ 14 c2
Event: 1023.163 Thread 0x000002a1f9cc18e0 DEOPT PACKING pc=0x000002a1e96fe3bc sp=0x000000aab36fb700
Event: 1023.163 Thread 0x000002a1f9cc18e0 DEOPT UNPACKING pc=0x000002a1e8f14422 sp=0x000000aab36fb5e8 mode 2
Event: 1023.215 Thread 0x000002a1f9cc18e0 Uncommon trap: trap_request=0xffffff76 fr.pc=0x000002a1e996faf0 relative=0x0000000000000090
Event: 1023.215 Thread 0x000002a1f9cc18e0 Uncommon trap: reason=predicate action=maybe_recompile pc=0x000002a1e996faf0 method=java.util.TimSort.binarySort([Ljava/lang/Object;IIILjava/util/Comparator;)V @ 34 c2
Event: 1023.215 Thread 0x000002a1f9cc18e0 DEOPT PACKING pc=0x000002a1e996faf0 sp=0x000000aab36f9de0
Event: 1023.215 Thread 0x000002a1f9cc18e0 DEOPT UNPACKING pc=0x000002a1e8f14422 sp=0x000000aab36f9d90 mode 2
Event: 1023.242 Thread 0x000002a1f9cc18e0 DEOPT PACKING pc=0x000002a1e23b1856 sp=0x000000aab36f8530
Event: 1023.242 Thread 0x000002a1f9cc18e0 DEOPT UNPACKING pc=0x000002a1e8f14bc2 sp=0x000000aab36f7af0 mode 0
Event: 1025.336 Thread 0x000002a1f9cc18e0 DEOPT PACKING pc=0x000002a1e23b1d96 sp=0x000000aab36f8350
Event: 1025.336 Thread 0x000002a1f9cc18e0 DEOPT UNPACKING pc=0x000002a1e8f14bc2 sp=0x000000aab36f7910 mode 0

Classes loaded (20 events):
Event: 1015.395 Loading class java/lang/foreign/MemorySegment
Event: 1015.397 Loading class java/lang/foreign/MemorySegment done
Event: 1016.161 Loading class java/time/Instant$1
Event: 1016.161 Loading class java/time/Instant$1 done
Event: 1016.501 Loading class java/util/concurrent/CompletableFuture$AsyncRun
Event: 1016.501 Loading class java/util/concurrent/CompletableFuture$AsyncRun done
Event: 1017.044 Loading class java/util/concurrent/CompletableFuture$Signaller
Event: 1017.046 Loading class java/util/concurrent/CompletableFuture$Signaller done
Event: 1017.433 Loading class jdk/internal/math/FormattedFPDecimal
Event: 1018.625 Loading class jdk/internal/math/FormattedFPDecimal done
Event: 1018.631 Loading class sun/text/resources/cldr/FormatData_en
Event: 1018.632 Loading class sun/text/resources/cldr/FormatData_en done
Event: 1018.982 Loading class sun/net/ConnectionResetException
Event: 1018.982 Loading class sun/net/ConnectionResetException done
Event: 1023.154 Loading class java/util/TreeMap$ValueSpliterator
Event: 1023.154 Loading class java/util/TreeMap$TreeMapSpliterator
Event: 1023.155 Loading class java/util/TreeMap$TreeMapSpliterator done
Event: 1023.155 Loading class java/util/TreeMap$ValueSpliterator done
Event: 1023.163 Loading class java/util/TreeMap$KeySpliterator
Event: 1023.163 Loading class java/util/TreeMap$KeySpliterator done

Classes unloaded (0 events):
No events

Classes redefined (0 events):
No events

Internal exceptions (20 events):
Event: 1014.833 Thread 0x000002a1fb09f590 Exception <a 'java/lang/ClassNotFoundException'{0x00000000ef80e608}: org/gradle/api/internal/DefaultDomainObjectSetBeanInfo> (0x00000000ef80e608) 
thrown [s\src\hotspot\share\classfile\systemDictionary.cpp, line 313]
Event: 1014.848 Thread 0x000002a1fb09f590 Exception <a 'java/lang/ClassNotFoundException'{0x00000000ef81d740}: org/gradle/api/internal/DefaultDomainObjectSetCustomizer> (0x00000000ef81d740) 
thrown [s\src\hotspot\share\classfile\systemDictionary.cpp, line 313]
Event: 1014.867 Thread 0x000002a1fb09f590 Exception <a 'java/lang/ClassNotFoundException'{0x00000000ef874ba0}: org/gradle/api/internal/plugins/DefaultPluginCollectionCustomizer> (0x00000000ef874ba0) 
thrown [s\src\hotspot\share\classfile\systemDictionary.cpp, line 313]
Event: 1014.887 Thread 0x000002a1fb09f590 Exception <a 'java/lang/ClassNotFoundException'{0x00000000ef8f64c0}: org/gradle/api/internal/plugins/DefaultPluginContainerCustomizer> (0x00000000ef8f64c0) 
thrown [s\src\hotspot\share\classfile\systemDictionary.cpp, line 313]
Event: 1015.301 Thread 0x000002a1f9cc18e0 Exception <a 'java/lang/NoSuchMethodError'{0x00000000ef6a7828}: 'void java.lang.invoke.DirectMethodHandle$Holder.invokeInterface(java.lang.Object, java.lang.Object, java.lang.Object, int)'> (0x00000000ef6a7828) 
thrown [s\src\hotspot\share\interpreter\linkResolver.cpp, line 773]
Event: 1015.301 Thread 0x000002a1f9cc18e0 Exception <a 'java/lang/IncompatibleClassChangeError'{0x00000000ef6ab3a0}: Found class java.lang.Object, but interface was expected> (0x00000000ef6ab3a0) 
thrown [s\src\hotspot\share\interpreter\linkResolver.cpp, line 840]
Event: 1015.302 Thread 0x000002a1f9cc18e0 Exception <a 'java/lang/NoSuchMethodError'{0x00000000ef6af7e0}: 'void java.lang.invoke.DelegatingMethodHandle$Holder.reinvoke_L(java.lang.Object, java.lang.Object, java.lang.Object, int)'> (0x00000000ef6af7e0) 
thrown [s\src\hotspot\share\interpreter\linkResolver.cpp, line 773]
Event: 1015.346 Thread 0x000002a1f9cc18e0 Exception <a 'sun/nio/fs/WindowsException'{0x00000000ef6c9220}> (0x00000000ef6c9220) 
thrown [s\src\hotspot\share\prims\jni.cpp, line 520]
Event: 1015.355 Thread 0x000002a1f9cc18e0 Implicit null exception at 0x000002a1e96fd2f9 to 0x000002a1e96fd324
Event: 1015.653 Thread 0x000002a1f9cc18e0 Exception <a 'java/lang/IncompatibleClassChangeError'{0x00000000ef484430}: Found class java.lang.Object, but interface was expected> (0x00000000ef484430) 
thrown [s\src\hotspot\share\interpreter\linkResolver.cpp, line 840]
Event: 1015.976 Thread 0x000002a1f9cc18e0 Exception <a 'java/lang/IncompatibleClassChangeError'{0x00000000ef4a97a8}: Found class java.lang.Object, but interface was expected> (0x00000000ef4a97a8) 
thrown [s\src\hotspot\share\interpreter\linkResolver.cpp, line 840]
Event: 1018.982 Thread 0x000002a1fb099320 Exception <a 'sun/net/ConnectionResetException'{0x00000000eed1d338}: Connection reset> (0x00000000eed1d338) 
thrown [s\src\hotspot\share\prims\jni.cpp, line 539]
Event: 1020.157 Thread 0x000002a1f9cc18e0 Exception <a 'sun/nio/fs/WindowsException'{0x00000000eebef648}> (0x00000000eebef648) 
thrown [s\src\hotspot\share\prims\jni.cpp, line 520]
Event: 1020.185 Thread 0x000002a1f9cc18e0 Exception <a 'sun/nio/fs/WindowsException'{0x00000000eebf0b28}> (0x00000000eebf0b28) 
thrown [s\src\hotspot\share\prims\jni.cpp, line 520]
Event: 1020.196 Thread 0x000002a1f9cc18e0 Exception <a 'sun/nio/fs/WindowsException'{0x00000000eebf1ff8}> (0x00000000eebf1ff8) 
thrown [s\src\hotspot\share\prims\jni.cpp, line 520]
Event: 1020.204 Thread 0x000002a1f9cc18e0 Exception <a 'sun/nio/fs/WindowsException'{0x00000000eebf30c0}> (0x00000000eebf30c0) 
thrown [s\src\hotspot\share\prims\jni.cpp, line 520]
Event: 1023.116 Thread 0x000002a1f9cc18e0 Exception <a 'java/lang/NoClassDefFoundError'{0x00000000ee138c00}: org/jetbrains/kotlin/gradle/plugin/KotlinPluginWrapper> (0x00000000ee138c00) 
thrown [s\src\hotspot\share\oops\constantPool.cpp, line 873]
Event: 1023.116 Thread 0x000002a1f9cc18e0 Exception <a 'java/lang/NoClassDefFoundError'{0x00000000ee13b2b8}: org/graalvm/buildtools/gradle/NativeImagePlugin> (0x00000000ee13b2b8) 
thrown [s\src\hotspot\share\oops\constantPool.cpp, line 873]
Event: 1023.116 Thread 0x000002a1f9cc18e0 Exception <a 'java/lang/NoClassDefFoundError'{0x00000000ee13d960}: org/cyclonedx/gradle/CycloneDxPlugin> (0x00000000ee13d960) 
thrown [s\src\hotspot\share\oops\constantPool.cpp, line 873]
Event: 1023.157 Thread 0x000002a1f9cc18e0 Exception <a 'java/lang/NoSuchMethodError'{0x00000000ee1f7020}: 'java.lang.Object java.lang.invoke.DirectMethodHandle$Holder.invokeStatic(java.lang.Object, int, java.lang.Object)'> (0x00000000ee1f7020) 
thrown [s\src\hotspot\share\interpreter\linkResolver.cpp, line 773]

ZGC Phase Switch (0 events):
No events

VM Operations (20 events):
Event: 1015.145 Executing safepoint VM operation: Cleanup
Event: 1015.145 Executing safepoint VM operation: Cleanup done
Event: 1015.394 Executing non-safepoint VM operation: HandshakeAllThreads (Deoptimize)
Event: 1015.394 Executing non-safepoint VM operation: HandshakeAllThreads (Deoptimize) done
Event: 1016.409 Executing safepoint VM operation: Cleanup
Event: 1016.424 Executing safepoint VM operation: Cleanup done
Event: 1017.434 Executing safepoint VM operation: Cleanup
Event: 1018.624 Executing safepoint VM operation: Cleanup done
Event: 1019.633 Executing safepoint VM operation: Cleanup
Event: 1019.633 Executing safepoint VM operation: Cleanup done
Event: 1020.644 Executing safepoint VM operation: Cleanup
Event: 1020.674 Executing safepoint VM operation: Cleanup done
Event: 1021.684 Executing safepoint VM operation: Cleanup
Event: 1021.684 Executing safepoint VM operation: Cleanup done
Event: 1022.688 Executing safepoint VM operation: Cleanup
Event: 1022.688 Executing safepoint VM operation: Cleanup done
Event: 1023.699 Executing safepoint VM operation: Cleanup
Event: 1023.699 Executing safepoint VM operation: Cleanup done
Event: 1025.714 Executing safepoint VM operation: Cleanup
Event: 1025.714 Executing safepoint VM operation: Cleanup done

Memory protections (0 events):
No events

Nmethod flushes (20 events):
Event: 325.216 Thread 0x000002a1f41248d0 flushing  nmethod 0x000002a1e1b1db10
Event: 325.216 Thread 0x000002a1f41248d0 flushing  nmethod 0x000002a1e1b33810
Event: 325.216 Thread 0x000002a1f41248d0 flushing  nmethod 0x000002a1e1b33b10
Event: 325.216 Thread 0x000002a1f41248d0 flushing  nmethod 0x000002a1e1b36f90
Event: 325.216 Thread 0x000002a1f41248d0 flushing  nmethod 0x000002a1e1b37690
Event: 325.216 Thread 0x000002a1f41248d0 flushing  nmethod 0x000002a1e1b38410
Event: 325.216 Thread 0x000002a1f41248d0 flushing  nmethod 0x000002a1e1b79290
Event: 325.216 Thread 0x000002a1f41248d0 flushing  nmethod 0x000002a1e1b7a110
Event: 325.216 Thread 0x000002a1f41248d0 flushing  nmethod 0x000002a1e1b7a690
Event: 325.216 Thread 0x000002a1f41248d0 flushing  nmethod 0x000002a1e1b7af90
Event: 325.216 Thread 0x000002a1f41248d0 flushing  nmethod 0x000002a1e1b7ba10
Event: 325.216 Thread 0x000002a1f41248d0 flushing  nmethod 0x000002a1e1bc3610
Event: 325.216 Thread 0x000002a1f41248d0 flushing  nmethod 0x000002a1e1bc8010
Event: 325.216 Thread 0x000002a1f41248d0 flushing  nmethod 0x000002a1e1cbc690
Event: 325.216 Thread 0x000002a1f41248d0 flushing  nmethod 0x000002a1e1dd8990
Event: 325.216 Thread 0x000002a1f41248d0 flushing  nmethod 0x000002a1e1dd9290
Event: 325.216 Thread 0x000002a1f41248d0 flushing  nmethod 0x000002a1e1dfcb90
Event: 325.216 Thread 0x000002a1f41248d0 flushing  nmethod 0x000002a1e1e52610
Event: 325.216 Thread 0x000002a1f41248d0 flushing  nmethod 0x000002a1e1e52f90
Event: 325.216 Thread 0x000002a1f41248d0 flushing  nmethod 0x000002a1e1e5fc90

Events (20 events):
Event: 1018.982 Thread 0x000002a1fb0999b0 Thread exited: 0x000002a1fb0999b0
Event: 1018.982 Thread 0x000002a1fb099320 Thread exited: 0x000002a1fb099320
Event: 1019.139 Thread 0x000002a1f9cc18e0 Thread added: 0x000002a1fb099320
Event: 1020.240 Thread 0x000002a1f9cc18e0 Thread added: 0x000002a1fb0999b0
Event: 1020.407 Thread 0x000002a1f9cc18e0 Thread added: 0x000002a1fb09db50
Event: 1020.612 Thread 0x000002a1f9cc18e0 Thread added: 0x000002a1fb09ef00
Event: 1022.259 Thread 0x000002a1f9cc18e0 Thread added: 0x000002a1fb09fc20
Event: 1022.259 Thread 0x000002a1f9cc18e0 Thread added: 0x000002a1fb09d4c0
Event: 1022.260 Thread 0x000002a1f9cc18e0 Thread added: 0x000002a1fb09e870
Event: 1022.260 Thread 0x000002a1f9cc18e0 Thread added: 0x000002a1faf325a0
Event: 1022.261 Thread 0x000002a1f9cc18e0 Thread added: 0x000002a1faf34d00
Event: 1022.261 Thread 0x000002a1f9cc18e0 Thread added: 0x000002a1faf33fe0
Event: 1022.262 Thread 0x000002a1f9cc18e0 Thread added: 0x000002a1faf332c0
Event: 1022.427 Thread 0x000002a1f9cc18e0 Thread added: 0x000002a1faf34670
Event: 1022.428 Thread 0x000002a1f9cc18e0 Thread added: 0x000002a1faf33950
Event: 1022.428 Thread 0x000002a1f9cc18e0 Thread added: 0x000002a1faf31f10
Event: 1022.429 Thread 0x000002a1f9cc18e0 Thread added: 0x000002a1faf32c30
Event: 1022.430 Thread 0x000002a1f9cc18e0 Thread added: 0x000002a1f9f37810
Event: 1022.430 Thread 0x000002a1f9cc18e0 Thread added: 0x000002a1f9f39f70
Event: 1022.431 Thread 0x000002a1f9cc18e0 Thread added: 0x000002a1f9f3ac90


Dynamic libraries:
0x00007ff7ef440000 - 0x00007ff7ef44e000 	C:\Users\wogud\.vscode\extensions\redhat.java-1.56.0-win32-x64\jre\21.0.12.1-win32-x86_64\bin\java.exe
0x00007ffcb6200000 - 0x00007ffcb6466000 	C:\Windows\SYSTEM32\ntdll.dll
0x00007ffcb4c90000 - 0x00007ffcb4d59000 	C:\Windows\System32\KERNEL32.DLL
0x00007ffcb35a0000 - 0x00007ffcb399f000 	C:\Windows\System32\KERNELBASE.dll
0x00007ffcaa340000 - 0x00007ffcaa3df000 	C:\Windows\SYSTEM32\apphelp.dll
0x00007ffcb3d10000 - 0x00007ffcb3e5c000 	C:\Windows\System32\ucrtbase.dll
0x00007ffc9c920000 - 0x00007ffc9c93e000 	C:\Users\wogud\.vscode\extensions\redhat.java-1.56.0-win32-x64\jre\21.0.12.1-win32-x86_64\bin\VCRUNTIME140.dll
0x00007ffc9c900000 - 0x00007ffc9c918000 	C:\Users\wogud\.vscode\extensions\redhat.java-1.56.0-win32-x64\jre\21.0.12.1-win32-x86_64\bin\jli.dll
0x00007ffcb5530000 - 0x00007ffcb56f6000 	C:\Windows\System32\USER32.dll
0x00007ffcb3a40000 - 0x00007ffcb3a67000 	C:\Windows\System32\win32u.dll
0x00007ffcb5aa0000 - 0x00007ffcb5acb000 	C:\Windows\System32\GDI32.dll
0x00007ffcb3a70000 - 0x00007ffcb3b99000 	C:\Windows\System32\gdi32full.dll
0x00007ffcb3ba0000 - 0x00007ffcb3c43000 	C:\Windows\System32\msvcp_win.dll
0x00007ffc8f650000 - 0x00007ffc8f8e1000 	C:\Windows\WinSxS\amd64_microsoft.windows.common-controls_6595b64144ccf1df_6.0.26100.8972_none_3e0da176e32f9d4b\COMCTL32.dll
0x00007ffcb59f0000 - 0x00007ffcb5a99000 	C:\Windows\System32\msvcrt.dll
0x00007ffcb4ac0000 - 0x00007ffcb4af2000 	C:\Windows\System32\IMM32.DLL
0x00007ffca8370000 - 0x00007ffca837c000 	C:\Users\wogud\.vscode\extensions\redhat.java-1.56.0-win32-x64\jre\21.0.12.1-win32-x86_64\bin\vcruntime140_1.dll
0x00007ffc79240000 - 0x00007ffc792cd000 	C:\Users\wogud\.vscode\extensions\redhat.java-1.56.0-win32-x64\jre\21.0.12.1-win32-x86_64\bin\msvcp140.dll
0x00007ffc29f90000 - 0x00007ffc2ad32000 	C:\Users\wogud\.vscode\extensions\redhat.java-1.56.0-win32-x64\jre\21.0.12.1-win32-x86_64\bin\server\jvm.dll
0x00007ffcb4bc0000 - 0x00007ffcb4c7c000 	C:\Windows\System32\ADVAPI32.dll
0x00007ffcb4940000 - 0x00007ffcb49ea000 	C:\Windows\System32\sechost.dll
0x00007ffcb4f80000 - 0x00007ffcb5098000 	C:\Windows\System32\RPCRT4.dll
0x00007ffcb4df0000 - 0x00007ffcb4e72000 	C:\Windows\System32\WS2_32.dll
0x00007ffcb3270000 - 0x00007ffcb32ce000 	C:\Windows\SYSTEM32\POWRPROF.dll
0x00007ffc97cb0000 - 0x00007ffc97ce6000 	C:\Windows\SYSTEM32\WINMM.dll
0x00007ffc9eb00000 - 0x00007ffc9eb0b000 	C:\Windows\SYSTEM32\VERSION.dll
0x00007ffcb3250000 - 0x00007ffcb3265000 	C:\Windows\SYSTEM32\UMPDC.dll
0x00007ffcb2100000 - 0x00007ffcb211b000 	C:\Windows\SYSTEM32\kernel.appcore.dll
0x00007ffc9c1f0000 - 0x00007ffc9c1fa000 	C:\Users\wogud\.vscode\extensions\redhat.java-1.56.0-win32-x64\jre\21.0.12.1-win32-x86_64\bin\jimage.dll
0x00007ffcb0b20000 - 0x00007ffcb0d62000 	C:\Windows\SYSTEM32\DBGHELP.DLL
0x00007ffcb5c70000 - 0x00007ffcb5ff5000 	C:\Windows\System32\combase.dll
0x00007ffcb40d0000 - 0x00007ffcb41a9000 	C:\Windows\System32\OLEAUT32.dll
0x00007ffc82970000 - 0x00007ffc829ab000 	C:\Windows\SYSTEM32\dbgcore.DLL
0x00007ffcb3e70000 - 0x00007ffcb3f1c000 	C:\Windows\System32\bcryptPrimitives.dll
0x00007ffc98bb0000 - 0x00007ffc98bbf000 	C:\Users\wogud\.vscode\extensions\redhat.java-1.56.0-win32-x64\jre\21.0.12.1-win32-x86_64\bin\instrument.dll
0x00007ffc980d0000 - 0x00007ffc980f0000 	C:\Users\wogud\.vscode\extensions\redhat.java-1.56.0-win32-x64\jre\21.0.12.1-win32-x86_64\bin\java.dll
0x00007ffcb41b0000 - 0x00007ffcb4938000 	C:\Windows\System32\SHELL32.dll
0x00007ffcb0e90000 - 0x00007ffcb172b000 	C:\Windows\SYSTEM32\windows.storage.dll
0x00007ffcb4e80000 - 0x00007ffcb4f79000 	C:\Windows\System32\SHCORE.dll
0x00007ffcb5be0000 - 0x00007ffcb5c46000 	C:\Windows\System32\shlwapi.dll
0x00007ffcb3330000 - 0x00007ffcb3359000 	C:\Windows\SYSTEM32\profapi.dll
0x00007ffc90770000 - 0x00007ffc90788000 	C:\Users\wogud\.vscode\extensions\redhat.java-1.56.0-win32-x64\jre\21.0.12.1-win32-x86_64\bin\zip.dll
0x00007ffc9c100000 - 0x00007ffc9c110000 	C:\Users\wogud\.vscode\extensions\redhat.java-1.56.0-win32-x64\jre\21.0.12.1-win32-x86_64\bin\net.dll
0x00007ffc9fa30000 - 0x00007ffc9fb58000 	C:\Windows\SYSTEM32\WINHTTP.dll
0x00007ffcb26b0000 - 0x00007ffcb271c000 	C:\Windows\system32\mswsock.dll
0x00007ffc90750000 - 0x00007ffc90766000 	C:\Users\wogud\.vscode\extensions\redhat.java-1.56.0-win32-x64\jre\21.0.12.1-win32-x86_64\bin\nio.dll
0x00007ffc98b40000 - 0x00007ffc98b50000 	C:\Users\wogud\.vscode\extensions\redhat.java-1.56.0-win32-x64\jre\21.0.12.1-win32-x86_64\bin\verify.dll
0x00007ffc2df70000 - 0x00007ffc2df97000 	C:\Users\wogud\.gradle\native\1def1411415f61bf3af743bc5b6707747c0891f09f0c88961ee8f79bc544acac\windows-amd64\native-platform.dll
0x00007ffc306c0000 - 0x00007ffc30738000 	C:\Users\wogud\.gradle\native\0.2.7\x86_64-windows-gnu\gradle-fileevents.dll
0x00007ffc98c00000 - 0x00007ffc98c0a000 	C:\Users\wogud\.vscode\extensions\redhat.java-1.56.0-win32-x64\jre\21.0.12.1-win32-x86_64\bin\management.dll
0x00007ffc98bf0000 - 0x00007ffc98bfc000 	C:\Users\wogud\.vscode\extensions\redhat.java-1.56.0-win32-x64\jre\21.0.12.1-win32-x86_64\bin\management_ext.dll
0x00007ffcb4b00000 - 0x00007ffcb4b08000 	C:\Windows\System32\PSAPI.DLL
0x00007ffcb1a80000 - 0x00007ffcb1ab3000 	C:\Windows\SYSTEM32\IPHLPAPI.DLL
0x00007ffcb49f0000 - 0x00007ffcb49fa000 	C:\Windows\System32\NSI.dll
0x00007ffc98460000 - 0x00007ffc98469000 	C:\Users\wogud\.vscode\extensions\redhat.java-1.56.0-win32-x64\jre\21.0.12.1-win32-x86_64\bin\extnet.dll
0x00007ffcb29a0000 - 0x00007ffcb29bb000 	C:\Windows\SYSTEM32\CRYPTSP.dll
0x00007ffcb2060000 - 0x00007ffcb2099000 	C:\Windows\system32\rsaenh.dll
0x00007ffcb2760000 - 0x00007ffcb2792000 	C:\Windows\SYSTEM32\USERENV.dll
0x00007ffcb3300000 - 0x00007ffcb332a000 	C:\Windows\SYSTEM32\bcrypt.dll
0x00007ffcb29c0000 - 0x00007ffcb29cc000 	C:\Windows\SYSTEM32\CRYPTBASE.dll
0x00007ffc9b520000 - 0x00007ffc9b52e000 	C:\Users\wogud\.vscode\extensions\redhat.java-1.56.0-win32-x64\jre\21.0.12.1-win32-x86_64\bin\sunmscapi.dll
0x00007ffcb3410000 - 0x00007ffcb358e000 	C:\Windows\System32\CRYPT32.dll
0x00007ffcb2be0000 - 0x00007ffcb2c10000 	C:\Windows\SYSTEM32\ncrypt.dll
0x00007ffcb2b90000 - 0x00007ffcb2bcf000 	C:\Windows\SYSTEM32\NTASN1.dll
0x00007ffc74dc0000 - 0x00007ffc74dc8000 	C:\Windows\system32\wshunix.dll

JVMTI agents:
C:\Users\wogud\.gradle\wrapper\dists\gradle-8.14.4-bin\92wwslzcyst3phie3o264zltu\gradle-8.14.4\lib\agents\gradle-instrumentation-agent-8.14.4.jar path:C:\Users\wogud\.vscode\extensions\redhat.java-1.56.0-win32-x64\jre\21.0.12.1-win32-x86_64\bin\instrument.dll, loaded, initialized, instrumentlib options:none

dbghelp: loaded successfully - version: 4.0.5 - missing functions: none
symbol engine: initialized successfully - sym options: 0x614 - pdb path: .;C:\Users\wogud\.vscode\extensions\redhat.java-1.56.0-win32-x64\jre\21.0.12.1-win32-x86_64\bin;C:\Windows\SYSTEM32;C:\Windows\WinSxS\amd64_microsoft.windows.common-controls_6595b64144ccf1df_6.0.26100.8972_none_3e0da176e32f9d4b;C:\Users\wogud\.vscode\extensions\redhat.java-1.56.0-win32-x64\jre\21.0.12.1-win32-x86_64\bin\server;C:\Users\wogud\.gradle\native\1def1411415f61bf3af743bc5b6707747c0891f09f0c88961ee8f79bc544acac\windows-amd64;C:\Users\wogud\.gradle\native\0.2.7\x86_64-windows-gnu

VM Arguments:
jvm_args: --add-opens=java.base/java.lang=ALL-UNNAMED --add-opens=java.base/java.lang.invoke=ALL-UNNAMED --add-opens=java.base/java.util=ALL-UNNAMED --add-opens=java.prefs/java.util.prefs=ALL-UNNAMED --add-exports=jdk.compiler/com.sun.tools.javac.api=ALL-UNNAMED --add-exports=jdk.compiler/com.sun.tools.javac.util=ALL-UNNAMED --add-opens=java.base/java.util=ALL-UNNAMED --add-opens=java.prefs/java.util.prefs=ALL-UNNAMED --add-opens=java.base/java.nio.charset=ALL-UNNAMED --add-opens=java.base/java.net=ALL-UNNAMED --add-opens=java.base/java.util.concurrent.atomic=ALL-UNNAMED --add-opens=java.xml/javax.xml.namespace=ALL-UNNAMED -XX:MaxMetaspaceSize=384m -XX:+HeapDumpOnOutOfMemoryError -Xms256m -Xmx512m -Dfile.encoding=UTF-8 -Duser.country=KR -Duser.language=ko -Duser.variant -javaagent:C:\Users\wogud\.gradle\wrapper\dists\gradle-8.14.4-bin\92wwslzcyst3phie3o264zltu\gradle-8.14.4\lib\agents\gradle-instrumentation-agent-8.14.4.jar 
java_command: org.gradle.launcher.daemon.bootstrap.GradleDaemon 8.14.4
java_class_path (initial): C:\Users\wogud\.gradle\wrapper\dists\gradle-8.14.4-bin\92wwslzcyst3phie3o264zltu\gradle-8.14.4\lib\gradle-daemon-main-8.14.4.jar
Launcher Type: SUN_STANDARD

[Global flags]
     intx CICompilerCount                          = 4                                         {product} {ergonomic}
   size_t CompressedClassSpaceSize                 = 335544320                                 {product} {ergonomic}
     uint ConcGCThreads                            = 2                                         {product} {ergonomic}
     uint G1ConcRefinementThreads                  = 8                                         {product} {ergonomic}
   size_t G1HeapRegionSize                         = 1048576                                   {product} {ergonomic}
    uintx GCDrainStackTargetSize                   = 64                                        {product} {ergonomic}
     bool HeapDumpOnOutOfMemoryError               = true                                   {manageable} {command line}
   size_t InitialHeapSize                          = 268435456                                 {product} {command line}
   size_t MarkStackSize                            = 4194304                                   {product} {ergonomic}
   size_t MaxHeapSize                              = 536870912                                 {product} {command line}
   size_t MaxMetaspaceSize                         = 402653184                                 {product} {command line}
   size_t MaxNewSize                               = 321912832                                 {product} {ergonomic}
   size_t MinHeapDeltaBytes                        = 1048576                                   {product} {ergonomic}
   size_t MinHeapSize                              = 268435456                                 {product} {command line}
    uintx NonNMethodCodeHeapSize                   = 5839372                                {pd product} {ergonomic}
    uintx NonProfiledCodeHeapSize                  = 122909434                              {pd product} {ergonomic}
    uintx ProfiledCodeHeapSize                     = 122909434                              {pd product} {ergonomic}
    uintx ReservedCodeCacheSize                    = 251658240                              {pd product} {ergonomic}
     bool SegmentedCodeCache                       = true                                      {product} {ergonomic}
   size_t SoftMaxHeapSize                          = 536870912                              {manageable} {ergonomic}
     bool UseCompressedOops                        = true                           {product lp64_product} {ergonomic}
     bool UseG1GC                                  = true                                      {product} {ergonomic}
     bool UseLargePagesIndividualAllocation        = false                                  {pd product} {ergonomic}

Logging:
Log output configuration:
 #0: stdout all=warning uptime,level,tags foldmultilines=false
 #1: stderr all=off uptime,level,tags foldmultilines=false

Release file:
JAVA_VERSION="21.0.12.1" 
MODULES="java.base java.compiler java.datatransfer java.xml java.prefs java.desktop java.instrument java.logging java.management java.security.sasl java.naming java.rmi java.management.rmi java.net.http java.scripting java.security.jgss java.transaction.xa java.sql java.sql.rowset java.xml.crypto java.se java.smartcardio jdk.accessibility jdk.internal.jvmstat jdk.attach jdk.charsets jdk.internal.opt jdk.zipfs jdk.compiler jdk.crypto.ec jdk.crypto.cryptoki jdk.crypto.mscapi jdk.dynalink jdk.internal.ed jdk.editpad jdk.hotspot.agent jdk.httpserver jdk.internal.le jdk.internal.vm.ci jdk.internal.vm.compiler jdk.internal.vm.compiler.management jdk.jartool jdk.javadoc jdk.jcmd jdk.management jdk.management.agent jdk.jconsole jdk.jdeps jdk.jdwp.agent jdk.jdi jdk.jfr jdk.jshell jdk.jsobject jdk.jstatd jdk.localedata jdk.management.jfr jdk.naming.dns jdk.naming.rmi jdk.net jdk.nio.mapmode jdk.random jdk.sctp jdk.security.auth jdk.security.jgss jdk.unsupported jdk.unsupported.desktop jdk.xml.dom" 

Environment Variables:
JAVA_HOME=C:\Program Files\Java\jdk-21.0.10
PATH=C:\Program Files\Common Files\Oracle\Java\javapath;C:\Program Files\Eclipse Adoptium\jdk-21.0.10.7-hotspot\bin;C:\Windows\system32;C:\Windows;C:\Windows\System32\Wbem;C:\Windows\System32\WindowsPowerShell\v1.0\;C:\Windows\System32\OpenSSH\;C:\Program Files\dotnet\;C:\Program Files\nodejs\;C:\Program Files\Git\cmd;C:\Users\wogud\AppData\Local\Programs\Python\Python313\Scripts\;C:\Users\wogud\AppData\Local\Programs\Python\Python313\;C:\Users\wogud\AppData\Local\Programs\Python\Launcher\;C:\Users\wogud\AppData\Local\Microsoft\WindowsApps;C:\Users\wogud\AppData\Local\Programs\Microsoft VS Code\bin;C:\Users\wogud\.dotnet\tools;C:\Users\wogud\AppData\Roaming\npm
USERNAME=wogud
OS=Windows_NT
PROCESSOR_IDENTIFIER=Intel64 Family 6 Model 189 Stepping 1, GenuineIntel
TMP=C:\Users\wogud\AppData\Local\Temp
TEMP=C:\Users\wogud\AppData\Local\Temp




Periodic native trim disabled

---------------  S Y S T E M  ---------------

OS:
 Windows 11 , 64 bit Build 26100 (10.0.26100.9168)
OS uptime: 9 days 16:54 hours
Hyper-V role detected

CPU: total 8 (initial active 8) (8 cores per cpu, 1 threads per core) family 6 model 189 stepping 1 microcode 0x125, cx8, cmov, fxsr, mmx, 3dnowpref, sse, sse2, sse3, ssse3, sse4.1, sse4.2, popcnt, lzcnt, tsc, tscinvbit, avx, avx2, aes, erms, clmul, bmi1, bmi2, adx, sha, fma, vzeroupper, clflush, clflushopt, clwb, hv, serialize, rdtscp, rdpid, fsrm, f16c, cet_ibt, cet_ss
Processor Information for processor 0
  Max Mhz: 2200, Current Mhz: 2200, Mhz Limit: 2200
Processor Information for processor 1
  Max Mhz: 2200, Current Mhz: 2200, Mhz Limit: 2200
Processor Information for processor 2
  Max Mhz: 2200, Current Mhz: 2200, Mhz Limit: 2200
Processor Information for processor 3
  Max Mhz: 2200, Current Mhz: 2200, Mhz Limit: 2200
Processor Information for processor 4
  Max Mhz: 2200, Current Mhz: 2200, Mhz Limit: 2200
Processor Information for processor 5
  Max Mhz: 2200, Current Mhz: 2200, Mhz Limit: 2200
Processor Information for processor 6
  Max Mhz: 2200, Current Mhz: 2000, Mhz Limit: 2200
Processor Information for processor 7
  Max Mhz: 2200, Current Mhz: 2200, Mhz Limit: 2200

Memory: 4k page, system-wide physical 15914M (271M free)
TotalPageFile size 65066M (AvailPageFile size 711M)
current process WorkingSet (physical memory assigned to process): 278M, peak: 291M
current process commit charge ("private bytes"): 485M, peak: 500M

vm_info: OpenJDK 64-Bit Server VM (21.0.12.1+1-LTS) for windows-amd64 JRE (21.0.12.1+1-LTS), built on 2026-08-18T00:00:00Z by "admin" with MS VC++ 17.12 (VS2022)

END.
