#
# There is insufficient memory for the Java Runtime Environment to continue.
# Native memory allocation (malloc) failed to allocate 577648 bytes. Error detail: Chunk::new
# Possible reasons:
#   The system is out of physical RAM or swap space
#   This process is running with CompressedOops enabled, and the Java Heap may be blocking the growth of the native heap
# Possible solutions:
#   Reduce memory load on the system
#   Increase physical memory or swap space
#   Check if swap backing store is full
#   Decrease Java heap size (-Xmx/-Xms)
#   Decrease number of Java threads
#   Decrease Java thread stack sizes (-Xss)
#   Set larger code cache with -XX:ReservedCodeCacheSize=
#   JVM is running with Unscaled Compressed Oops mode in which the Java heap is
#     placed in the first 4GB address space. The Java Heap base address is the
#     maximum limit for the native heap growth. Please use -XX:HeapBaseMinAddress
#     to set the Java Heap base and to place the Java Heap above 4GB virtual address.
# This output file may be truncated or incomplete.
#
#  Out of Memory Error (arena.cpp:168), pid=10944, tid=27876
#
# JRE version: OpenJDK Runtime Environment Temurin-21.0.12.1+1 (21.0.12.1+1) (build 21.0.12.1+1-LTS)
# Java VM: OpenJDK 64-Bit Server VM Temurin-21.0.12.1+1 (21.0.12.1+1-LTS, mixed mode, sharing, tiered, compressed oops, compressed class ptrs, g1 gc, windows-amd64)
# No core dump will be written. Minidumps are not enabled by default on client versions of Windows
#

---------------  S U M M A R Y ------------

Command Line: --add-opens=java.base/java.lang=ALL-UNNAMED --add-opens=java.base/java.lang.invoke=ALL-UNNAMED --add-opens=java.base/java.util=ALL-UNNAMED --add-opens=java.prefs/java.util.prefs=ALL-UNNAMED --add-exports=jdk.compiler/com.sun.tools.javac.api=ALL-UNNAMED --add-exports=jdk.compiler/com.sun.tools.javac.util=ALL-UNNAMED --add-opens=java.base/java.util=ALL-UNNAMED --add-opens=java.prefs/java.util.prefs=ALL-UNNAMED --add-opens=java.base/java.nio.charset=ALL-UNNAMED --add-opens=java.base/java.net=ALL-UNNAMED --add-opens=java.base/java.util.concurrent.atomic=ALL-UNNAMED --add-opens=java.xml/javax.xml.namespace=ALL-UNNAMED -XX:MaxMetaspaceSize=384m -XX:+HeapDumpOnOutOfMemoryError -Xms256m -Xmx512m -Dfile.encoding=UTF-8 -Duser.country=KR -Duser.language=ko -Duser.variant -javaagent:C:\Users\wogud\.gradle\wrapper\dists\gradle-8.14.4-bin\92wwslzcyst3phie3o264zltu\gradle-8.14.4\lib\agents\gradle-instrumentation-agent-8.14.4.jar org.gradle.launcher.daemon.bootstrap.GradleDaemon 8.14.4

Host: Intel(R) Core(TM) Ultra 7 256V, 8 cores, 15G,  Windows 11 , 64 bit Build 26100 (10.0.26100.9168)
Time: Fri Sep  4 16:03:45 2026 elapsed time: 276.971694 seconds (0d 0h 4m 36s)

---------------  T H R E A D  ---------------

Current thread (0x000002a9d5244240):  JavaThread "C2 CompilerThread0" daemon [_thread_in_native, id=27876, stack(0x000000f559700000,0x000000f559800000) (1024K)]


Current CompileTask:
C2:276971 7518       4       java.lang.Class::getMethodsRecursive (99 bytes)

Stack: [0x000000f559700000,0x000000f559800000]
Native frames: (J=compiled Java code, j=interpreted, Vv=VM code, C=native code)
V  [jvm.dll+0x6d83e9]
V  [jvm.dll+0x8b5736]
V  [jvm.dll+0x8b7cee]
V  [jvm.dll+0x8b83d3]
V  [jvm.dll+0x284596]
V  [jvm.dll+0xc685d]
V  [jvm.dll+0xc6da1]
V  [jvm.dll+0x3bf18b]
V  [jvm.dll+0x1e3f42]
V  [jvm.dll+0x24c853]
V  [jvm.dll+0x24bce0]
V  [jvm.dll+0x1cb4ae]
V  [jvm.dll+0x25baad]
V  [jvm.dll+0x25a03a]
V  [jvm.dll+0x3f8aae]
V  [jvm.dll+0x8600cd]
V  [jvm.dll+0x6d6c1d]
C  [ucrtbase.dll+0x2cd30]
C  [KERNEL32.DLL+0x2ccb7]
C  [ntdll.dll+0xaad6c]


---------------  P R O C E S S  ---------------

Threads class SMR info:
_java_thread_list=0x000002a9f0ce0fa0, length=61, elements={
0x000002a9bf88f970, 0x000002a9d5238c40, 0x000002a9d523a210, 0x000002a9d523f280,
0x000002a9d523fce0, 0x000002a9d5241460, 0x000002a9d52434b0, 0x000002a9d5244240,
0x000002a9d52529e0, 0x000002a9d541cfe0, 0x000002a9d54db4a0, 0x000002a9ef0e42d0,
0x000002a9ef0e4960, 0x000002a9ef0e3c40, 0x000002a9efdc8dc0, 0x000002a9efdcc8d0,
0x000002a9efdc9450, 0x000002a9efdcae90, 0x000002a9efdca800, 0x000002a9efdcb520,
0x000002a9efdcbbb0, 0x000002a9efdccf60, 0x000002a9efdcc240, 0x000002a9efdc9ae0,
0x000002a9efdcd5f0, 0x000002a9efdd03e0, 0x000002a9efdcdc80, 0x000002a9efdcf030,
0x000002a9efdcfd50, 0x000002a9efdce310, 0x000002a9efdce9a0, 0x000002a9f1d503f0,
0x000002a9f1d4f040, 0x000002a9f1d4f6d0, 0x000002a9f1d50a80, 0x000002a9f1d4e9b0,
0x000002a9f1d51110, 0x000002a9f1d517a0, 0x000002a9f0b07090, 0x000002a9f0b097f0,
0x000002a9f0b0a510, 0x000002a9f0b09e80, 0x000002a9f0b08440, 0x000002a9f0b07db0,
0x000002a9f0b08ad0, 0x000002a9f0b09160, 0x000002a9f31a9960, 0x000002a9f31a6b70,
0x000002a9f31a92d0, 0x000002a9f31a64e0, 0x000002a9f31a7f20, 0x000002a9f31a85b0,
0x000002a9f31a8c40, 0x000002a9f31a7200, 0x000002a9f31a7890, 0x000002a9f108ea80,
0x000002a9f108dd60, 0x000002a9f108d040, 0x000002a9f108e3f0, 0x000002a9f108d6d0,
0x000002a9f108f7a0
}

Java Threads: ( => current thread )
  0x000002a9bf88f970 JavaThread "main"                              [_thread_blocked, id=27748, stack(0x000000f558900000,0x000000f558a00000) (1024K)]
  0x000002a9d5238c40 JavaThread "Reference Handler"          daemon [_thread_blocked, id=27848, stack(0x000000f559100000,0x000000f559200000) (1024K)]
  0x000002a9d523a210 JavaThread "Finalizer"                  daemon [_thread_blocked, id=27852, stack(0x000000f559200000,0x000000f559300000) (1024K)]
  0x000002a9d523f280 JavaThread "Signal Dispatcher"          daemon [_thread_blocked, id=27856, stack(0x000000f559300000,0x000000f559400000) (1024K)]
  0x000002a9d523fce0 JavaThread "Attach Listener"            daemon [_thread_blocked, id=27860, stack(0x000000f559400000,0x000000f559500000) (1024K)]
  0x000002a9d5241460 JavaThread "Service Thread"             daemon [_thread_blocked, id=27864, stack(0x000000f559500000,0x000000f559600000) (1024K)]
  0x000002a9d52434b0 JavaThread "Monitor Deflation Thread"   daemon [_thread_blocked, id=27872, stack(0x000000f559600000,0x000000f559700000) (1024K)]
=>0x000002a9d5244240 JavaThread "C2 CompilerThread0"         daemon [_thread_in_native, id=27876, stack(0x000000f559700000,0x000000f559800000) (1024K)]
  0x000002a9d52529e0 JavaThread "C1 CompilerThread0"         daemon [_thread_blocked, id=27880, stack(0x000000f559800000,0x000000f559900000) (1024K)]
  0x000002a9d541cfe0 JavaThread "Common-Cleaner"             daemon [_thread_blocked, id=27928, stack(0x000000f559900000,0x000000f559a00000) (1024K)]
  0x000002a9d54db4a0 JavaThread "Notification Thread"        daemon [_thread_blocked, id=27960, stack(0x000000f559a00000,0x000000f559b00000) (1024K)]
  0x000002a9ef0e42d0 JavaThread "Daemon health stats"               [_thread_blocked, id=33052, stack(0x000000f55a000000,0x000000f55a100000) (1024K)]
  0x000002a9ef0e4960 JavaThread "Incoming local TCP Connector on port 65331"        [_thread_in_native, id=33340, stack(0x000000f55a300000,0x000000f55a400000) (1024K)]
  0x000002a9ef0e3c40 JavaThread "Daemon periodic checks"            [_thread_blocked, id=33428, stack(0x000000f55a400000,0x000000f55a500000) (1024K)]
  0x000002a9efdc8dc0 JavaThread "Daemon"                            [_thread_blocked, id=33560, stack(0x000000f55a500000,0x000000f55a600000) (1024K)]
  0x000002a9efdcc8d0 JavaThread "Handler for socket connection from /127.0.0.1:65331 to /127.0.0.1:65334"        [_thread_in_native, id=33580, stack(0x000000f55a600000,0x000000f55a700000) (1024K)]
  0x000002a9efdc9450 JavaThread "Cancel handler"                    [_thread_blocked, id=33656, stack(0x000000f55a700000,0x000000f55a800000) (1024K)]
  0x000002a9efdcae90 JavaThread "Daemon worker"                     [_thread_in_vm, id=33708, stack(0x000000f55a800000,0x000000f55a900000) (1024K)]
  0x000002a9efdca800 JavaThread "Asynchronous log dispatcher for DefaultDaemonConnection: socket connection from /127.0.0.1:65331 to /127.0.0.1:65334"        [_thread_blocked, id=33760, stack(0x000000f55a900000,0x000000f55aa00000) (1024K)]
  0x000002a9efdcb520 JavaThread "Stdin handler"                     [_thread_blocked, id=33764, stack(0x000000f55aa00000,0x000000f55ab00000) (1024K)]
  0x000002a9efdcbbb0 JavaThread "Daemon client event forwarder"        [_thread_blocked, id=33772, stack(0x000000f55ab00000,0x000000f55ac00000) (1024K)]
  0x000002a9efdccf60 JavaThread "Cache worker for journal cache (C:\Users\wogud\.gradle\caches\journal-1)"        [_thread_blocked, id=33804, stack(0x000000f55ac00000,0x000000f55ad00000) (1024K)]
  0x000002a9efdcc240 JavaThread "File lock request listener"        [_thread_in_native, id=33820, stack(0x000000f55ad00000,0x000000f55ae00000) (1024K)]
  0x000002a9efdc9ae0 JavaThread "File lock release action executor"        [_thread_blocked, id=33840, stack(0x000000f55ae00000,0x000000f55af00000) (1024K)]
  0x000002a9efdcd5f0 JavaThread "Cache worker for file hash cache (C:\Users\wogud\.gradle\caches\8.14.4\fileHashes)"        [_thread_blocked, id=33844, stack(0x000000f55af00000,0x000000f55b000000) (1024K)]
  0x000002a9efdd03e0 JavaThread "Cache worker for file hash cache (C:\Users\wogud\OneDrive\바탕 화면\cpaston_project\.gradle\8.14.4\fileHashes)"        [_thread_blocked, id=34460, stack(0x000000f55b200000,0x000000f55b300000) (1024K)]
  0x000002a9efdcdc80 JavaThread "Cache worker for Build Output Cleanup Cache (C:\Users\wogud\OneDrive\바탕 화면\cpaston_project\.gradle\buildOutputCleanup)"        [_thread_blocked, id=34464, stack(0x000000f55b300000,0x000000f55b400000) (1024K)]
  0x000002a9efdcf030 JavaThread "File watcher server"        daemon [_thread_in_native, id=34580, stack(0x000000f55b100000,0x000000f55b200000) (1024K)]
  0x000002a9efdcfd50 JavaThread "File watcher consumer"      daemon [_thread_blocked, id=34592, stack(0x000000f55b400000,0x000000f55b500000) (1024K)]
  0x000002a9efdce310 JavaThread "jar transforms"                    [_thread_blocked, id=6236, stack(0x000000f558800000,0x000000f558900000) (1024K)]
  0x000002a9efdce9a0 JavaThread "jar transforms Thread 2"           [_thread_blocked, id=38040, stack(0x000000f55b500000,0x000000f55b600000) (1024K)]
  0x000002a9f1d503f0 JavaThread "Cache worker for checksums cache (C:\Users\wogud\OneDrive\바탕 화면\cpaston_project\.gradle\8.14.4\checksums)"        [_thread_blocked, id=39844, stack(0x000000f558600000,0x000000f558700000) (1024K)]
  0x000002a9f1d4f040 JavaThread "Cache worker for file content cache (C:\Users\wogud\.gradle\caches\8.14.4\fileContent)"        [_thread_blocked, id=3744, stack(0x000000f558700000,0x000000f558800000) (1024K)]
  0x000002a9f1d4f6d0 JavaThread "jar transforms Thread 3"           [_thread_blocked, id=41284, stack(0x000000f55b600000,0x000000f55b700000) (1024K)]
  0x000002a9f1d50a80 JavaThread "jar transforms Thread 4"           [_thread_blocked, id=42024, stack(0x000000f55b700000,0x000000f55b800000) (1024K)]
  0x000002a9f1d4e9b0 JavaThread "Cache worker for cache directory md-supplier (C:\Users\wogud\.gradle\caches\8.14.4\md-supplier)"        [_thread_blocked, id=42488, stack(0x000000f55b800000,0x000000f55b900000) (1024K)]
  0x000002a9f1d51110 JavaThread "Cache worker for cache directory md-rule (C:\Users\wogud\.gradle\caches\8.14.4\md-rule)"        [_thread_blocked, id=42540, stack(0x000000f55b900000,0x000000f55ba00000) (1024K)]
  0x000002a9f1d517a0 JavaThread "jar transforms Thread 5"           [_thread_blocked, id=44648, stack(0x000000f55ba00000,0x000000f55bb00000) (1024K)]
  0x000002a9f0b07090 JavaThread "Unconstrained build operations"        [_thread_blocked, id=45476, stack(0x000000f55bb00000,0x000000f55bc00000) (1024K)]
  0x000002a9f0b097f0 JavaThread "Unconstrained build operations Thread 2"        [_thread_blocked, id=42076, stack(0x000000f55bc00000,0x000000f55bd00000) (1024K)]
  0x000002a9f0b0a510 JavaThread "Unconstrained build operations Thread 3"        [_thread_blocked, id=42072, stack(0x000000f55bd00000,0x000000f55be00000) (1024K)]
  0x000002a9f0b09e80 JavaThread "Unconstrained build operations Thread 4"        [_thread_blocked, id=39952, stack(0x000000f55be00000,0x000000f55bf00000) (1024K)]
  0x000002a9f0b08440 JavaThread "Unconstrained build operations Thread 5"        [_thread_blocked, id=44752, stack(0x000000f55bf00000,0x000000f55c000000) (1024K)]
  0x000002a9f0b07db0 JavaThread "Unconstrained build operations Thread 6"        [_thread_blocked, id=36876, stack(0x000000f55c000000,0x000000f55c100000) (1024K)]
  0x000002a9f0b08ad0 JavaThread "Unconstrained build operations Thread 7"        [_thread_blocked, id=39132, stack(0x000000f55c100000,0x000000f55c200000) (1024K)]
  0x000002a9f0b09160 JavaThread "Unconstrained build operations Thread 8"        [_thread_blocked, id=45724, stack(0x000000f55c200000,0x000000f55c300000) (1024K)]
  0x000002a9f31a9960 JavaThread "Unconstrained build operations Thread 9"        [_thread_blocked, id=9468, stack(0x000000f55c300000,0x000000f55c400000) (1024K)]
  0x000002a9f31a6b70 JavaThread "Unconstrained build operations Thread 10"        [_thread_blocked, id=44156, stack(0x000000f55c400000,0x000000f55c500000) (1024K)]
  0x000002a9f31a92d0 JavaThread "Unconstrained build operations Thread 11"        [_thread_blocked, id=26872, stack(0x000000f55c500000,0x000000f55c600000) (1024K)]
  0x000002a9f31a64e0 JavaThread "Unconstrained build operations Thread 12"        [_thread_blocked, id=42548, stack(0x000000f55c600000,0x000000f55c700000) (1024K)]
  0x000002a9f31a7f20 JavaThread "Unconstrained build operations Thread 13"        [_thread_blocked, id=42308, stack(0x000000f55c700000,0x000000f55c800000) (1024K)]
  0x000002a9f31a85b0 JavaThread "Unconstrained build operations Thread 14"        [_thread_blocked, id=13536, stack(0x000000f55c800000,0x000000f55c900000) (1024K)]
  0x000002a9f31a8c40 JavaThread "Unconstrained build operations Thread 15"        [_thread_blocked, id=41588, stack(0x000000f55c900000,0x000000f55ca00000) (1024K)]
  0x000002a9f31a7200 JavaThread "Unconstrained build operations Thread 16"        [_thread_blocked, id=41592, stack(0x000000f55ca00000,0x000000f55cb00000) (1024K)]
  0x000002a9f31a7890 JavaThread "Unconstrained build operations Thread 17"        [_thread_blocked, id=41596, stack(0x000000f55cb00000,0x000000f55cc00000) (1024K)]
  0x000002a9f108ea80 JavaThread "Unconstrained build operations Thread 18"        [_thread_blocked, id=41600, stack(0x000000f55cc00000,0x000000f55cd00000) (1024K)]
  0x000002a9f108dd60 JavaThread "Unconstrained build operations Thread 19"        [_thread_blocked, id=41604, stack(0x000000f55cd00000,0x000000f55ce00000) (1024K)]
  0x000002a9f108d040 JavaThread "Unconstrained build operations Thread 20"        [_thread_blocked, id=41632, stack(0x000000f55ce00000,0x000000f55cf00000) (1024K)]
  0x000002a9f108e3f0 JavaThread "Unconstrained build operations Thread 21"        [_thread_blocked, id=39624, stack(0x000000f55cf00000,0x000000f55d000000) (1024K)]
  0x000002a9f108d6d0 JavaThread "Memory manager"                    [_thread_blocked, id=45796, stack(0x000000f55d000000,0x000000f55d100000) (1024K)]
  0x000002a9f108f7a0 JavaThread "jar transforms Thread 6"           [_thread_blocked, id=15688, stack(0x000000f55d100000,0x000000f55d200000) (1024K)]
Total: 61

Other Threads:
  0x000002a9d52141e0 VMThread "VM Thread"                           [id=27816, stack(0x000000f559000000,0x000000f559100000) (1024K)]
  0x000002a9d52082d0 WatcherThread "VM Periodic Task Thread"        [id=27812, stack(0x000000f558f00000,0x000000f559000000) (1024K)]
  0x000002a9bf8bb370 WorkerThread "GC Thread#0"                     [id=27792, stack(0x000000f558a00000,0x000000f558b00000) (1024K)]
  0x000002a9d569ff20 WorkerThread "GC Thread#1"                     [id=28856, stack(0x000000f559b00000,0x000000f559c00000) (1024K)]
  0x000002a9d5446880 WorkerThread "GC Thread#2"                     [id=28860, stack(0x000000f559c00000,0x000000f559d00000) (1024K)]
  0x000002a9d5446c30 WorkerThread "GC Thread#3"                     [id=28864, stack(0x000000f559d00000,0x000000f559e00000) (1024K)]
  0x000002a9d5446fe0 WorkerThread "GC Thread#4"                     [id=28868, stack(0x000000f559e00000,0x000000f559f00000) (1024K)]
  0x000002a9d5447390 WorkerThread "GC Thread#5"                     [id=28872, stack(0x000000f559f00000,0x000000f55a000000) (1024K)]
  0x000002a9efcddcb0 WorkerThread "GC Thread#6"                     [id=33276, stack(0x000000f55a100000,0x000000f55a200000) (1024K)]
  0x000002a9efd25cf0 WorkerThread "GC Thread#7"                     [id=33280, stack(0x000000f55a200000,0x000000f55a300000) (1024K)]
  0x000002a9bf8c0a80 ConcurrentGCThread "G1 Main Marker"            [id=27796, stack(0x000000f558b00000,0x000000f558c00000) (1024K)]
  0x000002a9bf8c2320 WorkerThread "G1 Conc#0"                       [id=27800, stack(0x000000f558c00000,0x000000f558d00000) (1024K)]
  0x000002a9f0e46230 WorkerThread "G1 Conc#1"                       [id=34320, stack(0x000000f55b000000,0x000000f55b100000) (1024K)]
  0x000002a9d50d01d0 ConcurrentGCThread "G1 Refine#0"               [id=27804, stack(0x000000f558d00000,0x000000f558e00000) (1024K)]
  0x000002a9d50d0a00 ConcurrentGCThread "G1 Service"                [id=27808, stack(0x000000f558e00000,0x000000f558f00000) (1024K)]
Total: 15

Threads with active compile tasks:
C2 CompilerThread0  276998 7518       4       java.lang.Class::getMethodsRecursive (99 bytes)
Total: 1

VM state: not at safepoint (normal execution)

VM Mutex/Monitor currently owned by a thread: None

Heap address: 0x00000000e0000000, size: 512 MB, Compressed Oops mode: 32-bit

CDS archive(s) mapped at: [0x000002a9d6000000-0x000002a9d6ba0000-0x000002a9d6ba0000), size 12189696, SharedBaseAddress: 0x000002a9d6000000, ArchiveRelocationMode: 1.
Compressed class space mapped at: 0x000002a9d7000000-0x000002a9eb000000, reserved size: 335544320
Narrow klass base: 0x000002a9d6000000, Narrow klass shift: 0, Narrow klass range: 0x100000000

GC Precious Log:
 CardTable entry size: 512
 Card Set container configuration: InlinePtr #cards 5 size 8 Array Of Cards #cards 12 size 40 Howl #buckets 4 coarsen threshold 1843 Howl Bitmap #cards 512 size 80 coarsen threshold 460 Card regions per heap region 1 cards per card region 2048
 CPUs: 8 total, 8 available
 Memory: 15914M
 Large Page Support: Disabled
 NUMA Support: Disabled
 Compressed Oops: Enabled (32-bit)
 Heap Region Size: 1M
 Heap Min Capacity: 256M
 Heap Initial Capacity: 256M
 Heap Max Capacity: 512M
 Pre-touch: Disabled
 Parallel Workers: 8
 Concurrent Workers: 2
 Concurrent Refinement Workers: 8
 Periodic GC: Disabled

Heap:
 garbage-first heap   total 262144K, used 114924K [0x00000000e0000000, 0x0000000100000000)
  region size 1024K, 91 young (93184K), 16 survivors (16384K)
 Metaspace       used 54736K, committed 56576K, reserved 393216K
  class space    used 8000K, committed 8896K, reserved 327680K

Heap Regions: E=young(eden), S=young(survivor), O=old, HS=humongous(starts), HC=humongous(continues), CS=collection set, F=free, TAMS=top-at-mark-start, PB=parsable bottom
|   0|0x00000000e0000000, 0x00000000e0100000, 0x00000000e0100000|100%|HS|  |TAMS 0x00000000e0000000| PB 0x00000000e0000000| Complete 
|   1|0x00000000e0100000, 0x00000000e0200000, 0x00000000e0200000|100%|HC|  |TAMS 0x00000000e0100000| PB 0x00000000e0100000| Complete 
|   2|0x00000000e0200000, 0x00000000e0300000, 0x00000000e0300000|100%|HC|  |TAMS 0x00000000e0200000| PB 0x00000000e0200000| Complete 
|   3|0x00000000e0300000, 0x00000000e0400000, 0x00000000e0400000|100%| O|  |TAMS 0x00000000e0300000| PB 0x00000000e0300000| Untracked 
|   4|0x00000000e0400000, 0x00000000e0500000, 0x00000000e0500000|100%| O|  |TAMS 0x00000000e0400000| PB 0x00000000e0400000| Untracked 
|   5|0x00000000e0500000, 0x00000000e0600000, 0x00000000e0600000|100%| O|  |TAMS 0x00000000e0500000| PB 0x00000000e0500000| Untracked 
|   6|0x00000000e0600000, 0x00000000e0700000, 0x00000000e0700000|100%| O|  |TAMS 0x00000000e0600000| PB 0x00000000e0600000| Untracked 
|   7|0x00000000e0700000, 0x00000000e0800000, 0x00000000e0800000|100%|HS|  |TAMS 0x00000000e0700000| PB 0x00000000e0700000| Complete 
|   8|0x00000000e0800000, 0x00000000e0800000, 0x00000000e0900000|  0%| F|  |TAMS 0x00000000e0800000| PB 0x00000000e0800000| Untracked 
|   9|0x00000000e0900000, 0x00000000e0a00000, 0x00000000e0a00000|100%| O|  |TAMS 0x00000000e0900000| PB 0x00000000e0900000| Untracked 
|  10|0x00000000e0a00000, 0x00000000e0b00000, 0x00000000e0b00000|100%| O|  |TAMS 0x00000000e0a00000| PB 0x00000000e0a00000| Untracked 
|  11|0x00000000e0b00000, 0x00000000e0b00000, 0x00000000e0c00000|  0%| F|  |TAMS 0x00000000e0b00000| PB 0x00000000e0b00000| Untracked 
|  12|0x00000000e0c00000, 0x00000000e0d00000, 0x00000000e0d00000|100%| O|  |TAMS 0x00000000e0c00000| PB 0x00000000e0c00000| Untracked 
|  13|0x00000000e0d00000, 0x00000000e0e00000, 0x00000000e0e00000|100%| O|  |TAMS 0x00000000e0d00000| PB 0x00000000e0d00000| Untracked 
|  14|0x00000000e0e00000, 0x00000000e0f00000, 0x00000000e0f00000|100%| O|  |TAMS 0x00000000e0e00000| PB 0x00000000e0e00000| Untracked 
|  15|0x00000000e0f00000, 0x00000000e1000000, 0x00000000e1000000|100%| O|  |TAMS 0x00000000e0f00000| PB 0x00000000e0f00000| Untracked 
|  16|0x00000000e1000000, 0x00000000e1100000, 0x00000000e1100000|100%| O|  |TAMS 0x00000000e1000000| PB 0x00000000e1000000| Untracked 
|  17|0x00000000e1100000, 0x00000000e1200000, 0x00000000e1200000|100%| O|  |TAMS 0x00000000e1100000| PB 0x00000000e1100000| Untracked 
|  18|0x00000000e1200000, 0x00000000e1300000, 0x00000000e1300000|100%| O|  |TAMS 0x00000000e1200000| PB 0x00000000e1200000| Untracked 
|  19|0x00000000e1300000, 0x00000000e1400000, 0x00000000e1400000|100%| O|  |TAMS 0x00000000e1300000| PB 0x00000000e1300000| Untracked 
|  20|0x00000000e1400000, 0x00000000e1500000, 0x00000000e1500000|100%| O|  |TAMS 0x00000000e1400000| PB 0x00000000e1400000| Untracked 
|  21|0x00000000e1500000, 0x00000000e1600000, 0x00000000e1600000|100%| O|  |TAMS 0x00000000e1500000| PB 0x00000000e1500000| Untracked 
|  22|0x00000000e1600000, 0x00000000e1700000, 0x00000000e1700000|100%| O|  |TAMS 0x00000000e1600000| PB 0x00000000e1600000| Untracked 
|  23|0x00000000e1700000, 0x00000000e1800000, 0x00000000e1800000|100%| O|  |TAMS 0x00000000e1700000| PB 0x00000000e1700000| Untracked 
|  24|0x00000000e1800000, 0x00000000e1900000, 0x00000000e1900000|100%| O|  |TAMS 0x00000000e1800000| PB 0x00000000e1800000| Untracked 
|  25|0x00000000e1900000, 0x00000000e193b3d0, 0x00000000e1a00000| 23%| O|  |TAMS 0x00000000e1900000| PB 0x00000000e1900000| Untracked 
|  26|0x00000000e1a00000, 0x00000000e1a00000, 0x00000000e1b00000|  0%| F|  |TAMS 0x00000000e1a00000| PB 0x00000000e1a00000| Untracked 
|  27|0x00000000e1b00000, 0x00000000e1b00000, 0x00000000e1c00000|  0%| F|  |TAMS 0x00000000e1b00000| PB 0x00000000e1b00000| Untracked 
|  28|0x00000000e1c00000, 0x00000000e1c00000, 0x00000000e1d00000|  0%| F|  |TAMS 0x00000000e1c00000| PB 0x00000000e1c00000| Untracked 
|  29|0x00000000e1d00000, 0x00000000e1d00000, 0x00000000e1e00000|  0%| F|  |TAMS 0x00000000e1d00000| PB 0x00000000e1d00000| Untracked 
|  30|0x00000000e1e00000, 0x00000000e1e00000, 0x00000000e1f00000|  0%| F|  |TAMS 0x00000000e1e00000| PB 0x00000000e1e00000| Untracked 
|  31|0x00000000e1f00000, 0x00000000e1f00000, 0x00000000e2000000|  0%| F|  |TAMS 0x00000000e1f00000| PB 0x00000000e1f00000| Untracked 
|  32|0x00000000e2000000, 0x00000000e2000000, 0x00000000e2100000|  0%| F|  |TAMS 0x00000000e2000000| PB 0x00000000e2000000| Untracked 
|  33|0x00000000e2100000, 0x00000000e2100000, 0x00000000e2200000|  0%| F|  |TAMS 0x00000000e2100000| PB 0x00000000e2100000| Untracked 
|  34|0x00000000e2200000, 0x00000000e2200000, 0x00000000e2300000|  0%| F|  |TAMS 0x00000000e2200000| PB 0x00000000e2200000| Untracked 
|  35|0x00000000e2300000, 0x00000000e2300000, 0x00000000e2400000|  0%| F|  |TAMS 0x00000000e2300000| PB 0x00000000e2300000| Untracked 
|  36|0x00000000e2400000, 0x00000000e2400000, 0x00000000e2500000|  0%| F|  |TAMS 0x00000000e2400000| PB 0x00000000e2400000| Untracked 
|  37|0x00000000e2500000, 0x00000000e2500000, 0x00000000e2600000|  0%| F|  |TAMS 0x00000000e2500000| PB 0x00000000e2500000| Untracked 
|  38|0x00000000e2600000, 0x00000000e2600000, 0x00000000e2700000|  0%| F|  |TAMS 0x00000000e2600000| PB 0x00000000e2600000| Untracked 
|  39|0x00000000e2700000, 0x00000000e2700000, 0x00000000e2800000|  0%| F|  |TAMS 0x00000000e2700000| PB 0x00000000e2700000| Untracked 
|  40|0x00000000e2800000, 0x00000000e2800000, 0x00000000e2900000|  0%| F|  |TAMS 0x00000000e2800000| PB 0x00000000e2800000| Untracked 
|  41|0x00000000e2900000, 0x00000000e2900000, 0x00000000e2a00000|  0%| F|  |TAMS 0x00000000e2900000| PB 0x00000000e2900000| Untracked 
|  42|0x00000000e2a00000, 0x00000000e2a00000, 0x00000000e2b00000|  0%| F|  |TAMS 0x00000000e2a00000| PB 0x00000000e2a00000| Untracked 
|  43|0x00000000e2b00000, 0x00000000e2b00000, 0x00000000e2c00000|  0%| F|  |TAMS 0x00000000e2b00000| PB 0x00000000e2b00000| Untracked 
|  44|0x00000000e2c00000, 0x00000000e2c00000, 0x00000000e2d00000|  0%| F|  |TAMS 0x00000000e2c00000| PB 0x00000000e2c00000| Untracked 
|  45|0x00000000e2d00000, 0x00000000e2d00000, 0x00000000e2e00000|  0%| F|  |TAMS 0x00000000e2d00000| PB 0x00000000e2d00000| Untracked 
|  46|0x00000000e2e00000, 0x00000000e2e00000, 0x00000000e2f00000|  0%| F|  |TAMS 0x00000000e2e00000| PB 0x00000000e2e00000| Untracked 
|  47|0x00000000e2f00000, 0x00000000e2f00000, 0x00000000e3000000|  0%| F|  |TAMS 0x00000000e2f00000| PB 0x00000000e2f00000| Untracked 
|  48|0x00000000e3000000, 0x00000000e3000000, 0x00000000e3100000|  0%| F|  |TAMS 0x00000000e3000000| PB 0x00000000e3000000| Untracked 
|  49|0x00000000e3100000, 0x00000000e3100000, 0x00000000e3200000|  0%| F|  |TAMS 0x00000000e3100000| PB 0x00000000e3100000| Untracked 
|  50|0x00000000e3200000, 0x00000000e3200000, 0x00000000e3300000|  0%| F|  |TAMS 0x00000000e3200000| PB 0x00000000e3200000| Untracked 
|  51|0x00000000e3300000, 0x00000000e3300000, 0x00000000e3400000|  0%| F|  |TAMS 0x00000000e3300000| PB 0x00000000e3300000| Untracked 
|  52|0x00000000e3400000, 0x00000000e3400000, 0x00000000e3500000|  0%| F|  |TAMS 0x00000000e3400000| PB 0x00000000e3400000| Untracked 
|  53|0x00000000e3500000, 0x00000000e3500000, 0x00000000e3600000|  0%| F|  |TAMS 0x00000000e3500000| PB 0x00000000e3500000| Untracked 
|  54|0x00000000e3600000, 0x00000000e3600000, 0x00000000e3700000|  0%| F|  |TAMS 0x00000000e3600000| PB 0x00000000e3600000| Untracked 
|  55|0x00000000e3700000, 0x00000000e3700000, 0x00000000e3800000|  0%| F|  |TAMS 0x00000000e3700000| PB 0x00000000e3700000| Untracked 
|  56|0x00000000e3800000, 0x00000000e3800000, 0x00000000e3900000|  0%| F|  |TAMS 0x00000000e3800000| PB 0x00000000e3800000| Untracked 
|  57|0x00000000e3900000, 0x00000000e3900000, 0x00000000e3a00000|  0%| F|  |TAMS 0x00000000e3900000| PB 0x00000000e3900000| Untracked 
|  58|0x00000000e3a00000, 0x00000000e3a00000, 0x00000000e3b00000|  0%| F|  |TAMS 0x00000000e3a00000| PB 0x00000000e3a00000| Untracked 
|  59|0x00000000e3b00000, 0x00000000e3b00000, 0x00000000e3c00000|  0%| F|  |TAMS 0x00000000e3b00000| PB 0x00000000e3b00000| Untracked 
|  60|0x00000000e3c00000, 0x00000000e3c00000, 0x00000000e3d00000|  0%| F|  |TAMS 0x00000000e3c00000| PB 0x00000000e3c00000| Untracked 
|  61|0x00000000e3d00000, 0x00000000e3d00000, 0x00000000e3e00000|  0%| F|  |TAMS 0x00000000e3d00000| PB 0x00000000e3d00000| Untracked 
|  62|0x00000000e3e00000, 0x00000000e3e00000, 0x00000000e3f00000|  0%| F|  |TAMS 0x00000000e3e00000| PB 0x00000000e3e00000| Untracked 
|  63|0x00000000e3f00000, 0x00000000e3f00000, 0x00000000e4000000|  0%| F|  |TAMS 0x00000000e3f00000| PB 0x00000000e3f00000| Untracked 
|  64|0x00000000e4000000, 0x00000000e4000000, 0x00000000e4100000|  0%| F|  |TAMS 0x00000000e4000000| PB 0x00000000e4000000| Untracked 
|  65|0x00000000e4100000, 0x00000000e4100000, 0x00000000e4200000|  0%| F|  |TAMS 0x00000000e4100000| PB 0x00000000e4100000| Untracked 
|  66|0x00000000e4200000, 0x00000000e4200000, 0x00000000e4300000|  0%| F|  |TAMS 0x00000000e4200000| PB 0x00000000e4200000| Untracked 
|  67|0x00000000e4300000, 0x00000000e4300000, 0x00000000e4400000|  0%| F|  |TAMS 0x00000000e4300000| PB 0x00000000e4300000| Untracked 
|  68|0x00000000e4400000, 0x00000000e4400000, 0x00000000e4500000|  0%| F|  |TAMS 0x00000000e4400000| PB 0x00000000e4400000| Untracked 
|  69|0x00000000e4500000, 0x00000000e4500000, 0x00000000e4600000|  0%| F|  |TAMS 0x00000000e4500000| PB 0x00000000e4500000| Untracked 
|  70|0x00000000e4600000, 0x00000000e4600000, 0x00000000e4700000|  0%| F|  |TAMS 0x00000000e4600000| PB 0x00000000e4600000| Untracked 
|  71|0x00000000e4700000, 0x00000000e4700000, 0x00000000e4800000|  0%| F|  |TAMS 0x00000000e4700000| PB 0x00000000e4700000| Untracked 
|  72|0x00000000e4800000, 0x00000000e4800000, 0x00000000e4900000|  0%| F|  |TAMS 0x00000000e4800000| PB 0x00000000e4800000| Untracked 
|  73|0x00000000e4900000, 0x00000000e4900000, 0x00000000e4a00000|  0%| F|  |TAMS 0x00000000e4900000| PB 0x00000000e4900000| Untracked 
|  74|0x00000000e4a00000, 0x00000000e4a00000, 0x00000000e4b00000|  0%| F|  |TAMS 0x00000000e4a00000| PB 0x00000000e4a00000| Untracked 
|  75|0x00000000e4b00000, 0x00000000e4b00000, 0x00000000e4c00000|  0%| F|  |TAMS 0x00000000e4b00000| PB 0x00000000e4b00000| Untracked 
|  76|0x00000000e4c00000, 0x00000000e4c00000, 0x00000000e4d00000|  0%| F|  |TAMS 0x00000000e4c00000| PB 0x00000000e4c00000| Untracked 
|  77|0x00000000e4d00000, 0x00000000e4d00000, 0x00000000e4e00000|  0%| F|  |TAMS 0x00000000e4d00000| PB 0x00000000e4d00000| Untracked 
|  78|0x00000000e4e00000, 0x00000000e4e00000, 0x00000000e4f00000|  0%| F|  |TAMS 0x00000000e4e00000| PB 0x00000000e4e00000| Untracked 
|  79|0x00000000e4f00000, 0x00000000e4f00000, 0x00000000e5000000|  0%| F|  |TAMS 0x00000000e4f00000| PB 0x00000000e4f00000| Untracked 
|  80|0x00000000e5000000, 0x00000000e5000000, 0x00000000e5100000|  0%| F|  |TAMS 0x00000000e5000000| PB 0x00000000e5000000| Untracked 
|  81|0x00000000e5100000, 0x00000000e5100000, 0x00000000e5200000|  0%| F|  |TAMS 0x00000000e5100000| PB 0x00000000e5100000| Untracked 
|  82|0x00000000e5200000, 0x00000000e5200000, 0x00000000e5300000|  0%| F|  |TAMS 0x00000000e5200000| PB 0x00000000e5200000| Untracked 
|  83|0x00000000e5300000, 0x00000000e5300000, 0x00000000e5400000|  0%| F|  |TAMS 0x00000000e5300000| PB 0x00000000e5300000| Untracked 
|  84|0x00000000e5400000, 0x00000000e5400000, 0x00000000e5500000|  0%| F|  |TAMS 0x00000000e5400000| PB 0x00000000e5400000| Untracked 
|  85|0x00000000e5500000, 0x00000000e5500000, 0x00000000e5600000|  0%| F|  |TAMS 0x00000000e5500000| PB 0x00000000e5500000| Untracked 
|  86|0x00000000e5600000, 0x00000000e5600000, 0x00000000e5700000|  0%| F|  |TAMS 0x00000000e5600000| PB 0x00000000e5600000| Untracked 
|  87|0x00000000e5700000, 0x00000000e5800000, 0x00000000e5800000|100%| S|CS|TAMS 0x00000000e5700000| PB 0x00000000e5700000| Complete 
|  88|0x00000000e5800000, 0x00000000e5900000, 0x00000000e5900000|100%| S|CS|TAMS 0x00000000e5800000| PB 0x00000000e5800000| Complete 
|  89|0x00000000e5900000, 0x00000000e5a00000, 0x00000000e5a00000|100%| S|CS|TAMS 0x00000000e5900000| PB 0x00000000e5900000| Complete 
|  90|0x00000000e5a00000, 0x00000000e5b00000, 0x00000000e5b00000|100%| S|CS|TAMS 0x00000000e5a00000| PB 0x00000000e5a00000| Complete 
|  91|0x00000000e5b00000, 0x00000000e5c00000, 0x00000000e5c00000|100%| S|CS|TAMS 0x00000000e5b00000| PB 0x00000000e5b00000| Complete 
|  92|0x00000000e5c00000, 0x00000000e5d00000, 0x00000000e5d00000|100%| S|CS|TAMS 0x00000000e5c00000| PB 0x00000000e5c00000| Complete 
|  93|0x00000000e5d00000, 0x00000000e5e00000, 0x00000000e5e00000|100%| S|CS|TAMS 0x00000000e5d00000| PB 0x00000000e5d00000| Complete 
|  94|0x00000000e5e00000, 0x00000000e5f00000, 0x00000000e5f00000|100%| S|CS|TAMS 0x00000000e5e00000| PB 0x00000000e5e00000| Complete 
|  95|0x00000000e5f00000, 0x00000000e6000000, 0x00000000e6000000|100%| S|CS|TAMS 0x00000000e5f00000| PB 0x00000000e5f00000| Complete 
|  96|0x00000000e6000000, 0x00000000e6100000, 0x00000000e6100000|100%| S|CS|TAMS 0x00000000e6000000| PB 0x00000000e6000000| Complete 
|  97|0x00000000e6100000, 0x00000000e6200000, 0x00000000e6200000|100%| S|CS|TAMS 0x00000000e6100000| PB 0x00000000e6100000| Complete 
|  98|0x00000000e6200000, 0x00000000e6300000, 0x00000000e6300000|100%| S|CS|TAMS 0x00000000e6200000| PB 0x00000000e6200000| Complete 
|  99|0x00000000e6300000, 0x00000000e6400000, 0x00000000e6400000|100%| S|CS|TAMS 0x00000000e6300000| PB 0x00000000e6300000| Complete 
| 100|0x00000000e6400000, 0x00000000e6500000, 0x00000000e6500000|100%| S|CS|TAMS 0x00000000e6400000| PB 0x00000000e6400000| Complete 
| 101|0x00000000e6500000, 0x00000000e6600000, 0x00000000e6600000|100%| S|CS|TAMS 0x00000000e6500000| PB 0x00000000e6500000| Complete 
| 102|0x00000000e6600000, 0x00000000e6700000, 0x00000000e6700000|100%| S|CS|TAMS 0x00000000e6600000| PB 0x00000000e6600000| Complete 
| 103|0x00000000e6700000, 0x00000000e6700000, 0x00000000e6800000|  0%| F|  |TAMS 0x00000000e6700000| PB 0x00000000e6700000| Untracked 
| 104|0x00000000e6800000, 0x00000000e6800000, 0x00000000e6900000|  0%| F|  |TAMS 0x00000000e6800000| PB 0x00000000e6800000| Untracked 
| 105|0x00000000e6900000, 0x00000000e6900000, 0x00000000e6a00000|  0%| F|  |TAMS 0x00000000e6900000| PB 0x00000000e6900000| Untracked 
| 106|0x00000000e6a00000, 0x00000000e6a00000, 0x00000000e6b00000|  0%| F|  |TAMS 0x00000000e6a00000| PB 0x00000000e6a00000| Untracked 
| 107|0x00000000e6b00000, 0x00000000e6b00000, 0x00000000e6c00000|  0%| F|  |TAMS 0x00000000e6b00000| PB 0x00000000e6b00000| Untracked 
| 108|0x00000000e6c00000, 0x00000000e6c00000, 0x00000000e6d00000|  0%| F|  |TAMS 0x00000000e6c00000| PB 0x00000000e6c00000| Untracked 
| 109|0x00000000e6d00000, 0x00000000e6d00000, 0x00000000e6e00000|  0%| F|  |TAMS 0x00000000e6d00000| PB 0x00000000e6d00000| Untracked 
| 110|0x00000000e6e00000, 0x00000000e6e00000, 0x00000000e6f00000|  0%| F|  |TAMS 0x00000000e6e00000| PB 0x00000000e6e00000| Untracked 
| 111|0x00000000e6f00000, 0x00000000e6f00000, 0x00000000e7000000|  0%| F|  |TAMS 0x00000000e6f00000| PB 0x00000000e6f00000| Untracked 
| 112|0x00000000e7000000, 0x00000000e7000000, 0x00000000e7100000|  0%| F|  |TAMS 0x00000000e7000000| PB 0x00000000e7000000| Untracked 
| 113|0x00000000e7100000, 0x00000000e7100000, 0x00000000e7200000|  0%| F|  |TAMS 0x00000000e7100000| PB 0x00000000e7100000| Untracked 
| 114|0x00000000e7200000, 0x00000000e7200000, 0x00000000e7300000|  0%| F|  |TAMS 0x00000000e7200000| PB 0x00000000e7200000| Untracked 
| 115|0x00000000e7300000, 0x00000000e7300000, 0x00000000e7400000|  0%| F|  |TAMS 0x00000000e7300000| PB 0x00000000e7300000| Untracked 
| 116|0x00000000e7400000, 0x00000000e7400000, 0x00000000e7500000|  0%| F|  |TAMS 0x00000000e7400000| PB 0x00000000e7400000| Untracked 
| 117|0x00000000e7500000, 0x00000000e7500000, 0x00000000e7600000|  0%| F|  |TAMS 0x00000000e7500000| PB 0x00000000e7500000| Untracked 
| 118|0x00000000e7600000, 0x00000000e7600000, 0x00000000e7700000|  0%| F|  |TAMS 0x00000000e7600000| PB 0x00000000e7600000| Untracked 
| 119|0x00000000e7700000, 0x00000000e7700000, 0x00000000e7800000|  0%| F|  |TAMS 0x00000000e7700000| PB 0x00000000e7700000| Untracked 
| 120|0x00000000e7800000, 0x00000000e7800000, 0x00000000e7900000|  0%| F|  |TAMS 0x00000000e7800000| PB 0x00000000e7800000| Untracked 
| 121|0x00000000e7900000, 0x00000000e7900000, 0x00000000e7a00000|  0%| F|  |TAMS 0x00000000e7900000| PB 0x00000000e7900000| Untracked 
| 122|0x00000000e7a00000, 0x00000000e7a00000, 0x00000000e7b00000|  0%| F|  |TAMS 0x00000000e7a00000| PB 0x00000000e7a00000| Untracked 
| 123|0x00000000e7b00000, 0x00000000e7b00000, 0x00000000e7c00000|  0%| F|  |TAMS 0x00000000e7b00000| PB 0x00000000e7b00000| Untracked 
| 124|0x00000000e7c00000, 0x00000000e7c00000, 0x00000000e7d00000|  0%| F|  |TAMS 0x00000000e7c00000| PB 0x00000000e7c00000| Untracked 
| 125|0x00000000e7d00000, 0x00000000e7d00000, 0x00000000e7e00000|  0%| F|  |TAMS 0x00000000e7d00000| PB 0x00000000e7d00000| Untracked 
| 126|0x00000000e7e00000, 0x00000000e7e00000, 0x00000000e7f00000|  0%| F|  |TAMS 0x00000000e7e00000| PB 0x00000000e7e00000| Untracked 
| 127|0x00000000e7f00000, 0x00000000e7f00000, 0x00000000e8000000|  0%| F|  |TAMS 0x00000000e7f00000| PB 0x00000000e7f00000| Untracked 
| 128|0x00000000e8000000, 0x00000000e8000000, 0x00000000e8100000|  0%| F|  |TAMS 0x00000000e8000000| PB 0x00000000e8000000| Untracked 
| 129|0x00000000e8100000, 0x00000000e8100000, 0x00000000e8200000|  0%| F|  |TAMS 0x00000000e8100000| PB 0x00000000e8100000| Untracked 
| 130|0x00000000e8200000, 0x00000000e8200000, 0x00000000e8300000|  0%| F|  |TAMS 0x00000000e8200000| PB 0x00000000e8200000| Untracked 
| 131|0x00000000e8300000, 0x00000000e8300000, 0x00000000e8400000|  0%| F|  |TAMS 0x00000000e8300000| PB 0x00000000e8300000| Untracked 
| 132|0x00000000e8400000, 0x00000000e8400000, 0x00000000e8500000|  0%| F|  |TAMS 0x00000000e8400000| PB 0x00000000e8400000| Untracked 
| 133|0x00000000e8500000, 0x00000000e8500000, 0x00000000e8600000|  0%| F|  |TAMS 0x00000000e8500000| PB 0x00000000e8500000| Untracked 
| 134|0x00000000e8600000, 0x00000000e8600000, 0x00000000e8700000|  0%| F|  |TAMS 0x00000000e8600000| PB 0x00000000e8600000| Untracked 
| 135|0x00000000e8700000, 0x00000000e8700000, 0x00000000e8800000|  0%| F|  |TAMS 0x00000000e8700000| PB 0x00000000e8700000| Untracked 
| 136|0x00000000e8800000, 0x00000000e8800000, 0x00000000e8900000|  0%| F|  |TAMS 0x00000000e8800000| PB 0x00000000e8800000| Untracked 
| 137|0x00000000e8900000, 0x00000000e8900000, 0x00000000e8a00000|  0%| F|  |TAMS 0x00000000e8900000| PB 0x00000000e8900000| Untracked 
| 138|0x00000000e8a00000, 0x00000000e8a00000, 0x00000000e8b00000|  0%| F|  |TAMS 0x00000000e8a00000| PB 0x00000000e8a00000| Untracked 
| 139|0x00000000e8b00000, 0x00000000e8b00000, 0x00000000e8c00000|  0%| F|  |TAMS 0x00000000e8b00000| PB 0x00000000e8b00000| Untracked 
| 140|0x00000000e8c00000, 0x00000000e8c00000, 0x00000000e8d00000|  0%| F|  |TAMS 0x00000000e8c00000| PB 0x00000000e8c00000| Untracked 
| 141|0x00000000e8d00000, 0x00000000e8d00000, 0x00000000e8e00000|  0%| F|  |TAMS 0x00000000e8d00000| PB 0x00000000e8d00000| Untracked 
| 142|0x00000000e8e00000, 0x00000000e8e00000, 0x00000000e8f00000|  0%| F|  |TAMS 0x00000000e8e00000| PB 0x00000000e8e00000| Untracked 
| 143|0x00000000e8f00000, 0x00000000e8f00000, 0x00000000e9000000|  0%| F|  |TAMS 0x00000000e8f00000| PB 0x00000000e8f00000| Untracked 
| 144|0x00000000e9000000, 0x00000000e9000000, 0x00000000e9100000|  0%| F|  |TAMS 0x00000000e9000000| PB 0x00000000e9000000| Untracked 
| 145|0x00000000e9100000, 0x00000000e9100000, 0x00000000e9200000|  0%| F|  |TAMS 0x00000000e9100000| PB 0x00000000e9100000| Untracked 
| 146|0x00000000e9200000, 0x00000000e9200000, 0x00000000e9300000|  0%| F|  |TAMS 0x00000000e9200000| PB 0x00000000e9200000| Untracked 
| 147|0x00000000e9300000, 0x00000000e9300000, 0x00000000e9400000|  0%| F|  |TAMS 0x00000000e9300000| PB 0x00000000e9300000| Untracked 
| 148|0x00000000e9400000, 0x00000000e9400000, 0x00000000e9500000|  0%| F|  |TAMS 0x00000000e9400000| PB 0x00000000e9400000| Untracked 
| 149|0x00000000e9500000, 0x00000000e9500000, 0x00000000e9600000|  0%| F|  |TAMS 0x00000000e9500000| PB 0x00000000e9500000| Untracked 
| 150|0x00000000e9600000, 0x00000000e9600000, 0x00000000e9700000|  0%| F|  |TAMS 0x00000000e9600000| PB 0x00000000e9600000| Untracked 
| 151|0x00000000e9700000, 0x00000000e9700000, 0x00000000e9800000|  0%| F|  |TAMS 0x00000000e9700000| PB 0x00000000e9700000| Untracked 
| 152|0x00000000e9800000, 0x00000000e9800000, 0x00000000e9900000|  0%| F|  |TAMS 0x00000000e9800000| PB 0x00000000e9800000| Untracked 
| 153|0x00000000e9900000, 0x00000000e9900000, 0x00000000e9a00000|  0%| F|  |TAMS 0x00000000e9900000| PB 0x00000000e9900000| Untracked 
| 154|0x00000000e9a00000, 0x00000000e9a00000, 0x00000000e9b00000|  0%| F|  |TAMS 0x00000000e9a00000| PB 0x00000000e9a00000| Untracked 
| 155|0x00000000e9b00000, 0x00000000e9b00000, 0x00000000e9c00000|  0%| F|  |TAMS 0x00000000e9b00000| PB 0x00000000e9b00000| Untracked 
| 156|0x00000000e9c00000, 0x00000000e9c00000, 0x00000000e9d00000|  0%| F|  |TAMS 0x00000000e9c00000| PB 0x00000000e9c00000| Untracked 
| 157|0x00000000e9d00000, 0x00000000e9d00000, 0x00000000e9e00000|  0%| F|  |TAMS 0x00000000e9d00000| PB 0x00000000e9d00000| Untracked 
| 158|0x00000000e9e00000, 0x00000000e9e00000, 0x00000000e9f00000|  0%| F|  |TAMS 0x00000000e9e00000| PB 0x00000000e9e00000| Untracked 
| 159|0x00000000e9f00000, 0x00000000e9f00000, 0x00000000ea000000|  0%| F|  |TAMS 0x00000000e9f00000| PB 0x00000000e9f00000| Untracked 
| 160|0x00000000ea000000, 0x00000000ea000000, 0x00000000ea100000|  0%| F|  |TAMS 0x00000000ea000000| PB 0x00000000ea000000| Untracked 
| 161|0x00000000ea100000, 0x00000000ea100000, 0x00000000ea200000|  0%| F|  |TAMS 0x00000000ea100000| PB 0x00000000ea100000| Untracked 
| 162|0x00000000ea200000, 0x00000000ea200000, 0x00000000ea300000|  0%| F|  |TAMS 0x00000000ea200000| PB 0x00000000ea200000| Untracked 
| 163|0x00000000ea300000, 0x00000000ea300000, 0x00000000ea400000|  0%| F|  |TAMS 0x00000000ea300000| PB 0x00000000ea300000| Untracked 
| 164|0x00000000ea400000, 0x00000000ea400000, 0x00000000ea500000|  0%| F|  |TAMS 0x00000000ea400000| PB 0x00000000ea400000| Untracked 
| 165|0x00000000ea500000, 0x00000000ea500000, 0x00000000ea600000|  0%| F|  |TAMS 0x00000000ea500000| PB 0x00000000ea500000| Untracked 
| 166|0x00000000ea600000, 0x00000000ea600000, 0x00000000ea700000|  0%| F|  |TAMS 0x00000000ea600000| PB 0x00000000ea600000| Untracked 
| 167|0x00000000ea700000, 0x00000000ea700000, 0x00000000ea800000|  0%| F|  |TAMS 0x00000000ea700000| PB 0x00000000ea700000| Untracked 
| 168|0x00000000ea800000, 0x00000000ea800000, 0x00000000ea900000|  0%| F|  |TAMS 0x00000000ea800000| PB 0x00000000ea800000| Untracked 
| 169|0x00000000ea900000, 0x00000000ea900000, 0x00000000eaa00000|  0%| F|  |TAMS 0x00000000ea900000| PB 0x00000000ea900000| Untracked 
| 170|0x00000000eaa00000, 0x00000000eaa00000, 0x00000000eab00000|  0%| F|  |TAMS 0x00000000eaa00000| PB 0x00000000eaa00000| Untracked 
| 171|0x00000000eab00000, 0x00000000eab00000, 0x00000000eac00000|  0%| F|  |TAMS 0x00000000eab00000| PB 0x00000000eab00000| Untracked 
| 172|0x00000000eac00000, 0x00000000eac00000, 0x00000000ead00000|  0%| F|  |TAMS 0x00000000eac00000| PB 0x00000000eac00000| Untracked 
| 173|0x00000000ead00000, 0x00000000ead00000, 0x00000000eae00000|  0%| F|  |TAMS 0x00000000ead00000| PB 0x00000000ead00000| Untracked 
| 174|0x00000000eae00000, 0x00000000eae00000, 0x00000000eaf00000|  0%| F|  |TAMS 0x00000000eae00000| PB 0x00000000eae00000| Untracked 
| 175|0x00000000eaf00000, 0x00000000eaf00000, 0x00000000eb000000|  0%| F|  |TAMS 0x00000000eaf00000| PB 0x00000000eaf00000| Untracked 
| 176|0x00000000eb000000, 0x00000000eb000000, 0x00000000eb100000|  0%| F|  |TAMS 0x00000000eb000000| PB 0x00000000eb000000| Untracked 
| 177|0x00000000eb100000, 0x00000000eb100000, 0x00000000eb200000|  0%| F|  |TAMS 0x00000000eb100000| PB 0x00000000eb100000| Untracked 
| 178|0x00000000eb200000, 0x00000000eb200000, 0x00000000eb300000|  0%| F|  |TAMS 0x00000000eb200000| PB 0x00000000eb200000| Untracked 
| 179|0x00000000eb300000, 0x00000000eb300000, 0x00000000eb400000|  0%| F|  |TAMS 0x00000000eb300000| PB 0x00000000eb300000| Untracked 
| 180|0x00000000eb400000, 0x00000000eb400000, 0x00000000eb500000|  0%| F|  |TAMS 0x00000000eb400000| PB 0x00000000eb400000| Untracked 
| 181|0x00000000eb500000, 0x00000000eb600000, 0x00000000eb600000|100%| E|  |TAMS 0x00000000eb500000| PB 0x00000000eb500000| Complete 
| 182|0x00000000eb600000, 0x00000000eb700000, 0x00000000eb700000|100%| E|CS|TAMS 0x00000000eb600000| PB 0x00000000eb600000| Complete 
| 183|0x00000000eb700000, 0x00000000eb800000, 0x00000000eb800000|100%| E|CS|TAMS 0x00000000eb700000| PB 0x00000000eb700000| Complete 
| 184|0x00000000eb800000, 0x00000000eb900000, 0x00000000eb900000|100%| E|CS|TAMS 0x00000000eb800000| PB 0x00000000eb800000| Complete 
| 185|0x00000000eb900000, 0x00000000eba00000, 0x00000000eba00000|100%| E|CS|TAMS 0x00000000eb900000| PB 0x00000000eb900000| Complete 
| 186|0x00000000eba00000, 0x00000000ebb00000, 0x00000000ebb00000|100%| E|CS|TAMS 0x00000000eba00000| PB 0x00000000eba00000| Complete 
| 187|0x00000000ebb00000, 0x00000000ebc00000, 0x00000000ebc00000|100%| E|CS|TAMS 0x00000000ebb00000| PB 0x00000000ebb00000| Complete 
| 188|0x00000000ebc00000, 0x00000000ebd00000, 0x00000000ebd00000|100%| E|CS|TAMS 0x00000000ebc00000| PB 0x00000000ebc00000| Complete 
| 189|0x00000000ebd00000, 0x00000000ebe00000, 0x00000000ebe00000|100%| E|CS|TAMS 0x00000000ebd00000| PB 0x00000000ebd00000| Complete 
| 190|0x00000000ebe00000, 0x00000000ebf00000, 0x00000000ebf00000|100%| E|CS|TAMS 0x00000000ebe00000| PB 0x00000000ebe00000| Complete 
| 191|0x00000000ebf00000, 0x00000000ec000000, 0x00000000ec000000|100%| E|CS|TAMS 0x00000000ebf00000| PB 0x00000000ebf00000| Complete 
| 192|0x00000000ec000000, 0x00000000ec100000, 0x00000000ec100000|100%| E|CS|TAMS 0x00000000ec000000| PB 0x00000000ec000000| Complete 
| 193|0x00000000ec100000, 0x00000000ec200000, 0x00000000ec200000|100%| E|CS|TAMS 0x00000000ec100000| PB 0x00000000ec100000| Complete 
| 194|0x00000000ec200000, 0x00000000ec300000, 0x00000000ec300000|100%| E|CS|TAMS 0x00000000ec200000| PB 0x00000000ec200000| Complete 
| 195|0x00000000ec300000, 0x00000000ec400000, 0x00000000ec400000|100%| E|CS|TAMS 0x00000000ec300000| PB 0x00000000ec300000| Complete 
| 196|0x00000000ec400000, 0x00000000ec500000, 0x00000000ec500000|100%| E|  |TAMS 0x00000000ec400000| PB 0x00000000ec400000| Complete 
| 197|0x00000000ec500000, 0x00000000ec600000, 0x00000000ec600000|100%| E|CS|TAMS 0x00000000ec500000| PB 0x00000000ec500000| Complete 
| 198|0x00000000ec600000, 0x00000000ec700000, 0x00000000ec700000|100%| E|CS|TAMS 0x00000000ec600000| PB 0x00000000ec600000| Complete 
| 199|0x00000000ec700000, 0x00000000ec800000, 0x00000000ec800000|100%| E|CS|TAMS 0x00000000ec700000| PB 0x00000000ec700000| Complete 
| 200|0x00000000ec800000, 0x00000000ec900000, 0x00000000ec900000|100%| E|CS|TAMS 0x00000000ec800000| PB 0x00000000ec800000| Complete 
| 201|0x00000000ec900000, 0x00000000eca00000, 0x00000000eca00000|100%| E|CS|TAMS 0x00000000ec900000| PB 0x00000000ec900000| Complete 
| 202|0x00000000eca00000, 0x00000000ecb00000, 0x00000000ecb00000|100%| E|CS|TAMS 0x00000000eca00000| PB 0x00000000eca00000| Complete 
| 203|0x00000000ecb00000, 0x00000000ecc00000, 0x00000000ecc00000|100%| E|CS|TAMS 0x00000000ecb00000| PB 0x00000000ecb00000| Complete 
| 204|0x00000000ecc00000, 0x00000000ecd00000, 0x00000000ecd00000|100%| E|CS|TAMS 0x00000000ecc00000| PB 0x00000000ecc00000| Complete 
| 205|0x00000000ecd00000, 0x00000000ece00000, 0x00000000ece00000|100%| E|CS|TAMS 0x00000000ecd00000| PB 0x00000000ecd00000| Complete 
| 206|0x00000000ece00000, 0x00000000ecf00000, 0x00000000ecf00000|100%| E|CS|TAMS 0x00000000ece00000| PB 0x00000000ece00000| Complete 
| 207|0x00000000ecf00000, 0x00000000ed000000, 0x00000000ed000000|100%| E|CS|TAMS 0x00000000ecf00000| PB 0x00000000ecf00000| Complete 
| 208|0x00000000ed000000, 0x00000000ed100000, 0x00000000ed100000|100%| E|CS|TAMS 0x00000000ed000000| PB 0x00000000ed000000| Complete 
| 209|0x00000000ed100000, 0x00000000ed200000, 0x00000000ed200000|100%| E|CS|TAMS 0x00000000ed100000| PB 0x00000000ed100000| Complete 
| 210|0x00000000ed200000, 0x00000000ed300000, 0x00000000ed300000|100%| E|CS|TAMS 0x00000000ed200000| PB 0x00000000ed200000| Complete 
| 211|0x00000000ed300000, 0x00000000ed400000, 0x00000000ed400000|100%| E|CS|TAMS 0x00000000ed300000| PB 0x00000000ed300000| Complete 
| 212|0x00000000ed400000, 0x00000000ed500000, 0x00000000ed500000|100%| E|CS|TAMS 0x00000000ed400000| PB 0x00000000ed400000| Complete 
| 213|0x00000000ed500000, 0x00000000ed600000, 0x00000000ed600000|100%| E|CS|TAMS 0x00000000ed500000| PB 0x00000000ed500000| Complete 
| 214|0x00000000ed600000, 0x00000000ed700000, 0x00000000ed700000|100%| E|CS|TAMS 0x00000000ed600000| PB 0x00000000ed600000| Complete 
| 215|0x00000000ed700000, 0x00000000ed800000, 0x00000000ed800000|100%| E|CS|TAMS 0x00000000ed700000| PB 0x00000000ed700000| Complete 
| 216|0x00000000ed800000, 0x00000000ed900000, 0x00000000ed900000|100%| E|CS|TAMS 0x00000000ed800000| PB 0x00000000ed800000| Complete 
| 217|0x00000000ed900000, 0x00000000eda00000, 0x00000000eda00000|100%| E|CS|TAMS 0x00000000ed900000| PB 0x00000000ed900000| Complete 
| 218|0x00000000eda00000, 0x00000000edb00000, 0x00000000edb00000|100%| E|CS|TAMS 0x00000000eda00000| PB 0x00000000eda00000| Complete 
| 219|0x00000000edb00000, 0x00000000edc00000, 0x00000000edc00000|100%| E|CS|TAMS 0x00000000edb00000| PB 0x00000000edb00000| Complete 
| 220|0x00000000edc00000, 0x00000000edd00000, 0x00000000edd00000|100%| E|CS|TAMS 0x00000000edc00000| PB 0x00000000edc00000| Complete 
| 221|0x00000000edd00000, 0x00000000ede00000, 0x00000000ede00000|100%| E|CS|TAMS 0x00000000edd00000| PB 0x00000000edd00000| Complete 
| 222|0x00000000ede00000, 0x00000000edf00000, 0x00000000edf00000|100%| E|CS|TAMS 0x00000000ede00000| PB 0x00000000ede00000| Complete 
| 223|0x00000000edf00000, 0x00000000ee000000, 0x00000000ee000000|100%| E|CS|TAMS 0x00000000edf00000| PB 0x00000000edf00000| Complete 
| 224|0x00000000ee000000, 0x00000000ee100000, 0x00000000ee100000|100%| E|CS|TAMS 0x00000000ee000000| PB 0x00000000ee000000| Complete 
| 225|0x00000000ee100000, 0x00000000ee200000, 0x00000000ee200000|100%| E|CS|TAMS 0x00000000ee100000| PB 0x00000000ee100000| Complete 
| 226|0x00000000ee200000, 0x00000000ee300000, 0x00000000ee300000|100%| E|CS|TAMS 0x00000000ee200000| PB 0x00000000ee200000| Complete 
| 227|0x00000000ee300000, 0x00000000ee400000, 0x00000000ee400000|100%| E|CS|TAMS 0x00000000ee300000| PB 0x00000000ee300000| Complete 
| 228|0x00000000ee400000, 0x00000000ee500000, 0x00000000ee500000|100%| E|CS|TAMS 0x00000000ee400000| PB 0x00000000ee400000| Complete 
| 229|0x00000000ee500000, 0x00000000ee600000, 0x00000000ee600000|100%| E|CS|TAMS 0x00000000ee500000| PB 0x00000000ee500000| Complete 
| 230|0x00000000ee600000, 0x00000000ee700000, 0x00000000ee700000|100%| E|CS|TAMS 0x00000000ee600000| PB 0x00000000ee600000| Complete 
| 231|0x00000000ee700000, 0x00000000ee800000, 0x00000000ee800000|100%| E|CS|TAMS 0x00000000ee700000| PB 0x00000000ee700000| Complete 
| 232|0x00000000ee800000, 0x00000000ee900000, 0x00000000ee900000|100%| E|CS|TAMS 0x00000000ee800000| PB 0x00000000ee800000| Complete 
| 233|0x00000000ee900000, 0x00000000eea00000, 0x00000000eea00000|100%| E|CS|TAMS 0x00000000ee900000| PB 0x00000000ee900000| Complete 
| 234|0x00000000eea00000, 0x00000000eeb00000, 0x00000000eeb00000|100%| E|CS|TAMS 0x00000000eea00000| PB 0x00000000eea00000| Complete 
| 235|0x00000000eeb00000, 0x00000000eec00000, 0x00000000eec00000|100%| E|CS|TAMS 0x00000000eeb00000| PB 0x00000000eeb00000| Complete 
| 236|0x00000000eec00000, 0x00000000eed00000, 0x00000000eed00000|100%| E|CS|TAMS 0x00000000eec00000| PB 0x00000000eec00000| Complete 
| 237|0x00000000eed00000, 0x00000000eee00000, 0x00000000eee00000|100%| E|CS|TAMS 0x00000000eed00000| PB 0x00000000eed00000| Complete 
| 238|0x00000000eee00000, 0x00000000eef00000, 0x00000000eef00000|100%| E|CS|TAMS 0x00000000eee00000| PB 0x00000000eee00000| Complete 
| 239|0x00000000eef00000, 0x00000000ef000000, 0x00000000ef000000|100%| E|CS|TAMS 0x00000000eef00000| PB 0x00000000eef00000| Complete 
| 240|0x00000000ef000000, 0x00000000ef100000, 0x00000000ef100000|100%| E|CS|TAMS 0x00000000ef000000| PB 0x00000000ef000000| Complete 
| 241|0x00000000ef100000, 0x00000000ef200000, 0x00000000ef200000|100%| E|CS|TAMS 0x00000000ef100000| PB 0x00000000ef100000| Complete 
| 242|0x00000000ef200000, 0x00000000ef300000, 0x00000000ef300000|100%| E|CS|TAMS 0x00000000ef200000| PB 0x00000000ef200000| Complete 
| 243|0x00000000ef300000, 0x00000000ef400000, 0x00000000ef400000|100%| E|CS|TAMS 0x00000000ef300000| PB 0x00000000ef300000| Complete 
| 244|0x00000000ef400000, 0x00000000ef500000, 0x00000000ef500000|100%| E|CS|TAMS 0x00000000ef400000| PB 0x00000000ef400000| Complete 
| 245|0x00000000ef500000, 0x00000000ef600000, 0x00000000ef600000|100%| E|CS|TAMS 0x00000000ef500000| PB 0x00000000ef500000| Complete 
| 246|0x00000000ef600000, 0x00000000ef700000, 0x00000000ef700000|100%| E|CS|TAMS 0x00000000ef600000| PB 0x00000000ef600000| Complete 
| 247|0x00000000ef700000, 0x00000000ef800000, 0x00000000ef800000|100%| E|CS|TAMS 0x00000000ef700000| PB 0x00000000ef700000| Complete 
| 248|0x00000000ef800000, 0x00000000ef900000, 0x00000000ef900000|100%| E|CS|TAMS 0x00000000ef800000| PB 0x00000000ef800000| Complete 
| 249|0x00000000ef900000, 0x00000000efa00000, 0x00000000efa00000|100%| E|CS|TAMS 0x00000000ef900000| PB 0x00000000ef900000| Complete 
| 250|0x00000000efa00000, 0x00000000efb00000, 0x00000000efb00000|100%| E|CS|TAMS 0x00000000efa00000| PB 0x00000000efa00000| Complete 
| 251|0x00000000efb00000, 0x00000000efc00000, 0x00000000efc00000|100%| E|CS|TAMS 0x00000000efb00000| PB 0x00000000efb00000| Complete 
| 252|0x00000000efc00000, 0x00000000efd00000, 0x00000000efd00000|100%| E|CS|TAMS 0x00000000efc00000| PB 0x00000000efc00000| Complete 
| 253|0x00000000efd00000, 0x00000000efe00000, 0x00000000efe00000|100%| E|CS|TAMS 0x00000000efd00000| PB 0x00000000efd00000| Complete 
| 254|0x00000000efe00000, 0x00000000eff00000, 0x00000000eff00000|100%| E|CS|TAMS 0x00000000efe00000| PB 0x00000000efe00000| Complete 
| 255|0x00000000eff00000, 0x00000000f0000000, 0x00000000f0000000|100%| E|CS|TAMS 0x00000000eff00000| PB 0x00000000eff00000| Complete 

Card table byte_map: [0x000002a9d1eb0000,0x000002a9d1fb0000] _byte_map_base: 0x000002a9d17b0000

Marking Bits: (CMBitMap*) 0x000002a9bf8bb990
 Bits: [0x000002a9d1fb0000, 0x000002a9d27b0000)

Polling page: 0x000002a9bd990000

Metaspace:

Usage:
  Non-class:     45.64 MB used.
      Class:      7.81 MB used.
       Both:     53.45 MB used.

Virtual space:
  Non-class space:       64.00 MB reserved,      46.56 MB ( 73%) committed,  1 nodes.
      Class space:      320.00 MB reserved,       8.69 MB (  3%) committed,  1 nodes.
             Both:      384.00 MB reserved,      55.25 MB ( 14%) committed. 

Chunk freelists:
   Non-Class:  1.01 MB
       Class:  7.27 MB
        Both:  8.28 MB

MaxMetaspaceSize: 384.00 MB
CompressedClassSpaceSize: 320.00 MB
Initial GC threshold: 21.00 MB
Current GC threshold: 58.69 MB
CDS: on
 - commit_granule_bytes: 65536.
 - commit_granule_words: 8192.
 - virtual_space_node_default_size: 8388608.
 - enlarge_chunks_in_place: 1.
 - use_allocation_guard: 0.


Internal statistics:

num_allocs_failed_limit: 6.
num_arena_births: 3448.
num_arena_deaths: 0.
num_vsnodes_births: 2.
num_vsnodes_deaths: 0.
num_space_committed: 884.
num_space_uncommitted: 0.
num_chunks_returned_to_freelist: 6.
num_chunks_taken_from_freelist: 6167.
num_chunk_merges: 6.
num_chunk_splits: 3954.
num_chunks_enlarged: 2352.
num_inconsistent_stats: 0.

CodeHeap 'non-profiled nmethods': size=120000Kb used=4124Kb max_used=4124Kb free=115876Kb
 bounds [0x000002a9ca550000, 0x000002a9ca960000, 0x000002a9d1a80000]
CodeHeap 'profiled nmethods': size=120000Kb used=13555Kb max_used=13555Kb free=106444Kb
 bounds [0x000002a9c2a80000, 0x000002a9c37c0000, 0x000002a9c9fb0000]
CodeHeap 'non-nmethods': size=5760Kb used=2610Kb max_used=2649Kb free=3149Kb
 bounds [0x000002a9c9fb0000, 0x000002a9ca260000, 0x000002a9ca550000]
CodeCache: size=245760Kb, used=20289Kb, max_used=20328Kb, free=225469Kb
 total_blobs=7862, nmethods=6982, adapters=784, full_count=0
Compilation: enabled, stopped_count=0, restarted_count=0

Compilation events (20 events):
Event: 274.616 Thread 0x000002a9d52529e0 nmethod 7514 0x000002a9c37ae010 code [0x000002a9c37ae380, 0x000002a9c37afae0]
Event: 274.616 Thread 0x000002a9d52529e0 7513       3       org.codehaus.groovy.reflection.CachedClass$8::initValue (5 bytes)
Event: 274.616 Thread 0x000002a9d52529e0 nmethod 7513 0x000002a9c37b0210 code [0x000002a9c37b03c0, 0x000002a9c37b0518]
Event: 274.616 Thread 0x000002a9d52529e0 7515       3       java.lang.ClassValue$ClassValueMap::sizeCache (51 bytes)
Event: 274.616 Thread 0x000002a9d52529e0 nmethod 7515 0x000002a9c37b0610 code [0x000002a9c37b07e0, 0x000002a9c37b0a20]
Event: 274.616 Thread 0x000002a9d52529e0 7516       3       org.codehaus.groovy.reflection.CachedClass$4::initValue (5 bytes)
Event: 274.616 Thread 0x000002a9d52529e0 nmethod 7516 0x000002a9c37b0b10 code [0x000002a9c37b0cc0, 0x000002a9c37b0e18]
Event: 274.616 Thread 0x000002a9d52529e0 7517       3       org.codehaus.groovy.reflection.CachedClass$4::initValue (63 bytes)
Event: 274.616 Thread 0x000002a9d52529e0 nmethod 7517 0x000002a9c37b0f10 code [0x000002a9c37b1180, 0x000002a9c37b1ad0]
Event: 274.621 Thread 0x000002a9d5244240 7518       4       java.lang.Class::getMethodsRecursive (99 bytes)
Event: 274.632 Thread 0x000002a9d52529e0 7519       3       java.util.stream.AbstractPipeline::exactOutputSizeIfKnown (86 bytes)
Event: 274.633 Thread 0x000002a9d52529e0 nmethod 7519 0x000002a9c37b1d90 code [0x000002a9c37b1f80, 0x000002a9c37b25d8]
Event: 274.633 Thread 0x000002a9d52529e0 7520       3       java.util.stream.ReferencePipeline::toArray (18 bytes)
Event: 274.633 Thread 0x000002a9d52529e0 nmethod 7520 0x000002a9c37b2890 code [0x000002a9c37b2a60, 0x000002a9c37b2cb8]
Event: 274.633 Thread 0x000002a9d52529e0 7521       3       java.util.stream.AbstractPipeline::evaluateToArrayNode (78 bytes)
Event: 274.633 Thread 0x000002a9d52529e0 nmethod 7521 0x000002a9c37b2d90 code [0x000002a9c37b2fc0, 0x000002a9c37b3578]
Event: 274.643 Thread 0x000002a9d52529e0 7522       3       org.codehaus.groovy.reflection.CachedClass$3::initValue (205 bytes)
Event: 274.645 Thread 0x000002a9d52529e0 nmethod 7522 0x000002a9c37b3790 code [0x000002a9c37b3bc0, 0x000002a9c37b59f0]
Event: 274.722 Thread 0x000002a9d52529e0 7523       3       org.codehaus.groovy.reflection.CachedClass::getNewMetaMethods (166 bytes)
Event: 276.745 Thread 0x000002a9d52529e0 nmethod 7523 0x000002a9c37b6610 code [0x000002a9c37b69a0, 0x000002a9c37b80f8]

GC Heap History (12 events):
Event: 7.676 GC heap before
{Heap before GC invocations=0 (full 0):
 garbage-first heap   total 262144K, used 23552K [0x00000000e0000000, 0x0000000100000000)
  region size 1024K, 23 young (23552K), 0 survivors (0K)
 Metaspace       used 928K, committed 1088K, reserved 393216K
  class space    used 76K, committed 128K, reserved 327680K
}
Event: 7.872 GC heap after
{Heap after GC invocations=1 (full 0):
 garbage-first heap   total 262144K, used 1621K [0x00000000e0000000, 0x0000000100000000)
  region size 1024K, 2 young (2048K), 2 survivors (2048K)
 Metaspace       used 928K, committed 1088K, reserved 393216K
  class space    used 76K, committed 128K, reserved 327680K
}
Event: 27.791 GC heap before
{Heap before GC invocations=1 (full 0):
 garbage-first heap   total 262144K, used 41557K [0x00000000e0000000, 0x0000000100000000)
  region size 1024K, 39 young (39936K), 2 survivors (2048K)
 Metaspace       used 4457K, committed 4608K, reserved 393216K
  class space    used 565K, committed 640K, reserved 327680K
}
Event: 27.794 GC heap after
{Heap after GC invocations=2 (full 0):
 garbage-first heap   total 262144K, used 11413K [0x00000000e0000000, 0x0000000100000000)
  region size 1024K, 5 young (5120K), 5 survivors (5120K)
 Metaspace       used 4457K, committed 4608K, reserved 393216K
  class space    used 565K, committed 640K, reserved 327680K
}
Event: 39.336 GC heap before
{Heap before GC invocations=2 (full 0):
 garbage-first heap   total 262144K, used 73877K [0x00000000e0000000, 0x0000000100000000)
  region size 1024K, 64 young (65536K), 5 survivors (5120K)
 Metaspace       used 8074K, committed 8384K, reserved 393216K
  class space    used 1109K, committed 1216K, reserved 327680K
}
Event: 39.341 GC heap after
{Heap after GC invocations=3 (full 0):
 garbage-first heap   total 262144K, used 18206K [0x00000000e0000000, 0x0000000100000000)
  region size 1024K, 8 young (8192K), 8 survivors (8192K)
 Metaspace       used 8074K, committed 8384K, reserved 393216K
  class space    used 1109K, committed 1216K, reserved 327680K
}
Event: 44.556 GC heap before
{Heap before GC invocations=3 (full 0):
 garbage-first heap   total 262144K, used 100126K [0x00000000e0000000, 0x0000000100000000)
  region size 1024K, 89 young (91136K), 8 survivors (8192K)
 Metaspace       used 20868K, committed 21504K, reserved 393216K
  class space    used 3077K, committed 3392K, reserved 327680K
}
Event: 44.565 GC heap after
{Heap after GC invocations=4 (full 0):
 garbage-first heap   total 262144K, used 24652K [0x00000000e0000000, 0x0000000100000000)
  region size 1024K, 15 young (15360K), 15 survivors (15360K)
 Metaspace       used 20868K, committed 21504K, reserved 393216K
  class space    used 3077K, committed 3392K, reserved 327680K
}
Event: 118.217 GC heap before
{Heap before GC invocations=5 (full 0):
 garbage-first heap   total 262144K, used 140364K [0x00000000e0000000, 0x0000000100000000)
  region size 1024K, 125 young (128000K), 15 survivors (15360K)
 Metaspace       used 34932K, committed 35968K, reserved 393216K
  class space    used 4935K, committed 5440K, reserved 327680K
}
Event: 118.239 GC heap after
{Heap after GC invocations=6 (full 0):
 garbage-first heap   total 262144K, used 34033K [0x00000000e0000000, 0x0000000100000000)
  region size 1024K, 16 young (16384K), 16 survivors (16384K)
 Metaspace       used 34932K, committed 35968K, reserved 393216K
  class space    used 4935K, committed 5440K, reserved 327680K
}
Event: 203.911 GC heap before
{Heap before GC invocations=7 (full 0):
 garbage-first heap   total 262144K, used 176369K [0x00000000e0000000, 0x0000000100000000)
  region size 1024K, 153 young (156672K), 16 survivors (16384K)
 Metaspace       used 49716K, committed 51456K, reserved 393216K
  class space    used 7223K, committed 8064K, reserved 327680K
}
Event: 203.944 GC heap after
{Heap after GC invocations=8 (full 0):
 garbage-first heap   total 262144K, used 40172K [0x00000000e0000000, 0x0000000100000000)
  region size 1024K, 16 young (16384K), 16 survivors (16384K)
 Metaspace       used 49716K, committed 51456K, reserved 393216K
  class space    used 7223K, committed 8064K, reserved 327680K
}

Dll operation events (20 events):
Event: 0.649 Attempting to load shared library C:\Users\wogud\.vscode\extensions\redhat.java-1.56.0-win32-x64\jre\21.0.12.1-win32-x86_64\bin\nio.dll
Event: 0.658 Loaded shared library C:\Users\wogud\.vscode\extensions\redhat.java-1.56.0-win32-x64\jre\21.0.12.1-win32-x86_64\bin\nio.dll
Event: 0.700 Attempting to load shared library C:\Users\wogud\.vscode\extensions\redhat.java-1.56.0-win32-x64\jre\21.0.12.1-win32-x86_64\bin\zip.dll
Event: 0.700 Loaded shared library C:\Users\wogud\.vscode\extensions\redhat.java-1.56.0-win32-x64\jre\21.0.12.1-win32-x86_64\bin\zip.dll
Event: 7.970 Attempting to load shared library C:\Users\wogud\.vscode\extensions\redhat.java-1.56.0-win32-x64\jre\21.0.12.1-win32-x86_64\bin\jimage.dll
Event: 7.970 Loaded shared library C:\Users\wogud\.vscode\extensions\redhat.java-1.56.0-win32-x64\jre\21.0.12.1-win32-x86_64\bin\jimage.dll
Event: 13.193 Attempting to load shared library C:\Users\wogud\.vscode\extensions\redhat.java-1.56.0-win32-x64\jre\21.0.12.1-win32-x86_64\bin\verify.dll
Event: 13.206 Loaded shared library C:\Users\wogud\.vscode\extensions\redhat.java-1.56.0-win32-x64\jre\21.0.12.1-win32-x86_64\bin\verify.dll
Event: 13.722 Attempting to load shared library C:\Users\wogud\.gradle\native\1def1411415f61bf3af743bc5b6707747c0891f09f0c88961ee8f79bc544acac\windows-amd64\native-platform.dll
Event: 13.733 Loaded shared library C:\Users\wogud\.gradle\native\1def1411415f61bf3af743bc5b6707747c0891f09f0c88961ee8f79bc544acac\windows-amd64\native-platform.dll
Event: 13.780 Attempting to load shared library C:\Users\wogud\.gradle\native\0.2.7\x86_64-windows-gnu\gradle-fileevents.dll
Event: 13.791 Loaded shared library C:\Users\wogud\.gradle\native\0.2.7\x86_64-windows-gnu\gradle-fileevents.dll
Event: 37.827 Attempting to load shared library C:\Users\wogud\.vscode\extensions\redhat.java-1.56.0-win32-x64\jre\21.0.12.1-win32-x86_64\bin\management.dll
Event: 37.845 Loaded shared library C:\Users\wogud\.vscode\extensions\redhat.java-1.56.0-win32-x64\jre\21.0.12.1-win32-x86_64\bin\management.dll
Event: 37.915 Attempting to load shared library C:\Users\wogud\.vscode\extensions\redhat.java-1.56.0-win32-x64\jre\21.0.12.1-win32-x86_64\bin\management_ext.dll
Event: 37.933 Loaded shared library C:\Users\wogud\.vscode\extensions\redhat.java-1.56.0-win32-x64\jre\21.0.12.1-win32-x86_64\bin\management_ext.dll
Event: 39.204 Attempting to load shared library C:\Users\wogud\.vscode\extensions\redhat.java-1.56.0-win32-x64\jre\21.0.12.1-win32-x86_64\bin\extnet.dll
Event: 39.267 Loaded shared library C:\Users\wogud\.vscode\extensions\redhat.java-1.56.0-win32-x64\jre\21.0.12.1-win32-x86_64\bin\extnet.dll
Event: 40.554 Attempting to load shared library C:\Users\wogud\.vscode\extensions\redhat.java-1.56.0-win32-x64\jre\21.0.12.1-win32-x86_64\bin\sunmscapi.dll
Event: 40.621 Loaded shared library C:\Users\wogud\.vscode\extensions\redhat.java-1.56.0-win32-x64\jre\21.0.12.1-win32-x86_64\bin\sunmscapi.dll

Deoptimization events (20 events):
Event: 209.957 Thread 0x000002a9efdcae90 Uncommon trap: trap_request=0xffffffbe fr.pc=0x000002a9ca9441dc relative=0x00000000000002fc
Event: 209.957 Thread 0x000002a9efdcae90 Uncommon trap: reason=profile_predicate action=maybe_recompile pc=0x000002a9ca9441dc method=sun.instrument.TransformerManager.transform(Ljava/lang/Module;Ljava/lang/ClassLoader;Ljava/lang/String;Ljava/lang/Class;Ljava/security/ProtectionDomain;[B)[B @ 21 
Event: 209.957 Thread 0x000002a9efdcae90 DEOPT PACKING pc=0x000002a9ca9441dc sp=0x000000f55a8f6b20
Event: 209.957 Thread 0x000002a9efdcae90 DEOPT UNPACKING pc=0x000002a9ca004422 sp=0x000000f55a8f6ad8 mode 2
Event: 274.086 Thread 0x000002a9efdcae90 Uncommon trap: trap_request=0xffffff45 fr.pc=0x000002a9ca722844 relative=0x0000000000001de4
Event: 274.086 Thread 0x000002a9efdcae90 Uncommon trap: reason=unstable_if action=reinterpret pc=0x000002a9ca722844 method=java.lang.invoke.InvokerBytecodeGenerator.refKindOpcode(B)I @ 1 c2
Event: 274.086 Thread 0x000002a9efdcae90 DEOPT PACKING pc=0x000002a9ca722844 sp=0x000000f55a8f8df0
Event: 274.086 Thread 0x000002a9efdcae90 DEOPT UNPACKING pc=0x000002a9ca004422 sp=0x000000f55a8f8d88 mode 2
Event: 274.086 Thread 0x000002a9efdcae90 Uncommon trap: trap_request=0xffffff45 fr.pc=0x000002a9ca81cc30 relative=0x0000000000001d30
Event: 274.086 Thread 0x000002a9efdcae90 Uncommon trap: reason=unstable_if action=reinterpret pc=0x000002a9ca81cc30 method=java.lang.invoke.InvokerBytecodeGenerator.isStaticallyInvocable(Ljava/lang/invoke/MemberName;)Z @ 142 c2
Event: 274.086 Thread 0x000002a9efdcae90 DEOPT PACKING pc=0x000002a9ca81cc30 sp=0x000000f55a8f8ed0
Event: 274.086 Thread 0x000002a9efdcae90 DEOPT UNPACKING pc=0x000002a9ca004422 sp=0x000000f55a8f8e58 mode 2
Event: 274.086 Thread 0x000002a9efdcae90 Uncommon trap: trap_request=0xffffff45 fr.pc=0x000002a9ca5d5968 relative=0x0000000000000d68
Event: 274.086 Thread 0x000002a9efdcae90 Uncommon trap: reason=unstable_if action=reinterpret pc=0x000002a9ca5d5968 method=java.lang.invoke.InvokerBytecodeGenerator.isStaticallyNameable(Ljava/lang/Class;)Z @ 135 c2
Event: 274.087 Thread 0x000002a9efdcae90 DEOPT PACKING pc=0x000002a9ca5d5968 sp=0x000000f55a8f8d00
Event: 274.087 Thread 0x000002a9efdcae90 DEOPT UNPACKING pc=0x000002a9ca004422 sp=0x000000f55a8f8bd0 mode 2
Event: 274.089 Thread 0x000002a9efdcae90 Uncommon trap: trap_request=0xffffff45 fr.pc=0x000002a9ca71d950 relative=0x00000000000001b0
Event: 274.089 Thread 0x000002a9efdcae90 Uncommon trap: reason=unstable_if action=reinterpret pc=0x000002a9ca71d950 method=java.lang.invoke.InvokerBytecodeGenerator.isStaticallyInvocable(Ljava/lang/invoke/MemberName;)Z @ 142 c2
Event: 274.089 Thread 0x000002a9efdcae90 DEOPT PACKING pc=0x000002a9ca71d950 sp=0x000000f55a8f8ea0
Event: 274.089 Thread 0x000002a9efdcae90 DEOPT UNPACKING pc=0x000002a9ca004422 sp=0x000000f55a8f8e48 mode 2

Classes loaded (20 events):
Event: 207.379 Loading class java/util/regex/Pattern$SliceI
Event: 207.379 Loading class java/util/regex/Pattern$SliceI done
Event: 209.118 Loading class java/lang/Character$UnicodeBlock
Event: 209.121 Loading class java/lang/Character$Subset
Event: 209.121 Loading class java/lang/Character$Subset done
Event: 209.121 Loading class java/lang/Character$UnicodeBlock done
Event: 209.679 Loading class java/lang/ThreadDeath
Event: 209.679 Loading class java/lang/ThreadDeath done
Event: 209.679 Loading class sun/misc/SharedSecrets
Event: 209.679 Loading class sun/misc/SharedSecrets done
Event: 209.822 Loading class java/io/PrintWriter$1
Event: 209.822 Loading class jdk/internal/access/JavaIOPrintWriterAccess
Event: 209.822 Loading class jdk/internal/access/JavaIOPrintWriterAccess done
Event: 209.823 Loading class java/io/PrintWriter$1 done
Event: 209.954 Loading class java/util/stream/ReduceOps$5
Event: 209.954 Loading class java/util/stream/ReduceOps$5 done
Event: 209.954 Loading class java/util/stream/ReduceOps$CountingSink$OfRef
Event: 209.954 Loading class java/util/stream/ReduceOps$CountingSink
Event: 209.955 Loading class java/util/stream/ReduceOps$CountingSink done
Event: 209.955 Loading class java/util/stream/ReduceOps$CountingSink$OfRef done

Classes unloaded (0 events):
No events

Classes redefined (0 events):
No events

Internal exceptions (20 events):
Event: 209.681 Thread 0x000002a9efdcae90 Exception <a 'java/lang/NoClassDefFoundError'{0x00000000eccac048}: org/graalvm/buildtools/gradle/NativeImagePlugin> (0x00000000eccac048) 
thrown [s\src\hotspot\share\classfile\systemDictionary.cpp, line 302]
Event: 209.681 Thread 0x000002a9efdcae90 Exception <a 'java/lang/NoClassDefFoundError'{0x00000000eccb1a18}: org/cyclonedx/gradle/CycloneDxPlugin> (0x00000000eccb1a18) 
thrown [s\src\hotspot\share\classfile\systemDictionary.cpp, line 302]
Event: 209.711 Thread 0x000002a9efdcae90 Exception <a 'java/lang/ClassNotFoundException'{0x00000000eca66fa0}: io/spring/gradle/dependencymanagement/internal/dsl/StandardDependencyManagementExtensionBeanInfo> (0x00000000eca66fa0) 
thrown [s\src\hotspot\share\classfile\systemDictionary.cpp, line 313]
Event: 209.711 Thread 0x000002a9efdcae90 Exception <a 'java/lang/ClassNotFoundException'{0x00000000eca70bf8}: io/spring/gradle/dependencymanagement/internal/dsl/StandardDependencyManagementExtensionCustomizer> (0x00000000eca70bf8) 
thrown [s\src\hotspot\share\classfile\systemDictionary.cpp, line 313]
Event: 210.025 Thread 0x000002a9efdcae90 Exception <a 'java/lang/ClassNotFoundException'{0x00000000ec6b5a30}: io/spring/gradle/dependencymanagement/internal/dsl/StandardImportsHandlerBeanInfo> (0x00000000ec6b5a30) 
thrown [s\src\hotspot\share\classfile\systemDictionary.cpp, line 313]
Event: 210.025 Thread 0x000002a9efdcae90 Exception <a 'java/lang/ClassNotFoundException'{0x00000000ec6bf718}: io/spring/gradle/dependencymanagement/internal/dsl/StandardImportsHandlerCustomizer> (0x00000000ec6bf718) 
thrown [s\src\hotspot\share\classfile\systemDictionary.cpp, line 313]
Event: 273.989 Thread 0x000002a9efdcae90 Exception <a 'java/lang/ClassNotFoundException'{0x00000000ebca4788}: build_2emujrt509ktpj5qafe77eqxeBeanInfo> (0x00000000ebca4788) 
thrown [s\src\hotspot\share\classfile\systemDictionary.cpp, line 313]
Event: 274.011 Thread 0x000002a9efdcae90 Exception <a 'java/lang/ClassNotFoundException'{0x00000000ebcab4c8}: build_2emujrt509ktpj5qafe77eqxeCustomizer> (0x00000000ebcab4c8) 
thrown [s\src\hotspot\share\classfile\systemDictionary.cpp, line 313]
Event: 274.209 Thread 0x000002a9efdcae90 Exception <a 'java/lang/ClassNotFoundException'{0x00000000ebb1bc90}: org/gradle/api/plugins/internal/DefaultJavaPluginExtension_DecoratedBeanInfo> (0x00000000ebb1bc90) 
thrown [s\src\hotspot\share\classfile\systemDictionary.cpp, line 313]
Event: 274.211 Thread 0x000002a9efdcae90 Exception <a 'java/lang/ClassNotFoundException'{0x00000000ebb31360}: org/gradle/api/plugins/internal/DefaultJavaPluginExtensionBeanInfo> (0x00000000ebb31360) 
thrown [s\src\hotspot\share\classfile\systemDictionary.cpp, line 313]
Event: 274.216 Thread 0x000002a9efdcae90 Exception <a 'java/lang/ClassNotFoundException'{0x00000000ebb46a38}: org/gradle/api/plugins/internal/DefaultJavaPluginExtensionCustomizer> (0x00000000ebb46a38) 
thrown [s\src\hotspot\share\classfile\systemDictionary.cpp, line 313]
Event: 274.223 Thread 0x000002a9efdcae90 Exception <a 'java/lang/ClassNotFoundException'{0x00000000ebb7db60}: org/gradle/api/plugins/internal/DefaultJavaPluginExtension_DecoratedCustomizer> (0x00000000ebb7db60) 
thrown [s\src\hotspot\share\classfile\systemDictionary.cpp, line 313]
Event: 274.314 Thread 0x000002a9efdcae90 Exception <a 'java/lang/ClassNotFoundException'{0x00000000ebbd6f10}: org/gradle/jvm/toolchain/JavaLanguageVersionBeanInfo> (0x00000000ebbd6f10) 
thrown [s\src\hotspot\share\classfile\systemDictionary.cpp, line 313]
Event: 274.315 Thread 0x000002a9efdcae90 Exception <a 'java/lang/ClassNotFoundException'{0x00000000ebbe9f00}: org/gradle/jvm/toolchain/JavaLanguageVersionCustomizer> (0x00000000ebbe9f00) 
thrown [s\src\hotspot\share\classfile\systemDictionary.cpp, line 313]
Event: 274.365 Thread 0x000002a9efdcae90 Exception <a 'java/lang/ClassNotFoundException'{0x00000000eba36b10}: org/gradle/jvm/toolchain/internal/DefaultToolchainSpec_DecoratedBeanInfo> (0x00000000eba36b10) 
thrown [s\src\hotspot\share\classfile\systemDictionary.cpp, line 313]
Event: 274.368 Thread 0x000002a9efdcae90 Exception <a 'java/lang/ClassNotFoundException'{0x00000000eba4bbb8}: org/gradle/jvm/toolchain/internal/DefaultToolchainSpecBeanInfo> (0x00000000eba4bbb8) 
thrown [s\src\hotspot\share\classfile\systemDictionary.cpp, line 313]
Event: 274.370 Thread 0x000002a9efdcae90 Exception <a 'java/lang/ClassNotFoundException'{0x00000000eba61078}: org/gradle/jvm/toolchain/internal/DefaultToolchainSpecCustomizer> (0x00000000eba61078) 
thrown [s\src\hotspot\share\classfile\systemDictionary.cpp, line 313]
Event: 274.373 Thread 0x000002a9efdcae90 Exception <a 'java/lang/ClassNotFoundException'{0x00000000eba829a0}: org/gradle/jvm/toolchain/internal/DefaultToolchainSpec_DecoratedCustomizer> (0x00000000eba829a0) 
thrown [s\src\hotspot\share\classfile\systemDictionary.cpp, line 313]
Event: 274.447 Thread 0x000002a9efdcae90 Exception <a 'java/lang/ClassNotFoundException'{0x00000000ebad2100}: org/gradle/api/internal/NamedDomainObjectContainerConfigureDelegateBeanInfo> (0x00000000ebad2100) 
thrown [s\src\hotspot\share\classfile\systemDictionary.cpp, line 313]
Event: 274.450 Thread 0x000002a9efdcae90 Exception <a 'java/lang/ClassNotFoundException'{0x00000000ebae3868}: org/gradle/api/internal/NamedDomainObjectContainerConfigureDelegateCustomizer> (0x00000000ebae3868) 
thrown [s\src\hotspot\share\classfile\systemDictionary.cpp, line 313]

ZGC Phase Switch (0 events):
No events

VM Operations (20 events):
Event: 223.055 Executing safepoint VM operation: Cleanup done
Event: 240.336 Executing non-safepoint VM operation: HandshakeAllThreads (HandshakeForDeflation)
Event: 240.609 Executing non-safepoint VM operation: HandshakeAllThreads (HandshakeForDeflation) done
Event: 240.609 Executing safepoint VM operation: Cleanup
Event: 240.609 Executing safepoint VM operation: Cleanup done
Event: 240.609 Executing non-safepoint VM operation: RendezvousGCThreads
Event: 240.609 Executing non-safepoint VM operation: RendezvousGCThreads done
Event: 255.704 Executing safepoint VM operation: Cleanup
Event: 255.704 Executing safepoint VM operation: Cleanup done
Event: 260.752 Executing safepoint VM operation: Cleanup
Event: 260.752 Executing safepoint VM operation: Cleanup done
Event: 262.770 Executing safepoint VM operation: Cleanup
Event: 262.770 Executing safepoint VM operation: Cleanup done
Event: 269.826 Executing safepoint VM operation: Cleanup
Event: 269.826 Executing safepoint VM operation: Cleanup done
Event: 270.827 Executing safepoint VM operation: Cleanup
Event: 270.827 Executing safepoint VM operation: Cleanup done
Event: 273.863 Executing safepoint VM operation: Cleanup
Event: 273.864 Executing safepoint VM operation: Cleanup done
Event: 274.871 Executing safepoint VM operation: Cleanup

Memory protections (0 events):
No events

Nmethod flushes (20 events):
Event: 118.257 Thread 0x000002a9d52141e0 flushing  nmethod 0x000002a9c2b74490
Event: 118.257 Thread 0x000002a9d52141e0 flushing  nmethod 0x000002a9c2b74c90
Event: 118.257 Thread 0x000002a9d52141e0 flushing  nmethod 0x000002a9c2b79710
Event: 118.257 Thread 0x000002a9d52141e0 flushing  nmethod 0x000002a9c2d42f90
Event: 118.257 Thread 0x000002a9d52141e0 flushing  nmethod 0x000002a9c2df0410
Event: 118.257 Thread 0x000002a9d52141e0 flushing  nmethod 0x000002a9c2df0e10
Event: 118.257 Thread 0x000002a9d52141e0 flushing  nmethod 0x000002a9c2e2c890
Event: 118.257 Thread 0x000002a9d52141e0 flushing  nmethod 0x000002a9c2e2d790
Event: 118.257 Thread 0x000002a9d52141e0 flushing  nmethod 0x000002a9c2e2f190
Event: 118.257 Thread 0x000002a9d52141e0 flushing  nmethod 0x000002a9c2e31f90
Event: 118.257 Thread 0x000002a9d52141e0 flushing  nmethod 0x000002a9c2e4e010
Event: 118.257 Thread 0x000002a9d52141e0 flushing  nmethod 0x000002a9c2e65e90
Event: 118.257 Thread 0x000002a9d52141e0 flushing  nmethod 0x000002a9c2e68b10
Event: 118.257 Thread 0x000002a9d52141e0 flushing  nmethod 0x000002a9c2e6bd90
Event: 118.257 Thread 0x000002a9d52141e0 flushing  nmethod 0x000002a9c2eb3d10
Event: 118.257 Thread 0x000002a9d52141e0 flushing  nmethod 0x000002a9c2ec0310
Event: 118.257 Thread 0x000002a9d52141e0 flushing  nmethod 0x000002a9c2ec0c10
Event: 118.257 Thread 0x000002a9d52141e0 flushing  nmethod 0x000002a9c2ee8a10
Event: 118.257 Thread 0x000002a9d52141e0 flushing  nmethod 0x000002a9c2f8c190
Event: 118.257 Thread 0x000002a9d52141e0 flushing  nmethod 0x000002a9c2f8fd10

Events (20 events):
Event: 202.636 Thread 0x000002a9efdcae90 Thread added: 0x000002a9f0b09e80
Event: 202.636 Thread 0x000002a9efdcae90 Thread added: 0x000002a9f0b08440
Event: 202.636 Thread 0x000002a9efdcae90 Thread added: 0x000002a9f0b07db0
Event: 202.636 Thread 0x000002a9efdcae90 Thread added: 0x000002a9f0b08ad0
Event: 203.098 Thread 0x000002a9efdcae90 Thread added: 0x000002a9f0b09160
Event: 203.100 Thread 0x000002a9efdcae90 Thread added: 0x000002a9f31a9960
Event: 203.101 Thread 0x000002a9efdcae90 Thread added: 0x000002a9f31a6b70
Event: 203.102 Thread 0x000002a9efdcae90 Thread added: 0x000002a9f31a92d0
Event: 203.103 Thread 0x000002a9efdcae90 Thread added: 0x000002a9f31a64e0
Event: 203.105 Thread 0x000002a9efdcae90 Thread added: 0x000002a9f31a7f20
Event: 203.107 Thread 0x000002a9efdcae90 Thread added: 0x000002a9f31a85b0
Event: 204.179 Thread 0x000002a9efdcae90 Thread added: 0x000002a9f31a8c40
Event: 204.181 Thread 0x000002a9efdcae90 Thread added: 0x000002a9f31a7200
Event: 204.182 Thread 0x000002a9efdcae90 Thread added: 0x000002a9f31a7890
Event: 204.183 Thread 0x000002a9efdcae90 Thread added: 0x000002a9f108ea80
Event: 204.184 Thread 0x000002a9efdcae90 Thread added: 0x000002a9f108dd60
Event: 204.205 Thread 0x000002a9efdcae90 Thread added: 0x000002a9f108d040
Event: 204.207 Thread 0x000002a9efdcae90 Thread added: 0x000002a9f108e3f0
Event: 207.423 Thread 0x000002a9efdcae90 Thread added: 0x000002a9f108d6d0
Event: 269.508 Thread 0x000002a9efdcae90 Thread added: 0x000002a9f108f7a0


Dynamic libraries:
0x00007ff7ef440000 - 0x00007ff7ef44e000 	C:\Users\wogud\.vscode\extensions\redhat.java-1.56.0-win32-x64\jre\21.0.12.1-win32-x86_64\bin\java.exe
0x00007ffcb6200000 - 0x00007ffcb6466000 	C:\Windows\SYSTEM32\ntdll.dll
0x00007ffcb4c90000 - 0x00007ffcb4d59000 	C:\Windows\System32\KERNEL32.DLL
0x00007ffcb35a0000 - 0x00007ffcb399f000 	C:\Windows\System32\KERNELBASE.dll
0x00007ffcaa340000 - 0x00007ffcaa3df000 	C:\Windows\SYSTEM32\apphelp.dll
0x00007ffcb3d10000 - 0x00007ffcb3e5c000 	C:\Windows\System32\ucrtbase.dll
0x00007ffc9c920000 - 0x00007ffc9c93e000 	C:\Users\wogud\.vscode\extensions\redhat.java-1.56.0-win32-x64\jre\21.0.12.1-win32-x86_64\bin\VCRUNTIME140.dll
0x00007ffc9c900000 - 0x00007ffc9c918000 	C:\Users\wogud\.vscode\extensions\redhat.java-1.56.0-win32-x64\jre\21.0.12.1-win32-x86_64\bin\jli.dll
0x00007ffcb5530000 - 0x00007ffcb56f6000 	C:\Windows\System32\USER32.dll
0x00007ffcb3a40000 - 0x00007ffcb3a67000 	C:\Windows\System32\win32u.dll
0x00007ffcb5aa0000 - 0x00007ffcb5acb000 	C:\Windows\System32\GDI32.dll
0x00007ffcb3a70000 - 0x00007ffcb3b99000 	C:\Windows\System32\gdi32full.dll
0x00007ffcb3ba0000 - 0x00007ffcb3c43000 	C:\Windows\System32\msvcp_win.dll
0x00007ffc8f650000 - 0x00007ffc8f8e1000 	C:\Windows\WinSxS\amd64_microsoft.windows.common-controls_6595b64144ccf1df_6.0.26100.8972_none_3e0da176e32f9d4b\COMCTL32.dll
0x00007ffcb59f0000 - 0x00007ffcb5a99000 	C:\Windows\System32\msvcrt.dll
0x00007ffcb4ac0000 - 0x00007ffcb4af2000 	C:\Windows\System32\IMM32.DLL
0x00007ffca8370000 - 0x00007ffca837c000 	C:\Users\wogud\.vscode\extensions\redhat.java-1.56.0-win32-x64\jre\21.0.12.1-win32-x86_64\bin\vcruntime140_1.dll
0x00007ffc79240000 - 0x00007ffc792cd000 	C:\Users\wogud\.vscode\extensions\redhat.java-1.56.0-win32-x64\jre\21.0.12.1-win32-x86_64\bin\msvcp140.dll
0x00007ffc29f90000 - 0x00007ffc2ad32000 	C:\Users\wogud\.vscode\extensions\redhat.java-1.56.0-win32-x64\jre\21.0.12.1-win32-x86_64\bin\server\jvm.dll
0x00007ffcb4bc0000 - 0x00007ffcb4c7c000 	C:\Windows\System32\ADVAPI32.dll
0x00007ffcb4940000 - 0x00007ffcb49ea000 	C:\Windows\System32\sechost.dll
0x00007ffcb4f80000 - 0x00007ffcb5098000 	C:\Windows\System32\RPCRT4.dll
0x00007ffcb4df0000 - 0x00007ffcb4e72000 	C:\Windows\System32\WS2_32.dll
0x00007ffc97cb0000 - 0x00007ffc97ce6000 	C:\Windows\SYSTEM32\WINMM.dll
0x00007ffcb3270000 - 0x00007ffcb32ce000 	C:\Windows\SYSTEM32\POWRPROF.dll
0x00007ffc9eb00000 - 0x00007ffc9eb0b000 	C:\Windows\SYSTEM32\VERSION.dll
0x00007ffcb3250000 - 0x00007ffcb3265000 	C:\Windows\SYSTEM32\UMPDC.dll
0x00007ffcb2100000 - 0x00007ffcb211b000 	C:\Windows\SYSTEM32\kernel.appcore.dll
0x00007ffc9c1f0000 - 0x00007ffc9c1fa000 	C:\Users\wogud\.vscode\extensions\redhat.java-1.56.0-win32-x64\jre\21.0.12.1-win32-x86_64\bin\jimage.dll
0x00007ffcb0b20000 - 0x00007ffcb0d62000 	C:\Windows\SYSTEM32\DBGHELP.DLL
0x00007ffcb5c70000 - 0x00007ffcb5ff5000 	C:\Windows\System32\combase.dll
0x00007ffcb40d0000 - 0x00007ffcb41a9000 	C:\Windows\System32\OLEAUT32.dll
0x00007ffc82970000 - 0x00007ffc829ab000 	C:\Windows\SYSTEM32\dbgcore.DLL
0x00007ffcb3e70000 - 0x00007ffcb3f1c000 	C:\Windows\System32\bcryptPrimitives.dll
0x00007ffc98bb0000 - 0x00007ffc98bbf000 	C:\Users\wogud\.vscode\extensions\redhat.java-1.56.0-win32-x64\jre\21.0.12.1-win32-x86_64\bin\instrument.dll
0x00007ffc980d0000 - 0x00007ffc980f0000 	C:\Users\wogud\.vscode\extensions\redhat.java-1.56.0-win32-x64\jre\21.0.12.1-win32-x86_64\bin\java.dll
0x00007ffcb41b0000 - 0x00007ffcb4938000 	C:\Windows\System32\SHELL32.dll
0x00007ffcb0e90000 - 0x00007ffcb172b000 	C:\Windows\SYSTEM32\windows.storage.dll
0x00007ffcb4e80000 - 0x00007ffcb4f79000 	C:\Windows\System32\SHCORE.dll
0x00007ffcb5be0000 - 0x00007ffcb5c46000 	C:\Windows\System32\shlwapi.dll
0x00007ffcb3330000 - 0x00007ffcb3359000 	C:\Windows\SYSTEM32\profapi.dll
0x00007ffc90770000 - 0x00007ffc90788000 	C:\Users\wogud\.vscode\extensions\redhat.java-1.56.0-win32-x64\jre\21.0.12.1-win32-x86_64\bin\zip.dll
0x00007ffc9c100000 - 0x00007ffc9c110000 	C:\Users\wogud\.vscode\extensions\redhat.java-1.56.0-win32-x64\jre\21.0.12.1-win32-x86_64\bin\net.dll
0x00007ffc9fa30000 - 0x00007ffc9fb58000 	C:\Windows\SYSTEM32\WINHTTP.dll
0x00007ffcb26b0000 - 0x00007ffcb271c000 	C:\Windows\system32\mswsock.dll
0x00007ffc90750000 - 0x00007ffc90766000 	C:\Users\wogud\.vscode\extensions\redhat.java-1.56.0-win32-x64\jre\21.0.12.1-win32-x86_64\bin\nio.dll
0x00007ffc98b40000 - 0x00007ffc98b50000 	C:\Users\wogud\.vscode\extensions\redhat.java-1.56.0-win32-x64\jre\21.0.12.1-win32-x86_64\bin\verify.dll
0x00007ffc2df70000 - 0x00007ffc2df97000 	C:\Users\wogud\.gradle\native\1def1411415f61bf3af743bc5b6707747c0891f09f0c88961ee8f79bc544acac\windows-amd64\native-platform.dll
0x00007ffc306c0000 - 0x00007ffc30738000 	C:\Users\wogud\.gradle\native\0.2.7\x86_64-windows-gnu\gradle-fileevents.dll
0x00007ffc98c00000 - 0x00007ffc98c0a000 	C:\Users\wogud\.vscode\extensions\redhat.java-1.56.0-win32-x64\jre\21.0.12.1-win32-x86_64\bin\management.dll
0x00007ffc98bf0000 - 0x00007ffc98bfc000 	C:\Users\wogud\.vscode\extensions\redhat.java-1.56.0-win32-x64\jre\21.0.12.1-win32-x86_64\bin\management_ext.dll
0x00007ffcb4b00000 - 0x00007ffcb4b08000 	C:\Windows\System32\PSAPI.DLL
0x00007ffcb1a80000 - 0x00007ffcb1ab3000 	C:\Windows\SYSTEM32\IPHLPAPI.DLL
0x00007ffcb49f0000 - 0x00007ffcb49fa000 	C:\Windows\System32\NSI.dll
0x00007ffc98460000 - 0x00007ffc98469000 	C:\Users\wogud\.vscode\extensions\redhat.java-1.56.0-win32-x64\jre\21.0.12.1-win32-x86_64\bin\extnet.dll
0x00007ffcb29a0000 - 0x00007ffcb29bb000 	C:\Windows\SYSTEM32\CRYPTSP.dll
0x00007ffcb2060000 - 0x00007ffcb2099000 	C:\Windows\system32\rsaenh.dll
0x00007ffcb2760000 - 0x00007ffcb2792000 	C:\Windows\SYSTEM32\USERENV.dll
0x00007ffcb3300000 - 0x00007ffcb332a000 	C:\Windows\SYSTEM32\bcrypt.dll
0x00007ffcb29c0000 - 0x00007ffcb29cc000 	C:\Windows\SYSTEM32\CRYPTBASE.dll
0x00007ffc9b520000 - 0x00007ffc9b52e000 	C:\Users\wogud\.vscode\extensions\redhat.java-1.56.0-win32-x64\jre\21.0.12.1-win32-x86_64\bin\sunmscapi.dll
0x00007ffcb3410000 - 0x00007ffcb358e000 	C:\Windows\System32\CRYPT32.dll
0x00007ffcb2be0000 - 0x00007ffcb2c10000 	C:\Windows\SYSTEM32\ncrypt.dll
0x00007ffcb2b90000 - 0x00007ffcb2bcf000 	C:\Windows\SYSTEM32\NTASN1.dll
0x00007ffc74dc0000 - 0x00007ffc74dc8000 	C:\Windows\system32\wshunix.dll

JVMTI agents:
C:\Users\wogud\.gradle\wrapper\dists\gradle-8.14.4-bin\92wwslzcyst3phie3o264zltu\gradle-8.14.4\lib\agents\gradle-instrumentation-agent-8.14.4.jar path:C:\Users\wogud\.vscode\extensions\redhat.java-1.56.0-win32-x64\jre\21.0.12.1-win32-x86_64\bin\instrument.dll, loaded, initialized, instrumentlib options:none

dbghelp: loaded successfully - version: 4.0.5 - missing functions: none
symbol engine: initialized successfully - sym options: 0x614 - pdb path: .;C:\Users\wogud\.vscode\extensions\redhat.java-1.56.0-win32-x64\jre\21.0.12.1-win32-x86_64\bin;C:\Windows\SYSTEM32;C:\Windows\WinSxS\amd64_microsoft.windows.common-controls_6595b64144ccf1df_6.0.26100.8972_none_3e0da176e32f9d4b;C:\Users\wogud\.vscode\extensions\redhat.java-1.56.0-win32-x64\jre\21.0.12.1-win32-x86_64\bin\server;C:\Users\wogud\.gradle\native\1def1411415f61bf3af743bc5b6707747c0891f09f0c88961ee8f79bc544acac\windows-amd64;C:\Users\wogud\.gradle\native\0.2.7\x86_64-windows-gnu

VM Arguments:
jvm_args: --add-opens=java.base/java.lang=ALL-UNNAMED --add-opens=java.base/java.lang.invoke=ALL-UNNAMED --add-opens=java.base/java.util=ALL-UNNAMED --add-opens=java.prefs/java.util.prefs=ALL-UNNAMED --add-exports=jdk.compiler/com.sun.tools.javac.api=ALL-UNNAMED --add-exports=jdk.compiler/com.sun.tools.javac.util=ALL-UNNAMED --add-opens=java.base/java.util=ALL-UNNAMED --add-opens=java.prefs/java.util.prefs=ALL-UNNAMED --add-opens=java.base/java.nio.charset=ALL-UNNAMED --add-opens=java.base/java.net=ALL-UNNAMED --add-opens=java.base/java.util.concurrent.atomic=ALL-UNNAMED --add-opens=java.xml/javax.xml.namespace=ALL-UNNAMED -XX:MaxMetaspaceSize=384m -XX:+HeapDumpOnOutOfMemoryError -Xms256m -Xmx512m -Dfile.encoding=UTF-8 -Duser.country=KR -Duser.language=ko -Duser.variant -javaagent:C:\Users\wogud\.gradle\wrapper\dists\gradle-8.14.4-bin\92wwslzcyst3phie3o264zltu\gradle-8.14.4\lib\agents\gradle-instrumentation-agent-8.14.4.jar 
java_command: org.gradle.launcher.daemon.bootstrap.GradleDaemon 8.14.4
java_class_path (initial): C:\Users\wogud\.gradle\wrapper\dists\gradle-8.14.4-bin\92wwslzcyst3phie3o264zltu\gradle-8.14.4\lib\gradle-daemon-main-8.14.4.jar
Launcher Type: SUN_STANDARD

[Global flags]
     intx CICompilerCount                          = 4                                         {product} {ergonomic}
   size_t CompressedClassSpaceSize                 = 335544320                                 {product} {ergonomic}
     uint ConcGCThreads                            = 2                                         {product} {ergonomic}
     uint G1ConcRefinementThreads                  = 8                                         {product} {ergonomic}
   size_t G1HeapRegionSize                         = 1048576                                   {product} {ergonomic}
    uintx GCDrainStackTargetSize                   = 64                                        {product} {ergonomic}
     bool HeapDumpOnOutOfMemoryError               = true                                   {manageable} {command line}
   size_t InitialHeapSize                          = 268435456                                 {product} {command line}
   size_t MarkStackSize                            = 4194304                                   {product} {ergonomic}
   size_t MaxHeapSize                              = 536870912                                 {product} {command line}
   size_t MaxMetaspaceSize                         = 402653184                                 {product} {command line}
   size_t MaxNewSize                               = 321912832                                 {product} {ergonomic}
   size_t MinHeapDeltaBytes                        = 1048576                                   {product} {ergonomic}
   size_t MinHeapSize                              = 268435456                                 {product} {command line}
    uintx NonNMethodCodeHeapSize                   = 5839372                                {pd product} {ergonomic}
    uintx NonProfiledCodeHeapSize                  = 122909434                              {pd product} {ergonomic}
    uintx ProfiledCodeHeapSize                     = 122909434                              {pd product} {ergonomic}
    uintx ReservedCodeCacheSize                    = 251658240                              {pd product} {ergonomic}
     bool SegmentedCodeCache                       = true                                      {product} {ergonomic}
   size_t SoftMaxHeapSize                          = 536870912                              {manageable} {ergonomic}
     bool UseCompressedOops                        = true                           {product lp64_product} {ergonomic}
     bool UseG1GC                                  = true                                      {product} {ergonomic}
     bool UseLargePagesIndividualAllocation        = false                                  {pd product} {ergonomic}

Logging:
Log output configuration:
 #0: stdout all=warning uptime,level,tags foldmultilines=false
 #1: stderr all=off uptime,level,tags foldmultilines=false

Release file:
JAVA_VERSION="21.0.12.1" 
MODULES="java.base java.compiler java.datatransfer java.xml java.prefs java.desktop java.instrument java.logging java.management java.security.sasl java.naming java.rmi java.management.rmi java.net.http java.scripting java.security.jgss java.transaction.xa java.sql java.sql.rowset java.xml.crypto java.se java.smartcardio jdk.accessibility jdk.internal.jvmstat jdk.attach jdk.charsets jdk.internal.opt jdk.zipfs jdk.compiler jdk.crypto.ec jdk.crypto.cryptoki jdk.crypto.mscapi jdk.dynalink jdk.internal.ed jdk.editpad jdk.hotspot.agent jdk.httpserver jdk.internal.le jdk.internal.vm.ci jdk.internal.vm.compiler jdk.internal.vm.compiler.management jdk.jartool jdk.javadoc jdk.jcmd jdk.management jdk.management.agent jdk.jconsole jdk.jdeps jdk.jdwp.agent jdk.jdi jdk.jfr jdk.jshell jdk.jsobject jdk.jstatd jdk.localedata jdk.management.jfr jdk.naming.dns jdk.naming.rmi jdk.net jdk.nio.mapmode jdk.random jdk.sctp jdk.security.auth jdk.security.jgss jdk.unsupported jdk.unsupported.desktop jdk.xml.dom" 

Environment Variables:
JAVA_HOME=C:\Program Files\Java\jdk-21.0.10
PATH=C:\Program Files\Common Files\Oracle\Java\javapath;C:\Program Files\Eclipse Adoptium\jdk-21.0.10.7-hotspot\bin;C:\Windows\system32;C:\Windows;C:\Windows\System32\Wbem;C:\Windows\System32\WindowsPowerShell\v1.0\;C:\Windows\System32\OpenSSH\;C:\Program Files\dotnet\;C:\Program Files\nodejs\;C:\Program Files\Git\cmd;C:\Users\wogud\AppData\Local\Programs\Python\Python313\Scripts\;C:\Users\wogud\AppData\Local\Programs\Python\Python313\;C:\Users\wogud\AppData\Local\Programs\Python\Launcher\;C:\Users\wogud\AppData\Local\Microsoft\WindowsApps;C:\Users\wogud\AppData\Local\Programs\Microsoft VS Code\bin;C:\Users\wogud\.dotnet\tools;C:\Users\wogud\AppData\Roaming\npm
USERNAME=wogud
OS=Windows_NT
PROCESSOR_IDENTIFIER=Intel64 Family 6 Model 189 Stepping 1, GenuineIntel
TMP=C:\Users\wogud\AppData\Local\Temp
TEMP=C:\Users\wogud\AppData\Local\Temp




Periodic native trim disabled

---------------  S Y S T E M  ---------------

OS:
 Windows 11 , 64 bit Build 26100 (10.0.26100.9168)
OS uptime: 9 days 16:42 hours
Hyper-V role detected

CPU: total 8 (initial active 8) (8 cores per cpu, 1 threads per core) family 6 model 189 stepping 1 microcode 0x125, cx8, cmov, fxsr, mmx, 3dnowpref, sse, sse2, sse3, ssse3, sse4.1, sse4.2, popcnt, lzcnt, tsc, tscinvbit, avx, avx2, aes, erms, clmul, bmi1, bmi2, adx, sha, fma, vzeroupper, clflush, clflushopt, clwb, hv, serialize, rdtscp, rdpid, fsrm, f16c, cet_ibt, cet_ss
Processor Information for processor 0
  Max Mhz: 2200, Current Mhz: 2200, Mhz Limit: 2200
Processor Information for processor 1
  Max Mhz: 2200, Current Mhz: 2200, Mhz Limit: 2200
Processor Information for processor 2
  Max Mhz: 2200, Current Mhz: 2200, Mhz Limit: 2200
Processor Information for processor 3
  Max Mhz: 2200, Current Mhz: 2200, Mhz Limit: 2200
Processor Information for processor 4
  Max Mhz: 2200, Current Mhz: 2200, Mhz Limit: 2200
Processor Information for processor 5
  Max Mhz: 2200, Current Mhz: 2000, Mhz Limit: 2200
Processor Information for processor 6
  Max Mhz: 2200, Current Mhz: 2200, Mhz Limit: 2200
Processor Information for processor 7
  Max Mhz: 2200, Current Mhz: 2200, Mhz Limit: 2200

Memory: 4k page, system-wide physical 15914M (237M free)
TotalPageFile size 65066M (AvailPageFile size 194M)
current process WorkingSet (physical memory assigned to process): 100M, peak: 293M
current process commit charge ("private bytes"): 474M, peak: 480M

vm_info: OpenJDK 64-Bit Server VM (21.0.12.1+1-LTS) for windows-amd64 JRE (21.0.12.1+1-LTS), built on 2026-08-18T00:00:00Z by "admin" with MS VC++ 17.12 (VS2022)

END.
