#
# There is insufficient memory for the Java Runtime Environment to continue.
# Native memory allocation (malloc) failed to allocate 1714736 bytes. Error detail: Chunk::new
# Possible reasons:
#   The system is out of physical RAM or swap space
#   This process is running with CompressedOops enabled, and the Java Heap may be blocking the growth of the native heap
# Possible solutions:
#   Reduce memory load on the system
#   Increase physical memory or swap space
#   Check if swap backing store is full
#   Decrease Java heap size (-Xmx/-Xms)
#   Decrease number of Java threads
#   Decrease Java thread stack sizes (-Xss)
#   Set larger code cache with -XX:ReservedCodeCacheSize=
#   JVM is running with Unscaled Compressed Oops mode in which the Java heap is
#     placed in the first 4GB address space. The Java Heap base address is the
#     maximum limit for the native heap growth. Please use -XX:HeapBaseMinAddress
#     to set the Java Heap base and to place the Java Heap above 4GB virtual address.
# This output file may be truncated or incomplete.
#
#  Out of Memory Error (arena.cpp:168), pid=44608, tid=45248
#
# JRE version: OpenJDK Runtime Environment Temurin-21.0.12.1+1 (21.0.12.1+1) (build 21.0.12.1+1-LTS)
# Java VM: OpenJDK 64-Bit Server VM Temurin-21.0.12.1+1 (21.0.12.1+1-LTS, mixed mode, sharing, tiered, compressed oops, compressed class ptrs, g1 gc, windows-amd64)
# No core dump will be written. Minidumps are not enabled by default on client versions of Windows
#

---------------  S U M M A R Y ------------

Command Line: --add-opens=java.base/java.lang=ALL-UNNAMED --add-opens=java.base/java.lang.invoke=ALL-UNNAMED --add-opens=java.base/java.util=ALL-UNNAMED --add-opens=java.prefs/java.util.prefs=ALL-UNNAMED --add-exports=jdk.compiler/com.sun.tools.javac.api=ALL-UNNAMED --add-exports=jdk.compiler/com.sun.tools.javac.util=ALL-UNNAMED --add-opens=java.base/java.util=ALL-UNNAMED --add-opens=java.prefs/java.util.prefs=ALL-UNNAMED --add-opens=java.base/java.nio.charset=ALL-UNNAMED --add-opens=java.base/java.net=ALL-UNNAMED --add-opens=java.base/java.util.concurrent.atomic=ALL-UNNAMED --add-opens=java.xml/javax.xml.namespace=ALL-UNNAMED -XX:MaxMetaspaceSize=384m -XX:+HeapDumpOnOutOfMemoryError -Xms256m -Xmx512m -Dfile.encoding=UTF-8 -Duser.country=KR -Duser.language=ko -Duser.variant -javaagent:C:\Users\wogud\.gradle\wrapper\dists\gradle-8.14.4-bin\92wwslzcyst3phie3o264zltu\gradle-8.14.4\lib\agents\gradle-instrumentation-agent-8.14.4.jar org.gradle.launcher.daemon.bootstrap.GradleDaemon 8.14.4

Host: Intel(R) Core(TM) Ultra 7 256V, 8 cores, 15G,  Windows 11 , 64 bit Build 26100 (10.0.26100.9168)
Time: Fri Sep  4 16:03:14 2026 elapsed time: 79.407683 seconds (0d 0h 1m 19s)

---------------  T H R E A D  ---------------

Current thread (0x000002986fb10ae0):  JavaThread "C2 CompilerThread0" daemon [_thread_in_native, id=45248, stack(0x000000aa88300000,0x000000aa88400000) (1024K)]


Current CompileTask:
C2:79407 3566   !   4       java.lang.ClassLoader::loadClass (121 bytes)

Stack: [0x000000aa88300000,0x000000aa88400000]
Native frames: (J=compiled Java code, j=interpreted, Vv=VM code, C=native code)
V  [jvm.dll+0x6d83e9]
V  [jvm.dll+0x8b5736]
V  [jvm.dll+0x8b7cee]
V  [jvm.dll+0x8b83d3]
V  [jvm.dll+0x284596]
V  [jvm.dll+0xc685d]
V  [jvm.dll+0xc6da1]
V  [jvm.dll+0x3bf151]
V  [jvm.dll+0x1e3f42]
V  [jvm.dll+0x24c853]
V  [jvm.dll+0x24bce0]
V  [jvm.dll+0x1cb4ae]
V  [jvm.dll+0x25baad]
V  [jvm.dll+0x25a03a]
V  [jvm.dll+0x3f8aae]
V  [jvm.dll+0x8600cd]
V  [jvm.dll+0x6d6c1d]
C  [ucrtbase.dll+0x2cd30]
C  [KERNEL32.DLL+0x2ccb7]
C  [ntdll.dll+0xaad6c]


---------------  P R O C E S S  ---------------

Threads class SMR info:
_java_thread_list=0x000002987576b250, length=81, elements={
0x000002985a165d80, 0x000002986fafe500, 0x000002986fb08dc0, 0x000002986fb0de30,
0x000002986fb0e890, 0x000002986fb0f2f0, 0x000002986fb0fd50, 0x000002986fb10ae0,
0x000002986fb1c750, 0x000002986fd58aa0, 0x000002986fddf2b0, 0x0000029874b17310,
0x000002986fc18ca0, 0x000002987485edf0, 0x0000029874988ce0, 0x00000298749f4c80,
0x00000298749f38d0, 0x00000298749f3f60, 0x00000298749f6d50, 0x00000298749f45f0,
0x00000298749f5310, 0x00000298749f59a0, 0x00000298749f6030, 0x0000029874a6b8a0,
0x0000029874a6c5c0, 0x0000029874a700d0, 0x0000029874a70760, 0x000002986fc23c30,
0x000002986fc24950, 0x000002986fc235a0, 0x000002986fc25d00, 0x000002986fc27740,
0x000002986fc25670, 0x000002986fc26390, 0x000002986fc24fe0, 0x000002986fc242c0,
0x000002986fc28460, 0x000002986fc28af0, 0x000002986fc29180, 0x000002986fc27dd0,
0x000002986fc29810, 0x000002986fc29ea0, 0x000002986fc26a20, 0x000002986fc270b0,
0x0000029875ea95d0, 0x0000029875ea6150, 0x0000029875eab010, 0x0000029875eab6a0,
0x0000029875ead0e0, 0x0000029875eaa980, 0x0000029875ea9c60, 0x0000029875eac3c0,
0x00000298763b6560, 0x00000298763b30e0, 0x00000298763b6bf0, 0x00000298763b3770,
0x00000298763b7280, 0x00000298763b3e00, 0x00000298763b7910, 0x00000298763b7fa0,
0x0000029875e21e20, 0x0000029875e224b0, 0x0000029875e23ef0, 0x0000029875e24580,
0x0000029875e24c10, 0x0000029875e28090, 0x0000029874cb3120, 0x0000029874cb1d70,
0x0000029874cb2400, 0x0000029875f31610, 0x0000029875f2f540, 0x0000029875f34a90,
0x0000029875f35120, 0x0000029875f33d70, 0x0000029875f34400, 0x0000029874031b20,
0x0000029874033bf0, 0x0000029874034910, 0x0000029874038420, 0x0000029874037700,
0x0000029874037d90
}

Java Threads: ( => current thread )
  0x000002985a165d80 JavaThread "main"                              [_thread_blocked, id=33332, stack(0x000000aa87500000,0x000000aa87600000) (1024K)]
  0x000002986fafe500 JavaThread "Reference Handler"          daemon [_thread_blocked, id=45176, stack(0x000000aa87d00000,0x000000aa87e00000) (1024K)]
  0x000002986fb08dc0 JavaThread "Finalizer"                  daemon [_thread_blocked, id=45180, stack(0x000000aa87e00000,0x000000aa87f00000) (1024K)]
  0x000002986fb0de30 JavaThread "Signal Dispatcher"          daemon [_thread_blocked, id=45228, stack(0x000000aa87f00000,0x000000aa88000000) (1024K)]
  0x000002986fb0e890 JavaThread "Attach Listener"            daemon [_thread_blocked, id=45232, stack(0x000000aa88000000,0x000000aa88100000) (1024K)]
  0x000002986fb0f2f0 JavaThread "Service Thread"             daemon [_thread_blocked, id=45240, stack(0x000000aa88100000,0x000000aa88200000) (1024K)]
  0x000002986fb0fd50 JavaThread "Monitor Deflation Thread"   daemon [_thread_blocked, id=45244, stack(0x000000aa88200000,0x000000aa88300000) (1024K)]
=>0x000002986fb10ae0 JavaThread "C2 CompilerThread0"         daemon [_thread_in_native, id=45248, stack(0x000000aa88300000,0x000000aa88400000) (1024K)]
  0x000002986fb1c750 JavaThread "C1 CompilerThread0"         daemon [_thread_blocked, id=45276, stack(0x000000aa88400000,0x000000aa88500000) (1024K)]
  0x000002986fd58aa0 JavaThread "Common-Cleaner"             daemon [_thread_blocked, id=46060, stack(0x000000aa88500000,0x000000aa88600000) (1024K)]
  0x000002986fddf2b0 JavaThread "Notification Thread"        daemon [_thread_blocked, id=41052, stack(0x000000aa88600000,0x000000aa88700000) (1024K)]
  0x0000029874b17310 JavaThread "Daemon health stats"               [_thread_blocked, id=41552, stack(0x000000aa88d00000,0x000000aa88e00000) (1024K)]
  0x000002986fc18ca0 JavaThread "Incoming local TCP Connector on port 52598"        [_thread_in_native, id=21312, stack(0x000000aa88e00000,0x000000aa88f00000) (1024K)]
  0x000002987485edf0 JavaThread "Daemon periodic checks"            [_thread_blocked, id=39504, stack(0x000000aa88f00000,0x000000aa89000000) (1024K)]
  0x0000029874988ce0 JavaThread "Daemon"                            [_thread_blocked, id=43016, stack(0x000000aa89000000,0x000000aa89100000) (1024K)]
  0x00000298749f4c80 JavaThread "Daemon worker"                     [_thread_in_vm, id=27624, stack(0x000000aa89300000,0x000000aa89400000) (1024K)]
  0x00000298749f38d0 JavaThread "Handler for socket connection from /127.0.0.1:52598 to /127.0.0.1:52627"        [_thread_in_native, id=47012, stack(0x000000aa89100000,0x000000aa89200000) (1024K)]
  0x00000298749f3f60 JavaThread "Daemon Thread 2"                   [_thread_blocked, id=47020, stack(0x000000aa89200000,0x000000aa89300000) (1024K)]
  0x00000298749f6d50 JavaThread "Daemon Thread 3"                   [_thread_blocked, id=47024, stack(0x000000aa89400000,0x000000aa89500000) (1024K)]
  0x00000298749f45f0 JavaThread "Daemon Thread 4"                   [_thread_blocked, id=47028, stack(0x000000aa89500000,0x000000aa89600000) (1024K)]
  0x00000298749f5310 JavaThread "Daemon Thread 5"                   [_thread_blocked, id=47032, stack(0x000000aa89600000,0x000000aa89700000) (1024K)]
  0x00000298749f59a0 JavaThread "Daemon Thread 6"                   [_thread_blocked, id=47036, stack(0x000000aa89700000,0x000000aa89800000) (1024K)]
  0x00000298749f6030 JavaThread "Daemon Thread 7"                   [_thread_blocked, id=47040, stack(0x000000aa89800000,0x000000aa89900000) (1024K)]
  0x0000029874a6b8a0 JavaThread "Daemon Thread 8"                   [_thread_blocked, id=47068, stack(0x000000aa89d00000,0x000000aa89e00000) (1024K)]
  0x0000029874a6c5c0 JavaThread "Daemon Thread 9"                   [_thread_blocked, id=47088, stack(0x000000aa8a100000,0x000000aa8a200000) (1024K)]
  0x0000029874a700d0 JavaThread "Daemon Thread 10"                  [_thread_blocked, id=47092, stack(0x000000aa8a200000,0x000000aa8a300000) (1024K)]
  0x0000029874a70760 JavaThread "Cancel handler"                    [_thread_blocked, id=31188, stack(0x000000aa8a400000,0x000000aa8a500000) (1024K)]
  0x000002986fc23c30 JavaThread "Daemon Thread 11"                  [_thread_blocked, id=46460, stack(0x000000aa8af00000,0x000000aa8b000000) (1024K)]
  0x000002986fc24950 JavaThread "Daemon Thread 12"                  [_thread_blocked, id=46496, stack(0x000000aa8a900000,0x000000aa8aa00000) (1024K)]
  0x000002986fc235a0 JavaThread "Daemon Thread 13"                  [_thread_blocked, id=46500, stack(0x000000aa8b100000,0x000000aa8b200000) (1024K)]
  0x000002986fc25d00 JavaThread "Daemon Thread 14"                  [_thread_blocked, id=29460, stack(0x000000aa8b200000,0x000000aa8b300000) (1024K)]
  0x000002986fc27740 JavaThread "Daemon Thread 15"                  [_thread_blocked, id=46508, stack(0x000000aa8b300000,0x000000aa8b400000) (1024K)]
  0x000002986fc25670 JavaThread "Daemon Thread 16"                  [_thread_blocked, id=42788, stack(0x000000aa8b400000,0x000000aa8b500000) (1024K)]
  0x000002986fc26390 JavaThread "Daemon Thread 17"                  [_thread_blocked, id=45600, stack(0x000000aa8b500000,0x000000aa8b600000) (1024K)]
  0x000002986fc24fe0 JavaThread "Daemon Thread 18"                  [_thread_blocked, id=46520, stack(0x000000aa8b600000,0x000000aa8b700000) (1024K)]
  0x000002986fc242c0 JavaThread "Daemon Thread 19"                  [_thread_blocked, id=46516, stack(0x000000aa8b700000,0x000000aa8b800000) (1024K)]
  0x000002986fc28460 JavaThread "Daemon Thread 20"                  [_thread_blocked, id=29468, stack(0x000000aa8b800000,0x000000aa8b900000) (1024K)]
  0x000002986fc28af0 JavaThread "Daemon Thread 21"                  [_thread_blocked, id=43316, stack(0x000000aa8b900000,0x000000aa8ba00000) (1024K)]
  0x000002986fc29180 JavaThread "Daemon Thread 22"                  [_thread_blocked, id=31476, stack(0x000000aa8ba00000,0x000000aa8bb00000) (1024K)]
  0x000002986fc27dd0 JavaThread "Daemon Thread 23"                  [_thread_blocked, id=39456, stack(0x000000aa8bb00000,0x000000aa8bc00000) (1024K)]
  0x000002986fc29810 JavaThread "Daemon Thread 24"                  [_thread_blocked, id=42332, stack(0x000000aa8bc00000,0x000000aa8bd00000) (1024K)]
  0x000002986fc29ea0 JavaThread "Daemon Thread 25"                  [_thread_blocked, id=31824, stack(0x000000aa8bd00000,0x000000aa8be00000) (1024K)]
  0x000002986fc26a20 JavaThread "Daemon Thread 26"                  [_thread_blocked, id=12304, stack(0x000000aa8be00000,0x000000aa8bf00000) (1024K)]
  0x000002986fc270b0 JavaThread "Daemon Thread 27"                  [_thread_blocked, id=37260, stack(0x000000aa8bf00000,0x000000aa8c000000) (1024K)]
  0x0000029875ea95d0 JavaThread "Daemon Thread 28"                  [_thread_blocked, id=29520, stack(0x000000aa8c800000,0x000000aa8c900000) (1024K)]
  0x0000029875ea6150 JavaThread "Daemon Thread 29"                  [_thread_blocked, id=45732, stack(0x000000aa8c900000,0x000000aa8ca00000) (1024K)]
  0x0000029875eab010 JavaThread "Daemon Thread 30"                  [_thread_blocked, id=40672, stack(0x000000aa8ca00000,0x000000aa8cb00000) (1024K)]
  0x0000029875eab6a0 JavaThread "Daemon Thread 31"                  [_thread_blocked, id=7544, stack(0x000000aa8cb00000,0x000000aa8cc00000) (1024K)]
  0x0000029875ead0e0 JavaThread "Daemon Thread 32"                  [_thread_blocked, id=22488, stack(0x000000aa8cc00000,0x000000aa8cd00000) (1024K)]
  0x0000029875eaa980 JavaThread "Daemon Thread 33"                  [_thread_blocked, id=43292, stack(0x000000aa8cd00000,0x000000aa8ce00000) (1024K)]
  0x0000029875ea9c60 JavaThread "Daemon Thread 34"                  [_thread_blocked, id=39516, stack(0x000000aa8ce00000,0x000000aa8cf00000) (1024K)]
  0x0000029875eac3c0 JavaThread "Daemon Thread 35"                  [_thread_blocked, id=43644, stack(0x000000aa8cf00000,0x000000aa8d000000) (1024K)]
  0x00000298763b6560 JavaThread "Daemon Thread 36"                  [_thread_blocked, id=27608, stack(0x000000aa8fa00000,0x000000aa8fb00000) (1024K)]
  0x00000298763b30e0 JavaThread "Daemon Thread 37"                  [_thread_blocked, id=20404, stack(0x000000aa8fb00000,0x000000aa8fc00000) (1024K)]
  0x00000298763b6bf0 JavaThread "Daemon Thread 38"                  [_thread_blocked, id=8052, stack(0x000000aa8fc00000,0x000000aa8fd00000) (1024K)]
  0x00000298763b3770 JavaThread "Daemon Thread 39"                  [_thread_blocked, id=26772, stack(0x000000aa8fd00000,0x000000aa8fe00000) (1024K)]
  0x00000298763b7280 JavaThread "Daemon Thread 40"                  [_thread_blocked, id=27100, stack(0x000000aa8fe00000,0x000000aa8ff00000) (1024K)]
  0x00000298763b3e00 JavaThread "Daemon Thread 41"                  [_thread_blocked, id=27008, stack(0x000000aa8ff00000,0x000000aa90000000) (1024K)]
  0x00000298763b7910 JavaThread "Daemon Thread 42"                  [_thread_blocked, id=27172, stack(0x000000aa90000000,0x000000aa90100000) (1024K)]
  0x00000298763b7fa0 JavaThread "Daemon Thread 43"                  [_thread_blocked, id=27052, stack(0x000000aa90100000,0x000000aa90200000) (1024K)]
  0x0000029875e21e20 JavaThread "Daemon Thread 44"                  [_thread_blocked, id=27188, stack(0x000000aa90200000,0x000000aa90300000) (1024K)]
  0x0000029875e224b0 JavaThread "Daemon Thread 45"                  [_thread_blocked, id=7152, stack(0x000000aa90300000,0x000000aa90400000) (1024K)]
  0x0000029875e23ef0 JavaThread "Daemon Thread 46"                  [_thread_blocked, id=27004, stack(0x000000aa90400000,0x000000aa90500000) (1024K)]
  0x0000029875e24580 JavaThread "Daemon Thread 47"                  [_thread_blocked, id=27276, stack(0x000000aa90500000,0x000000aa90600000) (1024K)]
  0x0000029875e24c10 JavaThread "Daemon Thread 48"                  [_thread_blocked, id=27252, stack(0x000000aa90600000,0x000000aa90700000) (1024K)]
  0x0000029875e28090 JavaThread "Daemon Thread 49"                  [_thread_blocked, id=32504, stack(0x000000aa91200000,0x000000aa91300000) (1024K)]
  0x0000029874cb3120 JavaThread "Daemon Thread 50"                  [_thread_blocked, id=34272, stack(0x000000aa92400000,0x000000aa92500000) (1024K)]
  0x0000029874cb1d70 JavaThread "Daemon Thread 51"                  [_thread_blocked, id=42700, stack(0x000000aa92500000,0x000000aa92600000) (1024K)]
  0x0000029874cb2400 JavaThread "Daemon Thread 52"                  [_thread_blocked, id=46744, stack(0x000000aa92600000,0x000000aa92700000) (1024K)]
  0x0000029875f31610 JavaThread "Daemon Thread 53"                  [_thread_blocked, id=45048, stack(0x000000aa92d00000,0x000000aa92e00000) (1024K)]
  0x0000029875f2f540 JavaThread "Daemon Thread 54"                  [_thread_blocked, id=4912, stack(0x000000aa92e00000,0x000000aa92f00000) (1024K)]
  0x0000029875f34a90 JavaThread "Daemon Thread 55"                  [_thread_blocked, id=28512, stack(0x000000aa93300000,0x000000aa93400000) (1024K)]
  0x0000029875f35120 JavaThread "Daemon Thread 56"                  [_thread_blocked, id=43472, stack(0x000000aa93600000,0x000000aa93700000) (1024K)]
  0x0000029875f33d70 JavaThread "Daemon Thread 57"                  [_thread_blocked, id=44404, stack(0x000000aa93900000,0x000000aa93a00000) (1024K)]
  0x0000029875f34400 JavaThread "Daemon Thread 58"                  [_thread_blocked, id=21472, stack(0x000000aa93a00000,0x000000aa93b00000) (1024K)]
  0x0000029874031b20 JavaThread "Daemon Thread 59"                  [_thread_blocked, id=32300, stack(0x000000aa93f00000,0x000000aa94000000) (1024K)]
  0x0000029874033bf0 JavaThread "Daemon Thread 60"                  [_thread_blocked, id=45540, stack(0x000000aa94200000,0x000000aa94300000) (1024K)]
  0x0000029874034910 JavaThread "Daemon Thread 61"                  [_thread_blocked, id=45200, stack(0x000000aa94500000,0x000000aa94600000) (1024K)]
  0x0000029874038420 JavaThread "Asynchronous log dispatcher for DefaultDaemonConnection: socket connection from /127.0.0.1:52598 to /127.0.0.1:52627"        [_thread_blocked, id=11112, stack(0x000000aa8ae00000,0x000000aa8af00000) (1024K)]
  0x0000029874037700 JavaThread "Stdin handler"                     [_thread_blocked, id=39392, stack(0x000000aa8a600000,0x000000aa8a700000) (1024K)]
  0x0000029874037d90 JavaThread "Daemon client event forwarder"        [_thread_blocked, id=39700, stack(0x000000aa8aa00000,0x000000aa8ab00000) (1024K)]
Total: 81

Other Threads:
  0x000002986fae50e0 VMThread "VM Thread"                           [id=45100, stack(0x000000aa87c00000,0x000000aa87d00000) (1024K)]
  0x000002986fad3300 WatcherThread "VM Periodic Task Thread"        [id=45092, stack(0x000000aa87b00000,0x000000aa87c00000) (1024K)]
  0x000002985a191430 WorkerThread "GC Thread#0"                     [id=21044, stack(0x000000aa87600000,0x000000aa87700000) (1024K)]
  0x000002986fc5ed60 WorkerThread "GC Thread#1"                     [id=34868, stack(0x000000aa88700000,0x000000aa88800000) (1024K)]
  0x000002986fc5f110 WorkerThread "GC Thread#2"                     [id=40932, stack(0x000000aa88800000,0x000000aa88900000) (1024K)]
  0x000002986fc5f4c0 WorkerThread "GC Thread#3"                     [id=22120, stack(0x000000aa88900000,0x000000aa88a00000) (1024K)]
  0x000002986fc5f870 WorkerThread "GC Thread#4"                     [id=43260, stack(0x000000aa88a00000,0x000000aa88b00000) (1024K)]
  0x00000298740ded80 WorkerThread "GC Thread#5"                     [id=43640, stack(0x000000aa88b00000,0x000000aa88c00000) (1024K)]
  0x00000298749dd760 WorkerThread "GC Thread#6"                     [id=38400, stack(0x000000aa87300000,0x000000aa87400000) (1024K)]
  0x00000298749ddb10 WorkerThread "GC Thread#7"                     [id=42704, stack(0x000000aa88c00000,0x000000aa88d00000) (1024K)]
  0x000002985a196b40 ConcurrentGCThread "G1 Main Marker"            [id=37168, stack(0x000000aa87700000,0x000000aa87800000) (1024K)]
  0x000002985a197560 WorkerThread "G1 Conc#0"                       [id=45064, stack(0x000000aa87800000,0x000000aa87900000) (1024K)]
  0x000002986f9a11e0 ConcurrentGCThread "G1 Refine#0"               [id=45072, stack(0x000000aa87900000,0x000000aa87a00000) (1024K)]
  0x000002986f9a1b70 ConcurrentGCThread "G1 Service"                [id=45084, stack(0x000000aa87a00000,0x000000aa87b00000) (1024K)]
Total: 14

Threads with active compile tasks:
C2 CompilerThread0  79438 3566   !   4       java.lang.ClassLoader::loadClass (121 bytes)
Total: 1

VM state: not at safepoint (normal execution)

VM Mutex/Monitor currently owned by a thread: None

Heap address: 0x00000000e0000000, size: 512 MB, Compressed Oops mode: 32-bit

CDS archive(s) mapped at: [0x0000029800000000-0x0000029800ba0000-0x0000029800ba0000), size 12189696, SharedBaseAddress: 0x0000029800000000, ArchiveRelocationMode: 1.
Compressed class space mapped at: 0x0000029801000000-0x0000029815000000, reserved size: 335544320
Narrow klass base: 0x0000029800000000, Narrow klass shift: 0, Narrow klass range: 0x100000000

GC Precious Log:
 CardTable entry size: 512
 Card Set container configuration: InlinePtr #cards 5 size 8 Array Of Cards #cards 12 size 40 Howl #buckets 4 coarsen threshold 1843 Howl Bitmap #cards 512 size 80 coarsen threshold 460 Card regions per heap region 1 cards per card region 2048
 CPUs: 8 total, 8 available
 Memory: 15914M
 Large Page Support: Disabled
 NUMA Support: Disabled
 Compressed Oops: Enabled (32-bit)
 Heap Region Size: 1M
 Heap Min Capacity: 256M
 Heap Initial Capacity: 256M
 Heap Max Capacity: 512M
 Pre-touch: Disabled
 Parallel Workers: 8
 Concurrent Workers: 2
 Concurrent Refinement Workers: 8
 Periodic GC: Disabled

Heap:
 garbage-first heap   total 262144K, used 162522K [0x00000000e0000000, 0x0000000100000000)
  region size 1024K, 148 young (151552K), 6 survivors (6144K)
 Metaspace       used 16143K, committed 16640K, reserved 393216K
  class space    used 2178K, committed 2432K, reserved 327680K

Heap Regions: E=young(eden), S=young(survivor), O=old, HS=humongous(starts), HC=humongous(continues), CS=collection set, F=free, TAMS=top-at-mark-start, PB=parsable bottom
|   0|0x00000000e0000000, 0x00000000e0100000, 0x00000000e0100000|100%|HS|  |TAMS 0x00000000e0000000| PB 0x00000000e0000000| Complete 
|   1|0x00000000e0100000, 0x00000000e0200000, 0x00000000e0200000|100%|HC|  |TAMS 0x00000000e0100000| PB 0x00000000e0100000| Complete 
|   2|0x00000000e0200000, 0x00000000e0300000, 0x00000000e0300000|100%|HC|  |TAMS 0x00000000e0200000| PB 0x00000000e0200000| Complete 
|   3|0x00000000e0300000, 0x00000000e0400000, 0x00000000e0400000|100%| O|  |TAMS 0x00000000e0300000| PB 0x00000000e0300000| Untracked 
|   4|0x00000000e0400000, 0x00000000e0500000, 0x00000000e0500000|100%| O|  |TAMS 0x00000000e0400000| PB 0x00000000e0400000| Untracked 
|   5|0x00000000e0500000, 0x00000000e0600000, 0x00000000e0600000|100%| O|  |TAMS 0x00000000e0500000| PB 0x00000000e0500000| Untracked 
|   6|0x00000000e0600000, 0x00000000e0700000, 0x00000000e0700000|100%|HS|  |TAMS 0x00000000e0600000| PB 0x00000000e0600000| Complete 
|   7|0x00000000e0700000, 0x00000000e0700000, 0x00000000e0800000|  0%| F|  |TAMS 0x00000000e0700000| PB 0x00000000e0700000| Untracked 
|   8|0x00000000e0800000, 0x00000000e0900000, 0x00000000e0900000|100%| O|  |TAMS 0x00000000e0800000| PB 0x00000000e0800000| Untracked 
|   9|0x00000000e0900000, 0x00000000e0a00000, 0x00000000e0a00000|100%| O|  |TAMS 0x00000000e0900000| PB 0x00000000e0900000| Untracked 
|  10|0x00000000e0a00000, 0x00000000e0b00000, 0x00000000e0b00000|100%| O|  |TAMS 0x00000000e0a00000| PB 0x00000000e0a00000| Untracked 
|  11|0x00000000e0b00000, 0x00000000e0c00000, 0x00000000e0c00000|100%| O|  |TAMS 0x00000000e0b00000| PB 0x00000000e0b00000| Untracked 
|  12|0x00000000e0c00000, 0x00000000e0cb9db0, 0x00000000e0d00000| 72%| O|  |TAMS 0x00000000e0c00000| PB 0x00000000e0c00000| Untracked 
|  13|0x00000000e0d00000, 0x00000000e0d00000, 0x00000000e0e00000|  0%| F|  |TAMS 0x00000000e0d00000| PB 0x00000000e0d00000| Untracked 
|  14|0x00000000e0e00000, 0x00000000e0e00000, 0x00000000e0f00000|  0%| F|  |TAMS 0x00000000e0e00000| PB 0x00000000e0e00000| Untracked 
|  15|0x00000000e0f00000, 0x00000000e0f00000, 0x00000000e1000000|  0%| F|  |TAMS 0x00000000e0f00000| PB 0x00000000e0f00000| Untracked 
|  16|0x00000000e1000000, 0x00000000e1000000, 0x00000000e1100000|  0%| F|  |TAMS 0x00000000e1000000| PB 0x00000000e1000000| Untracked 
|  17|0x00000000e1100000, 0x00000000e1100000, 0x00000000e1200000|  0%| F|  |TAMS 0x00000000e1100000| PB 0x00000000e1100000| Untracked 
|  18|0x00000000e1200000, 0x00000000e1200000, 0x00000000e1300000|  0%| F|  |TAMS 0x00000000e1200000| PB 0x00000000e1200000| Untracked 
|  19|0x00000000e1300000, 0x00000000e1300000, 0x00000000e1400000|  0%| F|  |TAMS 0x00000000e1300000| PB 0x00000000e1300000| Untracked 
|  20|0x00000000e1400000, 0x00000000e1400000, 0x00000000e1500000|  0%| F|  |TAMS 0x00000000e1400000| PB 0x00000000e1400000| Untracked 
|  21|0x00000000e1500000, 0x00000000e1500000, 0x00000000e1600000|  0%| F|  |TAMS 0x00000000e1500000| PB 0x00000000e1500000| Untracked 
|  22|0x00000000e1600000, 0x00000000e1600000, 0x00000000e1700000|  0%| F|  |TAMS 0x00000000e1600000| PB 0x00000000e1600000| Untracked 
|  23|0x00000000e1700000, 0x00000000e1700000, 0x00000000e1800000|  0%| F|  |TAMS 0x00000000e1700000| PB 0x00000000e1700000| Untracked 
|  24|0x00000000e1800000, 0x00000000e1800000, 0x00000000e1900000|  0%| F|  |TAMS 0x00000000e1800000| PB 0x00000000e1800000| Untracked 
|  25|0x00000000e1900000, 0x00000000e1900000, 0x00000000e1a00000|  0%| F|  |TAMS 0x00000000e1900000| PB 0x00000000e1900000| Untracked 
|  26|0x00000000e1a00000, 0x00000000e1a00000, 0x00000000e1b00000|  0%| F|  |TAMS 0x00000000e1a00000| PB 0x00000000e1a00000| Untracked 
|  27|0x00000000e1b00000, 0x00000000e1b00000, 0x00000000e1c00000|  0%| F|  |TAMS 0x00000000e1b00000| PB 0x00000000e1b00000| Untracked 
|  28|0x00000000e1c00000, 0x00000000e1c00000, 0x00000000e1d00000|  0%| F|  |TAMS 0x00000000e1c00000| PB 0x00000000e1c00000| Untracked 
|  29|0x00000000e1d00000, 0x00000000e1d00000, 0x00000000e1e00000|  0%| F|  |TAMS 0x00000000e1d00000| PB 0x00000000e1d00000| Untracked 
|  30|0x00000000e1e00000, 0x00000000e1e00000, 0x00000000e1f00000|  0%| F|  |TAMS 0x00000000e1e00000| PB 0x00000000e1e00000| Untracked 
|  31|0x00000000e1f00000, 0x00000000e1f00000, 0x00000000e2000000|  0%| F|  |TAMS 0x00000000e1f00000| PB 0x00000000e1f00000| Untracked 
|  32|0x00000000e2000000, 0x00000000e2000000, 0x00000000e2100000|  0%| F|  |TAMS 0x00000000e2000000| PB 0x00000000e2000000| Untracked 
|  33|0x00000000e2100000, 0x00000000e2100000, 0x00000000e2200000|  0%| F|  |TAMS 0x00000000e2100000| PB 0x00000000e2100000| Untracked 
|  34|0x00000000e2200000, 0x00000000e2200000, 0x00000000e2300000|  0%| F|  |TAMS 0x00000000e2200000| PB 0x00000000e2200000| Untracked 
|  35|0x00000000e2300000, 0x00000000e2300000, 0x00000000e2400000|  0%| F|  |TAMS 0x00000000e2300000| PB 0x00000000e2300000| Untracked 
|  36|0x00000000e2400000, 0x00000000e2400000, 0x00000000e2500000|  0%| F|  |TAMS 0x00000000e2400000| PB 0x00000000e2400000| Untracked 
|  37|0x00000000e2500000, 0x00000000e2500000, 0x00000000e2600000|  0%| F|  |TAMS 0x00000000e2500000| PB 0x00000000e2500000| Untracked 
|  38|0x00000000e2600000, 0x00000000e2600000, 0x00000000e2700000|  0%| F|  |TAMS 0x00000000e2600000| PB 0x00000000e2600000| Untracked 
|  39|0x00000000e2700000, 0x00000000e2700000, 0x00000000e2800000|  0%| F|  |TAMS 0x00000000e2700000| PB 0x00000000e2700000| Untracked 
|  40|0x00000000e2800000, 0x00000000e2800000, 0x00000000e2900000|  0%| F|  |TAMS 0x00000000e2800000| PB 0x00000000e2800000| Untracked 
|  41|0x00000000e2900000, 0x00000000e2900000, 0x00000000e2a00000|  0%| F|  |TAMS 0x00000000e2900000| PB 0x00000000e2900000| Untracked 
|  42|0x00000000e2a00000, 0x00000000e2a00000, 0x00000000e2b00000|  0%| F|  |TAMS 0x00000000e2a00000| PB 0x00000000e2a00000| Untracked 
|  43|0x00000000e2b00000, 0x00000000e2b00000, 0x00000000e2c00000|  0%| F|  |TAMS 0x00000000e2b00000| PB 0x00000000e2b00000| Untracked 
|  44|0x00000000e2c00000, 0x00000000e2c00000, 0x00000000e2d00000|  0%| F|  |TAMS 0x00000000e2c00000| PB 0x00000000e2c00000| Untracked 
|  45|0x00000000e2d00000, 0x00000000e2d00000, 0x00000000e2e00000|  0%| F|  |TAMS 0x00000000e2d00000| PB 0x00000000e2d00000| Untracked 
|  46|0x00000000e2e00000, 0x00000000e2e00000, 0x00000000e2f00000|  0%| F|  |TAMS 0x00000000e2e00000| PB 0x00000000e2e00000| Untracked 
|  47|0x00000000e2f00000, 0x00000000e2f00000, 0x00000000e3000000|  0%| F|  |TAMS 0x00000000e2f00000| PB 0x00000000e2f00000| Untracked 
|  48|0x00000000e3000000, 0x00000000e3000000, 0x00000000e3100000|  0%| F|  |TAMS 0x00000000e3000000| PB 0x00000000e3000000| Untracked 
|  49|0x00000000e3100000, 0x00000000e3100000, 0x00000000e3200000|  0%| F|  |TAMS 0x00000000e3100000| PB 0x00000000e3100000| Untracked 
|  50|0x00000000e3200000, 0x00000000e3200000, 0x00000000e3300000|  0%| F|  |TAMS 0x00000000e3200000| PB 0x00000000e3200000| Untracked 
|  51|0x00000000e3300000, 0x00000000e3300000, 0x00000000e3400000|  0%| F|  |TAMS 0x00000000e3300000| PB 0x00000000e3300000| Untracked 
|  52|0x00000000e3400000, 0x00000000e3400000, 0x00000000e3500000|  0%| F|  |TAMS 0x00000000e3400000| PB 0x00000000e3400000| Untracked 
|  53|0x00000000e3500000, 0x00000000e3500000, 0x00000000e3600000|  0%| F|  |TAMS 0x00000000e3500000| PB 0x00000000e3500000| Untracked 
|  54|0x00000000e3600000, 0x00000000e3600000, 0x00000000e3700000|  0%| F|  |TAMS 0x00000000e3600000| PB 0x00000000e3600000| Untracked 
|  55|0x00000000e3700000, 0x00000000e3700000, 0x00000000e3800000|  0%| F|  |TAMS 0x00000000e3700000| PB 0x00000000e3700000| Untracked 
|  56|0x00000000e3800000, 0x00000000e3800000, 0x00000000e3900000|  0%| F|  |TAMS 0x00000000e3800000| PB 0x00000000e3800000| Untracked 
|  57|0x00000000e3900000, 0x00000000e3900000, 0x00000000e3a00000|  0%| F|  |TAMS 0x00000000e3900000| PB 0x00000000e3900000| Untracked 
|  58|0x00000000e3a00000, 0x00000000e3a00000, 0x00000000e3b00000|  0%| F|  |TAMS 0x00000000e3a00000| PB 0x00000000e3a00000| Untracked 
|  59|0x00000000e3b00000, 0x00000000e3b00000, 0x00000000e3c00000|  0%| F|  |TAMS 0x00000000e3b00000| PB 0x00000000e3b00000| Untracked 
|  60|0x00000000e3c00000, 0x00000000e3c00000, 0x00000000e3d00000|  0%| F|  |TAMS 0x00000000e3c00000| PB 0x00000000e3c00000| Untracked 
|  61|0x00000000e3d00000, 0x00000000e3d00000, 0x00000000e3e00000|  0%| F|  |TAMS 0x00000000e3d00000| PB 0x00000000e3d00000| Untracked 
|  62|0x00000000e3e00000, 0x00000000e3e00000, 0x00000000e3f00000|  0%| F|  |TAMS 0x00000000e3e00000| PB 0x00000000e3e00000| Untracked 
|  63|0x00000000e3f00000, 0x00000000e3f00000, 0x00000000e4000000|  0%| F|  |TAMS 0x00000000e3f00000| PB 0x00000000e3f00000| Untracked 
|  64|0x00000000e4000000, 0x00000000e4000000, 0x00000000e4100000|  0%| F|  |TAMS 0x00000000e4000000| PB 0x00000000e4000000| Untracked 
|  65|0x00000000e4100000, 0x00000000e4100000, 0x00000000e4200000|  0%| F|  |TAMS 0x00000000e4100000| PB 0x00000000e4100000| Untracked 
|  66|0x00000000e4200000, 0x00000000e4200000, 0x00000000e4300000|  0%| F|  |TAMS 0x00000000e4200000| PB 0x00000000e4200000| Untracked 
|  67|0x00000000e4300000, 0x00000000e4300000, 0x00000000e4400000|  0%| F|  |TAMS 0x00000000e4300000| PB 0x00000000e4300000| Untracked 
|  68|0x00000000e4400000, 0x00000000e4400000, 0x00000000e4500000|  0%| F|  |TAMS 0x00000000e4400000| PB 0x00000000e4400000| Untracked 
|  69|0x00000000e4500000, 0x00000000e4500000, 0x00000000e4600000|  0%| F|  |TAMS 0x00000000e4500000| PB 0x00000000e4500000| Untracked 
|  70|0x00000000e4600000, 0x00000000e4600000, 0x00000000e4700000|  0%| F|  |TAMS 0x00000000e4600000| PB 0x00000000e4600000| Untracked 
|  71|0x00000000e4700000, 0x00000000e4700000, 0x00000000e4800000|  0%| F|  |TAMS 0x00000000e4700000| PB 0x00000000e4700000| Untracked 
|  72|0x00000000e4800000, 0x00000000e4800000, 0x00000000e4900000|  0%| F|  |TAMS 0x00000000e4800000| PB 0x00000000e4800000| Untracked 
|  73|0x00000000e4900000, 0x00000000e4900000, 0x00000000e4a00000|  0%| F|  |TAMS 0x00000000e4900000| PB 0x00000000e4900000| Untracked 
|  74|0x00000000e4a00000, 0x00000000e4a00000, 0x00000000e4b00000|  0%| F|  |TAMS 0x00000000e4a00000| PB 0x00000000e4a00000| Untracked 
|  75|0x00000000e4b00000, 0x00000000e4b00000, 0x00000000e4c00000|  0%| F|  |TAMS 0x00000000e4b00000| PB 0x00000000e4b00000| Untracked 
|  76|0x00000000e4c00000, 0x00000000e4c00000, 0x00000000e4d00000|  0%| F|  |TAMS 0x00000000e4c00000| PB 0x00000000e4c00000| Untracked 
|  77|0x00000000e4d00000, 0x00000000e4d00000, 0x00000000e4e00000|  0%| F|  |TAMS 0x00000000e4d00000| PB 0x00000000e4d00000| Untracked 
|  78|0x00000000e4e00000, 0x00000000e4e00000, 0x00000000e4f00000|  0%| F|  |TAMS 0x00000000e4e00000| PB 0x00000000e4e00000| Untracked 
|  79|0x00000000e4f00000, 0x00000000e4f00000, 0x00000000e5000000|  0%| F|  |TAMS 0x00000000e4f00000| PB 0x00000000e4f00000| Untracked 
|  80|0x00000000e5000000, 0x00000000e5000000, 0x00000000e5100000|  0%| F|  |TAMS 0x00000000e5000000| PB 0x00000000e5000000| Untracked 
|  81|0x00000000e5100000, 0x00000000e5100000, 0x00000000e5200000|  0%| F|  |TAMS 0x00000000e5100000| PB 0x00000000e5100000| Untracked 
|  82|0x00000000e5200000, 0x00000000e5200000, 0x00000000e5300000|  0%| F|  |TAMS 0x00000000e5200000| PB 0x00000000e5200000| Untracked 
|  83|0x00000000e5300000, 0x00000000e5300000, 0x00000000e5400000|  0%| F|  |TAMS 0x00000000e5300000| PB 0x00000000e5300000| Untracked 
|  84|0x00000000e5400000, 0x00000000e5400000, 0x00000000e5500000|  0%| F|  |TAMS 0x00000000e5400000| PB 0x00000000e5400000| Untracked 
|  85|0x00000000e5500000, 0x00000000e5500000, 0x00000000e5600000|  0%| F|  |TAMS 0x00000000e5500000| PB 0x00000000e5500000| Untracked 
|  86|0x00000000e5600000, 0x00000000e5600000, 0x00000000e5700000|  0%| F|  |TAMS 0x00000000e5600000| PB 0x00000000e5600000| Untracked 
|  87|0x00000000e5700000, 0x00000000e5700000, 0x00000000e5800000|  0%| F|  |TAMS 0x00000000e5700000| PB 0x00000000e5700000| Untracked 
|  88|0x00000000e5800000, 0x00000000e5800000, 0x00000000e5900000|  0%| F|  |TAMS 0x00000000e5800000| PB 0x00000000e5800000| Untracked 
|  89|0x00000000e5900000, 0x00000000e5900000, 0x00000000e5a00000|  0%| F|  |TAMS 0x00000000e5900000| PB 0x00000000e5900000| Untracked 
|  90|0x00000000e5a00000, 0x00000000e5a00000, 0x00000000e5b00000|  0%| F|  |TAMS 0x00000000e5a00000| PB 0x00000000e5a00000| Untracked 
|  91|0x00000000e5b00000, 0x00000000e5b00000, 0x00000000e5c00000|  0%| F|  |TAMS 0x00000000e5b00000| PB 0x00000000e5b00000| Untracked 
|  92|0x00000000e5c00000, 0x00000000e5c00000, 0x00000000e5d00000|  0%| F|  |TAMS 0x00000000e5c00000| PB 0x00000000e5c00000| Untracked 
|  93|0x00000000e5d00000, 0x00000000e5d00000, 0x00000000e5e00000|  0%| F|  |TAMS 0x00000000e5d00000| PB 0x00000000e5d00000| Untracked 
|  94|0x00000000e5e00000, 0x00000000e5e00000, 0x00000000e5f00000|  0%| F|  |TAMS 0x00000000e5e00000| PB 0x00000000e5e00000| Untracked 
|  95|0x00000000e5f00000, 0x00000000e5f00000, 0x00000000e6000000|  0%| F|  |TAMS 0x00000000e5f00000| PB 0x00000000e5f00000| Untracked 
|  96|0x00000000e6000000, 0x00000000e6000000, 0x00000000e6100000|  0%| F|  |TAMS 0x00000000e6000000| PB 0x00000000e6000000| Untracked 
|  97|0x00000000e6100000, 0x00000000e6100000, 0x00000000e6200000|  0%| F|  |TAMS 0x00000000e6100000| PB 0x00000000e6100000| Untracked 
|  98|0x00000000e6200000, 0x00000000e6200000, 0x00000000e6300000|  0%| F|  |TAMS 0x00000000e6200000| PB 0x00000000e6200000| Untracked 
|  99|0x00000000e6300000, 0x00000000e6300000, 0x00000000e6400000|  0%| F|  |TAMS 0x00000000e6300000| PB 0x00000000e6300000| Untracked 
| 100|0x00000000e6400000, 0x00000000e6400000, 0x00000000e6500000|  0%| F|  |TAMS 0x00000000e6400000| PB 0x00000000e6400000| Untracked 
| 101|0x00000000e6500000, 0x00000000e6500000, 0x00000000e6600000|  0%| F|  |TAMS 0x00000000e6500000| PB 0x00000000e6500000| Untracked 
| 102|0x00000000e6600000, 0x00000000e6600000, 0x00000000e6700000|  0%| F|  |TAMS 0x00000000e6600000| PB 0x00000000e6600000| Untracked 
| 103|0x00000000e6700000, 0x00000000e6700000, 0x00000000e6800000|  0%| F|  |TAMS 0x00000000e6700000| PB 0x00000000e6700000| Untracked 
| 104|0x00000000e6800000, 0x00000000e6800000, 0x00000000e6900000|  0%| F|  |TAMS 0x00000000e6800000| PB 0x00000000e6800000| Untracked 
| 105|0x00000000e6900000, 0x00000000e6900000, 0x00000000e6a00000|  0%| F|  |TAMS 0x00000000e6900000| PB 0x00000000e6900000| Untracked 
| 106|0x00000000e6a00000, 0x00000000e6a00000, 0x00000000e6b00000|  0%| F|  |TAMS 0x00000000e6a00000| PB 0x00000000e6a00000| Untracked 
| 107|0x00000000e6b00000, 0x00000000e6b00000, 0x00000000e6c00000|  0%| F|  |TAMS 0x00000000e6b00000| PB 0x00000000e6b00000| Untracked 
| 108|0x00000000e6c00000, 0x00000000e6d00000, 0x00000000e6d00000|100%| E|  |TAMS 0x00000000e6c00000| PB 0x00000000e6c00000| Complete 
| 109|0x00000000e6d00000, 0x00000000e6e00000, 0x00000000e6e00000|100%| E|CS|TAMS 0x00000000e6d00000| PB 0x00000000e6d00000| Complete 
| 110|0x00000000e6e00000, 0x00000000e6f00000, 0x00000000e6f00000|100%| E|CS|TAMS 0x00000000e6e00000| PB 0x00000000e6e00000| Complete 
| 111|0x00000000e6f00000, 0x00000000e7000000, 0x00000000e7000000|100%| E|CS|TAMS 0x00000000e6f00000| PB 0x00000000e6f00000| Complete 
| 112|0x00000000e7000000, 0x00000000e7100000, 0x00000000e7100000|100%| E|CS|TAMS 0x00000000e7000000| PB 0x00000000e7000000| Complete 
| 113|0x00000000e7100000, 0x00000000e7200000, 0x00000000e7200000|100%| E|CS|TAMS 0x00000000e7100000| PB 0x00000000e7100000| Complete 
| 114|0x00000000e7200000, 0x00000000e7300000, 0x00000000e7300000|100%| E|CS|TAMS 0x00000000e7200000| PB 0x00000000e7200000| Complete 
| 115|0x00000000e7300000, 0x00000000e7400000, 0x00000000e7400000|100%| E|CS|TAMS 0x00000000e7300000| PB 0x00000000e7300000| Complete 
| 116|0x00000000e7400000, 0x00000000e7500000, 0x00000000e7500000|100%| E|CS|TAMS 0x00000000e7400000| PB 0x00000000e7400000| Complete 
| 117|0x00000000e7500000, 0x00000000e7600000, 0x00000000e7600000|100%| E|CS|TAMS 0x00000000e7500000| PB 0x00000000e7500000| Complete 
| 118|0x00000000e7600000, 0x00000000e7700000, 0x00000000e7700000|100%| E|CS|TAMS 0x00000000e7600000| PB 0x00000000e7600000| Complete 
| 119|0x00000000e7700000, 0x00000000e7800000, 0x00000000e7800000|100%| E|CS|TAMS 0x00000000e7700000| PB 0x00000000e7700000| Complete 
| 120|0x00000000e7800000, 0x00000000e7900000, 0x00000000e7900000|100%| E|CS|TAMS 0x00000000e7800000| PB 0x00000000e7800000| Complete 
| 121|0x00000000e7900000, 0x00000000e7a00000, 0x00000000e7a00000|100%| E|CS|TAMS 0x00000000e7900000| PB 0x00000000e7900000| Complete 
| 122|0x00000000e7a00000, 0x00000000e7b00000, 0x00000000e7b00000|100%| E|CS|TAMS 0x00000000e7a00000| PB 0x00000000e7a00000| Complete 
| 123|0x00000000e7b00000, 0x00000000e7c00000, 0x00000000e7c00000|100%| E|CS|TAMS 0x00000000e7b00000| PB 0x00000000e7b00000| Complete 
| 124|0x00000000e7c00000, 0x00000000e7d00000, 0x00000000e7d00000|100%| E|CS|TAMS 0x00000000e7c00000| PB 0x00000000e7c00000| Complete 
| 125|0x00000000e7d00000, 0x00000000e7e00000, 0x00000000e7e00000|100%| E|CS|TAMS 0x00000000e7d00000| PB 0x00000000e7d00000| Complete 
| 126|0x00000000e7e00000, 0x00000000e7f00000, 0x00000000e7f00000|100%| E|CS|TAMS 0x00000000e7e00000| PB 0x00000000e7e00000| Complete 
| 127|0x00000000e7f00000, 0x00000000e8000000, 0x00000000e8000000|100%| E|CS|TAMS 0x00000000e7f00000| PB 0x00000000e7f00000| Complete 
| 128|0x00000000e8000000, 0x00000000e8100000, 0x00000000e8100000|100%| E|CS|TAMS 0x00000000e8000000| PB 0x00000000e8000000| Complete 
| 129|0x00000000e8100000, 0x00000000e8200000, 0x00000000e8200000|100%| E|CS|TAMS 0x00000000e8100000| PB 0x00000000e8100000| Complete 
| 130|0x00000000e8200000, 0x00000000e8300000, 0x00000000e8300000|100%| E|CS|TAMS 0x00000000e8200000| PB 0x00000000e8200000| Complete 
| 131|0x00000000e8300000, 0x00000000e8400000, 0x00000000e8400000|100%| E|CS|TAMS 0x00000000e8300000| PB 0x00000000e8300000| Complete 
| 132|0x00000000e8400000, 0x00000000e8500000, 0x00000000e8500000|100%| E|CS|TAMS 0x00000000e8400000| PB 0x00000000e8400000| Complete 
| 133|0x00000000e8500000, 0x00000000e8600000, 0x00000000e8600000|100%| E|CS|TAMS 0x00000000e8500000| PB 0x00000000e8500000| Complete 
| 134|0x00000000e8600000, 0x00000000e8700000, 0x00000000e8700000|100%| E|CS|TAMS 0x00000000e8600000| PB 0x00000000e8600000| Complete 
| 135|0x00000000e8700000, 0x00000000e8800000, 0x00000000e8800000|100%| E|CS|TAMS 0x00000000e8700000| PB 0x00000000e8700000| Complete 
| 136|0x00000000e8800000, 0x00000000e8900000, 0x00000000e8900000|100%| E|CS|TAMS 0x00000000e8800000| PB 0x00000000e8800000| Complete 
| 137|0x00000000e8900000, 0x00000000e8a00000, 0x00000000e8a00000|100%| E|CS|TAMS 0x00000000e8900000| PB 0x00000000e8900000| Complete 
| 138|0x00000000e8a00000, 0x00000000e8b00000, 0x00000000e8b00000|100%| E|CS|TAMS 0x00000000e8a00000| PB 0x00000000e8a00000| Complete 
| 139|0x00000000e8b00000, 0x00000000e8c00000, 0x00000000e8c00000|100%| E|CS|TAMS 0x00000000e8b00000| PB 0x00000000e8b00000| Complete 
| 140|0x00000000e8c00000, 0x00000000e8d00000, 0x00000000e8d00000|100%| E|CS|TAMS 0x00000000e8c00000| PB 0x00000000e8c00000| Complete 
| 141|0x00000000e8d00000, 0x00000000e8e00000, 0x00000000e8e00000|100%| E|CS|TAMS 0x00000000e8d00000| PB 0x00000000e8d00000| Complete 
| 142|0x00000000e8e00000, 0x00000000e8f00000, 0x00000000e8f00000|100%| E|CS|TAMS 0x00000000e8e00000| PB 0x00000000e8e00000| Complete 
| 143|0x00000000e8f00000, 0x00000000e9000000, 0x00000000e9000000|100%| E|CS|TAMS 0x00000000e8f00000| PB 0x00000000e8f00000| Complete 
| 144|0x00000000e9000000, 0x00000000e9100000, 0x00000000e9100000|100%| E|CS|TAMS 0x00000000e9000000| PB 0x00000000e9000000| Complete 
| 145|0x00000000e9100000, 0x00000000e9200000, 0x00000000e9200000|100%| E|CS|TAMS 0x00000000e9100000| PB 0x00000000e9100000| Complete 
| 146|0x00000000e9200000, 0x00000000e9300000, 0x00000000e9300000|100%| E|CS|TAMS 0x00000000e9200000| PB 0x00000000e9200000| Complete 
| 147|0x00000000e9300000, 0x00000000e9400000, 0x00000000e9400000|100%| E|CS|TAMS 0x00000000e9300000| PB 0x00000000e9300000| Complete 
| 148|0x00000000e9400000, 0x00000000e9500000, 0x00000000e9500000|100%| E|CS|TAMS 0x00000000e9400000| PB 0x00000000e9400000| Complete 
| 149|0x00000000e9500000, 0x00000000e9600000, 0x00000000e9600000|100%| E|CS|TAMS 0x00000000e9500000| PB 0x00000000e9500000| Complete 
| 150|0x00000000e9600000, 0x00000000e9700000, 0x00000000e9700000|100%| E|CS|TAMS 0x00000000e9600000| PB 0x00000000e9600000| Complete 
| 151|0x00000000e9700000, 0x00000000e9800000, 0x00000000e9800000|100%| E|CS|TAMS 0x00000000e9700000| PB 0x00000000e9700000| Complete 
| 152|0x00000000e9800000, 0x00000000e9900000, 0x00000000e9900000|100%| E|CS|TAMS 0x00000000e9800000| PB 0x00000000e9800000| Complete 
| 153|0x00000000e9900000, 0x00000000e9a00000, 0x00000000e9a00000|100%| E|CS|TAMS 0x00000000e9900000| PB 0x00000000e9900000| Complete 
| 154|0x00000000e9a00000, 0x00000000e9b00000, 0x00000000e9b00000|100%| E|CS|TAMS 0x00000000e9a00000| PB 0x00000000e9a00000| Complete 
| 155|0x00000000e9b00000, 0x00000000e9c00000, 0x00000000e9c00000|100%| E|CS|TAMS 0x00000000e9b00000| PB 0x00000000e9b00000| Complete 
| 156|0x00000000e9c00000, 0x00000000e9d00000, 0x00000000e9d00000|100%| E|CS|TAMS 0x00000000e9c00000| PB 0x00000000e9c00000| Complete 
| 157|0x00000000e9d00000, 0x00000000e9e00000, 0x00000000e9e00000|100%| E|CS|TAMS 0x00000000e9d00000| PB 0x00000000e9d00000| Complete 
| 158|0x00000000e9e00000, 0x00000000e9f00000, 0x00000000e9f00000|100%| E|CS|TAMS 0x00000000e9e00000| PB 0x00000000e9e00000| Complete 
| 159|0x00000000e9f00000, 0x00000000ea000000, 0x00000000ea000000|100%| E|CS|TAMS 0x00000000e9f00000| PB 0x00000000e9f00000| Complete 
| 160|0x00000000ea000000, 0x00000000ea100000, 0x00000000ea100000|100%| E|CS|TAMS 0x00000000ea000000| PB 0x00000000ea000000| Complete 
| 161|0x00000000ea100000, 0x00000000ea200000, 0x00000000ea200000|100%| E|CS|TAMS 0x00000000ea100000| PB 0x00000000ea100000| Complete 
| 162|0x00000000ea200000, 0x00000000ea300000, 0x00000000ea300000|100%| E|CS|TAMS 0x00000000ea200000| PB 0x00000000ea200000| Complete 
| 163|0x00000000ea300000, 0x00000000ea400000, 0x00000000ea400000|100%| E|CS|TAMS 0x00000000ea300000| PB 0x00000000ea300000| Complete 
| 164|0x00000000ea400000, 0x00000000ea500000, 0x00000000ea500000|100%| E|CS|TAMS 0x00000000ea400000| PB 0x00000000ea400000| Complete 
| 165|0x00000000ea500000, 0x00000000ea600000, 0x00000000ea600000|100%| E|CS|TAMS 0x00000000ea500000| PB 0x00000000ea500000| Complete 
| 166|0x00000000ea600000, 0x00000000ea700000, 0x00000000ea700000|100%| E|CS|TAMS 0x00000000ea600000| PB 0x00000000ea600000| Complete 
| 167|0x00000000ea700000, 0x00000000ea800000, 0x00000000ea800000|100%| E|CS|TAMS 0x00000000ea700000| PB 0x00000000ea700000| Complete 
| 168|0x00000000ea800000, 0x00000000ea900000, 0x00000000ea900000|100%| E|CS|TAMS 0x00000000ea800000| PB 0x00000000ea800000| Complete 
| 169|0x00000000ea900000, 0x00000000eaa00000, 0x00000000eaa00000|100%| E|CS|TAMS 0x00000000ea900000| PB 0x00000000ea900000| Complete 
| 170|0x00000000eaa00000, 0x00000000eab00000, 0x00000000eab00000|100%| E|CS|TAMS 0x00000000eaa00000| PB 0x00000000eaa00000| Complete 
| 171|0x00000000eab00000, 0x00000000eac00000, 0x00000000eac00000|100%| E|CS|TAMS 0x00000000eab00000| PB 0x00000000eab00000| Complete 
| 172|0x00000000eac00000, 0x00000000ead00000, 0x00000000ead00000|100%| E|CS|TAMS 0x00000000eac00000| PB 0x00000000eac00000| Complete 
| 173|0x00000000ead00000, 0x00000000eae00000, 0x00000000eae00000|100%| E|CS|TAMS 0x00000000ead00000| PB 0x00000000ead00000| Complete 
| 174|0x00000000eae00000, 0x00000000eaf00000, 0x00000000eaf00000|100%| E|CS|TAMS 0x00000000eae00000| PB 0x00000000eae00000| Complete 
| 175|0x00000000eaf00000, 0x00000000eb000000, 0x00000000eb000000|100%| E|CS|TAMS 0x00000000eaf00000| PB 0x00000000eaf00000| Complete 
| 176|0x00000000eb000000, 0x00000000eb100000, 0x00000000eb100000|100%| E|CS|TAMS 0x00000000eb000000| PB 0x00000000eb000000| Complete 
| 177|0x00000000eb100000, 0x00000000eb200000, 0x00000000eb200000|100%| E|CS|TAMS 0x00000000eb100000| PB 0x00000000eb100000| Complete 
| 178|0x00000000eb200000, 0x00000000eb300000, 0x00000000eb300000|100%| E|CS|TAMS 0x00000000eb200000| PB 0x00000000eb200000| Complete 
| 179|0x00000000eb300000, 0x00000000eb400000, 0x00000000eb400000|100%| E|CS|TAMS 0x00000000eb300000| PB 0x00000000eb300000| Complete 
| 180|0x00000000eb400000, 0x00000000eb500000, 0x00000000eb500000|100%| E|CS|TAMS 0x00000000eb400000| PB 0x00000000eb400000| Complete 
| 181|0x00000000eb500000, 0x00000000eb600000, 0x00000000eb600000|100%| E|CS|TAMS 0x00000000eb500000| PB 0x00000000eb500000| Complete 
| 182|0x00000000eb600000, 0x00000000eb700000, 0x00000000eb700000|100%| E|CS|TAMS 0x00000000eb600000| PB 0x00000000eb600000| Complete 
| 183|0x00000000eb700000, 0x00000000eb800000, 0x00000000eb800000|100%| E|CS|TAMS 0x00000000eb700000| PB 0x00000000eb700000| Complete 
| 184|0x00000000eb800000, 0x00000000eb900000, 0x00000000eb900000|100%| E|CS|TAMS 0x00000000eb800000| PB 0x00000000eb800000| Complete 
| 185|0x00000000eb900000, 0x00000000eba00000, 0x00000000eba00000|100%| E|CS|TAMS 0x00000000eb900000| PB 0x00000000eb900000| Complete 
| 186|0x00000000eba00000, 0x00000000ebb00000, 0x00000000ebb00000|100%| E|CS|TAMS 0x00000000eba00000| PB 0x00000000eba00000| Complete 
| 187|0x00000000ebb00000, 0x00000000ebc00000, 0x00000000ebc00000|100%| E|CS|TAMS 0x00000000ebb00000| PB 0x00000000ebb00000| Complete 
| 188|0x00000000ebc00000, 0x00000000ebd00000, 0x00000000ebd00000|100%| E|CS|TAMS 0x00000000ebc00000| PB 0x00000000ebc00000| Complete 
| 189|0x00000000ebd00000, 0x00000000ebe00000, 0x00000000ebe00000|100%| E|CS|TAMS 0x00000000ebd00000| PB 0x00000000ebd00000| Complete 
| 190|0x00000000ebe00000, 0x00000000ebf00000, 0x00000000ebf00000|100%| E|CS|TAMS 0x00000000ebe00000| PB 0x00000000ebe00000| Complete 
| 191|0x00000000ebf00000, 0x00000000ec000000, 0x00000000ec000000|100%| E|CS|TAMS 0x00000000ebf00000| PB 0x00000000ebf00000| Complete 
| 192|0x00000000ec000000, 0x00000000ec100000, 0x00000000ec100000|100%| E|CS|TAMS 0x00000000ec000000| PB 0x00000000ec000000| Complete 
| 193|0x00000000ec100000, 0x00000000ec1fcc38, 0x00000000ec200000| 98%| S|CS|TAMS 0x00000000ec100000| PB 0x00000000ec100000| Complete 
| 194|0x00000000ec200000, 0x00000000ec300000, 0x00000000ec300000|100%| S|CS|TAMS 0x00000000ec200000| PB 0x00000000ec200000| Complete 
| 195|0x00000000ec300000, 0x00000000ec400000, 0x00000000ec400000|100%| S|CS|TAMS 0x00000000ec300000| PB 0x00000000ec300000| Complete 
| 196|0x00000000ec400000, 0x00000000ec500000, 0x00000000ec500000|100%| S|CS|TAMS 0x00000000ec400000| PB 0x00000000ec400000| Complete 
| 197|0x00000000ec500000, 0x00000000ec600000, 0x00000000ec600000|100%| S|CS|TAMS 0x00000000ec500000| PB 0x00000000ec500000| Complete 
| 198|0x00000000ec600000, 0x00000000ec700000, 0x00000000ec700000|100%| S|CS|TAMS 0x00000000ec600000| PB 0x00000000ec600000| Complete 
| 199|0x00000000ec700000, 0x00000000ec800000, 0x00000000ec800000|100%| E|CS|TAMS 0x00000000ec700000| PB 0x00000000ec700000| Complete 
| 200|0x00000000ec800000, 0x00000000ec900000, 0x00000000ec900000|100%| E|CS|TAMS 0x00000000ec800000| PB 0x00000000ec800000| Complete 
| 201|0x00000000ec900000, 0x00000000eca00000, 0x00000000eca00000|100%| E|CS|TAMS 0x00000000ec900000| PB 0x00000000ec900000| Complete 
| 202|0x00000000eca00000, 0x00000000ecb00000, 0x00000000ecb00000|100%| E|CS|TAMS 0x00000000eca00000| PB 0x00000000eca00000| Complete 
| 203|0x00000000ecb00000, 0x00000000ecc00000, 0x00000000ecc00000|100%| E|CS|TAMS 0x00000000ecb00000| PB 0x00000000ecb00000| Complete 
| 204|0x00000000ecc00000, 0x00000000ecd00000, 0x00000000ecd00000|100%| E|CS|TAMS 0x00000000ecc00000| PB 0x00000000ecc00000| Complete 
| 205|0x00000000ecd00000, 0x00000000ece00000, 0x00000000ece00000|100%| E|CS|TAMS 0x00000000ecd00000| PB 0x00000000ecd00000| Complete 
| 206|0x00000000ece00000, 0x00000000ecf00000, 0x00000000ecf00000|100%| E|CS|TAMS 0x00000000ece00000| PB 0x00000000ece00000| Complete 
| 207|0x00000000ecf00000, 0x00000000ed000000, 0x00000000ed000000|100%| E|CS|TAMS 0x00000000ecf00000| PB 0x00000000ecf00000| Complete 
| 208|0x00000000ed000000, 0x00000000ed100000, 0x00000000ed100000|100%| E|CS|TAMS 0x00000000ed000000| PB 0x00000000ed000000| Complete 
| 209|0x00000000ed100000, 0x00000000ed200000, 0x00000000ed200000|100%| E|CS|TAMS 0x00000000ed100000| PB 0x00000000ed100000| Complete 
| 210|0x00000000ed200000, 0x00000000ed300000, 0x00000000ed300000|100%| E|CS|TAMS 0x00000000ed200000| PB 0x00000000ed200000| Complete 
| 211|0x00000000ed300000, 0x00000000ed400000, 0x00000000ed400000|100%| E|CS|TAMS 0x00000000ed300000| PB 0x00000000ed300000| Complete 
| 212|0x00000000ed400000, 0x00000000ed500000, 0x00000000ed500000|100%| E|CS|TAMS 0x00000000ed400000| PB 0x00000000ed400000| Complete 
| 213|0x00000000ed500000, 0x00000000ed600000, 0x00000000ed600000|100%| E|CS|TAMS 0x00000000ed500000| PB 0x00000000ed500000| Complete 
| 214|0x00000000ed600000, 0x00000000ed700000, 0x00000000ed700000|100%| E|CS|TAMS 0x00000000ed600000| PB 0x00000000ed600000| Complete 
| 215|0x00000000ed700000, 0x00000000ed800000, 0x00000000ed800000|100%| E|CS|TAMS 0x00000000ed700000| PB 0x00000000ed700000| Complete 
| 216|0x00000000ed800000, 0x00000000ed900000, 0x00000000ed900000|100%| E|CS|TAMS 0x00000000ed800000| PB 0x00000000ed800000| Complete 
| 217|0x00000000ed900000, 0x00000000eda00000, 0x00000000eda00000|100%| E|CS|TAMS 0x00000000ed900000| PB 0x00000000ed900000| Complete 
| 218|0x00000000eda00000, 0x00000000edb00000, 0x00000000edb00000|100%| E|CS|TAMS 0x00000000eda00000| PB 0x00000000eda00000| Complete 
| 219|0x00000000edb00000, 0x00000000edc00000, 0x00000000edc00000|100%| E|CS|TAMS 0x00000000edb00000| PB 0x00000000edb00000| Complete 
| 220|0x00000000edc00000, 0x00000000edd00000, 0x00000000edd00000|100%| E|CS|TAMS 0x00000000edc00000| PB 0x00000000edc00000| Complete 
| 221|0x00000000edd00000, 0x00000000ede00000, 0x00000000ede00000|100%| E|CS|TAMS 0x00000000edd00000| PB 0x00000000edd00000| Complete 
| 222|0x00000000ede00000, 0x00000000edf00000, 0x00000000edf00000|100%| E|CS|TAMS 0x00000000ede00000| PB 0x00000000ede00000| Complete 
| 223|0x00000000edf00000, 0x00000000ee000000, 0x00000000ee000000|100%| E|CS|TAMS 0x00000000edf00000| PB 0x00000000edf00000| Complete 
| 224|0x00000000ee000000, 0x00000000ee100000, 0x00000000ee100000|100%| E|CS|TAMS 0x00000000ee000000| PB 0x00000000ee000000| Complete 
| 225|0x00000000ee100000, 0x00000000ee200000, 0x00000000ee200000|100%| E|CS|TAMS 0x00000000ee100000| PB 0x00000000ee100000| Complete 
| 226|0x00000000ee200000, 0x00000000ee300000, 0x00000000ee300000|100%| E|CS|TAMS 0x00000000ee200000| PB 0x00000000ee200000| Complete 
| 227|0x00000000ee300000, 0x00000000ee400000, 0x00000000ee400000|100%| E|CS|TAMS 0x00000000ee300000| PB 0x00000000ee300000| Complete 
| 228|0x00000000ee400000, 0x00000000ee500000, 0x00000000ee500000|100%| E|CS|TAMS 0x00000000ee400000| PB 0x00000000ee400000| Complete 
| 229|0x00000000ee500000, 0x00000000ee600000, 0x00000000ee600000|100%| E|CS|TAMS 0x00000000ee500000| PB 0x00000000ee500000| Complete 
| 230|0x00000000ee600000, 0x00000000ee700000, 0x00000000ee700000|100%| E|CS|TAMS 0x00000000ee600000| PB 0x00000000ee600000| Complete 
| 231|0x00000000ee700000, 0x00000000ee800000, 0x00000000ee800000|100%| E|CS|TAMS 0x00000000ee700000| PB 0x00000000ee700000| Complete 
| 232|0x00000000ee800000, 0x00000000ee900000, 0x00000000ee900000|100%| E|CS|TAMS 0x00000000ee800000| PB 0x00000000ee800000| Complete 
| 233|0x00000000ee900000, 0x00000000eea00000, 0x00000000eea00000|100%| E|CS|TAMS 0x00000000ee900000| PB 0x00000000ee900000| Complete 
| 234|0x00000000eea00000, 0x00000000eeb00000, 0x00000000eeb00000|100%| E|CS|TAMS 0x00000000eea00000| PB 0x00000000eea00000| Complete 
| 235|0x00000000eeb00000, 0x00000000eec00000, 0x00000000eec00000|100%| E|CS|TAMS 0x00000000eeb00000| PB 0x00000000eeb00000| Complete 
| 236|0x00000000eec00000, 0x00000000eed00000, 0x00000000eed00000|100%| E|CS|TAMS 0x00000000eec00000| PB 0x00000000eec00000| Complete 
| 237|0x00000000eed00000, 0x00000000eee00000, 0x00000000eee00000|100%| E|CS|TAMS 0x00000000eed00000| PB 0x00000000eed00000| Complete 
| 238|0x00000000eee00000, 0x00000000eef00000, 0x00000000eef00000|100%| E|CS|TAMS 0x00000000eee00000| PB 0x00000000eee00000| Complete 
| 239|0x00000000eef00000, 0x00000000ef000000, 0x00000000ef000000|100%| E|CS|TAMS 0x00000000eef00000| PB 0x00000000eef00000| Complete 
| 240|0x00000000ef000000, 0x00000000ef100000, 0x00000000ef100000|100%| E|CS|TAMS 0x00000000ef000000| PB 0x00000000ef000000| Complete 
| 241|0x00000000ef100000, 0x00000000ef200000, 0x00000000ef200000|100%| E|CS|TAMS 0x00000000ef100000| PB 0x00000000ef100000| Complete 
| 242|0x00000000ef200000, 0x00000000ef300000, 0x00000000ef300000|100%| E|CS|TAMS 0x00000000ef200000| PB 0x00000000ef200000| Complete 
| 243|0x00000000ef300000, 0x00000000ef400000, 0x00000000ef400000|100%| E|CS|TAMS 0x00000000ef300000| PB 0x00000000ef300000| Complete 
| 244|0x00000000ef400000, 0x00000000ef500000, 0x00000000ef500000|100%| E|CS|TAMS 0x00000000ef400000| PB 0x00000000ef400000| Complete 
| 245|0x00000000ef500000, 0x00000000ef600000, 0x00000000ef600000|100%| E|CS|TAMS 0x00000000ef500000| PB 0x00000000ef500000| Complete 
| 246|0x00000000ef600000, 0x00000000ef700000, 0x00000000ef700000|100%| E|CS|TAMS 0x00000000ef600000| PB 0x00000000ef600000| Complete 
| 247|0x00000000ef700000, 0x00000000ef800000, 0x00000000ef800000|100%| E|CS|TAMS 0x00000000ef700000| PB 0x00000000ef700000| Complete 
| 248|0x00000000ef800000, 0x00000000ef900000, 0x00000000ef900000|100%| E|CS|TAMS 0x00000000ef800000| PB 0x00000000ef800000| Complete 
| 249|0x00000000ef900000, 0x00000000efa00000, 0x00000000efa00000|100%| E|CS|TAMS 0x00000000ef900000| PB 0x00000000ef900000| Complete 
| 250|0x00000000efa00000, 0x00000000efb00000, 0x00000000efb00000|100%| E|CS|TAMS 0x00000000efa00000| PB 0x00000000efa00000| Complete 
| 251|0x00000000efb00000, 0x00000000efc00000, 0x00000000efc00000|100%| E|CS|TAMS 0x00000000efb00000| PB 0x00000000efb00000| Complete 
| 252|0x00000000efc00000, 0x00000000efd00000, 0x00000000efd00000|100%| E|CS|TAMS 0x00000000efc00000| PB 0x00000000efc00000| Complete 
| 253|0x00000000efd00000, 0x00000000efe00000, 0x00000000efe00000|100%| E|CS|TAMS 0x00000000efd00000| PB 0x00000000efd00000| Complete 
| 254|0x00000000efe00000, 0x00000000eff00000, 0x00000000eff00000|100%| E|CS|TAMS 0x00000000efe00000| PB 0x00000000efe00000| Complete 
| 255|0x00000000eff00000, 0x00000000f0000000, 0x00000000f0000000|100%| E|CS|TAMS 0x00000000eff00000| PB 0x00000000eff00000| Complete 

Card table byte_map: [0x000002986c780000,0x000002986c880000] _byte_map_base: 0x000002986c080000

Marking Bits: (CMBitMap*) 0x000002985a191a50
 Bits: [0x000002986c880000, 0x000002986d080000)

Polling page: 0x0000029858280000

Metaspace:

Usage:
  Non-class:     13.65 MB used.
      Class:      2.13 MB used.
       Both:     15.78 MB used.

Virtual space:
  Non-class space:       64.00 MB reserved,      13.88 MB ( 22%) committed,  1 nodes.
      Class space:      320.00 MB reserved,       2.38 MB ( <1%) committed,  1 nodes.
             Both:      384.00 MB reserved,      16.25 MB (  4%) committed. 

Chunk freelists:
   Non-Class:  1.66 MB
       Class:  13.60 MB
        Both:  15.26 MB

MaxMetaspaceSize: 384.00 MB
CompressedClassSpaceSize: 320.00 MB
Initial GC threshold: 21.00 MB
Current GC threshold: 21.00 MB
CDS: on
 - commit_granule_bytes: 65536.
 - commit_granule_words: 8192.
 - virtual_space_node_default_size: 8388608.
 - enlarge_chunks_in_place: 1.
 - use_allocation_guard: 0.


Internal statistics:

num_allocs_failed_limit: 0.
num_arena_births: 518.
num_arena_deaths: 0.
num_vsnodes_births: 2.
num_vsnodes_deaths: 0.
num_space_committed: 260.
num_space_uncommitted: 0.
num_chunks_returned_to_freelist: 0.
num_chunks_taken_from_freelist: 1057.
num_chunk_merges: 0.
num_chunk_splits: 671.
num_chunks_enlarged: 464.
num_inconsistent_stats: 0.

CodeHeap 'non-profiled nmethods': size=120000Kb used=1765Kb max_used=1765Kb free=118234Kb
 bounds [0x0000029864e20000, 0x0000029865090000, 0x000002986c350000]
CodeHeap 'profiled nmethods': size=120000Kb used=7167Kb max_used=7167Kb free=112832Kb
 bounds [0x000002985d350000, 0x000002985da50000, 0x0000029864880000]
CodeHeap 'non-nmethods': size=5760Kb used=1400Kb max_used=1417Kb free=4359Kb
 bounds [0x0000029864880000, 0x0000029864af0000, 0x0000029864e20000]
CodeCache: size=245760Kb, used=10332Kb, max_used=10349Kb, free=235425Kb
 total_blobs=4139, nmethods=3579, adapters=465, full_count=0
Compilation: enabled, stopped_count=0, restarted_count=0

Compilation events (20 events):
Event: 78.200 Thread 0x000002986fb1c750 nmethod 3564 0x000002985da42c90 code [0x000002985da42e20, 0x000002985da42f38]
Event: 78.201 Thread 0x000002986fb1c750 3565       3       java.lang.invoke.MethodType::methodType (7 bytes)
Event: 78.201 Thread 0x000002986fb1c750 nmethod 3565 0x000002985da43010 code [0x000002985da431c0, 0x000002985da432e0]
Event: 78.214 Thread 0x000002986fb10ae0 3566   !   4       java.lang.ClassLoader::loadClass (121 bytes)
Event: 78.226 Thread 0x000002986fb1c750 3570       1       org.gradle.internal.service.DefaultServiceRegistry::access$2400 (5 bytes)
Event: 78.226 Thread 0x000002986fb1c750 nmethod 3570 0x0000029864fd8e10 code [0x0000029864fd8fa0, 0x0000029864fd9050]
Event: 78.226 Thread 0x000002986fb1c750 3571       3       java.lang.reflect.ReflectAccess::getRoot (5 bytes)
Event: 78.226 Thread 0x000002986fb1c750 nmethod 3571 0x000002985da43390 code [0x000002985da43540, 0x000002985da43718]
Event: 78.227 Thread 0x000002986fb1c750 3572       3       java.lang.invoke.InfoFromMemberName::getModifiers (8 bytes)
Event: 78.227 Thread 0x000002986fb1c750 nmethod 3572 0x000002985da43810 code [0x000002985da439c0, 0x000002985da43b38]
Event: 78.229 Thread 0x000002986fb1c750 3573       3       org.gradle.internal.service.DefaultServiceRegistry$OwnServices::getProviders (26 bytes)
Event: 78.229 Thread 0x000002986fb1c750 nmethod 3573 0x000002985da43c10 code [0x000002985da43de0, 0x000002985da44160]
Event: 78.229 Thread 0x000002986fb1c750 3575       3       org.gradle.internal.service.DefaultServiceRegistry$OwnServices::getService (317 bytes)
Event: 78.230 Thread 0x000002986fb1c750 nmethod 3575 0x000002985da44290 code [0x000002985da447e0, 0x000002985da475a8]
Event: 78.230 Thread 0x000002986fb1c750 3576       3       org.gradle.internal.service.DefaultServiceRegistry$CompositeServiceProvider::getService (52 bytes)
Event: 78.230 Thread 0x000002986fb1c750 nmethod 3576 0x000002985da48310 code [0x000002985da484e0, 0x000002985da48800]
Event: 78.230 Thread 0x000002986fb1c750 3574       3       jdk.internal.misc.Unsafe::weakCompareAndSetReference (11 bytes)
Event: 78.230 Thread 0x000002986fb1c750 nmethod 3574 0x000002985da48990 code [0x000002985da48b20, 0x000002985da48c90]
Event: 78.971 Thread 0x000002986fb1c750 3577       3       java.util.concurrent.ConcurrentLinkedQueue::poll (84 bytes)
Event: 79.401 Thread 0x000002986fb1c750 nmethod 3577 0x000002985da48d10 code [0x000002985da49340, 0x000002985da4ca10]

GC Heap History (6 events):
Event: 13.672 GC heap before
{Heap before GC invocations=0 (full 0):
 garbage-first heap   total 262144K, used 22528K [0x00000000e0000000, 0x0000000100000000)
  region size 1024K, 23 young (23552K), 0 survivors (0K)
 Metaspace       used 966K, committed 1088K, reserved 393216K
  class space    used 78K, committed 128K, reserved 327680K
}
Event: 13.978 GC heap after
{Heap after GC invocations=1 (full 0):
 garbage-first heap   total 262144K, used 1791K [0x00000000e0000000, 0x0000000100000000)
  region size 1024K, 2 young (2048K), 2 survivors (2048K)
 Metaspace       used 966K, committed 1088K, reserved 393216K
  class space    used 78K, committed 128K, reserved 327680K
}
Event: 28.592 GC heap before
{Heap before GC invocations=1 (full 0):
 garbage-first heap   total 262144K, used 41727K [0x00000000e0000000, 0x0000000100000000)
  region size 1024K, 39 young (39936K), 2 survivors (2048K)
 Metaspace       used 4437K, committed 4608K, reserved 393216K
  class space    used 564K, committed 640K, reserved 327680K
}
Event: 28.597 GC heap after
{Heap after GC invocations=2 (full 0):
 garbage-first heap   total 262144K, used 10916K [0x00000000e0000000, 0x0000000100000000)
  region size 1024K, 5 young (5120K), 5 survivors (5120K)
 Metaspace       used 4437K, committed 4608K, reserved 393216K
  class space    used 564K, committed 640K, reserved 327680K
}
Event: 36.548 GC heap before
{Heap before GC invocations=2 (full 0):
 garbage-first heap   total 262144K, used 66212K [0x00000000e0000000, 0x0000000100000000)
  region size 1024K, 57 young (58368K), 5 survivors (5120K)
 Metaspace       used 6319K, committed 6528K, reserved 393216K
  class space    used 849K, committed 960K, reserved 327680K
}
Event: 36.553 GC heap after
{Heap after GC invocations=3 (full 0):
 garbage-first heap   total 262144K, used 18138K [0x00000000e0000000, 0x0000000100000000)
  region size 1024K, 6 young (6144K), 6 survivors (6144K)
 Metaspace       used 6319K, committed 6528K, reserved 393216K
  class space    used 849K, committed 960K, reserved 327680K
}

Dll operation events (20 events):
Event: 3.528 Attempting to load shared library C:\Users\wogud\.vscode\extensions\redhat.java-1.56.0-win32-x64\jre\21.0.12.1-win32-x86_64\bin\nio.dll
Event: 3.529 Loaded shared library C:\Users\wogud\.vscode\extensions\redhat.java-1.56.0-win32-x64\jre\21.0.12.1-win32-x86_64\bin\nio.dll
Event: 3.532 Attempting to load shared library C:\Users\wogud\.vscode\extensions\redhat.java-1.56.0-win32-x64\jre\21.0.12.1-win32-x86_64\bin\zip.dll
Event: 3.532 Loaded shared library C:\Users\wogud\.vscode\extensions\redhat.java-1.56.0-win32-x64\jre\21.0.12.1-win32-x86_64\bin\zip.dll
Event: 13.287 Attempting to load shared library C:\Users\wogud\.vscode\extensions\redhat.java-1.56.0-win32-x64\jre\21.0.12.1-win32-x86_64\bin\jimage.dll
Event: 13.288 Loaded shared library C:\Users\wogud\.vscode\extensions\redhat.java-1.56.0-win32-x64\jre\21.0.12.1-win32-x86_64\bin\jimage.dll
Event: 17.313 Attempting to load shared library C:\Users\wogud\.vscode\extensions\redhat.java-1.56.0-win32-x64\jre\21.0.12.1-win32-x86_64\bin\verify.dll
Event: 17.318 Loaded shared library C:\Users\wogud\.vscode\extensions\redhat.java-1.56.0-win32-x64\jre\21.0.12.1-win32-x86_64\bin\verify.dll
Event: 18.493 Attempting to load shared library C:\Users\wogud\.gradle\native\1def1411415f61bf3af743bc5b6707747c0891f09f0c88961ee8f79bc544acac\windows-amd64\native-platform.dll
Event: 18.516 Loaded shared library C:\Users\wogud\.gradle\native\1def1411415f61bf3af743bc5b6707747c0891f09f0c88961ee8f79bc544acac\windows-amd64\native-platform.dll
Event: 18.699 Attempting to load shared library C:\Users\wogud\.gradle\native\0.2.7\x86_64-windows-gnu\gradle-fileevents.dll
Event: 18.708 Loaded shared library C:\Users\wogud\.gradle\native\0.2.7\x86_64-windows-gnu\gradle-fileevents.dll
Event: 36.307 Attempting to load shared library C:\Users\wogud\.vscode\extensions\redhat.java-1.56.0-win32-x64\jre\21.0.12.1-win32-x86_64\bin\management.dll
Event: 36.431 Loaded shared library C:\Users\wogud\.vscode\extensions\redhat.java-1.56.0-win32-x64\jre\21.0.12.1-win32-x86_64\bin\management.dll
Event: 36.472 Attempting to load shared library C:\Users\wogud\.vscode\extensions\redhat.java-1.56.0-win32-x64\jre\21.0.12.1-win32-x86_64\bin\management_ext.dll
Event: 36.544 Loaded shared library C:\Users\wogud\.vscode\extensions\redhat.java-1.56.0-win32-x64\jre\21.0.12.1-win32-x86_64\bin\management_ext.dll
Event: 38.637 Attempting to load shared library C:\Users\wogud\.vscode\extensions\redhat.java-1.56.0-win32-x64\jre\21.0.12.1-win32-x86_64\bin\extnet.dll
Event: 38.705 Loaded shared library C:\Users\wogud\.vscode\extensions\redhat.java-1.56.0-win32-x64\jre\21.0.12.1-win32-x86_64\bin\extnet.dll
Event: 47.046 Attempting to load shared library C:\Users\wogud\.vscode\extensions\redhat.java-1.56.0-win32-x64\jre\21.0.12.1-win32-x86_64\bin\sunmscapi.dll
Event: 47.089 Loaded shared library C:\Users\wogud\.vscode\extensions\redhat.java-1.56.0-win32-x64\jre\21.0.12.1-win32-x86_64\bin\sunmscapi.dll

Deoptimization events (20 events):
Event: 73.804 Thread 0x0000029875f9cbb0 Uncommon trap: trap_request=0xffffff45 fr.pc=0x0000029864f43e2c relative=0x000000000000016c
Event: 73.804 Thread 0x0000029875f9cbb0 Uncommon trap: reason=unstable_if action=reinterpret pc=0x0000029864f43e2c method=java.util.concurrent.ConcurrentHashMap.addCount(JI)V @ 34 c2
Event: 73.805 Thread 0x0000029875f9cbb0 DEOPT PACKING pc=0x0000029864f43e2c sp=0x000000aa8ddfeef0
Event: 73.805 Thread 0x0000029875f9cbb0 DEOPT UNPACKING pc=0x00000298648d4422 sp=0x000000aa8ddfee30 mode 2
Event: 76.139 Thread 0x00000298749f4c80 Uncommon trap: trap_request=0xffffff45 fr.pc=0x0000029864f2bc58 relative=0x0000000000000478
Event: 76.139 Thread 0x00000298749f4c80 Uncommon trap: reason=unstable_if action=reinterpret pc=0x0000029864f2bc58 method=java.util.HashMap.getNode(Ljava/lang/Object;)Ljava/util/HashMap$Node; @ 66 c2
Event: 76.139 Thread 0x00000298749f4c80 DEOPT PACKING pc=0x0000029864f2bc58 sp=0x000000aa893fbf60
Event: 76.139 Thread 0x00000298749f4c80 DEOPT UNPACKING pc=0x00000298648d4422 sp=0x000000aa893fbe80 mode 2
Event: 76.139 Thread 0x00000298749f4c80 Uncommon trap: trap_request=0xffffff45 fr.pc=0x0000029864f9be20 relative=0x0000000000000780
Event: 76.139 Thread 0x00000298749f4c80 Uncommon trap: reason=unstable_if action=reinterpret pc=0x0000029864f9be20 method=java.util.HashMap.putVal(ILjava/lang/Object;Ljava/lang/Object;ZZ)Ljava/lang/Object; @ 94 c2
Event: 76.139 Thread 0x00000298749f4c80 DEOPT PACKING pc=0x0000029864f9be20 sp=0x000000aa893fbee0
Event: 76.139 Thread 0x00000298749f4c80 DEOPT UNPACKING pc=0x00000298648d4422 sp=0x000000aa893fbe78 mode 2
Event: 76.149 Thread 0x00000298749f4c80 Uncommon trap: trap_request=0xffffff45 fr.pc=0x0000029864ecce18 relative=0x00000000000002d8
Event: 76.149 Thread 0x00000298749f4c80 Uncommon trap: reason=unstable_if action=reinterpret pc=0x0000029864ecce18 method=java.util.concurrent.ConcurrentHashMap.get(Ljava/lang/Object;)Ljava/lang/Object; @ 152 c2
Event: 76.149 Thread 0x00000298749f4c80 DEOPT PACKING pc=0x0000029864ecce18 sp=0x000000aa893fb4d0
Event: 76.149 Thread 0x00000298749f4c80 DEOPT UNPACKING pc=0x00000298648d4422 sp=0x000000aa893fb438 mode 2
Event: 78.230 Thread 0x00000298749f4c80 Uncommon trap: trap_request=0xffffffc6 fr.pc=0x0000029864f99cc0 relative=0x0000000000000600
Event: 78.230 Thread 0x00000298749f4c80 Uncommon trap: reason=bimorphic_or_optimized_type_check action=maybe_recompile pc=0x0000029864f99cc0 method=java.util.regex.Matcher.match(II)Z @ 121 c2
Event: 78.230 Thread 0x00000298749f4c80 DEOPT PACKING pc=0x0000029864f99cc0 sp=0x000000aa893fbf20
Event: 78.230 Thread 0x00000298749f4c80 DEOPT UNPACKING pc=0x00000298648d4422 sp=0x000000aa893fbe70 mode 2

Classes loaded (20 events):
Event: 76.398 Loading class java/lang/TypeNotPresentException
Event: 76.398 Loading class java/lang/TypeNotPresentException done
Event: 76.886 Loading class java/util/ConcurrentModificationException
Event: 76.886 Loading class java/util/ConcurrentModificationException done
Event: 76.991 Loading class jdk/internal/org/objectweb/asm/ClassReader
Event: 76.992 Loading class jdk/internal/org/objectweb/asm/ClassReader done
Event: 77.007 Loading class sun/reflect/generics/scope/ConstructorScope
Event: 77.007 Loading class sun/reflect/generics/scope/ConstructorScope done
Event: 78.213 Loading class java/nio/file/attribute/PosixFilePermission
Event: 78.213 Loading class java/nio/file/attribute/PosixFilePermission done
Event: 78.213 Loading class java/nio/file/NoSuchFileException
Event: 78.213 Loading class java/nio/file/FileSystemException
Event: 78.213 Loading class java/nio/file/FileSystemException done
Event: 78.213 Loading class java/nio/file/NoSuchFileException done
Event: 78.216 Loading class java/nio/file/attribute/PosixFilePermissions
Event: 78.216 Loading class java/nio/file/attribute/PosixFilePermissions done
Event: 78.216 Loading class java/util/RegularEnumSet$EnumSetIterator
Event: 78.217 Loading class java/util/RegularEnumSet$EnumSetIterator done
Event: 78.217 Loading class java/nio/file/attribute/PosixFilePermissions$1
Event: 78.217 Loading class java/nio/file/attribute/PosixFilePermissions$1 done

Classes unloaded (0 events):
No events

Classes redefined (0 events):
No events

Internal exceptions (20 events):
Event: 47.700 Thread 0x0000029874988ce0 Implicit null exception at 0x0000029864f3ab77 to 0x0000029864f3b1b0
Event: 47.838 Thread 0x0000029874988ce0 Exception <a 'java/lang/NoSuchMethodError'{0x00000000eee981c0}: 'void java.lang.invoke.DirectMethodHandle$Holder.invokeSpecial(java.lang.Object, java.lang.Object, java.lang.Object)'> (0x00000000eee981c0) 
thrown [s\src\hotspot\share\interpreter\linkResolver.cpp, line 773]
Event: 48.037 Thread 0x00000298749f4c80 Exception <a 'java/lang/NoSuchMethodError'{0x00000000eea0ac08}: 'void java.lang.invoke.DirectMethodHandle$Holder.invokeStatic(java.lang.Object, java.lang.Object)'> (0x00000000eea0ac08) 
thrown [s\src\hotspot\share\interpreter\linkResolver.cpp, line 773]
Event: 48.042 Thread 0x00000298749f4c80 Exception <a 'java/lang/NoSuchMethodError'{0x00000000eea19e00}: 'void java.lang.invoke.DirectMethodHandle$Holder.invokeStatic(java.lang.Object, int, java.lang.Object)'> (0x00000000eea19e00) 
thrown [s\src\hotspot\share\interpreter\linkResolver.cpp, line 773]
Event: 48.612 Thread 0x0000029874988ce0 Exception <a 'java/lang/NoSuchMethodError'{0x00000000eea8b960}: 'long java.lang.invoke.DirectMethodHandle$Holder.invokeSpecial(java.lang.Object, java.lang.Object)'> (0x00000000eea8b960) 
thrown [s\src\hotspot\share\interpreter\linkResolver.cpp, line 773]
Event: 48.613 Thread 0x0000029874988ce0 Exception <a 'java/lang/NoSuchMethodError'{0x00000000eea8f2f8}: 'long java.lang.invoke.Invokers$Holder.invokeExact_MT(java.lang.Object, java.lang.Object)'> (0x00000000eea8f2f8) 
thrown [s\src\hotspot\share\interpreter\linkResolver.cpp, line 773]
Event: 48.621 Thread 0x0000029874988ce0 Exception <a 'java/lang/NoSuchMethodError'{0x00000000eeaf4c28}: static Lorg/gradle/internal/exceptions/LocationAwareException;.<clinit>()V> (0x00000000eeaf4c28) 
thrown [s\src\hotspot\share\prims\jni.cpp, line 1111]
Event: 48.622 Thread 0x0000029874988ce0 Exception <a 'java/lang/NoSuchMethodError'{0x00000000eeafaae8}: static Lorg/gradle/internal/exceptions/ContextAwareException;.<clinit>()V> (0x00000000eeafaae8) 
thrown [s\src\hotspot\share\prims\jni.cpp, line 1111]
Event: 48.622 Thread 0x0000029874988ce0 Exception <a 'java/lang/NoSuchMethodError'{0x00000000eeafc8b8}: static Lorg/gradle/api/GradleException;.<clinit>()V> (0x00000000eeafc8b8) 
thrown [s\src\hotspot\share\prims\jni.cpp, line 1111]
Event: 48.626 Thread 0x0000029874988ce0 Exception <a 'java/lang/NoSuchMethodError'{0x00000000ee91c808}: static [Ljava/lang/StackTraceElement;.<clinit>()V> (0x00000000ee91c808) 
thrown [s\src\hotspot\share\prims\jni.cpp, line 1111]
Event: 74.067 Thread 0x0000029874031490 Exception <a 'sun/net/ConnectionResetException'{0x00000000e851b848}: Connection reset> (0x00000000e851b848) 
thrown [s\src\hotspot\share\prims\jni.cpp, line 539]
Event: 74.610 Thread 0x00000298749f4c80 Exception <a 'java/lang/NoSuchMethodError'{0x00000000e80acf10}: 'long java.lang.invoke.DirectMethodHandle$Holder.invokeInterface(java.lang.Object, java.lang.Object)'> (0x00000000e80acf10) 
thrown [s\src\hotspot\share\interpreter\linkResolver.cpp, line 773]
Event: 75.026 Thread 0x00000298749f4c80 Exception <a 'java/lang/NoSuchMethodError'{0x00000000e7b17728}: 'java.lang.Object java.lang.invoke.DirectMethodHandle$Holder.invokeVirtual(java.lang.Object, java.lang.Object, java.lang.Object, java.lang.Object, java.lang.Object, java.lang.Object, java.lang.Object, java.lang.Object, java.lang.Object, java.lang.Object, java.lang.Object, java.lang.Object)'> (0x00000000e7b17728) 
thrown [s\src\hotspot\share\interpreter\linkResolver.cpp, line 773]
Event: 75.027 Thread 0x00000298749f4c80 Exception <a 'java/lang/NoSuchMethodError'{0x00000000e7b1c750}: 'java.lang.Object java.lang.invoke.DirectMethodHandle$Holder.invokeSpecial(java.lang.Object, java.lang.Object, java.lang.Object, java.lang.Object, java.lang.Object, java.lang.Object, java.lang.Object, java.lang.Object, java.lang.Object, java.lang.Object, java.lang.Object, java.lang.Object, java.lang.Object)'> (0x00000000e7b1c750) 
thrown [s\src\hotspot\share\interpreter\linkResolver.cpp, line 773]
Event: 76.153 Thread 0x00000298749f4c80 Exception <a 'java/lang/NoSuchMethodError'{0x00000000e7976190}: 'int java.lang.invoke.DirectMethodHandle$Holder.invokeVirtual(java.lang.Object, java.lang.Object, java.lang.Object)'> (0x00000000e7976190) 
thrown [s\src\hotspot\share\interpreter\linkResolver.cpp, line 773]
Event: 76.866 Thread 0x00000298749f4c80 Exception <a 'java/lang/NoSuchMethodError'{0x00000000e77e6350}: 'java.lang.Object java.lang.invoke.DirectMethodHandle$Holder.newInvokeSpecial(java.lang.Object, java.lang.Object, java.lang.Object, java.lang.Object, java.lang.Object, java.lang.Object)'> (0x00000000e77e6350) 
thrown [s\src\hotspot\share\interpreter\linkResolver.cpp, line 773]
Event: 77.330 Thread 0x00000298749f4c80 Exception <a 'java/lang/NoSuchMethodError'{0x00000000e74bac78}: 'void java.lang.invoke.DelegatingMethodHandle$Holder.reinvoke_L(java.lang.Object, java.lang.Object, java.lang.Object, java.lang.Object, java.lang.Object, java.lang.Object, java.lang.Object, java.lang.Object, java.lang.Object, java.lang.Object)'> (0x00000000e74bac78) 
thrown [s\src\hotspot\share\interpreter\linkResolver.cpp, line 773]
Event: 77.331 Thread 0x00000298749f4c80 Exception <a 'java/lang/NoSuchMethodError'{0x00000000e74c2758}: 'java.lang.Object java.lang.invoke.Invokers$Holder.invoker(java.lang.Object, java.lang.Object, java.lang.Object, java.lang.Object, java.lang.Object, java.lang.Object, java.lang.Object, java.lang.Object, java.lang.Object, java.lang.Object)'> (0x00000000e74c2758) 
thrown [s\src\hotspot\share\interpreter\linkResolver.cpp, line 773]
Event: 78.224 Thread 0x00000298749f4c80 Exception <a 'java/lang/NoSuchMethodError'{0x00000000e6d03df0}: 'void java.lang.invoke.DirectMethodHandle$Holder.invokeInterface(java.lang.Object, java.lang.Object)'> (0x00000000e6d03df0) 
thrown [s\src\hotspot\share\interpreter\linkResolver.cpp, line 773]
Event: 78.225 Thread 0x00000298749f4c80 Exception <a 'java/lang/IncompatibleClassChangeError'{0x00000000e6d07370}: Found class java.lang.Object, but interface was expected> (0x00000000e6d07370) 
thrown [s\src\hotspot\share\interpreter\linkResolver.cpp, line 840]

ZGC Phase Switch (0 events):
No events

VM Operations (20 events):
Event: 61.057 Executing safepoint VM operation: Cleanup done
Event: 65.094 Executing safepoint VM operation: Cleanup
Event: 65.110 Executing safepoint VM operation: Cleanup done
Event: 67.127 Executing safepoint VM operation: Cleanup
Event: 67.127 Executing safepoint VM operation: Cleanup done
Event: 71.140 Executing safepoint VM operation: Cleanup
Event: 71.140 Executing safepoint VM operation: Cleanup done
Event: 72.154 Executing safepoint VM operation: Cleanup
Event: 72.154 Executing safepoint VM operation: Cleanup done
Event: 74.184 Executing safepoint VM operation: Cleanup
Event: 74.427 Executing safepoint VM operation: Cleanup done
Event: 74.429 Executing non-safepoint VM operation: HandshakeAllThreads (Deoptimize)
Event: 74.430 Executing non-safepoint VM operation: HandshakeAllThreads (Deoptimize) done
Event: 75.433 Executing safepoint VM operation: Cleanup
Event: 76.116 Executing safepoint VM operation: Cleanup done
Event: 77.119 Executing safepoint VM operation: Cleanup
Event: 77.314 Executing safepoint VM operation: Cleanup done
Event: 78.218 Executing non-safepoint VM operation: HandshakeAllThreads (Deoptimize)
Event: 78.218 Executing non-safepoint VM operation: HandshakeAllThreads (Deoptimize) done
Event: 79.231 Executing safepoint VM operation: Cleanup

Memory protections (0 events):
No events

Nmethod flushes (0 events):
No events

Events (20 events):
Event: 73.820 Thread 0x0000029874033560 Thread exited: 0x0000029874033560
Event: 73.820 Thread 0x0000029874030e00 Thread exited: 0x0000029874030e00
Event: 73.821 Thread 0x0000029875f33050 Thread exited: 0x0000029875f33050
Event: 73.821 Thread 0x0000029874030770 Thread exited: 0x0000029874030770
Event: 73.822 Thread 0x0000029875f329c0 Thread exited: 0x0000029875f329c0
Event: 73.823 Thread 0x0000029875f357b0 Thread exited: 0x0000029875f357b0
Event: 73.824 Thread 0x0000029875f30260 Thread exited: 0x0000029875f30260
Event: 73.825 Thread 0x0000029875e26650 Thread exited: 0x0000029875e26650
Event: 73.825 Thread 0x0000029874cafca0 Thread exited: 0x0000029874cafca0
Event: 73.826 Thread 0x0000029874cb37b0 Thread exited: 0x0000029874cb37b0
Event: 73.826 Thread 0x0000029875e27370 Thread exited: 0x0000029875e27370
Event: 73.826 Thread 0x0000029875e231d0 Thread exited: 0x0000029875e231d0
Event: 73.826 Thread 0x0000029875e252a0 Thread exited: 0x0000029875e252a0
Event: 73.826 Thread 0x0000029875e22b40 Thread exited: 0x0000029875e22b40
Event: 73.826 Thread 0x0000029875f98a10 Thread exited: 0x0000029875f98a10
Event: 73.827 Thread 0x0000029875e26ce0 Thread exited: 0x0000029875e26ce0
Event: 73.827 Thread 0x0000029875f9b800 Thread exited: 0x0000029875f9b800
Event: 74.065 Thread 0x0000029874034910 Thread added: 0x00000298740321b0
Event: 74.428 Thread 0x00000298740321b0 Thread exited: 0x00000298740321b0
Event: 74.429 Thread 0x0000029874031490 Thread exited: 0x0000029874031490


Dynamic libraries:
0x00007ff7ef440000 - 0x00007ff7ef44e000 	C:\Users\wogud\.vscode\extensions\redhat.java-1.56.0-win32-x64\jre\21.0.12.1-win32-x86_64\bin\java.exe
0x00007ffcb6200000 - 0x00007ffcb6466000 	C:\Windows\SYSTEM32\ntdll.dll
0x00007ffcb4c90000 - 0x00007ffcb4d59000 	C:\Windows\System32\KERNEL32.DLL
0x00007ffcb35a0000 - 0x00007ffcb399f000 	C:\Windows\System32\KERNELBASE.dll
0x00007ffcaa340000 - 0x00007ffcaa3df000 	C:\Windows\SYSTEM32\apphelp.dll
0x00007ffcb3d10000 - 0x00007ffcb3e5c000 	C:\Windows\System32\ucrtbase.dll
0x00007ffc9c920000 - 0x00007ffc9c93e000 	C:\Users\wogud\.vscode\extensions\redhat.java-1.56.0-win32-x64\jre\21.0.12.1-win32-x86_64\bin\VCRUNTIME140.dll
0x00007ffc9c900000 - 0x00007ffc9c918000 	C:\Users\wogud\.vscode\extensions\redhat.java-1.56.0-win32-x64\jre\21.0.12.1-win32-x86_64\bin\jli.dll
0x00007ffcb5530000 - 0x00007ffcb56f6000 	C:\Windows\System32\USER32.dll
0x00007ffcb3a40000 - 0x00007ffcb3a67000 	C:\Windows\System32\win32u.dll
0x00007ffcb5aa0000 - 0x00007ffcb5acb000 	C:\Windows\System32\GDI32.dll
0x00007ffcb3a70000 - 0x00007ffcb3b99000 	C:\Windows\System32\gdi32full.dll
0x00007ffcb3ba0000 - 0x00007ffcb3c43000 	C:\Windows\System32\msvcp_win.dll
0x00007ffc8f650000 - 0x00007ffc8f8e1000 	C:\Windows\WinSxS\amd64_microsoft.windows.common-controls_6595b64144ccf1df_6.0.26100.8972_none_3e0da176e32f9d4b\COMCTL32.dll
0x00007ffcb59f0000 - 0x00007ffcb5a99000 	C:\Windows\System32\msvcrt.dll
0x00007ffcb4ac0000 - 0x00007ffcb4af2000 	C:\Windows\System32\IMM32.DLL
0x00007ffca8370000 - 0x00007ffca837c000 	C:\Users\wogud\.vscode\extensions\redhat.java-1.56.0-win32-x64\jre\21.0.12.1-win32-x86_64\bin\vcruntime140_1.dll
0x00007ffc79240000 - 0x00007ffc792cd000 	C:\Users\wogud\.vscode\extensions\redhat.java-1.56.0-win32-x64\jre\21.0.12.1-win32-x86_64\bin\msvcp140.dll
0x00007ffc29f90000 - 0x00007ffc2ad32000 	C:\Users\wogud\.vscode\extensions\redhat.java-1.56.0-win32-x64\jre\21.0.12.1-win32-x86_64\bin\server\jvm.dll
0x00007ffcb4bc0000 - 0x00007ffcb4c7c000 	C:\Windows\System32\ADVAPI32.dll
0x00007ffcb4940000 - 0x00007ffcb49ea000 	C:\Windows\System32\sechost.dll
0x00007ffcb4f80000 - 0x00007ffcb5098000 	C:\Windows\System32\RPCRT4.dll
0x00007ffcb4df0000 - 0x00007ffcb4e72000 	C:\Windows\System32\WS2_32.dll
0x00007ffcb3270000 - 0x00007ffcb32ce000 	C:\Windows\SYSTEM32\POWRPROF.dll
0x00007ffc97cb0000 - 0x00007ffc97ce6000 	C:\Windows\SYSTEM32\WINMM.dll
0x00007ffc9eb00000 - 0x00007ffc9eb0b000 	C:\Windows\SYSTEM32\VERSION.dll
0x00007ffcb3250000 - 0x00007ffcb3265000 	C:\Windows\SYSTEM32\UMPDC.dll
0x00007ffcb2100000 - 0x00007ffcb211b000 	C:\Windows\SYSTEM32\kernel.appcore.dll
0x00007ffc9c1f0000 - 0x00007ffc9c1fa000 	C:\Users\wogud\.vscode\extensions\redhat.java-1.56.0-win32-x64\jre\21.0.12.1-win32-x86_64\bin\jimage.dll
0x00007ffcb0b20000 - 0x00007ffcb0d62000 	C:\Windows\SYSTEM32\DBGHELP.DLL
0x00007ffcb5c70000 - 0x00007ffcb5ff5000 	C:\Windows\System32\combase.dll
0x00007ffcb40d0000 - 0x00007ffcb41a9000 	C:\Windows\System32\OLEAUT32.dll
0x00007ffc82970000 - 0x00007ffc829ab000 	C:\Windows\SYSTEM32\dbgcore.DLL
0x00007ffcb3e70000 - 0x00007ffcb3f1c000 	C:\Windows\System32\bcryptPrimitives.dll
0x00007ffc98bb0000 - 0x00007ffc98bbf000 	C:\Users\wogud\.vscode\extensions\redhat.java-1.56.0-win32-x64\jre\21.0.12.1-win32-x86_64\bin\instrument.dll
0x00007ffc980d0000 - 0x00007ffc980f0000 	C:\Users\wogud\.vscode\extensions\redhat.java-1.56.0-win32-x64\jre\21.0.12.1-win32-x86_64\bin\java.dll
0x00007ffcb41b0000 - 0x00007ffcb4938000 	C:\Windows\System32\SHELL32.dll
0x00007ffcb0e90000 - 0x00007ffcb172b000 	C:\Windows\SYSTEM32\windows.storage.dll
0x00007ffcb4e80000 - 0x00007ffcb4f79000 	C:\Windows\System32\SHCORE.dll
0x00007ffcb5be0000 - 0x00007ffcb5c46000 	C:\Windows\System32\shlwapi.dll
0x00007ffcb3330000 - 0x00007ffcb3359000 	C:\Windows\SYSTEM32\profapi.dll
0x00007ffc90770000 - 0x00007ffc90788000 	C:\Users\wogud\.vscode\extensions\redhat.java-1.56.0-win32-x64\jre\21.0.12.1-win32-x86_64\bin\zip.dll
0x00007ffc9c100000 - 0x00007ffc9c110000 	C:\Users\wogud\.vscode\extensions\redhat.java-1.56.0-win32-x64\jre\21.0.12.1-win32-x86_64\bin\net.dll
0x00007ffc9fa30000 - 0x00007ffc9fb58000 	C:\Windows\SYSTEM32\WINHTTP.dll
0x00007ffcb26b0000 - 0x00007ffcb271c000 	C:\Windows\system32\mswsock.dll
0x00007ffc90750000 - 0x00007ffc90766000 	C:\Users\wogud\.vscode\extensions\redhat.java-1.56.0-win32-x64\jre\21.0.12.1-win32-x86_64\bin\nio.dll
0x00007ffc98b40000 - 0x00007ffc98b50000 	C:\Users\wogud\.vscode\extensions\redhat.java-1.56.0-win32-x64\jre\21.0.12.1-win32-x86_64\bin\verify.dll
0x00007ffc2df70000 - 0x00007ffc2df97000 	C:\Users\wogud\.gradle\native\1def1411415f61bf3af743bc5b6707747c0891f09f0c88961ee8f79bc544acac\windows-amd64\native-platform.dll
0x00007ffc306c0000 - 0x00007ffc30738000 	C:\Users\wogud\.gradle\native\0.2.7\x86_64-windows-gnu\gradle-fileevents.dll
0x00007ffc98c00000 - 0x00007ffc98c0a000 	C:\Users\wogud\.vscode\extensions\redhat.java-1.56.0-win32-x64\jre\21.0.12.1-win32-x86_64\bin\management.dll
0x00007ffc98bf0000 - 0x00007ffc98bfc000 	C:\Users\wogud\.vscode\extensions\redhat.java-1.56.0-win32-x64\jre\21.0.12.1-win32-x86_64\bin\management_ext.dll
0x00007ffcb4b00000 - 0x00007ffcb4b08000 	C:\Windows\System32\PSAPI.DLL
0x00007ffcb1a80000 - 0x00007ffcb1ab3000 	C:\Windows\SYSTEM32\IPHLPAPI.DLL
0x00007ffcb49f0000 - 0x00007ffcb49fa000 	C:\Windows\System32\NSI.dll
0x00007ffc98460000 - 0x00007ffc98469000 	C:\Users\wogud\.vscode\extensions\redhat.java-1.56.0-win32-x64\jre\21.0.12.1-win32-x86_64\bin\extnet.dll
0x00007ffcb29a0000 - 0x00007ffcb29bb000 	C:\Windows\SYSTEM32\CRYPTSP.dll
0x00007ffcb2060000 - 0x00007ffcb2099000 	C:\Windows\system32\rsaenh.dll
0x00007ffcb2760000 - 0x00007ffcb2792000 	C:\Windows\SYSTEM32\USERENV.dll
0x00007ffcb3300000 - 0x00007ffcb332a000 	C:\Windows\SYSTEM32\bcrypt.dll
0x00007ffcb29c0000 - 0x00007ffcb29cc000 	C:\Windows\SYSTEM32\CRYPTBASE.dll
0x00007ffc9b520000 - 0x00007ffc9b52e000 	C:\Users\wogud\.vscode\extensions\redhat.java-1.56.0-win32-x64\jre\21.0.12.1-win32-x86_64\bin\sunmscapi.dll
0x00007ffcb3410000 - 0x00007ffcb358e000 	C:\Windows\System32\CRYPT32.dll
0x00007ffcb2be0000 - 0x00007ffcb2c10000 	C:\Windows\SYSTEM32\ncrypt.dll
0x00007ffcb2b90000 - 0x00007ffcb2bcf000 	C:\Windows\SYSTEM32\NTASN1.dll
0x00007ffc74dc0000 - 0x00007ffc74dc8000 	C:\Windows\system32\wshunix.dll

JVMTI agents:
C:\Users\wogud\.gradle\wrapper\dists\gradle-8.14.4-bin\92wwslzcyst3phie3o264zltu\gradle-8.14.4\lib\agents\gradle-instrumentation-agent-8.14.4.jar path:C:\Users\wogud\.vscode\extensions\redhat.java-1.56.0-win32-x64\jre\21.0.12.1-win32-x86_64\bin\instrument.dll, loaded, initialized, instrumentlib options:none

dbghelp: loaded successfully - version: 4.0.5 - missing functions: none
symbol engine: initialized successfully - sym options: 0x614 - pdb path: .;C:\Users\wogud\.vscode\extensions\redhat.java-1.56.0-win32-x64\jre\21.0.12.1-win32-x86_64\bin;C:\Windows\SYSTEM32;C:\Windows\WinSxS\amd64_microsoft.windows.common-controls_6595b64144ccf1df_6.0.26100.8972_none_3e0da176e32f9d4b;C:\Users\wogud\.vscode\extensions\redhat.java-1.56.0-win32-x64\jre\21.0.12.1-win32-x86_64\bin\server;C:\Users\wogud\.gradle\native\1def1411415f61bf3af743bc5b6707747c0891f09f0c88961ee8f79bc544acac\windows-amd64;C:\Users\wogud\.gradle\native\0.2.7\x86_64-windows-gnu

VM Arguments:
jvm_args: --add-opens=java.base/java.lang=ALL-UNNAMED --add-opens=java.base/java.lang.invoke=ALL-UNNAMED --add-opens=java.base/java.util=ALL-UNNAMED --add-opens=java.prefs/java.util.prefs=ALL-UNNAMED --add-exports=jdk.compiler/com.sun.tools.javac.api=ALL-UNNAMED --add-exports=jdk.compiler/com.sun.tools.javac.util=ALL-UNNAMED --add-opens=java.base/java.util=ALL-UNNAMED --add-opens=java.prefs/java.util.prefs=ALL-UNNAMED --add-opens=java.base/java.nio.charset=ALL-UNNAMED --add-opens=java.base/java.net=ALL-UNNAMED --add-opens=java.base/java.util.concurrent.atomic=ALL-UNNAMED --add-opens=java.xml/javax.xml.namespace=ALL-UNNAMED -XX:MaxMetaspaceSize=384m -XX:+HeapDumpOnOutOfMemoryError -Xms256m -Xmx512m -Dfile.encoding=UTF-8 -Duser.country=KR -Duser.language=ko -Duser.variant -javaagent:C:\Users\wogud\.gradle\wrapper\dists\gradle-8.14.4-bin\92wwslzcyst3phie3o264zltu\gradle-8.14.4\lib\agents\gradle-instrumentation-agent-8.14.4.jar 
java_command: org.gradle.launcher.daemon.bootstrap.GradleDaemon 8.14.4
java_class_path (initial): C:\Users\wogud\.gradle\wrapper\dists\gradle-8.14.4-bin\92wwslzcyst3phie3o264zltu\gradle-8.14.4\lib\gradle-daemon-main-8.14.4.jar
Launcher Type: SUN_STANDARD

[Global flags]
     intx CICompilerCount                          = 4                                         {product} {ergonomic}
   size_t CompressedClassSpaceSize                 = 335544320                                 {product} {ergonomic}
     uint ConcGCThreads                            = 2                                         {product} {ergonomic}
     uint G1ConcRefinementThreads                  = 8                                         {product} {ergonomic}
   size_t G1HeapRegionSize                         = 1048576                                   {product} {ergonomic}
    uintx GCDrainStackTargetSize                   = 64                                        {product} {ergonomic}
     bool HeapDumpOnOutOfMemoryError               = true                                   {manageable} {command line}
   size_t InitialHeapSize                          = 268435456                                 {product} {command line}
   size_t MarkStackSize                            = 4194304                                   {product} {ergonomic}
   size_t MaxHeapSize                              = 536870912                                 {product} {command line}
   size_t MaxMetaspaceSize                         = 402653184                                 {product} {command line}
   size_t MaxNewSize                               = 321912832                                 {product} {ergonomic}
   size_t MinHeapDeltaBytes                        = 1048576                                   {product} {ergonomic}
   size_t MinHeapSize                              = 268435456                                 {product} {command line}
    uintx NonNMethodCodeHeapSize                   = 5839372                                {pd product} {ergonomic}
    uintx NonProfiledCodeHeapSize                  = 122909434                              {pd product} {ergonomic}
    uintx ProfiledCodeHeapSize                     = 122909434                              {pd product} {ergonomic}
    uintx ReservedCodeCacheSize                    = 251658240                              {pd product} {ergonomic}
     bool SegmentedCodeCache                       = true                                      {product} {ergonomic}
   size_t SoftMaxHeapSize                          = 536870912                              {manageable} {ergonomic}
     bool UseCompressedOops                        = true                           {product lp64_product} {ergonomic}
     bool UseG1GC                                  = true                                      {product} {ergonomic}
     bool UseLargePagesIndividualAllocation        = false                                  {pd product} {ergonomic}

Logging:
Log output configuration:
 #0: stdout all=warning uptime,level,tags foldmultilines=false
 #1: stderr all=off uptime,level,tags foldmultilines=false

Release file:
JAVA_VERSION="21.0.12.1" 
MODULES="java.base java.compiler java.datatransfer java.xml java.prefs java.desktop java.instrument java.logging java.management java.security.sasl java.naming java.rmi java.management.rmi java.net.http java.scripting java.security.jgss java.transaction.xa java.sql java.sql.rowset java.xml.crypto java.se java.smartcardio jdk.accessibility jdk.internal.jvmstat jdk.attach jdk.charsets jdk.internal.opt jdk.zipfs jdk.compiler jdk.crypto.ec jdk.crypto.cryptoki jdk.crypto.mscapi jdk.dynalink jdk.internal.ed jdk.editpad jdk.hotspot.agent jdk.httpserver jdk.internal.le jdk.internal.vm.ci jdk.internal.vm.compiler jdk.internal.vm.compiler.management jdk.jartool jdk.javadoc jdk.jcmd jdk.management jdk.management.agent jdk.jconsole jdk.jdeps jdk.jdwp.agent jdk.jdi jdk.jfr jdk.jshell jdk.jsobject jdk.jstatd jdk.localedata jdk.management.jfr jdk.naming.dns jdk.naming.rmi jdk.net jdk.nio.mapmode jdk.random jdk.sctp jdk.security.auth jdk.security.jgss jdk.unsupported jdk.unsupported.desktop jdk.xml.dom" 

Environment Variables:
JAVA_HOME=C:\Program Files\Java\jdk-21.0.10
PATH=C:\Program Files\Common Files\Oracle\Java\javapath;C:\Program Files\Eclipse Adoptium\jdk-21.0.10.7-hotspot\bin;C:\Windows\system32;C:\Windows;C:\Windows\System32\Wbem;C:\Windows\System32\WindowsPowerShell\v1.0\;C:\Windows\System32\OpenSSH\;C:\Program Files\dotnet\;C:\Program Files\nodejs\;C:\Program Files\Git\cmd;C:\Users\wogud\AppData\Local\Programs\Python\Python313\Scripts\;C:\Users\wogud\AppData\Local\Programs\Python\Python313\;C:\Users\wogud\AppData\Local\Programs\Python\Launcher\;C:\Users\wogud\AppData\Local\Microsoft\WindowsApps;C:\Users\wogud\AppData\Local\Programs\Microsoft VS Code\bin;C:\Users\wogud\.dotnet\tools;C:\Users\wogud\AppData\Roaming\npm
USERNAME=wogud
OS=Windows_NT
PROCESSOR_IDENTIFIER=Intel64 Family 6 Model 189 Stepping 1, GenuineIntel
TMP=C:\Users\wogud\AppData\Local\Temp
TEMP=C:\Users\wogud\AppData\Local\Temp




Periodic native trim disabled

---------------  S Y S T E M  ---------------

OS:
 Windows 11 , 64 bit Build 26100 (10.0.26100.9168)
OS uptime: 9 days 16:41 hours
Hyper-V role detected

CPU: total 8 (initial active 8) (8 cores per cpu, 1 threads per core) family 6 model 189 stepping 1 microcode 0x125, cx8, cmov, fxsr, mmx, 3dnowpref, sse, sse2, sse3, ssse3, sse4.1, sse4.2, popcnt, lzcnt, tsc, tscinvbit, avx, avx2, aes, erms, clmul, bmi1, bmi2, adx, sha, fma, vzeroupper, clflush, clflushopt, clwb, hv, serialize, rdtscp, rdpid, fsrm, f16c, cet_ibt, cet_ss
Processor Information for processor 0
  Max Mhz: 2200, Current Mhz: 2200, Mhz Limit: 2200
Processor Information for processor 1
  Max Mhz: 2200, Current Mhz: 2200, Mhz Limit: 2200
Processor Information for processor 2
  Max Mhz: 2200, Current Mhz: 2200, Mhz Limit: 2200
Processor Information for processor 3
  Max Mhz: 2200, Current Mhz: 2200, Mhz Limit: 2200
Processor Information for processor 4
  Max Mhz: 2200, Current Mhz: 2200, Mhz Limit: 2200
Processor Information for processor 5
  Max Mhz: 2200, Current Mhz: 2200, Mhz Limit: 2200
Processor Information for processor 6
  Max Mhz: 2200, Current Mhz: 2200, Mhz Limit: 2200
Processor Information for processor 7
  Max Mhz: 2200, Current Mhz: 2000, Mhz Limit: 2200

Memory: 4k page, system-wide physical 15914M (620M free)
TotalPageFile size 65066M (AvailPageFile size 12M)
current process WorkingSet (physical memory assigned to process): 145M, peak: 154M
current process commit charge ("private bytes"): 419M, peak: 420M

vm_info: OpenJDK 64-Bit Server VM (21.0.12.1+1-LTS) for windows-amd64 JRE (21.0.12.1+1-LTS), built on 2026-08-18T00:00:00Z by "admin" with MS VC++ 17.12 (VS2022)

END.
