#
# There is insufficient memory for the Java Runtime Environment to continue.
# Native memory allocation (malloc) failed to allocate 32744 bytes. Error detail: Chunk::new
# Possible reasons:
#   The system is out of physical RAM or swap space
#   This process is running with CompressedOops enabled, and the Java Heap may be blocking the growth of the native heap
# Possible solutions:
#   Reduce memory load on the system
#   Increase physical memory or swap space
#   Check if swap backing store is full
#   Decrease Java heap size (-Xmx/-Xms)
#   Decrease number of Java threads
#   Decrease Java thread stack sizes (-Xss)
#   Set larger code cache with -XX:ReservedCodeCacheSize=
#   JVM is running with Unscaled Compressed Oops mode in which the Java heap is
#     placed in the first 4GB address space. The Java Heap base address is the
#     maximum limit for the native heap growth. Please use -XX:HeapBaseMinAddress
#     to set the Java Heap base and to place the Java Heap above 4GB virtual address.
# This output file may be truncated or incomplete.
#
#  Out of Memory Error (arena.cpp:168), pid=15040, tid=47212
#
# JRE version: OpenJDK Runtime Environment Temurin-21.0.12.1+1 (21.0.12.1+1) (build 21.0.12.1+1-LTS)
# Java VM: OpenJDK 64-Bit Server VM Temurin-21.0.12.1+1 (21.0.12.1+1-LTS, mixed mode, sharing, tiered, compressed oops, compressed class ptrs, g1 gc, windows-amd64)
# No core dump will be written. Minidumps are not enabled by default on client versions of Windows
#

---------------  S U M M A R Y ------------

Command Line: --add-opens=java.base/java.lang=ALL-UNNAMED --add-opens=java.base/java.lang.invoke=ALL-UNNAMED --add-opens=java.base/java.util=ALL-UNNAMED --add-opens=java.prefs/java.util.prefs=ALL-UNNAMED --add-exports=jdk.compiler/com.sun.tools.javac.api=ALL-UNNAMED --add-exports=jdk.compiler/com.sun.tools.javac.util=ALL-UNNAMED --add-opens=java.base/java.util=ALL-UNNAMED --add-opens=java.prefs/java.util.prefs=ALL-UNNAMED --add-opens=java.base/java.nio.charset=ALL-UNNAMED --add-opens=java.base/java.net=ALL-UNNAMED --add-opens=java.base/java.util.concurrent.atomic=ALL-UNNAMED --add-opens=java.xml/javax.xml.namespace=ALL-UNNAMED -XX:MaxMetaspaceSize=384m -XX:+HeapDumpOnOutOfMemoryError -Xms256m -Xmx512m -Dfile.encoding=UTF-8 -Duser.country=KR -Duser.language=ko -Duser.variant -javaagent:C:\Users\wogud\.gradle\wrapper\dists\gradle-8.14.4-bin\92wwslzcyst3phie3o264zltu\gradle-8.14.4\lib\agents\gradle-instrumentation-agent-8.14.4.jar org.gradle.launcher.daemon.bootstrap.GradleDaemon 8.14.4

Host: Intel(R) Core(TM) Ultra 7 256V, 8 cores, 15G,  Windows 11 , 64 bit Build 26100 (10.0.26100.9168)
Time: Fri Sep  4 16:16:42 2026 elapsed time: 77.295868 seconds (0d 0h 1m 17s)

---------------  T H R E A D  ---------------

Current thread (0x00000172c7fdf7b0):  JavaThread "C2 CompilerThread1" daemon [_thread_in_native, id=47212, stack(0x00000012e6f00000,0x00000012e7000000) (1024K)]


Current CompileTask:
C2:77295 4359       4       java.util.regex.Pattern::compile (537 bytes)

Stack: [0x00000012e6f00000,0x00000012e7000000]
Native frames: (J=compiled Java code, j=interpreted, Vv=VM code, C=native code)
V  [jvm.dll+0x6d83e9]
V  [jvm.dll+0x8b5736]
V  [jvm.dll+0x8b7cee]
V  [jvm.dll+0x8b83d3]
V  [jvm.dll+0x284596]
V  [jvm.dll+0xc685d]
V  [jvm.dll+0xc6da1]
V  [jvm.dll+0x813219]
V  [jvm.dll+0x5fa8b0]
V  [jvm.dll+0x5f8620]
V  [jvm.dll+0x5f826d]
V  [jvm.dll+0x5f8150]
V  [jvm.dll+0x5f82d0]
V  [jvm.dll+0x5ff652]
V  [jvm.dll+0x255d67]
V  [jvm.dll+0x25612d]
V  [jvm.dll+0x24e6a0]
V  [jvm.dll+0x24bbe6]
V  [jvm.dll+0x1cb4ae]
V  [jvm.dll+0x25baad]
V  [jvm.dll+0x25a03a]
V  [jvm.dll+0x3f8aae]
V  [jvm.dll+0x8600cd]
V  [jvm.dll+0x6d6c1d]
C  [ucrtbase.dll+0x2cd30]
C  [KERNEL32.DLL+0x2ccb7]
C  [ntdll.dll+0xaad6c]


---------------  P R O C E S S  ---------------

Threads class SMR info:
_java_thread_list=0x00000172c75c1df0, length=30, elements={
0x0000017296bc0c10, 0x00000172ac57a0b0, 0x00000172ac57a720, 0x00000172ac5849e0,
0x00000172ac587450, 0x00000172ac587eb0, 0x00000172ac588910, 0x00000172ac5896a0,
0x00000172ac5935f0, 0x00000172ac742550, 0x00000172ac84f5b0, 0x00000172c6a25480,
0x00000172c7471030, 0x00000172c74c02d0, 0x00000172c7246a00, 0x00000172c60048a0,
0x00000172c6a208f0, 0x00000172c6ce1720, 0x00000172c6ce0a00, 0x00000172c6cdf650,
0x00000172c6ce1db0, 0x00000172c6ce1090, 0x00000172c6ce2440, 0x00000172c6ce2ad0,
0x00000172c6cdfce0, 0x00000172c81250d0, 0x00000172c8126480, 0x00000172c8124a40,
0x00000172c8125760, 0x00000172c7fdf7b0
}

Java Threads: ( => current thread )
  0x0000017296bc0c10 JavaThread "main"                              [_thread_blocked, id=43504, stack(0x00000012e4400000,0x00000012e4500000) (1024K)]
  0x00000172ac57a0b0 JavaThread "Reference Handler"          daemon [_thread_blocked, id=29348, stack(0x00000012e4c00000,0x00000012e4d00000) (1024K)]
  0x00000172ac57a720 JavaThread "Finalizer"                  daemon [_thread_blocked, id=14356, stack(0x00000012e4d00000,0x00000012e4e00000) (1024K)]
  0x00000172ac5849e0 JavaThread "Signal Dispatcher"          daemon [_thread_blocked, id=32208, stack(0x00000012e4e00000,0x00000012e4f00000) (1024K)]
  0x00000172ac587450 JavaThread "Attach Listener"            daemon [_thread_blocked, id=49144, stack(0x00000012e4f00000,0x00000012e5000000) (1024K)]
  0x00000172ac587eb0 JavaThread "Service Thread"             daemon [_thread_blocked, id=48284, stack(0x00000012e5000000,0x00000012e5100000) (1024K)]
  0x00000172ac588910 JavaThread "Monitor Deflation Thread"   daemon [_thread_blocked, id=8644, stack(0x00000012e5100000,0x00000012e5200000) (1024K)]
  0x00000172ac5896a0 JavaThread "C2 CompilerThread0"         daemon [_thread_in_native, id=40868, stack(0x00000012e5200000,0x00000012e5300000) (1024K)]
  0x00000172ac5935f0 JavaThread "C1 CompilerThread0"         daemon [_thread_in_vm, id=47084, stack(0x00000012e5300000,0x00000012e5400000) (1024K)]
  0x00000172ac742550 JavaThread "Common-Cleaner"             daemon [_thread_blocked, id=33592, stack(0x00000012e5400000,0x00000012e5500000) (1024K)]
  0x00000172ac84f5b0 JavaThread "Notification Thread"        daemon [_thread_blocked, id=11084, stack(0x00000012e5500000,0x00000012e5600000) (1024K)]
  0x00000172c6a25480 JavaThread "Daemon health stats"               [_thread_blocked, id=10004, stack(0x00000012e5b00000,0x00000012e5c00000) (1024K)]
  0x00000172c7471030 JavaThread "Incoming local TCP Connector on port 52831"        [_thread_in_native, id=39676, stack(0x00000012e5e00000,0x00000012e5f00000) (1024K)]
  0x00000172c74c02d0 JavaThread "Daemon periodic checks"            [_thread_blocked, id=24988, stack(0x00000012e5f00000,0x00000012e6000000) (1024K)]
  0x00000172c7246a00 JavaThread "Daemon"                            [_thread_blocked, id=50020, stack(0x00000012e6000000,0x00000012e6100000) (1024K)]
  0x00000172c60048a0 JavaThread "Handler for socket connection from /127.0.0.1:52831 to /127.0.0.1:52843"        [_thread_in_native, id=33020, stack(0x00000012e6100000,0x00000012e6200000) (1024K)]
  0x00000172c6a208f0 JavaThread "Cancel handler"                    [_thread_blocked, id=46604, stack(0x00000012e6200000,0x00000012e6300000) (1024K)]
  0x00000172c6ce1720 JavaThread "Daemon worker"                     [_thread_blocked, id=6388, stack(0x00000012e6300000,0x00000012e6400000) (1024K)]
  0x00000172c6ce0a00 JavaThread "Asynchronous log dispatcher for DefaultDaemonConnection: socket connection from /127.0.0.1:52831 to /127.0.0.1:52843"        [_thread_blocked, id=48720, stack(0x00000012e6400000,0x00000012e6500000) (1024K)]
  0x00000172c6cdf650 JavaThread "Stdin handler"                     [_thread_blocked, id=40416, stack(0x00000012e6500000,0x00000012e6600000) (1024K)]
  0x00000172c6ce1db0 JavaThread "Daemon client event forwarder"        [_thread_blocked, id=33604, stack(0x00000012e6600000,0x00000012e6700000) (1024K)]
  0x00000172c6ce1090 JavaThread "Cache worker for journal cache (C:\Users\wogud\.gradle\caches\journal-1)"        [_thread_blocked, id=18160, stack(0x00000012e6700000,0x00000012e6800000) (1024K)]
  0x00000172c6ce2440 JavaThread "File lock request listener"        [_thread_in_native, id=31704, stack(0x00000012e6800000,0x00000012e6900000) (1024K)]
  0x00000172c6ce2ad0 JavaThread "File lock release action executor"        [_thread_blocked, id=44004, stack(0x00000012e6900000,0x00000012e6a00000) (1024K)]
  0x00000172c6cdfce0 JavaThread "Cache worker for file hash cache (C:\Users\wogud\.gradle\caches\8.14.4\fileHashes)"        [_thread_blocked, id=48248, stack(0x00000012e6a00000,0x00000012e6b00000) (1024K)]
  0x00000172c81250d0 JavaThread "Cache worker for file hash cache (C:\Users\wogud\OneDrive\바탕 화면\cpaston_project\.gradle\8.14.4\fileHashes)"        [_thread_blocked, id=23284, stack(0x00000012e6b00000,0x00000012e6c00000) (1024K)]
  0x00000172c8126480 JavaThread "Cache worker for Build Output Cleanup Cache (C:\Users\wogud\OneDrive\바탕 화면\cpaston_project\.gradle\buildOutputCleanup)"        [_thread_blocked, id=24700, stack(0x00000012e6c00000,0x00000012e6d00000) (1024K)]
  0x00000172c8124a40 JavaThread "File watcher server"        daemon [_thread_in_native, id=4372, stack(0x00000012e6d00000,0x00000012e6e00000) (1024K)]
  0x00000172c8125760 JavaThread "File watcher consumer"      daemon [_thread_blocked, id=48112, stack(0x00000012e6e00000,0x00000012e6f00000) (1024K)]
=>0x00000172c7fdf7b0 JavaThread "C2 CompilerThread1"         daemon [_thread_in_native, id=47212, stack(0x00000012e6f00000,0x00000012e7000000) (1024K)]
Total: 30

Other Threads:
  0x00000172ac555490 VMThread "VM Thread"                           [id=8052, stack(0x00000012e4b00000,0x00000012e4c00000) (1024K)]
  0x00000172ac549580 WatcherThread "VM Periodic Task Thread"        [id=42000, stack(0x00000012e4a00000,0x00000012e4b00000) (1024K)]
  0x0000017296bec450 WorkerThread "GC Thread#0"                     [id=21540, stack(0x00000012e4500000,0x00000012e4600000) (1024K)]
  0x00000172ac88ad30 WorkerThread "GC Thread#1"                     [id=34724, stack(0x00000012e5600000,0x00000012e5700000) (1024K)]
  0x00000172ac772c90 WorkerThread "GC Thread#2"                     [id=19460, stack(0x00000012e5700000,0x00000012e5800000) (1024K)]
  0x00000172ac773040 WorkerThread "GC Thread#3"                     [id=36308, stack(0x00000012e5800000,0x00000012e5900000) (1024K)]
  0x00000172ac7611f0 WorkerThread "GC Thread#4"                     [id=48072, stack(0x00000012e5900000,0x00000012e5a00000) (1024K)]
  0x00000172ac7615a0 WorkerThread "GC Thread#5"                     [id=18192, stack(0x00000012e5a00000,0x00000012e5b00000) (1024K)]
  0x00000172ac631b10 WorkerThread "GC Thread#6"                     [id=31500, stack(0x00000012e5c00000,0x00000012e5d00000) (1024K)]
  0x00000172ac632270 WorkerThread "GC Thread#7"                     [id=11624, stack(0x00000012e5d00000,0x00000012e5e00000) (1024K)]
  0x0000017296bf1b60 ConcurrentGCThread "G1 Main Marker"            [id=36444, stack(0x00000012e4600000,0x00000012e4700000) (1024K)]
  0x0000017296bf2580 WorkerThread "G1 Conc#0"                       [id=38608, stack(0x00000012e4700000,0x00000012e4800000) (1024K)]
  0x00000172c8100b20 WorkerThread "G1 Conc#1"                       [id=4748, stack(0x00000012e4300000,0x00000012e4400000) (1024K)]
  0x00000172ac4111e0 ConcurrentGCThread "G1 Refine#0"               [id=44520, stack(0x00000012e4800000,0x00000012e4900000) (1024K)]
  0x00000172ac411b70 ConcurrentGCThread "G1 Service"                [id=23972, stack(0x00000012e4900000,0x00000012e4a00000) (1024K)]
Total: 15

Threads with active compile tasks:
C2 CompilerThread0  77310 4367       4       java.lang.String::split (148 bytes)
C1 CompilerThread0  77310 4381       3       java.util.stream.Collectors$CollectorImpl::<init> (13 bytes)
C2 CompilerThread1  77310 4359       4       java.util.regex.Pattern::compile (537 bytes)
C2 CompilerThread2  77310 4380       4       java.util.stream.ReferencePipeline::forEachWithCancel (23 bytes)
Total: 4

VM state: not at safepoint (normal execution)

VM Mutex/Monitor currently owned by a thread: None

Heap address: 0x00000000e0000000, size: 512 MB, Compressed Oops mode: 32-bit

CDS archive(s) mapped at: [0x00000172ad000000-0x00000172adba0000-0x00000172adba0000), size 12189696, SharedBaseAddress: 0x00000172ad000000, ArchiveRelocationMode: 1.
Compressed class space mapped at: 0x00000172ae000000-0x00000172c2000000, reserved size: 335544320
Narrow klass base: 0x00000172ad000000, Narrow klass shift: 0, Narrow klass range: 0x100000000

GC Precious Log:
 CardTable entry size: 512
 Card Set container configuration: InlinePtr #cards 5 size 8 Array Of Cards #cards 12 size 40 Howl #buckets 4 coarsen threshold 1843 Howl Bitmap #cards 512 size 80 coarsen threshold 460 Card regions per heap region 1 cards per card region 2048
 CPUs: 8 total, 8 available
 Memory: 15914M
 Large Page Support: Disabled
 NUMA Support: Disabled
 Compressed Oops: Enabled (32-bit)
 Heap Region Size: 1M
 Heap Min Capacity: 256M
 Heap Initial Capacity: 256M
 Heap Max Capacity: 512M
 Pre-touch: Disabled
 Parallel Workers: 8
 Concurrent Workers: 2
 Concurrent Refinement Workers: 8
 Periodic GC: Disabled

Heap:
 garbage-first heap   total 262144K, used 113466K [0x00000000e0000000, 0x0000000100000000)
  region size 1024K, 100 young (102400K), 12 survivors (12288K)
 Metaspace       used 32458K, committed 33472K, reserved 393216K
  class space    used 4620K, committed 5120K, reserved 327680K

Heap Regions: E=young(eden), S=young(survivor), O=old, HS=humongous(starts), HC=humongous(continues), CS=collection set, F=free, TAMS=top-at-mark-start, PB=parsable bottom
|   0|0x00000000e0000000, 0x00000000e0100000, 0x00000000e0100000|100%|HS|  |TAMS 0x00000000e0000000| PB 0x00000000e0000000| Complete 
|   1|0x00000000e0100000, 0x00000000e0200000, 0x00000000e0200000|100%|HC|  |TAMS 0x00000000e0100000| PB 0x00000000e0100000| Complete 
|   2|0x00000000e0200000, 0x00000000e0300000, 0x00000000e0300000|100%|HC|  |TAMS 0x00000000e0200000| PB 0x00000000e0200000| Complete 
|   3|0x00000000e0300000, 0x00000000e0400000, 0x00000000e0400000|100%| O|  |TAMS 0x00000000e0300000| PB 0x00000000e0300000| Untracked 
|   4|0x00000000e0400000, 0x00000000e0500000, 0x00000000e0500000|100%| O|  |TAMS 0x00000000e0400000| PB 0x00000000e0400000| Untracked 
|   5|0x00000000e0500000, 0x00000000e0600000, 0x00000000e0600000|100%| O|  |TAMS 0x00000000e0500000| PB 0x00000000e0500000| Untracked 
|   6|0x00000000e0600000, 0x00000000e0700000, 0x00000000e0700000|100%|HS|  |TAMS 0x00000000e0600000| PB 0x00000000e0600000| Complete 
|   7|0x00000000e0700000, 0x00000000e0700000, 0x00000000e0800000|  0%| F|  |TAMS 0x00000000e0700000| PB 0x00000000e0700000| Untracked 
|   8|0x00000000e0800000, 0x00000000e0900000, 0x00000000e0900000|100%| O|  |TAMS 0x00000000e0800000| PB 0x00000000e0800000| Untracked 
|   9|0x00000000e0900000, 0x00000000e0a00000, 0x00000000e0a00000|100%| O|Cm|TAMS 0x00000000e0900000| PB 0x00000000e0900000| Complete 
|  10|0x00000000e0a00000, 0x00000000e0b00000, 0x00000000e0b00000|100%| O|  |TAMS 0x00000000e0a00000| PB 0x00000000e0a00000| Untracked 
|  11|0x00000000e0b00000, 0x00000000e0c00000, 0x00000000e0c00000|100%| O|  |TAMS 0x00000000e0b00000| PB 0x00000000e0b00000| Untracked 
|  12|0x00000000e0c00000, 0x00000000e0ccf3f0, 0x00000000e0d00000| 80%| O|  |TAMS 0x00000000e0c00000| PB 0x00000000e0c00000| Untracked 
|  13|0x00000000e0d00000, 0x00000000e0d00000, 0x00000000e0e00000|  0%| F|  |TAMS 0x00000000e0d00000| PB 0x00000000e0d00000| Untracked 
|  14|0x00000000e0e00000, 0x00000000e0e00000, 0x00000000e0f00000|  0%| F|  |TAMS 0x00000000e0e00000| PB 0x00000000e0e00000| Untracked 
|  15|0x00000000e0f00000, 0x00000000e0f00000, 0x00000000e1000000|  0%| F|  |TAMS 0x00000000e0f00000| PB 0x00000000e0f00000| Untracked 
|  16|0x00000000e1000000, 0x00000000e1000000, 0x00000000e1100000|  0%| F|  |TAMS 0x00000000e1000000| PB 0x00000000e1000000| Untracked 
|  17|0x00000000e1100000, 0x00000000e1100000, 0x00000000e1200000|  0%| F|  |TAMS 0x00000000e1100000| PB 0x00000000e1100000| Untracked 
|  18|0x00000000e1200000, 0x00000000e1200000, 0x00000000e1300000|  0%| F|  |TAMS 0x00000000e1200000| PB 0x00000000e1200000| Untracked 
|  19|0x00000000e1300000, 0x00000000e1300000, 0x00000000e1400000|  0%| F|  |TAMS 0x00000000e1300000| PB 0x00000000e1300000| Untracked 
|  20|0x00000000e1400000, 0x00000000e1400000, 0x00000000e1500000|  0%| F|  |TAMS 0x00000000e1400000| PB 0x00000000e1400000| Untracked 
|  21|0x00000000e1500000, 0x00000000e1500000, 0x00000000e1600000|  0%| F|  |TAMS 0x00000000e1500000| PB 0x00000000e1500000| Untracked 
|  22|0x00000000e1600000, 0x00000000e1600000, 0x00000000e1700000|  0%| F|  |TAMS 0x00000000e1600000| PB 0x00000000e1600000| Untracked 
|  23|0x00000000e1700000, 0x00000000e1700000, 0x00000000e1800000|  0%| F|  |TAMS 0x00000000e1700000| PB 0x00000000e1700000| Untracked 
|  24|0x00000000e1800000, 0x00000000e1800000, 0x00000000e1900000|  0%| F|  |TAMS 0x00000000e1800000| PB 0x00000000e1800000| Untracked 
|  25|0x00000000e1900000, 0x00000000e1900000, 0x00000000e1a00000|  0%| F|  |TAMS 0x00000000e1900000| PB 0x00000000e1900000| Untracked 
|  26|0x00000000e1a00000, 0x00000000e1a00000, 0x00000000e1b00000|  0%| F|  |TAMS 0x00000000e1a00000| PB 0x00000000e1a00000| Untracked 
|  27|0x00000000e1b00000, 0x00000000e1b00000, 0x00000000e1c00000|  0%| F|  |TAMS 0x00000000e1b00000| PB 0x00000000e1b00000| Untracked 
|  28|0x00000000e1c00000, 0x00000000e1c00000, 0x00000000e1d00000|  0%| F|  |TAMS 0x00000000e1c00000| PB 0x00000000e1c00000| Untracked 
|  29|0x00000000e1d00000, 0x00000000e1d00000, 0x00000000e1e00000|  0%| F|  |TAMS 0x00000000e1d00000| PB 0x00000000e1d00000| Untracked 
|  30|0x00000000e1e00000, 0x00000000e1e00000, 0x00000000e1f00000|  0%| F|  |TAMS 0x00000000e1e00000| PB 0x00000000e1e00000| Untracked 
|  31|0x00000000e1f00000, 0x00000000e1f00000, 0x00000000e2000000|  0%| F|  |TAMS 0x00000000e1f00000| PB 0x00000000e1f00000| Untracked 
|  32|0x00000000e2000000, 0x00000000e2000000, 0x00000000e2100000|  0%| F|  |TAMS 0x00000000e2000000| PB 0x00000000e2000000| Untracked 
|  33|0x00000000e2100000, 0x00000000e2100000, 0x00000000e2200000|  0%| F|  |TAMS 0x00000000e2100000| PB 0x00000000e2100000| Untracked 
|  34|0x00000000e2200000, 0x00000000e2200000, 0x00000000e2300000|  0%| F|  |TAMS 0x00000000e2200000| PB 0x00000000e2200000| Untracked 
|  35|0x00000000e2300000, 0x00000000e2300000, 0x00000000e2400000|  0%| F|  |TAMS 0x00000000e2300000| PB 0x00000000e2300000| Untracked 
|  36|0x00000000e2400000, 0x00000000e2400000, 0x00000000e2500000|  0%| F|  |TAMS 0x00000000e2400000| PB 0x00000000e2400000| Untracked 
|  37|0x00000000e2500000, 0x00000000e2500000, 0x00000000e2600000|  0%| F|  |TAMS 0x00000000e2500000| PB 0x00000000e2500000| Untracked 
|  38|0x00000000e2600000, 0x00000000e2600000, 0x00000000e2700000|  0%| F|  |TAMS 0x00000000e2600000| PB 0x00000000e2600000| Untracked 
|  39|0x00000000e2700000, 0x00000000e2700000, 0x00000000e2800000|  0%| F|  |TAMS 0x00000000e2700000| PB 0x00000000e2700000| Untracked 
|  40|0x00000000e2800000, 0x00000000e2800000, 0x00000000e2900000|  0%| F|  |TAMS 0x00000000e2800000| PB 0x00000000e2800000| Untracked 
|  41|0x00000000e2900000, 0x00000000e2900000, 0x00000000e2a00000|  0%| F|  |TAMS 0x00000000e2900000| PB 0x00000000e2900000| Untracked 
|  42|0x00000000e2a00000, 0x00000000e2a00000, 0x00000000e2b00000|  0%| F|  |TAMS 0x00000000e2a00000| PB 0x00000000e2a00000| Untracked 
|  43|0x00000000e2b00000, 0x00000000e2b00000, 0x00000000e2c00000|  0%| F|  |TAMS 0x00000000e2b00000| PB 0x00000000e2b00000| Untracked 
|  44|0x00000000e2c00000, 0x00000000e2c00000, 0x00000000e2d00000|  0%| F|  |TAMS 0x00000000e2c00000| PB 0x00000000e2c00000| Untracked 
|  45|0x00000000e2d00000, 0x00000000e2d00000, 0x00000000e2e00000|  0%| F|  |TAMS 0x00000000e2d00000| PB 0x00000000e2d00000| Untracked 
|  46|0x00000000e2e00000, 0x00000000e2e00000, 0x00000000e2f00000|  0%| F|  |TAMS 0x00000000e2e00000| PB 0x00000000e2e00000| Untracked 
|  47|0x00000000e2f00000, 0x00000000e2f00000, 0x00000000e3000000|  0%| F|  |TAMS 0x00000000e2f00000| PB 0x00000000e2f00000| Untracked 
|  48|0x00000000e3000000, 0x00000000e3000000, 0x00000000e3100000|  0%| F|  |TAMS 0x00000000e3000000| PB 0x00000000e3000000| Untracked 
|  49|0x00000000e3100000, 0x00000000e3100000, 0x00000000e3200000|  0%| F|  |TAMS 0x00000000e3100000| PB 0x00000000e3100000| Untracked 
|  50|0x00000000e3200000, 0x00000000e3200000, 0x00000000e3300000|  0%| F|  |TAMS 0x00000000e3200000| PB 0x00000000e3200000| Untracked 
|  51|0x00000000e3300000, 0x00000000e3300000, 0x00000000e3400000|  0%| F|  |TAMS 0x00000000e3300000| PB 0x00000000e3300000| Untracked 
|  52|0x00000000e3400000, 0x00000000e3400000, 0x00000000e3500000|  0%| F|  |TAMS 0x00000000e3400000| PB 0x00000000e3400000| Untracked 
|  53|0x00000000e3500000, 0x00000000e3500000, 0x00000000e3600000|  0%| F|  |TAMS 0x00000000e3500000| PB 0x00000000e3500000| Untracked 
|  54|0x00000000e3600000, 0x00000000e3600000, 0x00000000e3700000|  0%| F|  |TAMS 0x00000000e3600000| PB 0x00000000e3600000| Untracked 
|  55|0x00000000e3700000, 0x00000000e3700000, 0x00000000e3800000|  0%| F|  |TAMS 0x00000000e3700000| PB 0x00000000e3700000| Untracked 
|  56|0x00000000e3800000, 0x00000000e3800000, 0x00000000e3900000|  0%| F|  |TAMS 0x00000000e3800000| PB 0x00000000e3800000| Untracked 
|  57|0x00000000e3900000, 0x00000000e3900000, 0x00000000e3a00000|  0%| F|  |TAMS 0x00000000e3900000| PB 0x00000000e3900000| Untracked 
|  58|0x00000000e3a00000, 0x00000000e3a00000, 0x00000000e3b00000|  0%| F|  |TAMS 0x00000000e3a00000| PB 0x00000000e3a00000| Untracked 
|  59|0x00000000e3b00000, 0x00000000e3b00000, 0x00000000e3c00000|  0%| F|  |TAMS 0x00000000e3b00000| PB 0x00000000e3b00000| Untracked 
|  60|0x00000000e3c00000, 0x00000000e3c00000, 0x00000000e3d00000|  0%| F|  |TAMS 0x00000000e3c00000| PB 0x00000000e3c00000| Untracked 
|  61|0x00000000e3d00000, 0x00000000e3d00000, 0x00000000e3e00000|  0%| F|  |TAMS 0x00000000e3d00000| PB 0x00000000e3d00000| Untracked 
|  62|0x00000000e3e00000, 0x00000000e3e00000, 0x00000000e3f00000|  0%| F|  |TAMS 0x00000000e3e00000| PB 0x00000000e3e00000| Untracked 
|  63|0x00000000e3f00000, 0x00000000e3f00000, 0x00000000e4000000|  0%| F|  |TAMS 0x00000000e3f00000| PB 0x00000000e3f00000| Untracked 
|  64|0x00000000e4000000, 0x00000000e4000000, 0x00000000e4100000|  0%| F|  |TAMS 0x00000000e4000000| PB 0x00000000e4000000| Untracked 
|  65|0x00000000e4100000, 0x00000000e4100000, 0x00000000e4200000|  0%| F|  |TAMS 0x00000000e4100000| PB 0x00000000e4100000| Untracked 
|  66|0x00000000e4200000, 0x00000000e4200000, 0x00000000e4300000|  0%| F|  |TAMS 0x00000000e4200000| PB 0x00000000e4200000| Untracked 
|  67|0x00000000e4300000, 0x00000000e4300000, 0x00000000e4400000|  0%| F|  |TAMS 0x00000000e4300000| PB 0x00000000e4300000| Untracked 
|  68|0x00000000e4400000, 0x00000000e4400000, 0x00000000e4500000|  0%| F|  |TAMS 0x00000000e4400000| PB 0x00000000e4400000| Untracked 
|  69|0x00000000e4500000, 0x00000000e4500000, 0x00000000e4600000|  0%| F|  |TAMS 0x00000000e4500000| PB 0x00000000e4500000| Untracked 
|  70|0x00000000e4600000, 0x00000000e4600000, 0x00000000e4700000|  0%| F|  |TAMS 0x00000000e4600000| PB 0x00000000e4600000| Untracked 
|  71|0x00000000e4700000, 0x00000000e4700000, 0x00000000e4800000|  0%| F|  |TAMS 0x00000000e4700000| PB 0x00000000e4700000| Untracked 
|  72|0x00000000e4800000, 0x00000000e4800000, 0x00000000e4900000|  0%| F|  |TAMS 0x00000000e4800000| PB 0x00000000e4800000| Untracked 
|  73|0x00000000e4900000, 0x00000000e4900000, 0x00000000e4a00000|  0%| F|  |TAMS 0x00000000e4900000| PB 0x00000000e4900000| Untracked 
|  74|0x00000000e4a00000, 0x00000000e4a00000, 0x00000000e4b00000|  0%| F|  |TAMS 0x00000000e4a00000| PB 0x00000000e4a00000| Untracked 
|  75|0x00000000e4b00000, 0x00000000e4b00000, 0x00000000e4c00000|  0%| F|  |TAMS 0x00000000e4b00000| PB 0x00000000e4b00000| Untracked 
|  76|0x00000000e4c00000, 0x00000000e4c00000, 0x00000000e4d00000|  0%| F|  |TAMS 0x00000000e4c00000| PB 0x00000000e4c00000| Untracked 
|  77|0x00000000e4d00000, 0x00000000e4d00000, 0x00000000e4e00000|  0%| F|  |TAMS 0x00000000e4d00000| PB 0x00000000e4d00000| Untracked 
|  78|0x00000000e4e00000, 0x00000000e4e00000, 0x00000000e4f00000|  0%| F|  |TAMS 0x00000000e4e00000| PB 0x00000000e4e00000| Untracked 
|  79|0x00000000e4f00000, 0x00000000e4f00000, 0x00000000e5000000|  0%| F|  |TAMS 0x00000000e4f00000| PB 0x00000000e4f00000| Untracked 
|  80|0x00000000e5000000, 0x00000000e5000000, 0x00000000e5100000|  0%| F|  |TAMS 0x00000000e5000000| PB 0x00000000e5000000| Untracked 
|  81|0x00000000e5100000, 0x00000000e5100000, 0x00000000e5200000|  0%| F|  |TAMS 0x00000000e5100000| PB 0x00000000e5100000| Untracked 
|  82|0x00000000e5200000, 0x00000000e5200000, 0x00000000e5300000|  0%| F|  |TAMS 0x00000000e5200000| PB 0x00000000e5200000| Untracked 
|  83|0x00000000e5300000, 0x00000000e5300000, 0x00000000e5400000|  0%| F|  |TAMS 0x00000000e5300000| PB 0x00000000e5300000| Untracked 
|  84|0x00000000e5400000, 0x00000000e5400000, 0x00000000e5500000|  0%| F|  |TAMS 0x00000000e5400000| PB 0x00000000e5400000| Untracked 
|  85|0x00000000e5500000, 0x00000000e5500000, 0x00000000e5600000|  0%| F|  |TAMS 0x00000000e5500000| PB 0x00000000e5500000| Untracked 
|  86|0x00000000e5600000, 0x00000000e5600000, 0x00000000e5700000|  0%| F|  |TAMS 0x00000000e5600000| PB 0x00000000e5600000| Untracked 
|  87|0x00000000e5700000, 0x00000000e5700000, 0x00000000e5800000|  0%| F|  |TAMS 0x00000000e5700000| PB 0x00000000e5700000| Untracked 
|  88|0x00000000e5800000, 0x00000000e5800000, 0x00000000e5900000|  0%| F|  |TAMS 0x00000000e5800000| PB 0x00000000e5800000| Untracked 
|  89|0x00000000e5900000, 0x00000000e5900000, 0x00000000e5a00000|  0%| F|  |TAMS 0x00000000e5900000| PB 0x00000000e5900000| Untracked 
|  90|0x00000000e5a00000, 0x00000000e5a00000, 0x00000000e5b00000|  0%| F|  |TAMS 0x00000000e5a00000| PB 0x00000000e5a00000| Untracked 
|  91|0x00000000e5b00000, 0x00000000e5b00000, 0x00000000e5c00000|  0%| F|  |TAMS 0x00000000e5b00000| PB 0x00000000e5b00000| Untracked 
|  92|0x00000000e5c00000, 0x00000000e5c00000, 0x00000000e5d00000|  0%| F|  |TAMS 0x00000000e5c00000| PB 0x00000000e5c00000| Untracked 
|  93|0x00000000e5d00000, 0x00000000e5d00000, 0x00000000e5e00000|  0%| F|  |TAMS 0x00000000e5d00000| PB 0x00000000e5d00000| Untracked 
|  94|0x00000000e5e00000, 0x00000000e5e00000, 0x00000000e5f00000|  0%| F|  |TAMS 0x00000000e5e00000| PB 0x00000000e5e00000| Untracked 
|  95|0x00000000e5f00000, 0x00000000e5f00000, 0x00000000e6000000|  0%| F|  |TAMS 0x00000000e5f00000| PB 0x00000000e5f00000| Untracked 
|  96|0x00000000e6000000, 0x00000000e6000000, 0x00000000e6100000|  0%| F|  |TAMS 0x00000000e6000000| PB 0x00000000e6000000| Untracked 
|  97|0x00000000e6100000, 0x00000000e6100000, 0x00000000e6200000|  0%| F|  |TAMS 0x00000000e6100000| PB 0x00000000e6100000| Untracked 
|  98|0x00000000e6200000, 0x00000000e6200000, 0x00000000e6300000|  0%| F|  |TAMS 0x00000000e6200000| PB 0x00000000e6200000| Untracked 
|  99|0x00000000e6300000, 0x00000000e6300000, 0x00000000e6400000|  0%| F|  |TAMS 0x00000000e6300000| PB 0x00000000e6300000| Untracked 
| 100|0x00000000e6400000, 0x00000000e6400000, 0x00000000e6500000|  0%| F|  |TAMS 0x00000000e6400000| PB 0x00000000e6400000| Untracked 
| 101|0x00000000e6500000, 0x00000000e6500000, 0x00000000e6600000|  0%| F|  |TAMS 0x00000000e6500000| PB 0x00000000e6500000| Untracked 
| 102|0x00000000e6600000, 0x00000000e6600000, 0x00000000e6700000|  0%| F|  |TAMS 0x00000000e6600000| PB 0x00000000e6600000| Untracked 
| 103|0x00000000e6700000, 0x00000000e6700000, 0x00000000e6800000|  0%| F|  |TAMS 0x00000000e6700000| PB 0x00000000e6700000| Untracked 
| 104|0x00000000e6800000, 0x00000000e6800000, 0x00000000e6900000|  0%| F|  |TAMS 0x00000000e6800000| PB 0x00000000e6800000| Untracked 
| 105|0x00000000e6900000, 0x00000000e6900000, 0x00000000e6a00000|  0%| F|  |TAMS 0x00000000e6900000| PB 0x00000000e6900000| Untracked 
| 106|0x00000000e6a00000, 0x00000000e6a00000, 0x00000000e6b00000|  0%| F|  |TAMS 0x00000000e6a00000| PB 0x00000000e6a00000| Untracked 
| 107|0x00000000e6b00000, 0x00000000e6b00000, 0x00000000e6c00000|  0%| F|  |TAMS 0x00000000e6b00000| PB 0x00000000e6b00000| Untracked 
| 108|0x00000000e6c00000, 0x00000000e6c00000, 0x00000000e6d00000|  0%| F|  |TAMS 0x00000000e6c00000| PB 0x00000000e6c00000| Untracked 
| 109|0x00000000e6d00000, 0x00000000e6d00000, 0x00000000e6e00000|  0%| F|  |TAMS 0x00000000e6d00000| PB 0x00000000e6d00000| Untracked 
| 110|0x00000000e6e00000, 0x00000000e6e00000, 0x00000000e6f00000|  0%| F|  |TAMS 0x00000000e6e00000| PB 0x00000000e6e00000| Untracked 
| 111|0x00000000e6f00000, 0x00000000e6f00000, 0x00000000e7000000|  0%| F|  |TAMS 0x00000000e6f00000| PB 0x00000000e6f00000| Untracked 
| 112|0x00000000e7000000, 0x00000000e7000000, 0x00000000e7100000|  0%| F|  |TAMS 0x00000000e7000000| PB 0x00000000e7000000| Untracked 
| 113|0x00000000e7100000, 0x00000000e7100000, 0x00000000e7200000|  0%| F|  |TAMS 0x00000000e7100000| PB 0x00000000e7100000| Untracked 
| 114|0x00000000e7200000, 0x00000000e7200000, 0x00000000e7300000|  0%| F|  |TAMS 0x00000000e7200000| PB 0x00000000e7200000| Untracked 
| 115|0x00000000e7300000, 0x00000000e7300000, 0x00000000e7400000|  0%| F|  |TAMS 0x00000000e7300000| PB 0x00000000e7300000| Untracked 
| 116|0x00000000e7400000, 0x00000000e7400000, 0x00000000e7500000|  0%| F|  |TAMS 0x00000000e7400000| PB 0x00000000e7400000| Untracked 
| 117|0x00000000e7500000, 0x00000000e7500000, 0x00000000e7600000|  0%| F|  |TAMS 0x00000000e7500000| PB 0x00000000e7500000| Untracked 
| 118|0x00000000e7600000, 0x00000000e7600000, 0x00000000e7700000|  0%| F|  |TAMS 0x00000000e7600000| PB 0x00000000e7600000| Untracked 
| 119|0x00000000e7700000, 0x00000000e7700000, 0x00000000e7800000|  0%| F|  |TAMS 0x00000000e7700000| PB 0x00000000e7700000| Untracked 
| 120|0x00000000e7800000, 0x00000000e7800000, 0x00000000e7900000|  0%| F|  |TAMS 0x00000000e7800000| PB 0x00000000e7800000| Untracked 
| 121|0x00000000e7900000, 0x00000000e7900000, 0x00000000e7a00000|  0%| F|  |TAMS 0x00000000e7900000| PB 0x00000000e7900000| Untracked 
| 122|0x00000000e7a00000, 0x00000000e7a00000, 0x00000000e7b00000|  0%| F|  |TAMS 0x00000000e7a00000| PB 0x00000000e7a00000| Untracked 
| 123|0x00000000e7b00000, 0x00000000e7b00000, 0x00000000e7c00000|  0%| F|  |TAMS 0x00000000e7b00000| PB 0x00000000e7b00000| Untracked 
| 124|0x00000000e7c00000, 0x00000000e7c00000, 0x00000000e7d00000|  0%| F|  |TAMS 0x00000000e7c00000| PB 0x00000000e7c00000| Untracked 
| 125|0x00000000e7d00000, 0x00000000e7d00000, 0x00000000e7e00000|  0%| F|  |TAMS 0x00000000e7d00000| PB 0x00000000e7d00000| Untracked 
| 126|0x00000000e7e00000, 0x00000000e7e00000, 0x00000000e7f00000|  0%| F|  |TAMS 0x00000000e7e00000| PB 0x00000000e7e00000| Untracked 
| 127|0x00000000e7f00000, 0x00000000e7f00000, 0x00000000e8000000|  0%| F|  |TAMS 0x00000000e7f00000| PB 0x00000000e7f00000| Untracked 
| 128|0x00000000e8000000, 0x00000000e8000000, 0x00000000e8100000|  0%| F|  |TAMS 0x00000000e8000000| PB 0x00000000e8000000| Untracked 
| 129|0x00000000e8100000, 0x00000000e8100000, 0x00000000e8200000|  0%| F|  |TAMS 0x00000000e8100000| PB 0x00000000e8100000| Untracked 
| 130|0x00000000e8200000, 0x00000000e8200000, 0x00000000e8300000|  0%| F|  |TAMS 0x00000000e8200000| PB 0x00000000e8200000| Untracked 
| 131|0x00000000e8300000, 0x00000000e8300000, 0x00000000e8400000|  0%| F|  |TAMS 0x00000000e8300000| PB 0x00000000e8300000| Untracked 
| 132|0x00000000e8400000, 0x00000000e8400000, 0x00000000e8500000|  0%| F|  |TAMS 0x00000000e8400000| PB 0x00000000e8400000| Untracked 
| 133|0x00000000e8500000, 0x00000000e8500000, 0x00000000e8600000|  0%| F|  |TAMS 0x00000000e8500000| PB 0x00000000e8500000| Untracked 
| 134|0x00000000e8600000, 0x00000000e8600000, 0x00000000e8700000|  0%| F|  |TAMS 0x00000000e8600000| PB 0x00000000e8600000| Untracked 
| 135|0x00000000e8700000, 0x00000000e8700000, 0x00000000e8800000|  0%| F|  |TAMS 0x00000000e8700000| PB 0x00000000e8700000| Untracked 
| 136|0x00000000e8800000, 0x00000000e8800000, 0x00000000e8900000|  0%| F|  |TAMS 0x00000000e8800000| PB 0x00000000e8800000| Untracked 
| 137|0x00000000e8900000, 0x00000000e8900000, 0x00000000e8a00000|  0%| F|  |TAMS 0x00000000e8900000| PB 0x00000000e8900000| Untracked 
| 138|0x00000000e8a00000, 0x00000000e8a00000, 0x00000000e8b00000|  0%| F|  |TAMS 0x00000000e8a00000| PB 0x00000000e8a00000| Untracked 
| 139|0x00000000e8b00000, 0x00000000e8b00000, 0x00000000e8c00000|  0%| F|  |TAMS 0x00000000e8b00000| PB 0x00000000e8b00000| Untracked 
| 140|0x00000000e8c00000, 0x00000000e8c00000, 0x00000000e8d00000|  0%| F|  |TAMS 0x00000000e8c00000| PB 0x00000000e8c00000| Untracked 
| 141|0x00000000e8d00000, 0x00000000e8d00000, 0x00000000e8e00000|  0%| F|  |TAMS 0x00000000e8d00000| PB 0x00000000e8d00000| Untracked 
| 142|0x00000000e8e00000, 0x00000000e8e00000, 0x00000000e8f00000|  0%| F|  |TAMS 0x00000000e8e00000| PB 0x00000000e8e00000| Untracked 
| 143|0x00000000e8f00000, 0x00000000e8f00000, 0x00000000e9000000|  0%| F|  |TAMS 0x00000000e8f00000| PB 0x00000000e8f00000| Untracked 
| 144|0x00000000e9000000, 0x00000000e9000000, 0x00000000e9100000|  0%| F|  |TAMS 0x00000000e9000000| PB 0x00000000e9000000| Untracked 
| 145|0x00000000e9100000, 0x00000000e9100000, 0x00000000e9200000|  0%| F|  |TAMS 0x00000000e9100000| PB 0x00000000e9100000| Untracked 
| 146|0x00000000e9200000, 0x00000000e9200000, 0x00000000e9300000|  0%| F|  |TAMS 0x00000000e9200000| PB 0x00000000e9200000| Untracked 
| 147|0x00000000e9300000, 0x00000000e9300000, 0x00000000e9400000|  0%| F|  |TAMS 0x00000000e9300000| PB 0x00000000e9300000| Untracked 
| 148|0x00000000e9400000, 0x00000000e9400000, 0x00000000e9500000|  0%| F|  |TAMS 0x00000000e9400000| PB 0x00000000e9400000| Untracked 
| 149|0x00000000e9500000, 0x00000000e9500000, 0x00000000e9600000|  0%| F|  |TAMS 0x00000000e9500000| PB 0x00000000e9500000| Untracked 
| 150|0x00000000e9600000, 0x00000000e9600000, 0x00000000e9700000|  0%| F|  |TAMS 0x00000000e9600000| PB 0x00000000e9600000| Untracked 
| 151|0x00000000e9700000, 0x00000000e9700000, 0x00000000e9800000|  0%| F|  |TAMS 0x00000000e9700000| PB 0x00000000e9700000| Untracked 
| 152|0x00000000e9800000, 0x00000000e9800000, 0x00000000e9900000|  0%| F|  |TAMS 0x00000000e9800000| PB 0x00000000e9800000| Untracked 
| 153|0x00000000e9900000, 0x00000000e9900000, 0x00000000e9a00000|  0%| F|  |TAMS 0x00000000e9900000| PB 0x00000000e9900000| Untracked 
| 154|0x00000000e9a00000, 0x00000000e9aff410, 0x00000000e9b00000| 99%| S|CS|TAMS 0x00000000e9a00000| PB 0x00000000e9a00000| Complete 
| 155|0x00000000e9b00000, 0x00000000e9c00000, 0x00000000e9c00000|100%| S|CS|TAMS 0x00000000e9b00000| PB 0x00000000e9b00000| Complete 
| 156|0x00000000e9c00000, 0x00000000e9d00000, 0x00000000e9d00000|100%| S|CS|TAMS 0x00000000e9c00000| PB 0x00000000e9c00000| Complete 
| 157|0x00000000e9d00000, 0x00000000e9e00000, 0x00000000e9e00000|100%| S|CS|TAMS 0x00000000e9d00000| PB 0x00000000e9d00000| Complete 
| 158|0x00000000e9e00000, 0x00000000e9f00000, 0x00000000e9f00000|100%| S|CS|TAMS 0x00000000e9e00000| PB 0x00000000e9e00000| Complete 
| 159|0x00000000e9f00000, 0x00000000ea000000, 0x00000000ea000000|100%| S|CS|TAMS 0x00000000e9f00000| PB 0x00000000e9f00000| Complete 
| 160|0x00000000ea000000, 0x00000000ea100000, 0x00000000ea100000|100%| S|CS|TAMS 0x00000000ea000000| PB 0x00000000ea000000| Complete 
| 161|0x00000000ea100000, 0x00000000ea200000, 0x00000000ea200000|100%| S|CS|TAMS 0x00000000ea100000| PB 0x00000000ea100000| Complete 
| 162|0x00000000ea200000, 0x00000000ea300000, 0x00000000ea300000|100%| S|CS|TAMS 0x00000000ea200000| PB 0x00000000ea200000| Complete 
| 163|0x00000000ea300000, 0x00000000ea400000, 0x00000000ea400000|100%| S|CS|TAMS 0x00000000ea300000| PB 0x00000000ea300000| Complete 
| 164|0x00000000ea400000, 0x00000000ea500000, 0x00000000ea500000|100%| S|CS|TAMS 0x00000000ea400000| PB 0x00000000ea400000| Complete 
| 165|0x00000000ea500000, 0x00000000ea600000, 0x00000000ea600000|100%| S|CS|TAMS 0x00000000ea500000| PB 0x00000000ea500000| Complete 
| 166|0x00000000ea600000, 0x00000000ea600000, 0x00000000ea700000|  0%| F|  |TAMS 0x00000000ea600000| PB 0x00000000ea600000| Untracked 
| 167|0x00000000ea700000, 0x00000000ea700000, 0x00000000ea800000|  0%| F|  |TAMS 0x00000000ea700000| PB 0x00000000ea700000| Untracked 
| 168|0x00000000ea800000, 0x00000000ea880000, 0x00000000ea900000| 50%| E|  |TAMS 0x00000000ea800000| PB 0x00000000ea800000| Complete 
| 169|0x00000000ea900000, 0x00000000eaa00000, 0x00000000eaa00000|100%| E|CS|TAMS 0x00000000ea900000| PB 0x00000000ea900000| Complete 
| 170|0x00000000eaa00000, 0x00000000eab00000, 0x00000000eab00000|100%| E|CS|TAMS 0x00000000eaa00000| PB 0x00000000eaa00000| Complete 
| 171|0x00000000eab00000, 0x00000000eac00000, 0x00000000eac00000|100%| E|CS|TAMS 0x00000000eab00000| PB 0x00000000eab00000| Complete 
| 172|0x00000000eac00000, 0x00000000ead00000, 0x00000000ead00000|100%| E|CS|TAMS 0x00000000eac00000| PB 0x00000000eac00000| Complete 
| 173|0x00000000ead00000, 0x00000000eae00000, 0x00000000eae00000|100%| E|CS|TAMS 0x00000000ead00000| PB 0x00000000ead00000| Complete 
| 174|0x00000000eae00000, 0x00000000eaf00000, 0x00000000eaf00000|100%| E|CS|TAMS 0x00000000eae00000| PB 0x00000000eae00000| Complete 
| 175|0x00000000eaf00000, 0x00000000eb000000, 0x00000000eb000000|100%| E|CS|TAMS 0x00000000eaf00000| PB 0x00000000eaf00000| Complete 
| 176|0x00000000eb000000, 0x00000000eb100000, 0x00000000eb100000|100%| E|CS|TAMS 0x00000000eb000000| PB 0x00000000eb000000| Complete 
| 177|0x00000000eb100000, 0x00000000eb200000, 0x00000000eb200000|100%| E|CS|TAMS 0x00000000eb100000| PB 0x00000000eb100000| Complete 
| 178|0x00000000eb200000, 0x00000000eb300000, 0x00000000eb300000|100%| E|CS|TAMS 0x00000000eb200000| PB 0x00000000eb200000| Complete 
| 179|0x00000000eb300000, 0x00000000eb400000, 0x00000000eb400000|100%| E|CS|TAMS 0x00000000eb300000| PB 0x00000000eb300000| Complete 
| 180|0x00000000eb400000, 0x00000000eb500000, 0x00000000eb500000|100%| E|CS|TAMS 0x00000000eb400000| PB 0x00000000eb400000| Complete 
| 181|0x00000000eb500000, 0x00000000eb600000, 0x00000000eb600000|100%| E|CS|TAMS 0x00000000eb500000| PB 0x00000000eb500000| Complete 
| 182|0x00000000eb600000, 0x00000000eb700000, 0x00000000eb700000|100%| E|CS|TAMS 0x00000000eb600000| PB 0x00000000eb600000| Complete 
| 183|0x00000000eb700000, 0x00000000eb800000, 0x00000000eb800000|100%| E|CS|TAMS 0x00000000eb700000| PB 0x00000000eb700000| Complete 
| 184|0x00000000eb800000, 0x00000000eb900000, 0x00000000eb900000|100%| E|CS|TAMS 0x00000000eb800000| PB 0x00000000eb800000| Complete 
| 185|0x00000000eb900000, 0x00000000eba00000, 0x00000000eba00000|100%| E|CS|TAMS 0x00000000eb900000| PB 0x00000000eb900000| Complete 
| 186|0x00000000eba00000, 0x00000000ebb00000, 0x00000000ebb00000|100%| E|CS|TAMS 0x00000000eba00000| PB 0x00000000eba00000| Complete 
| 187|0x00000000ebb00000, 0x00000000ebc00000, 0x00000000ebc00000|100%| E|CS|TAMS 0x00000000ebb00000| PB 0x00000000ebb00000| Complete 
| 188|0x00000000ebc00000, 0x00000000ebd00000, 0x00000000ebd00000|100%| E|CS|TAMS 0x00000000ebc00000| PB 0x00000000ebc00000| Complete 
| 189|0x00000000ebd00000, 0x00000000ebe00000, 0x00000000ebe00000|100%| E|CS|TAMS 0x00000000ebd00000| PB 0x00000000ebd00000| Complete 
| 190|0x00000000ebe00000, 0x00000000ebf00000, 0x00000000ebf00000|100%| E|CS|TAMS 0x00000000ebe00000| PB 0x00000000ebe00000| Complete 
| 191|0x00000000ebf00000, 0x00000000ec000000, 0x00000000ec000000|100%| E|CS|TAMS 0x00000000ebf00000| PB 0x00000000ebf00000| Complete 
| 192|0x00000000ec000000, 0x00000000ec100000, 0x00000000ec100000|100%| E|CS|TAMS 0x00000000ec000000| PB 0x00000000ec000000| Complete 
| 193|0x00000000ec100000, 0x00000000ec200000, 0x00000000ec200000|100%| E|CS|TAMS 0x00000000ec100000| PB 0x00000000ec100000| Complete 
| 194|0x00000000ec200000, 0x00000000ec300000, 0x00000000ec300000|100%| E|CS|TAMS 0x00000000ec200000| PB 0x00000000ec200000| Complete 
| 195|0x00000000ec300000, 0x00000000ec400000, 0x00000000ec400000|100%| E|CS|TAMS 0x00000000ec300000| PB 0x00000000ec300000| Complete 
| 196|0x00000000ec400000, 0x00000000ec500000, 0x00000000ec500000|100%| E|CS|TAMS 0x00000000ec400000| PB 0x00000000ec400000| Complete 
| 197|0x00000000ec500000, 0x00000000ec600000, 0x00000000ec600000|100%| E|CS|TAMS 0x00000000ec500000| PB 0x00000000ec500000| Complete 
| 198|0x00000000ec600000, 0x00000000ec700000, 0x00000000ec700000|100%| E|CS|TAMS 0x00000000ec600000| PB 0x00000000ec600000| Complete 
| 199|0x00000000ec700000, 0x00000000ec800000, 0x00000000ec800000|100%| E|CS|TAMS 0x00000000ec700000| PB 0x00000000ec700000| Complete 
| 200|0x00000000ec800000, 0x00000000ec900000, 0x00000000ec900000|100%| E|CS|TAMS 0x00000000ec800000| PB 0x00000000ec800000| Complete 
| 201|0x00000000ec900000, 0x00000000eca00000, 0x00000000eca00000|100%| E|CS|TAMS 0x00000000ec900000| PB 0x00000000ec900000| Complete 
| 202|0x00000000eca00000, 0x00000000ecb00000, 0x00000000ecb00000|100%| E|CS|TAMS 0x00000000eca00000| PB 0x00000000eca00000| Complete 
| 203|0x00000000ecb00000, 0x00000000ecc00000, 0x00000000ecc00000|100%| E|CS|TAMS 0x00000000ecb00000| PB 0x00000000ecb00000| Complete 
| 204|0x00000000ecc00000, 0x00000000ecd00000, 0x00000000ecd00000|100%| E|CS|TAMS 0x00000000ecc00000| PB 0x00000000ecc00000| Complete 
| 205|0x00000000ecd00000, 0x00000000ece00000, 0x00000000ece00000|100%| E|CS|TAMS 0x00000000ecd00000| PB 0x00000000ecd00000| Complete 
| 206|0x00000000ece00000, 0x00000000ecf00000, 0x00000000ecf00000|100%| E|CS|TAMS 0x00000000ece00000| PB 0x00000000ece00000| Complete 
| 207|0x00000000ecf00000, 0x00000000ed000000, 0x00000000ed000000|100%| E|CS|TAMS 0x00000000ecf00000| PB 0x00000000ecf00000| Complete 
| 208|0x00000000ed000000, 0x00000000ed100000, 0x00000000ed100000|100%| E|CS|TAMS 0x00000000ed000000| PB 0x00000000ed000000| Complete 
| 209|0x00000000ed100000, 0x00000000ed200000, 0x00000000ed200000|100%| E|CS|TAMS 0x00000000ed100000| PB 0x00000000ed100000| Complete 
| 210|0x00000000ed200000, 0x00000000ed300000, 0x00000000ed300000|100%| E|CS|TAMS 0x00000000ed200000| PB 0x00000000ed200000| Complete 
| 211|0x00000000ed300000, 0x00000000ed400000, 0x00000000ed400000|100%| E|CS|TAMS 0x00000000ed300000| PB 0x00000000ed300000| Complete 
| 212|0x00000000ed400000, 0x00000000ed500000, 0x00000000ed500000|100%| E|CS|TAMS 0x00000000ed400000| PB 0x00000000ed400000| Complete 
| 213|0x00000000ed500000, 0x00000000ed600000, 0x00000000ed600000|100%| E|CS|TAMS 0x00000000ed500000| PB 0x00000000ed500000| Complete 
| 214|0x00000000ed600000, 0x00000000ed700000, 0x00000000ed700000|100%| E|CS|TAMS 0x00000000ed600000| PB 0x00000000ed600000| Complete 
| 215|0x00000000ed700000, 0x00000000ed800000, 0x00000000ed800000|100%| E|CS|TAMS 0x00000000ed700000| PB 0x00000000ed700000| Complete 
| 216|0x00000000ed800000, 0x00000000ed900000, 0x00000000ed900000|100%| E|CS|TAMS 0x00000000ed800000| PB 0x00000000ed800000| Complete 
| 217|0x00000000ed900000, 0x00000000eda00000, 0x00000000eda00000|100%| E|CS|TAMS 0x00000000ed900000| PB 0x00000000ed900000| Complete 
| 218|0x00000000eda00000, 0x00000000edb00000, 0x00000000edb00000|100%| E|CS|TAMS 0x00000000eda00000| PB 0x00000000eda00000| Complete 
| 219|0x00000000edb00000, 0x00000000edc00000, 0x00000000edc00000|100%| E|CS|TAMS 0x00000000edb00000| PB 0x00000000edb00000| Complete 
| 220|0x00000000edc00000, 0x00000000edd00000, 0x00000000edd00000|100%| E|CS|TAMS 0x00000000edc00000| PB 0x00000000edc00000| Complete 
| 221|0x00000000edd00000, 0x00000000ede00000, 0x00000000ede00000|100%| E|CS|TAMS 0x00000000edd00000| PB 0x00000000edd00000| Complete 
| 222|0x00000000ede00000, 0x00000000edf00000, 0x00000000edf00000|100%| E|CS|TAMS 0x00000000ede00000| PB 0x00000000ede00000| Complete 
| 223|0x00000000edf00000, 0x00000000ee000000, 0x00000000ee000000|100%| E|CS|TAMS 0x00000000edf00000| PB 0x00000000edf00000| Complete 
| 224|0x00000000ee000000, 0x00000000ee100000, 0x00000000ee100000|100%| E|CS|TAMS 0x00000000ee000000| PB 0x00000000ee000000| Complete 
| 225|0x00000000ee100000, 0x00000000ee200000, 0x00000000ee200000|100%| E|CS|TAMS 0x00000000ee100000| PB 0x00000000ee100000| Complete 
| 226|0x00000000ee200000, 0x00000000ee300000, 0x00000000ee300000|100%| E|CS|TAMS 0x00000000ee200000| PB 0x00000000ee200000| Complete 
| 227|0x00000000ee300000, 0x00000000ee400000, 0x00000000ee400000|100%| E|CS|TAMS 0x00000000ee300000| PB 0x00000000ee300000| Complete 
| 228|0x00000000ee400000, 0x00000000ee500000, 0x00000000ee500000|100%| E|CS|TAMS 0x00000000ee400000| PB 0x00000000ee400000| Complete 
| 229|0x00000000ee500000, 0x00000000ee600000, 0x00000000ee600000|100%| E|CS|TAMS 0x00000000ee500000| PB 0x00000000ee500000| Complete 
| 230|0x00000000ee600000, 0x00000000ee700000, 0x00000000ee700000|100%| E|CS|TAMS 0x00000000ee600000| PB 0x00000000ee600000| Complete 
| 231|0x00000000ee700000, 0x00000000ee800000, 0x00000000ee800000|100%| E|CS|TAMS 0x00000000ee700000| PB 0x00000000ee700000| Complete 
| 232|0x00000000ee800000, 0x00000000ee900000, 0x00000000ee900000|100%| E|CS|TAMS 0x00000000ee800000| PB 0x00000000ee800000| Complete 
| 233|0x00000000ee900000, 0x00000000eea00000, 0x00000000eea00000|100%| E|CS|TAMS 0x00000000ee900000| PB 0x00000000ee900000| Complete 
| 234|0x00000000eea00000, 0x00000000eeb00000, 0x00000000eeb00000|100%| E|CS|TAMS 0x00000000eea00000| PB 0x00000000eea00000| Complete 
| 235|0x00000000eeb00000, 0x00000000eec00000, 0x00000000eec00000|100%| E|CS|TAMS 0x00000000eeb00000| PB 0x00000000eeb00000| Complete 
| 236|0x00000000eec00000, 0x00000000eed00000, 0x00000000eed00000|100%| E|CS|TAMS 0x00000000eec00000| PB 0x00000000eec00000| Complete 
| 237|0x00000000eed00000, 0x00000000eee00000, 0x00000000eee00000|100%| E|CS|TAMS 0x00000000eed00000| PB 0x00000000eed00000| Complete 
| 238|0x00000000eee00000, 0x00000000eef00000, 0x00000000eef00000|100%| E|CS|TAMS 0x00000000eee00000| PB 0x00000000eee00000| Complete 
| 239|0x00000000eef00000, 0x00000000ef000000, 0x00000000ef000000|100%| E|CS|TAMS 0x00000000eef00000| PB 0x00000000eef00000| Complete 
| 240|0x00000000ef000000, 0x00000000ef100000, 0x00000000ef100000|100%| E|CS|TAMS 0x00000000ef000000| PB 0x00000000ef000000| Complete 
| 241|0x00000000ef100000, 0x00000000ef200000, 0x00000000ef200000|100%| E|CS|TAMS 0x00000000ef100000| PB 0x00000000ef100000| Complete 
| 242|0x00000000ef200000, 0x00000000ef300000, 0x00000000ef300000|100%| E|CS|TAMS 0x00000000ef200000| PB 0x00000000ef200000| Complete 
| 243|0x00000000ef300000, 0x00000000ef400000, 0x00000000ef400000|100%| E|CS|TAMS 0x00000000ef300000| PB 0x00000000ef300000| Complete 
| 244|0x00000000ef400000, 0x00000000ef500000, 0x00000000ef500000|100%| E|CS|TAMS 0x00000000ef400000| PB 0x00000000ef400000| Complete 
| 245|0x00000000ef500000, 0x00000000ef600000, 0x00000000ef600000|100%| E|CS|TAMS 0x00000000ef500000| PB 0x00000000ef500000| Complete 
| 246|0x00000000ef600000, 0x00000000ef700000, 0x00000000ef700000|100%| E|CS|TAMS 0x00000000ef600000| PB 0x00000000ef600000| Complete 
| 247|0x00000000ef700000, 0x00000000ef800000, 0x00000000ef800000|100%| E|CS|TAMS 0x00000000ef700000| PB 0x00000000ef700000| Complete 
| 248|0x00000000ef800000, 0x00000000ef900000, 0x00000000ef900000|100%| E|CS|TAMS 0x00000000ef800000| PB 0x00000000ef800000| Complete 
| 249|0x00000000ef900000, 0x00000000efa00000, 0x00000000efa00000|100%| E|CS|TAMS 0x00000000ef900000| PB 0x00000000ef900000| Complete 
| 250|0x00000000efa00000, 0x00000000efb00000, 0x00000000efb00000|100%| E|CS|TAMS 0x00000000efa00000| PB 0x00000000efa00000| Complete 
| 251|0x00000000efb00000, 0x00000000efc00000, 0x00000000efc00000|100%| E|CS|TAMS 0x00000000efb00000| PB 0x00000000efb00000| Complete 
| 252|0x00000000efc00000, 0x00000000efd00000, 0x00000000efd00000|100%| E|CS|TAMS 0x00000000efc00000| PB 0x00000000efc00000| Complete 
| 253|0x00000000efd00000, 0x00000000efe00000, 0x00000000efe00000|100%| E|CS|TAMS 0x00000000efd00000| PB 0x00000000efd00000| Complete 
| 254|0x00000000efe00000, 0x00000000eff00000, 0x00000000eff00000|100%| E|CS|TAMS 0x00000000efe00000| PB 0x00000000efe00000| Complete 
| 255|0x00000000eff00000, 0x00000000f0000000, 0x00000000f0000000|100%| E|CS|TAMS 0x00000000eff00000| PB 0x00000000eff00000| Complete 

Card table byte_map: [0x00000172a91e0000,0x00000172a92e0000] _byte_map_base: 0x00000172a8ae0000

Marking Bits: (CMBitMap*) 0x0000017296beca70
 Bits: [0x00000172a92e0000, 0x00000172a9ae0000)

Polling page: 0x0000017294a40000

Metaspace:

Usage:
  Non-class:     27.19 MB used.
      Class:      4.51 MB used.
       Both:     31.70 MB used.

Virtual space:
  Non-class space:       64.00 MB reserved,      27.69 MB ( 43%) committed,  1 nodes.
      Class space:      320.00 MB reserved,       5.00 MB (  2%) committed,  1 nodes.
             Both:      384.00 MB reserved,      32.69 MB (  9%) committed. 

Chunk freelists:
   Non-Class:  3.72 MB
       Class:  11.05 MB
        Both:  14.77 MB

MaxMetaspaceSize: 384.00 MB
CompressedClassSpaceSize: 320.00 MB
Initial GC threshold: 21.00 MB
Current GC threshold: 35.31 MB
CDS: on
 - commit_granule_bytes: 65536.
 - commit_granule_words: 8192.
 - virtual_space_node_default_size: 8388608.
 - enlarge_chunks_in_place: 1.
 - use_allocation_guard: 0.


Internal statistics:

num_allocs_failed_limit: 3.
num_arena_births: 1572.
num_arena_deaths: 0.
num_vsnodes_births: 2.
num_vsnodes_deaths: 0.
num_space_committed: 523.
num_space_uncommitted: 0.
num_chunks_returned_to_freelist: 3.
num_chunks_taken_from_freelist: 2908.
num_chunk_merges: 3.
num_chunk_splits: 1889.
num_chunks_enlarged: 1206.
num_inconsistent_stats: 0.

CodeHeap 'non-profiled nmethods': size=120000Kb used=2328Kb max_used=2328Kb free=117671Kb
 bounds [0x00000172a1880000, 0x00000172a1af0000, 0x00000172a8db0000]
CodeHeap 'profiled nmethods': size=120000Kb used=8685Kb max_used=8685Kb free=111314Kb
 bounds [0x0000017299db0000, 0x000001729a630000, 0x00000172a12e0000]
CodeHeap 'non-nmethods': size=5760Kb used=1811Kb max_used=1841Kb free=3949Kb
 bounds [0x00000172a12e0000, 0x00000172a1550000, 0x00000172a1880000]
CodeCache: size=245760Kb, used=12824Kb, max_used=12854Kb, free=232934Kb
 total_blobs=5069, nmethods=4382, adapters=591, full_count=0
Compilation: enabled, stopped_count=0, restarted_count=0

Compilation events (20 events):
Event: 75.255 Thread 0x00000172ac5935f0 4356       3       jdk.internal.jrtfs.JrtDirectoryStream$1::next (5 bytes)
Event: 75.255 Thread 0x00000172ac5935f0 nmethod 4356 0x000001729a621f10 code [0x000001729a6220c0, 0x000001729a622200]
Event: 75.255 Thread 0x00000172ac5935f0 4357   !   3       jdk.internal.jrtfs.JrtDirectoryStream$1::next (48 bytes)
Event: 75.255 Thread 0x00000172ac5935f0 nmethod 4357 0x000001729a622290 code [0x000001729a622480, 0x000001729a622978]
Event: 75.256 Thread 0x00000172ac5896a0 4360 %     4       jdk.internal.jrtfs.JrtPath::normalize @ 15 (97 bytes)
Event: 75.256 Thread 0x00000172ac5935f0 4361       3       jdk.internal.jimage.ImageBufferCache$2::compare (13 bytes)
Event: 75.256 Thread 0x00000172ac5935f0 nmethod 4361 0x000001729a622c10 code [0x000001729a622e40, 0x000001729a623828]
Event: 75.256 Thread 0x00000172ac5935f0 4362       3       jdk.internal.jimage.ImageBufferCache$2::compare (12 bytes)
Event: 75.257 Thread 0x00000172ac5935f0 nmethod 4362 0x000001729a623a90 code [0x000001729a623ca0, 0x000001729a624400]
Event: 75.257 Thread 0x00000172ac5896a0 nmethod 4360% 0x00000172a1ac4a90 code [0x00000172a1ac4c40, 0x00000172a1ac4ef0]
Event: 75.258 Thread 0x00000172ac5896a0 4363       4       jdk.internal.jrtfs.JrtPath::normalize (97 bytes)
Event: 75.259 Thread 0x00000172ac5896a0 nmethod 4363 0x00000172a1ac5190 code [0x00000172a1ac5340, 0x00000172a1ac5588]
Event: 75.260 Thread 0x00000172ac5896a0 4364       4       java.util.Spliterators$1Adapter::accept (11 bytes)
Event: 75.261 Thread 0x00000172ac5896a0 nmethod 4364 0x00000172a1ac5810 code [0x00000172a1ac59a0, 0x00000172a1ac5b00]
Event: 75.264 Thread 0x00000172ac5896a0 4365       4       java.util.stream.ReferencePipeline$2$1::accept (27 bytes)
Event: 75.264 Thread 0x00000172ac5896a0 nmethod 4365 0x00000172a1ac5b90 code [0x00000172a1ac5d20, 0x00000172a1ac5e20]
Event: 75.265 Thread 0x00000172ac5935f0 4366       3       java.util.ArrayList$ArrayListSpliterator::estimateSize (11 bytes)
Event: 75.265 Thread 0x00000172ac5896a0 4367       4       java.lang.String::split (148 bytes)
Event: 75.265 Thread 0x00000172ac5935f0 nmethod 4366 0x000001729a624610 code [0x000001729a6247c0, 0x000001729a624978]
Event: 75.270 Thread 0x00000172ac5935f0 4371       1       java.nio.DirectByteBuffer::attachment (5 bytes)

GC Heap History (8 events):
Event: 6.333 GC heap before
{Heap before GC invocations=0 (full 0):
 garbage-first heap   total 262144K, used 23552K [0x00000000e0000000, 0x0000000100000000)
  region size 1024K, 23 young (23552K), 0 survivors (0K)
 Metaspace       used 927K, committed 1088K, reserved 393216K
  class space    used 76K, committed 128K, reserved 327680K
}
Event: 6.384 GC heap after
{Heap after GC invocations=1 (full 0):
 garbage-first heap   total 262144K, used 1621K [0x00000000e0000000, 0x0000000100000000)
  region size 1024K, 2 young (2048K), 2 survivors (2048K)
 Metaspace       used 927K, committed 1088K, reserved 393216K
  class space    used 76K, committed 128K, reserved 327680K
}
Event: 20.763 GC heap before
{Heap before GC invocations=1 (full 0):
 garbage-first heap   total 262144K, used 41557K [0x00000000e0000000, 0x0000000100000000)
  region size 1024K, 39 young (39936K), 2 survivors (2048K)
 Metaspace       used 4463K, committed 4608K, reserved 393216K
  class space    used 565K, committed 640K, reserved 327680K
}
Event: 20.768 GC heap after
{Heap after GC invocations=2 (full 0):
 garbage-first heap   total 262144K, used 10940K [0x00000000e0000000, 0x0000000100000000)
  region size 1024K, 5 young (5120K), 5 survivors (5120K)
 Metaspace       used 4463K, committed 4608K, reserved 393216K
  class space    used 565K, committed 640K, reserved 327680K
}
Event: 43.093 GC heap before
{Heap before GC invocations=2 (full 0):
 garbage-first heap   total 262144K, used 72380K [0x00000000e0000000, 0x0000000100000000)
  region size 1024K, 64 young (65536K), 5 survivors (5120K)
 Metaspace       used 8062K, committed 8384K, reserved 393216K
  class space    used 1106K, committed 1216K, reserved 327680K
}
Event: 43.134 GC heap after
{Heap after GC invocations=3 (full 0):
 garbage-first heap   total 262144K, used 18577K [0x00000000e0000000, 0x0000000100000000)
  region size 1024K, 7 young (7168K), 7 survivors (7168K)
 Metaspace       used 8062K, committed 8384K, reserved 393216K
  class space    used 1106K, committed 1216K, reserved 327680K
}
Event: 67.700 GC heap before
{Heap before GC invocations=3 (full 0):
 garbage-first heap   total 262144K, used 102545K [0x00000000e0000000, 0x0000000100000000)
  region size 1024K, 90 young (92160K), 7 survivors (7168K)
 Metaspace       used 20880K, committed 21504K, reserved 393216K
  class space    used 3074K, committed 3392K, reserved 327680K
}
Event: 67.709 GC heap after
{Heap after GC invocations=4 (full 0):
 garbage-first heap   total 262144K, used 24378K [0x00000000e0000000, 0x0000000100000000)
  region size 1024K, 12 young (12288K), 12 survivors (12288K)
 Metaspace       used 20880K, committed 21504K, reserved 393216K
  class space    used 3074K, committed 3392K, reserved 327680K
}

Dll operation events (20 events):
Event: 0.896 Attempting to load shared library C:\Users\wogud\.vscode\extensions\redhat.java-1.56.0-win32-x64\jre\21.0.12.1-win32-x86_64\bin\nio.dll
Event: 0.902 Loaded shared library C:\Users\wogud\.vscode\extensions\redhat.java-1.56.0-win32-x64\jre\21.0.12.1-win32-x86_64\bin\nio.dll
Event: 0.908 Attempting to load shared library C:\Users\wogud\.vscode\extensions\redhat.java-1.56.0-win32-x64\jre\21.0.12.1-win32-x86_64\bin\zip.dll
Event: 0.908 Loaded shared library C:\Users\wogud\.vscode\extensions\redhat.java-1.56.0-win32-x64\jre\21.0.12.1-win32-x86_64\bin\zip.dll
Event: 6.457 Attempting to load shared library C:\Users\wogud\.vscode\extensions\redhat.java-1.56.0-win32-x64\jre\21.0.12.1-win32-x86_64\bin\jimage.dll
Event: 6.457 Loaded shared library C:\Users\wogud\.vscode\extensions\redhat.java-1.56.0-win32-x64\jre\21.0.12.1-win32-x86_64\bin\jimage.dll
Event: 9.625 Attempting to load shared library C:\Users\wogud\.vscode\extensions\redhat.java-1.56.0-win32-x64\jre\21.0.12.1-win32-x86_64\bin\verify.dll
Event: 9.726 Loaded shared library C:\Users\wogud\.vscode\extensions\redhat.java-1.56.0-win32-x64\jre\21.0.12.1-win32-x86_64\bin\verify.dll
Event: 10.440 Attempting to load shared library C:\Users\wogud\.gradle\native\1def1411415f61bf3af743bc5b6707747c0891f09f0c88961ee8f79bc544acac\windows-amd64\native-platform.dll
Event: 10.459 Loaded shared library C:\Users\wogud\.gradle\native\1def1411415f61bf3af743bc5b6707747c0891f09f0c88961ee8f79bc544acac\windows-amd64\native-platform.dll
Event: 10.639 Attempting to load shared library C:\Users\wogud\.gradle\native\0.2.7\x86_64-windows-gnu\gradle-fileevents.dll
Event: 10.664 Loaded shared library C:\Users\wogud\.gradle\native\0.2.7\x86_64-windows-gnu\gradle-fileevents.dll
Event: 38.256 Attempting to load shared library C:\Users\wogud\.vscode\extensions\redhat.java-1.56.0-win32-x64\jre\21.0.12.1-win32-x86_64\bin\management.dll
Event: 38.343 Loaded shared library C:\Users\wogud\.vscode\extensions\redhat.java-1.56.0-win32-x64\jre\21.0.12.1-win32-x86_64\bin\management.dll
Event: 38.446 Attempting to load shared library C:\Users\wogud\.vscode\extensions\redhat.java-1.56.0-win32-x64\jre\21.0.12.1-win32-x86_64\bin\management_ext.dll
Event: 38.498 Loaded shared library C:\Users\wogud\.vscode\extensions\redhat.java-1.56.0-win32-x64\jre\21.0.12.1-win32-x86_64\bin\management_ext.dll
Event: 42.467 Attempting to load shared library C:\Users\wogud\.vscode\extensions\redhat.java-1.56.0-win32-x64\jre\21.0.12.1-win32-x86_64\bin\extnet.dll
Event: 42.505 Loaded shared library C:\Users\wogud\.vscode\extensions\redhat.java-1.56.0-win32-x64\jre\21.0.12.1-win32-x86_64\bin\extnet.dll
Event: 49.193 Attempting to load shared library C:\Users\wogud\.vscode\extensions\redhat.java-1.56.0-win32-x64\jre\21.0.12.1-win32-x86_64\bin\sunmscapi.dll
Event: 49.395 Loaded shared library C:\Users\wogud\.vscode\extensions\redhat.java-1.56.0-win32-x64\jre\21.0.12.1-win32-x86_64\bin\sunmscapi.dll

Deoptimization events (20 events):
Event: 75.147 Thread 0x00000172c6ce1720 Uncommon trap: trap_request=0xffffffc6 fr.pc=0x00000172a1a9ea54 relative=0x0000000000000274
Event: 75.147 Thread 0x00000172c6ce1720 Uncommon trap: reason=bimorphic_or_optimized_type_check action=maybe_recompile pc=0x00000172a1a9ea54 method=java.util.stream.MatchOps$1MatchSink.accept(Ljava/lang/Object;)V @ 12 c2
Event: 75.147 Thread 0x00000172c6ce1720 DEOPT PACKING pc=0x00000172a1a9ea54 sp=0x00000012e63f80a0
Event: 75.147 Thread 0x00000172c6ce1720 DEOPT UNPACKING pc=0x00000172a1334422 sp=0x00000012e63f8038 mode 2
Event: 75.147 Thread 0x00000172c6ce1720 Uncommon trap: trap_request=0xffffffc6 fr.pc=0x00000172a1a9ea54 relative=0x0000000000000274
Event: 75.147 Thread 0x00000172c6ce1720 Uncommon trap: reason=bimorphic_or_optimized_type_check action=maybe_recompile pc=0x00000172a1a9ea54 method=java.util.stream.MatchOps$1MatchSink.accept(Ljava/lang/Object;)V @ 12 c2
Event: 75.147 Thread 0x00000172c6ce1720 DEOPT PACKING pc=0x00000172a1a9ea54 sp=0x00000012e63f80a0
Event: 75.147 Thread 0x00000172c6ce1720 DEOPT UNPACKING pc=0x00000172a1334422 sp=0x00000012e63f8038 mode 2
Event: 75.147 Thread 0x00000172c6ce1720 Uncommon trap: trap_request=0xffffffc6 fr.pc=0x00000172a1a9ea54 relative=0x0000000000000274
Event: 75.147 Thread 0x00000172c6ce1720 Uncommon trap: reason=bimorphic_or_optimized_type_check action=maybe_recompile pc=0x00000172a1a9ea54 method=java.util.stream.MatchOps$1MatchSink.accept(Ljava/lang/Object;)V @ 12 c2
Event: 75.147 Thread 0x00000172c6ce1720 DEOPT PACKING pc=0x00000172a1a9ea54 sp=0x00000012e63f80a0
Event: 75.147 Thread 0x00000172c6ce1720 DEOPT UNPACKING pc=0x00000172a1334422 sp=0x00000012e63f8038 mode 2
Event: 75.154 Thread 0x00000172c6ce1720 Uncommon trap: trap_request=0xffffff6e fr.pc=0x00000172a1ab6384 relative=0x00000000000007c4
Event: 75.154 Thread 0x00000172c6ce1720 Uncommon trap: reason=loop_limit_check action=maybe_recompile pc=0x00000172a1ab6384 method=java.util.regex.Pattern$Start.match(Ljava/util/regex/Matcher;ILjava/lang/CharSequence;)Z @ 34 c2
Event: 75.154 Thread 0x00000172c6ce1720 DEOPT PACKING pc=0x00000172a1ab6384 sp=0x00000012e63f8430
Event: 75.154 Thread 0x00000172c6ce1720 DEOPT UNPACKING pc=0x00000172a1334422 sp=0x00000012e63f8380 mode 2
Event: 75.163 Thread 0x00000172c6ce1720 DEOPT PACKING pc=0x0000017299ea1dea sp=0x00000012e63f7800
Event: 75.163 Thread 0x00000172c6ce1720 DEOPT UNPACKING pc=0x00000172a1334bc2 sp=0x00000012e63f6c20 mode 0
Event: 75.258 Thread 0x00000172c6ce1720 DEOPT PACKING pc=0x000001729a5fe640 sp=0x00000012e63f8180
Event: 75.258 Thread 0x00000172c6ce1720 DEOPT UNPACKING pc=0x00000172a1334bc2 sp=0x00000012e63f7670 mode 0

Classes loaded (20 events):
Event: 75.156 Loading class jdk/internal/jimage/ImageReader$Node
Event: 75.157 Loading class jdk/internal/jimage/ImageReader$Node done
Event: 75.157 Loading class jdk/internal/jimage/ImageReader$Directory done
Event: 75.157 Loading class jdk/internal/jrtfs/SystemImage$1
Event: 75.157 Loading class jdk/internal/jrtfs/SystemImage$1 done
Event: 75.157 Loading class jdk/internal/jimage/ImageReader$SharedImageReader$LocationVisitor
Event: 75.157 Loading class jdk/internal/jimage/ImageReader$SharedImageReader$LocationVisitor done
Event: 75.157 Loading class java/nio/ByteBufferAsIntBufferL
Event: 75.158 Loading class java/nio/ByteBufferAsIntBufferL done
Event: 75.161 Loading class jdk/internal/jrtfs/JrtFileAttributes
Event: 75.161 Loading class jdk/internal/jrtfs/JrtFileAttributes done
Event: 75.161 Loading class jdk/internal/jrtfs/JrtDirectoryStream
Event: 75.161 Loading class jdk/internal/jrtfs/JrtDirectoryStream done
Event: 75.162 Loading class jdk/internal/jrtfs/JrtDirectoryStream$1
Event: 75.162 Loading class jdk/internal/jrtfs/JrtDirectoryStream$1 done
Event: 75.162 Loading class java/util/function/BooleanSupplier
Event: 75.162 Loading class java/util/function/BooleanSupplier done
Event: 75.163 Loading class jdk/internal/jimage/ImageReader$Resource
Event: 75.163 Loading class jdk/internal/jimage/ImageReader$Resource done
Event: 75.280 Loading class java/util/WeakHashMap$KeyIterator

Classes unloaded (0 events):
No events

Classes redefined (0 events):
No events

Internal exceptions (20 events):
Event: 71.115 Thread 0x00000172c6ce1720 Exception <a 'java/lang/NoSuchMethodError'{0x00000000ede4e658}: 'void java.lang.invoke.DirectMethodHandle$Holder.invokeInterface(java.lang.Object, java.lang.Object, java.lang.Object, java.lang.Object, java.lang.Object)'> (0x00000000ede4e658) 
thrown [s\src\hotspot\share\interpreter\linkResolver.cpp, line 773]
Event: 71.123 Thread 0x00000172c6ce1720 Exception <a 'java/lang/NoSuchMethodError'{0x00000000edeaa020}: 'void java.lang.invoke.DirectMethodHandle$Holder.invokeStatic(java.lang.Object, java.lang.Object, java.lang.Object, java.lang.Object, java.lang.Object, java.lang.Object)'> (0x00000000edeaa020) 
thrown [s\src\hotspot\share\interpreter\linkResolver.cpp, line 773]
Event: 71.856 Thread 0x00000172c6ce1720 Exception <a 'java/lang/NoSuchMethodError'{0x00000000ed3b7a88}: 'java.lang.Object java.lang.invoke.DirectMethodHandle$Holder.newInvokeSpecial(java.lang.Object, java.lang.Object, int, int)'> (0x00000000ed3b7a88) 
thrown [s\src\hotspot\share\interpreter\linkResolver.cpp, line 773]
Event: 71.863 Thread 0x00000172c6ce1720 Exception <a 'java/lang/NoSuchMethodError'{0x00000000ed3f2800}: 'void java.lang.invoke.DirectMethodHandle$Holder.invokeSpecial(java.lang.Object, java.lang.Object, int)'> (0x00000000ed3f2800) 
thrown [s\src\hotspot\share\interpreter\linkResolver.cpp, line 773]
Event: 71.863 Thread 0x00000172c6ce1720 Exception <a 'java/lang/NoSuchMethodError'{0x00000000ed3f6af0}: 'void java.lang.invoke.Invokers$Holder.invokeExact_MT(java.lang.Object, int, java.lang.Object)'> (0x00000000ed3f6af0) 
thrown [s\src\hotspot\share\interpreter\linkResolver.cpp, line 773]
Event: 72.095 Thread 0x00000172c6ce1720 Implicit null exception at 0x00000172a19b89b4 to 0x00000172a19b8ed0
Event: 72.095 Thread 0x00000172c6ce1720 Implicit null exception at 0x00000172a1a6a998 to 0x00000172a1a6ad14
Event: 72.095 Thread 0x00000172c6ce1720 Implicit null exception at 0x00000172a1a69830 to 0x00000172a1a6a0f4
Event: 72.095 Thread 0x00000172c6ce1720 Exception <a 'java/lang/NoSuchMethodError'{0x00000000ecd12ce0}: 'java.lang.reflect.Method[] java.lang.Class.getDeclaredMethods(java.lang.Class)'> (0x00000000ecd12ce0) 
thrown [s\src\hotspot\share\interpreter\linkResolver.cpp, line 773]
Event: 72.108 Thread 0x00000172c6ce1720 Exception <a 'java/lang/NoSuchMethodError'{0x00000000ecd73280}: 'java.lang.Object java.lang.invoke.DirectMethodHandle$Holder.invokeStaticInit(java.lang.Object, java.lang.Object, java.lang.Object)'> (0x00000000ecd73280) 
thrown [s\src\hotspot\share\interpreter\linkResolver.cpp, line 773]
Event: 72.409 Thread 0x00000172c6ce1720 Exception <a 'java/lang/NoSuchMethodError'{0x00000000ecc59e80}: 'void java.lang.invoke.DirectMethodHandle$Holder.invokeStaticInit(java.lang.Object, java.lang.Object, java.lang.Object)'> (0x00000000ecc59e80) 
thrown [s\src\hotspot\share\interpreter\linkResolver.cpp, line 773]
Event: 72.412 Thread 0x00000172c6ce1720 Exception <a 'java/lang/NoSuchMethodError'{0x00000000ecc7e018}: 'void java.lang.invoke.DirectMethodHandle$Holder.invokeStaticInit(java.lang.Object, java.lang.Object, java.lang.Object, java.lang.Object, java.lang.Object)'> (0x00000000ecc7e018) 
thrown [s\src\hotspot\share\interpreter\linkResolver.cpp, line 773]
Event: 72.418 Thread 0x00000172c6ce1720 Exception <a 'java/lang/NoSuchMethodError'{0x00000000eccd6e70}: 'int java.lang.invoke.DirectMethodHandle$Holder.invokeStaticInit(java.lang.Object, java.lang.Object, java.lang.Object, java.lang.Object)'> (0x00000000eccd6e70) 
thrown [s\src\hotspot\share\interpreter\linkResolver.cpp, line 773]
Event: 74.251 Thread 0x00000172c6ce1720 Exception <a 'java/lang/ClassNotFoundException'{0x00000000ec3eeca0}: groovy/lang/ExpandoMetaClassBeanInfo> (0x00000000ec3eeca0) 
thrown [s\src\hotspot\share\classfile\systemDictionary.cpp, line 313]
Event: 74.251 Thread 0x00000172c6ce1720 Exception <a 'java/lang/ClassNotFoundException'{0x00000000ec3f74b8}: groovy/lang/MetaClassImplBeanInfo> (0x00000000ec3f74b8) 
thrown [s\src\hotspot\share\classfile\systemDictionary.cpp, line 313]
Event: 74.251 Thread 0x00000172c6ce1720 Exception <a 'java/lang/ClassNotFoundException'{0x00000000ec3fc0a0}: java/lang/ObjectBeanInfo> (0x00000000ec3fc0a0) 
thrown [s\src\hotspot\share\classfile\systemDictionary.cpp, line 313]
Event: 74.252 Thread 0x00000172c6ce1720 Exception <a 'java/lang/ClassNotFoundException'{0x00000000ec201f10}: java/lang/ObjectCustomizer> (0x00000000ec201f10) 
thrown [s\src\hotspot\share\classfile\systemDictionary.cpp, line 313]
Event: 74.254 Thread 0x00000172c6ce1720 Exception <a 'java/lang/IncompatibleClassChangeError'{0x00000000ec212878}: Found class java.lang.Object, but interface was expected> (0x00000000ec212878) 
thrown [s\src\hotspot\share\interpreter\linkResolver.cpp, line 840]
Event: 74.323 Thread 0x00000172c6ce1720 Exception <a 'java/lang/ClassNotFoundException'{0x00000000ec22cf58}: groovy/lang/MetaClassImplCustomizer> (0x00000000ec22cf58) 
thrown [s\src\hotspot\share\classfile\systemDictionary.cpp, line 313]
Event: 74.327 Thread 0x00000172c6ce1720 Exception <a 'java/lang/ClassNotFoundException'{0x00000000ec256ce8}: groovy/lang/ExpandoMetaClassCustomizer> (0x00000000ec256ce8) 
thrown [s\src\hotspot\share\classfile\systemDictionary.cpp, line 313]

ZGC Phase Switch (0 events):
No events

VM Operations (20 events):
Event: 71.775 Executing safepoint VM operation: Cleanup done
Event: 72.083 Executing non-safepoint VM operation: HandshakeAllThreads (Deoptimize)
Event: 72.083 Executing non-safepoint VM operation: HandshakeAllThreads (Deoptimize) done
Event: 73.084 Executing safepoint VM operation: Cleanup
Event: 73.084 Executing safepoint VM operation: Cleanup done
Event: 73.527 Executing non-safepoint VM operation: HandshakeAllThreads (Deoptimize)
Event: 73.528 Executing non-safepoint VM operation: HandshakeAllThreads (Deoptimize) done
Event: 73.622 Executing non-safepoint VM operation: HandshakeAllThreads (Deoptimize)
Event: 73.622 Executing non-safepoint VM operation: HandshakeAllThreads (Deoptimize) done
Event: 74.625 Executing safepoint VM operation: Cleanup
Event: 74.626 Executing safepoint VM operation: Cleanup done
Event: 74.781 Executing non-safepoint VM operation: HandshakeAllThreads (Deoptimize)
Event: 74.781 Executing non-safepoint VM operation: HandshakeAllThreads (Deoptimize) done
Event: 74.786 Executing non-safepoint VM operation: HandshakeAllThreads (Deoptimize)
Event: 74.786 Executing non-safepoint VM operation: HandshakeAllThreads (Deoptimize) done
Event: 74.905 Executing non-safepoint VM operation: HandshakeAllThreads (Deoptimize)
Event: 74.905 Executing non-safepoint VM operation: HandshakeAllThreads (Deoptimize) done
Event: 75.159 Executing non-safepoint VM operation: HandshakeAllThreads (Deoptimize)
Event: 75.159 Executing non-safepoint VM operation: HandshakeAllThreads (Deoptimize) done
Event: 76.173 Executing safepoint VM operation: Cleanup

Memory protections (0 events):
No events

Nmethod flushes (0 events):
No events

Events (20 events):
Event: 46.114 Thread 0x0000017296bc0c10 Thread added: 0x00000172c7471030
Event: 47.607 Thread 0x0000017296bc0c10 Thread added: 0x00000172c74c02d0
Event: 49.701 Thread 0x00000172c7471030 Thread added: 0x00000172c7246a00
Event: 50.041 Thread 0x00000172c7246a00 Thread added: 0x00000172c60048a0
Event: 50.334 Thread 0x00000172c7246a00 Thread added: 0x00000172c6a208f0
Event: 50.675 Thread 0x00000172c7246a00 Thread added: 0x00000172c6ce1720
Event: 51.258 Thread 0x00000172c6ce1720 Thread added: 0x00000172c6ce0a00
Event: 51.265 Thread 0x00000172c6ce1720 Thread added: 0x00000172c6cdf650
Event: 51.270 Thread 0x00000172c6ce1720 Thread added: 0x00000172c6ce1db0
Event: 56.150 Thread 0x00000172c6ce1720 Thread added: 0x00000172c6ce1090
Event: 56.473 Thread 0x00000172c6ce1720 Thread added: 0x00000172c6ce2440
Event: 58.973 Thread 0x00000172c6ce2440 Thread added: 0x00000172c6ce2ad0
Event: 59.116 Thread 0x00000172c6ce1720 Thread added: 0x00000172c6cdfce0
Event: 69.088 Thread 0x00000172c6ce1720 Thread added: 0x00000172c81250d0
Event: 69.127 Thread 0x00000172c6ce1720 Thread added: 0x00000172c8126480
Event: 70.407 Thread 0x00000172c6ce1720 Thread added: 0x00000172c8124a40
Event: 70.508 Thread 0x00000172c6ce1720 Thread added: 0x00000172c8125760
Event: 74.920 Thread 0x00000172ac5935f0 Thread added: 0x00000172c6cf1ed0
Event: 75.059 Thread 0x00000172c6cf1ed0 Thread exited: 0x00000172c6cf1ed0
Event: 75.179 Thread 0x00000172ac5935f0 Thread added: 0x00000172c7fdf7b0


Dynamic libraries:
0x00007ff7ef440000 - 0x00007ff7ef44e000 	C:\Users\wogud\.vscode\extensions\redhat.java-1.56.0-win32-x64\jre\21.0.12.1-win32-x86_64\bin\java.exe
0x00007ffcb6200000 - 0x00007ffcb6466000 	C:\Windows\SYSTEM32\ntdll.dll
0x00007ffcb4c90000 - 0x00007ffcb4d59000 	C:\Windows\System32\KERNEL32.DLL
0x00007ffcb35a0000 - 0x00007ffcb399f000 	C:\Windows\System32\KERNELBASE.dll
0x00007ffcaa340000 - 0x00007ffcaa3df000 	C:\Windows\SYSTEM32\apphelp.dll
0x00007ffcb3d10000 - 0x00007ffcb3e5c000 	C:\Windows\System32\ucrtbase.dll
0x00007ffc9c920000 - 0x00007ffc9c93e000 	C:\Users\wogud\.vscode\extensions\redhat.java-1.56.0-win32-x64\jre\21.0.12.1-win32-x86_64\bin\VCRUNTIME140.dll
0x00007ffc9c900000 - 0x00007ffc9c918000 	C:\Users\wogud\.vscode\extensions\redhat.java-1.56.0-win32-x64\jre\21.0.12.1-win32-x86_64\bin\jli.dll
0x00007ffcb5530000 - 0x00007ffcb56f6000 	C:\Windows\System32\USER32.dll
0x00007ffcb3a40000 - 0x00007ffcb3a67000 	C:\Windows\System32\win32u.dll
0x00007ffcb5aa0000 - 0x00007ffcb5acb000 	C:\Windows\System32\GDI32.dll
0x00007ffcb3a70000 - 0x00007ffcb3b99000 	C:\Windows\System32\gdi32full.dll
0x00007ffcb3ba0000 - 0x00007ffcb3c43000 	C:\Windows\System32\msvcp_win.dll
0x00007ffc8f650000 - 0x00007ffc8f8e1000 	C:\Windows\WinSxS\amd64_microsoft.windows.common-controls_6595b64144ccf1df_6.0.26100.8972_none_3e0da176e32f9d4b\COMCTL32.dll
0x00007ffcb59f0000 - 0x00007ffcb5a99000 	C:\Windows\System32\msvcrt.dll
0x00007ffcb4ac0000 - 0x00007ffcb4af2000 	C:\Windows\System32\IMM32.DLL
0x00007ffca8370000 - 0x00007ffca837c000 	C:\Users\wogud\.vscode\extensions\redhat.java-1.56.0-win32-x64\jre\21.0.12.1-win32-x86_64\bin\vcruntime140_1.dll
0x00007ffc79240000 - 0x00007ffc792cd000 	C:\Users\wogud\.vscode\extensions\redhat.java-1.56.0-win32-x64\jre\21.0.12.1-win32-x86_64\bin\msvcp140.dll
0x00007ffc29f90000 - 0x00007ffc2ad32000 	C:\Users\wogud\.vscode\extensions\redhat.java-1.56.0-win32-x64\jre\21.0.12.1-win32-x86_64\bin\server\jvm.dll
0x00007ffcb4bc0000 - 0x00007ffcb4c7c000 	C:\Windows\System32\ADVAPI32.dll
0x00007ffcb4940000 - 0x00007ffcb49ea000 	C:\Windows\System32\sechost.dll
0x00007ffcb4f80000 - 0x00007ffcb5098000 	C:\Windows\System32\RPCRT4.dll
0x00007ffcb4df0000 - 0x00007ffcb4e72000 	C:\Windows\System32\WS2_32.dll
0x00007ffcb3270000 - 0x00007ffcb32ce000 	C:\Windows\SYSTEM32\POWRPROF.dll
0x00007ffc97cb0000 - 0x00007ffc97ce6000 	C:\Windows\SYSTEM32\WINMM.dll
0x00007ffc9eb00000 - 0x00007ffc9eb0b000 	C:\Windows\SYSTEM32\VERSION.dll
0x00007ffcb3250000 - 0x00007ffcb3265000 	C:\Windows\SYSTEM32\UMPDC.dll
0x00007ffcb2100000 - 0x00007ffcb211b000 	C:\Windows\SYSTEM32\kernel.appcore.dll
0x00007ffc9c1f0000 - 0x00007ffc9c1fa000 	C:\Users\wogud\.vscode\extensions\redhat.java-1.56.0-win32-x64\jre\21.0.12.1-win32-x86_64\bin\jimage.dll
0x00007ffcb0b20000 - 0x00007ffcb0d62000 	C:\Windows\SYSTEM32\DBGHELP.DLL
0x00007ffcb5c70000 - 0x00007ffcb5ff5000 	C:\Windows\System32\combase.dll
0x00007ffcb40d0000 - 0x00007ffcb41a9000 	C:\Windows\System32\OLEAUT32.dll
0x00007ffc82970000 - 0x00007ffc829ab000 	C:\Windows\SYSTEM32\dbgcore.DLL
0x00007ffcb3e70000 - 0x00007ffcb3f1c000 	C:\Windows\System32\bcryptPrimitives.dll
0x00007ffc98bb0000 - 0x00007ffc98bbf000 	C:\Users\wogud\.vscode\extensions\redhat.java-1.56.0-win32-x64\jre\21.0.12.1-win32-x86_64\bin\instrument.dll
0x00007ffc980d0000 - 0x00007ffc980f0000 	C:\Users\wogud\.vscode\extensions\redhat.java-1.56.0-win32-x64\jre\21.0.12.1-win32-x86_64\bin\java.dll
0x00007ffcb41b0000 - 0x00007ffcb4938000 	C:\Windows\System32\SHELL32.dll
0x00007ffcb0e90000 - 0x00007ffcb172b000 	C:\Windows\SYSTEM32\windows.storage.dll
0x00007ffcb4e80000 - 0x00007ffcb4f79000 	C:\Windows\System32\SHCORE.dll
0x00007ffcb5be0000 - 0x00007ffcb5c46000 	C:\Windows\System32\shlwapi.dll
0x00007ffcb3330000 - 0x00007ffcb3359000 	C:\Windows\SYSTEM32\profapi.dll
0x00007ffc90770000 - 0x00007ffc90788000 	C:\Users\wogud\.vscode\extensions\redhat.java-1.56.0-win32-x64\jre\21.0.12.1-win32-x86_64\bin\zip.dll
0x00007ffc9c100000 - 0x00007ffc9c110000 	C:\Users\wogud\.vscode\extensions\redhat.java-1.56.0-win32-x64\jre\21.0.12.1-win32-x86_64\bin\net.dll
0x00007ffc9fa30000 - 0x00007ffc9fb58000 	C:\Windows\SYSTEM32\WINHTTP.dll
0x00007ffcb26b0000 - 0x00007ffcb271c000 	C:\Windows\system32\mswsock.dll
0x00007ffc90750000 - 0x00007ffc90766000 	C:\Users\wogud\.vscode\extensions\redhat.java-1.56.0-win32-x64\jre\21.0.12.1-win32-x86_64\bin\nio.dll
0x00007ffc98b40000 - 0x00007ffc98b50000 	C:\Users\wogud\.vscode\extensions\redhat.java-1.56.0-win32-x64\jre\21.0.12.1-win32-x86_64\bin\verify.dll
0x00007ffc2df70000 - 0x00007ffc2df97000 	C:\Users\wogud\.gradle\native\1def1411415f61bf3af743bc5b6707747c0891f09f0c88961ee8f79bc544acac\windows-amd64\native-platform.dll
0x00007ffc306c0000 - 0x00007ffc30738000 	C:\Users\wogud\.gradle\native\0.2.7\x86_64-windows-gnu\gradle-fileevents.dll
0x00007ffc98c00000 - 0x00007ffc98c0a000 	C:\Users\wogud\.vscode\extensions\redhat.java-1.56.0-win32-x64\jre\21.0.12.1-win32-x86_64\bin\management.dll
0x00007ffc98bf0000 - 0x00007ffc98bfc000 	C:\Users\wogud\.vscode\extensions\redhat.java-1.56.0-win32-x64\jre\21.0.12.1-win32-x86_64\bin\management_ext.dll
0x00007ffcb4b00000 - 0x00007ffcb4b08000 	C:\Windows\System32\PSAPI.DLL
0x00007ffcb1a80000 - 0x00007ffcb1ab3000 	C:\Windows\SYSTEM32\IPHLPAPI.DLL
0x00007ffcb49f0000 - 0x00007ffcb49fa000 	C:\Windows\System32\NSI.dll
0x00007ffc98460000 - 0x00007ffc98469000 	C:\Users\wogud\.vscode\extensions\redhat.java-1.56.0-win32-x64\jre\21.0.12.1-win32-x86_64\bin\extnet.dll
0x00007ffcb29a0000 - 0x00007ffcb29bb000 	C:\Windows\SYSTEM32\CRYPTSP.dll
0x00007ffcb2060000 - 0x00007ffcb2099000 	C:\Windows\system32\rsaenh.dll
0x00007ffcb2760000 - 0x00007ffcb2792000 	C:\Windows\SYSTEM32\USERENV.dll
0x00007ffcb3300000 - 0x00007ffcb332a000 	C:\Windows\SYSTEM32\bcrypt.dll
0x00007ffcb29c0000 - 0x00007ffcb29cc000 	C:\Windows\SYSTEM32\CRYPTBASE.dll
0x00007ffc9b520000 - 0x00007ffc9b52e000 	C:\Users\wogud\.vscode\extensions\redhat.java-1.56.0-win32-x64\jre\21.0.12.1-win32-x86_64\bin\sunmscapi.dll
0x00007ffcb3410000 - 0x00007ffcb358e000 	C:\Windows\System32\CRYPT32.dll
0x00007ffcb2be0000 - 0x00007ffcb2c10000 	C:\Windows\SYSTEM32\ncrypt.dll
0x00007ffcb2b90000 - 0x00007ffcb2bcf000 	C:\Windows\SYSTEM32\NTASN1.dll
0x00007ffc74dc0000 - 0x00007ffc74dc8000 	C:\Windows\system32\wshunix.dll

JVMTI agents:
C:\Users\wogud\.gradle\wrapper\dists\gradle-8.14.4-bin\92wwslzcyst3phie3o264zltu\gradle-8.14.4\lib\agents\gradle-instrumentation-agent-8.14.4.jar path:C:\Users\wogud\.vscode\extensions\redhat.java-1.56.0-win32-x64\jre\21.0.12.1-win32-x86_64\bin\instrument.dll, loaded, initialized, instrumentlib options:none

dbghelp: loaded successfully - version: 4.0.5 - missing functions: none
symbol engine: initialized successfully - sym options: 0x614 - pdb path: .;C:\Users\wogud\.vscode\extensions\redhat.java-1.56.0-win32-x64\jre\21.0.12.1-win32-x86_64\bin;C:\Windows\SYSTEM32;C:\Windows\WinSxS\amd64_microsoft.windows.common-controls_6595b64144ccf1df_6.0.26100.8972_none_3e0da176e32f9d4b;C:\Users\wogud\.vscode\extensions\redhat.java-1.56.0-win32-x64\jre\21.0.12.1-win32-x86_64\bin\server;C:\Users\wogud\.gradle\native\1def1411415f61bf3af743bc5b6707747c0891f09f0c88961ee8f79bc544acac\windows-amd64;C:\Users\wogud\.gradle\native\0.2.7\x86_64-windows-gnu

VM Arguments:
jvm_args: --add-opens=java.base/java.lang=ALL-UNNAMED --add-opens=java.base/java.lang.invoke=ALL-UNNAMED --add-opens=java.base/java.util=ALL-UNNAMED --add-opens=java.prefs/java.util.prefs=ALL-UNNAMED --add-exports=jdk.compiler/com.sun.tools.javac.api=ALL-UNNAMED --add-exports=jdk.compiler/com.sun.tools.javac.util=ALL-UNNAMED --add-opens=java.base/java.util=ALL-UNNAMED --add-opens=java.prefs/java.util.prefs=ALL-UNNAMED --add-opens=java.base/java.nio.charset=ALL-UNNAMED --add-opens=java.base/java.net=ALL-UNNAMED --add-opens=java.base/java.util.concurrent.atomic=ALL-UNNAMED --add-opens=java.xml/javax.xml.namespace=ALL-UNNAMED -XX:MaxMetaspaceSize=384m -XX:+HeapDumpOnOutOfMemoryError -Xms256m -Xmx512m -Dfile.encoding=UTF-8 -Duser.country=KR -Duser.language=ko -Duser.variant -javaagent:C:\Users\wogud\.gradle\wrapper\dists\gradle-8.14.4-bin\92wwslzcyst3phie3o264zltu\gradle-8.14.4\lib\agents\gradle-instrumentation-agent-8.14.4.jar 
java_command: org.gradle.launcher.daemon.bootstrap.GradleDaemon 8.14.4
java_class_path (initial): C:\Users\wogud\.gradle\wrapper\dists\gradle-8.14.4-bin\92wwslzcyst3phie3o264zltu\gradle-8.14.4\lib\gradle-daemon-main-8.14.4.jar
Launcher Type: SUN_STANDARD

[Global flags]
     intx CICompilerCount                          = 4                                         {product} {ergonomic}
   size_t CompressedClassSpaceSize                 = 335544320                                 {product} {ergonomic}
     uint ConcGCThreads                            = 2                                         {product} {ergonomic}
     uint G1ConcRefinementThreads                  = 8                                         {product} {ergonomic}
   size_t G1HeapRegionSize                         = 1048576                                   {product} {ergonomic}
    uintx GCDrainStackTargetSize                   = 64                                        {product} {ergonomic}
     bool HeapDumpOnOutOfMemoryError               = true                                   {manageable} {command line}
   size_t InitialHeapSize                          = 268435456                                 {product} {command line}
   size_t MarkStackSize                            = 4194304                                   {product} {ergonomic}
   size_t MaxHeapSize                              = 536870912                                 {product} {command line}
   size_t MaxMetaspaceSize                         = 402653184                                 {product} {command line}
   size_t MaxNewSize                               = 321912832                                 {product} {ergonomic}
   size_t MinHeapDeltaBytes                        = 1048576                                   {product} {ergonomic}
   size_t MinHeapSize                              = 268435456                                 {product} {command line}
    uintx NonNMethodCodeHeapSize                   = 5839372                                {pd product} {ergonomic}
    uintx NonProfiledCodeHeapSize                  = 122909434                              {pd product} {ergonomic}
    uintx ProfiledCodeHeapSize                     = 122909434                              {pd product} {ergonomic}
    uintx ReservedCodeCacheSize                    = 251658240                              {pd product} {ergonomic}
     bool SegmentedCodeCache                       = true                                      {product} {ergonomic}
   size_t SoftMaxHeapSize                          = 536870912                              {manageable} {ergonomic}
     bool UseCompressedOops                        = true                           {product lp64_product} {ergonomic}
     bool UseG1GC                                  = true                                      {product} {ergonomic}
     bool UseLargePagesIndividualAllocation        = false                                  {pd product} {ergonomic}

Logging:
Log output configuration:
 #0: stdout all=warning uptime,level,tags foldmultilines=false
 #1: stderr all=off uptime,level,tags foldmultilines=false

Release file:
JAVA_VERSION="21.0.12.1" 
MODULES="java.base java.compiler java.datatransfer java.xml java.prefs java.desktop java.instrument java.logging java.management java.security.sasl java.naming java.rmi java.management.rmi java.net.http java.scripting java.security.jgss java.transaction.xa java.sql java.sql.rowset java.xml.crypto java.se java.smartcardio jdk.accessibility jdk.internal.jvmstat jdk.attach jdk.charsets jdk.internal.opt jdk.zipfs jdk.compiler jdk.crypto.ec jdk.crypto.cryptoki jdk.crypto.mscapi jdk.dynalink jdk.internal.ed jdk.editpad jdk.hotspot.agent jdk.httpserver jdk.internal.le jdk.internal.vm.ci jdk.internal.vm.compiler jdk.internal.vm.compiler.management jdk.jartool jdk.javadoc jdk.jcmd jdk.management jdk.management.agent jdk.jconsole jdk.jdeps jdk.jdwp.agent jdk.jdi jdk.jfr jdk.jshell jdk.jsobject jdk.jstatd jdk.localedata jdk.management.jfr jdk.naming.dns jdk.naming.rmi jdk.net jdk.nio.mapmode jdk.random jdk.sctp jdk.security.auth jdk.security.jgss jdk.unsupported jdk.unsupported.desktop jdk.xml.dom" 

Environment Variables:
JAVA_HOME=C:\Program Files\Java\jdk-21.0.10
PATH=C:\Program Files\Common Files\Oracle\Java\javapath;C:\Program Files\Eclipse Adoptium\jdk-21.0.10.7-hotspot\bin;C:\Windows\system32;C:\Windows;C:\Windows\System32\Wbem;C:\Windows\System32\WindowsPowerShell\v1.0\;C:\Windows\System32\OpenSSH\;C:\Program Files\dotnet\;C:\Program Files\nodejs\;C:\Program Files\Git\cmd;C:\Users\wogud\AppData\Local\Programs\Python\Python313\Scripts\;C:\Users\wogud\AppData\Local\Programs\Python\Python313\;C:\Users\wogud\AppData\Local\Programs\Python\Launcher\;C:\Users\wogud\AppData\Local\Microsoft\WindowsApps;C:\Users\wogud\AppData\Local\Programs\Microsoft VS Code\bin;C:\Users\wogud\.dotnet\tools;C:\Users\wogud\AppData\Roaming\npm
USERNAME=wogud
OS=Windows_NT
PROCESSOR_IDENTIFIER=Intel64 Family 6 Model 189 Stepping 1, GenuineIntel
TMP=C:\Users\wogud\AppData\Local\Temp
TEMP=C:\Users\wogud\AppData\Local\Temp




Periodic native trim disabled

---------------  S Y S T E M  ---------------

OS:
 Windows 11 , 64 bit Build 26100 (10.0.26100.9168)
OS uptime: 9 days 16:55 hours
Hyper-V role detected

CPU: total 8 (initial active 8) (8 cores per cpu, 1 threads per core) family 6 model 189 stepping 1 microcode 0x125, cx8, cmov, fxsr, mmx, 3dnowpref, sse, sse2, sse3, ssse3, sse4.1, sse4.2, popcnt, lzcnt, tsc, tscinvbit, avx, avx2, aes, erms, clmul, bmi1, bmi2, adx, sha, fma, vzeroupper, clflush, clflushopt, clwb, hv, serialize, rdtscp, rdpid, fsrm, f16c, cet_ibt, cet_ss
Processor Information for the first 8 processors :
  Max Mhz: 2200, Current Mhz: 2200, Mhz Limit: 2200

Memory: 4k page, system-wide physical 15914M (1106M free)
TotalPageFile size 65066M (AvailPageFile size 361M)
current process WorkingSet (physical memory assigned to process): 209M, peak: 209M
current process commit charge ("private bytes"): 423M, peak: 423M

vm_info: OpenJDK 64-Bit Server VM (21.0.12.1+1-LTS) for windows-amd64 JRE (21.0.12.1+1-LTS), built on 2026-08-18T00:00:00Z by "admin" with MS VC++ 17.12 (VS2022)

END.
