#
# There is insufficient memory for the Java Runtime Environment to continue.
# Native memory allocation (malloc) failed to allocate 1416464 bytes. Error detail: Chunk::new
# Possible reasons:
#   The system is out of physical RAM or swap space
#   This process is running with CompressedOops enabled, and the Java Heap may be blocking the growth of the native heap
# Possible solutions:
#   Reduce memory load on the system
#   Increase physical memory or swap space
#   Check if swap backing store is full
#   Decrease Java heap size (-Xmx/-Xms)
#   Decrease number of Java threads
#   Decrease Java thread stack sizes (-Xss)
#   Set larger code cache with -XX:ReservedCodeCacheSize=
#   JVM is running with Unscaled Compressed Oops mode in which the Java heap is
#     placed in the first 4GB address space. The Java Heap base address is the
#     maximum limit for the native heap growth. Please use -XX:HeapBaseMinAddress
#     to set the Java Heap base and to place the Java Heap above 4GB virtual address.
# This output file may be truncated or incomplete.
#
#  Out of Memory Error (arena.cpp:168), pid=17796, tid=10676
#
# JRE version: OpenJDK Runtime Environment Temurin-21.0.12.1+1 (21.0.12.1+1) (build 21.0.12.1+1-LTS)
# Java VM: OpenJDK 64-Bit Server VM Temurin-21.0.12.1+1 (21.0.12.1+1-LTS, mixed mode, sharing, tiered, compressed oops, compressed class ptrs, g1 gc, windows-amd64)
# No core dump will be written. Minidumps are not enabled by default on client versions of Windows
#

---------------  S U M M A R Y ------------

Command Line: --add-opens=java.base/java.lang=ALL-UNNAMED --add-opens=java.base/java.lang.invoke=ALL-UNNAMED --add-opens=java.base/java.util=ALL-UNNAMED --add-opens=java.prefs/java.util.prefs=ALL-UNNAMED --add-exports=jdk.compiler/com.sun.tools.javac.api=ALL-UNNAMED --add-exports=jdk.compiler/com.sun.tools.javac.util=ALL-UNNAMED --add-opens=java.base/java.util=ALL-UNNAMED --add-opens=java.prefs/java.util.prefs=ALL-UNNAMED --add-opens=java.base/java.nio.charset=ALL-UNNAMED --add-opens=java.base/java.net=ALL-UNNAMED --add-opens=java.base/java.util.concurrent.atomic=ALL-UNNAMED --add-opens=java.xml/javax.xml.namespace=ALL-UNNAMED -XX:MaxMetaspaceSize=384m -XX:+HeapDumpOnOutOfMemoryError -Xms256m -Xmx512m -Dfile.encoding=UTF-8 -Duser.country=KR -Duser.language=ko -Duser.variant -javaagent:C:\Users\wogud\.gradle\wrapper\dists\gradle-8.14.4-bin\92wwslzcyst3phie3o264zltu\gradle-8.14.4\lib\agents\gradle-instrumentation-agent-8.14.4.jar org.gradle.launcher.daemon.bootstrap.GradleDaemon 8.14.4

Host: Intel(R) Core(TM) Ultra 7 256V, 8 cores, 15G,  Windows 11 , 64 bit Build 26100 (10.0.26100.9168)
Time: Fri Sep  4 16:02:29 2026 elapsed time: 216.976149 seconds (0d 0h 3m 36s)

---------------  T H R E A D  ---------------

Current thread (0x00000228335c0800):  JavaThread "C2 CompilerThread0" daemon [_thread_in_native, id=10676, stack(0x000000cdf6300000,0x000000cdf6400000) (1024K)]


Current CompileTask:
C2:216976 5076       4       org.gradle.launcher.daemon.context.DefaultDaemonContext$Serializer::read (229 bytes)

Stack: [0x000000cdf6300000,0x000000cdf6400000]
Native frames: (J=compiled Java code, j=interpreted, Vv=VM code, C=native code)
V  [jvm.dll+0x6d83e9]
V  [jvm.dll+0x8b5736]
V  [jvm.dll+0x8b7cee]
V  [jvm.dll+0x8b83d3]
V  [jvm.dll+0x284596]
V  [jvm.dll+0xc685d]
V  [jvm.dll+0xc6da1]
V  [jvm.dll+0x3bf18b]
V  [jvm.dll+0x1e4149]
V  [jvm.dll+0x24c853]
V  [jvm.dll+0x24bce0]
V  [jvm.dll+0x1cb4ae]
V  [jvm.dll+0x25baad]
V  [jvm.dll+0x25a03a]
V  [jvm.dll+0x3f8aae]
V  [jvm.dll+0x8600cd]
V  [jvm.dll+0x6d6c1d]
C  [ucrtbase.dll+0x2cd30]
C  [KERNEL32.DLL+0x2ccb7]
C  [ntdll.dll+0xaad6c]


---------------  P R O C E S S  ---------------

Threads class SMR info:
_java_thread_list=0x0000022850b5e030, length=32, elements={
0x000002281dbffb40, 0x00000228335b8c40, 0x00000228335ba3c0, 0x00000228335bdb50,
0x00000228335be5b0, 0x00000228335bf010, 0x00000228335bfa70, 0x00000228335c0800,
0x00000228335cdd50, 0x00000228337f12f0, 0x00000228338956d0, 0x000002284e59a480,
0x000002284dc745f0, 0x000002284dcdced0, 0x00000228336ca4b0, 0x000002284dd91840,
0x000002284dad4570, 0x0000022833943d80, 0x0000022833944410, 0x0000022833944aa0,
0x00000228339464e0, 0x0000022833946b70, 0x00000228339436f0, 0x0000022833945130,
0x00000228337d1920, 0x00000228337d39f0, 0x00000228337d4da0, 0x00000228337d5430,
0x00000228337d2640, 0x00000228337d1fb0, 0x00000228337d6150, 0x00000228337d2cd0
}

Java Threads: ( => current thread )
  0x000002281dbffb40 JavaThread "main"                              [_thread_blocked, id=10212, stack(0x000000cdf5500000,0x000000cdf5600000) (1024K)]
  0x00000228335b8c40 JavaThread "Reference Handler"          daemon [_thread_blocked, id=21312, stack(0x000000cdf5d00000,0x000000cdf5e00000) (1024K)]
  0x00000228335ba3c0 JavaThread "Finalizer"                  daemon [_thread_blocked, id=3244, stack(0x000000cdf5e00000,0x000000cdf5f00000) (1024K)]
  0x00000228335bdb50 JavaThread "Signal Dispatcher"          daemon [_thread_blocked, id=13864, stack(0x000000cdf5f00000,0x000000cdf6000000) (1024K)]
  0x00000228335be5b0 JavaThread "Attach Listener"            daemon [_thread_blocked, id=24872, stack(0x000000cdf6000000,0x000000cdf6100000) (1024K)]
  0x00000228335bf010 JavaThread "Service Thread"             daemon [_thread_blocked, id=11520, stack(0x000000cdf6100000,0x000000cdf6200000) (1024K)]
  0x00000228335bfa70 JavaThread "Monitor Deflation Thread"   daemon [_thread_blocked, id=19428, stack(0x000000cdf6200000,0x000000cdf6300000) (1024K)]
=>0x00000228335c0800 JavaThread "C2 CompilerThread0"         daemon [_thread_in_native, id=10676, stack(0x000000cdf6300000,0x000000cdf6400000) (1024K)]
  0x00000228335cdd50 JavaThread "C1 CompilerThread0"         daemon [_thread_blocked, id=16428, stack(0x000000cdf6400000,0x000000cdf6500000) (1024K)]
  0x00000228337f12f0 JavaThread "Common-Cleaner"             daemon [_thread_blocked, id=2268, stack(0x000000cdf6500000,0x000000cdf6600000) (1024K)]
  0x00000228338956d0 JavaThread "Notification Thread"        daemon [_thread_blocked, id=10036, stack(0x000000cdf6600000,0x000000cdf6700000) (1024K)]
  0x000002284e59a480 JavaThread "Daemon health stats"               [_thread_blocked, id=27776, stack(0x000000cdf6700000,0x000000cdf6800000) (1024K)]
  0x000002284dc745f0 JavaThread "Incoming local TCP Connector on port 61198"        [_thread_in_native, id=19352, stack(0x000000cdf6f00000,0x000000cdf7000000) (1024K)]
  0x000002284dcdced0 JavaThread "Daemon periodic checks"            [_thread_blocked, id=10576, stack(0x000000cdf7000000,0x000000cdf7100000) (1024K)]
  0x00000228336ca4b0 JavaThread "Daemon"                            [_thread_blocked, id=28744, stack(0x000000cdf7100000,0x000000cdf7200000) (1024K)]
  0x000002284dd91840 JavaThread "Handler for socket connection from /127.0.0.1:61198 to /127.0.0.1:61204"        [_thread_in_native, id=28764, stack(0x000000cdf7200000,0x000000cdf7300000) (1024K)]
  0x000002284dad4570 JavaThread "Cancel handler"                    [_thread_blocked, id=28900, stack(0x000000cdf7300000,0x000000cdf7400000) (1024K)]
  0x0000022833943d80 JavaThread "Daemon worker"                     [_thread_in_Java, id=28968, stack(0x000000cdf7400000,0x000000cdf7500000) (1024K)]
  0x0000022833944410 JavaThread "Asynchronous log dispatcher for DefaultDaemonConnection: socket connection from /127.0.0.1:61198 to /127.0.0.1:61204"        [_thread_blocked, id=28996, stack(0x000000cdf7500000,0x000000cdf7600000) (1024K)]
  0x0000022833944aa0 JavaThread "Stdin handler"                     [_thread_blocked, id=29000, stack(0x000000cdf7600000,0x000000cdf7700000) (1024K)]
  0x00000228339464e0 JavaThread "Daemon client event forwarder"        [_thread_blocked, id=29004, stack(0x000000cdf7700000,0x000000cdf7800000) (1024K)]
  0x0000022833946b70 JavaThread "Cache worker for journal cache (C:\Users\wogud\.gradle\caches\journal-1)"        [_thread_blocked, id=29412, stack(0x000000cdf7800000,0x000000cdf7900000) (1024K)]
  0x00000228339436f0 JavaThread "File lock request listener"        [_thread_in_native, id=29432, stack(0x000000cdf7900000,0x000000cdf7a00000) (1024K)]
  0x0000022833945130 JavaThread "Cache worker for file hash cache (C:\Users\wogud\.gradle\caches\8.14.4\fileHashes)"        [_thread_blocked, id=29628, stack(0x000000cdf7a00000,0x000000cdf7b00000) (1024K)]
  0x00000228337d1920 JavaThread "Cache worker for file hash cache (C:\Users\wogud\OneDrive\바탕 화면\cpaston_project\.gradle\8.14.4\fileHashes)"        [_thread_blocked, id=30040, stack(0x000000cdf7d00000,0x000000cdf7e00000) (1024K)]
  0x00000228337d39f0 JavaThread "Cache worker for Build Output Cleanup Cache (C:\Users\wogud\OneDrive\바탕 화면\cpaston_project\.gradle\buildOutputCleanup)"        [_thread_blocked, id=30064, stack(0x000000cdf7e00000,0x000000cdf7f00000) (1024K)]
  0x00000228337d4da0 JavaThread "File watcher server"        daemon [_thread_in_native, id=30368, stack(0x000000cdf7f00000,0x000000cdf8000000) (1024K)]
  0x00000228337d5430 JavaThread "File watcher consumer"      daemon [_thread_blocked, id=30376, stack(0x000000cdf8000000,0x000000cdf8100000) (1024K)]
  0x00000228337d2640 JavaThread "jar transforms"                    [_thread_blocked, id=30052, stack(0x000000cdf8100000,0x000000cdf8200000) (1024K)]
  0x00000228337d1fb0 JavaThread "jar transforms Thread 2"           [_thread_blocked, id=33576, stack(0x000000cdf5200000,0x000000cdf5300000) (1024K)]
  0x00000228337d6150 JavaThread "Cache worker for checksums cache (C:\Users\wogud\OneDrive\바탕 화면\cpaston_project\.gradle\8.14.4\checksums)"        [_thread_blocked, id=18472, stack(0x000000cdf5300000,0x000000cdf5400000) (1024K)]
  0x00000228337d2cd0 JavaThread "Cache worker for file content cache (C:\Users\wogud\.gradle\caches\8.14.4\fileContent)"        [_thread_blocked, id=5800, stack(0x000000cdf5400000,0x000000cdf5500000) (1024K)]
Total: 32

Other Threads:
  0x0000022833593330 VMThread "VM Thread"                           [id=13596, stack(0x000000cdf5c00000,0x000000cdf5d00000) (1024K)]
  0x0000022833587420 WatcherThread "VM Periodic Task Thread"        [id=14068, stack(0x000000cdf5b00000,0x000000cdf5c00000) (1024K)]
  0x000002281dc2b3e0 WorkerThread "GC Thread#0"                     [id=7944, stack(0x000000cdf5600000,0x000000cdf5700000) (1024K)]
  0x00000228336aa6c0 WorkerThread "GC Thread#1"                     [id=24952, stack(0x000000cdf6800000,0x000000cdf6900000) (1024K)]
  0x00000228338ab290 WorkerThread "GC Thread#2"                     [id=16772, stack(0x000000cdf6900000,0x000000cdf6a00000) (1024K)]
  0x00000228338ab640 WorkerThread "GC Thread#3"                     [id=25556, stack(0x000000cdf6a00000,0x000000cdf6b00000) (1024K)]
  0x00000228338ab9f0 WorkerThread "GC Thread#4"                     [id=7748, stack(0x000000cdf6b00000,0x000000cdf6c00000) (1024K)]
  0x00000228338abda0 WorkerThread "GC Thread#5"                     [id=21120, stack(0x000000cdf6c00000,0x000000cdf6d00000) (1024K)]
  0x000002284dbdf1c0 WorkerThread "GC Thread#6"                     [id=16260, stack(0x000000cdf6d00000,0x000000cdf6e00000) (1024K)]
  0x000002284dbdf570 WorkerThread "GC Thread#7"                     [id=21588, stack(0x000000cdf6e00000,0x000000cdf6f00000) (1024K)]
  0x000002281dc30af0 ConcurrentGCThread "G1 Main Marker"            [id=21472, stack(0x000000cdf5700000,0x000000cdf5800000) (1024K)]
  0x000002281dc31510 WorkerThread "G1 Conc#0"                       [id=23968, stack(0x000000cdf5800000,0x000000cdf5900000) (1024K)]
  0x000002284fd7a750 WorkerThread "G1 Conc#1"                       [id=29928, stack(0x000000cdf7c00000,0x000000cdf7d00000) (1024K)]
  0x00000228334501d0 ConcurrentGCThread "G1 Refine#0"               [id=18124, stack(0x000000cdf5900000,0x000000cdf5a00000) (1024K)]
  0x0000022833450b60 ConcurrentGCThread "G1 Service"                [id=12124, stack(0x000000cdf5a00000,0x000000cdf5b00000) (1024K)]
Total: 15

Threads with active compile tasks:
C2 CompilerThread0  217026 5076       4       org.gradle.launcher.daemon.context.DefaultDaemonContext$Serializer::read (229 bytes)
Total: 1

VM state: not at safepoint (normal execution)

VM Mutex/Monitor currently owned by a thread: None

Heap address: 0x00000000e0000000, size: 512 MB, Compressed Oops mode: 32-bit

CDS archive(s) mapped at: [0x0000022834000000-0x0000022834ba0000-0x0000022834ba0000), size 12189696, SharedBaseAddress: 0x0000022834000000, ArchiveRelocationMode: 1.
Compressed class space mapped at: 0x0000022835000000-0x0000022849000000, reserved size: 335544320
Narrow klass base: 0x0000022834000000, Narrow klass shift: 0, Narrow klass range: 0x100000000

GC Precious Log:
 CardTable entry size: 512
 Card Set container configuration: InlinePtr #cards 5 size 8 Array Of Cards #cards 12 size 40 Howl #buckets 4 coarsen threshold 1843 Howl Bitmap #cards 512 size 80 coarsen threshold 460 Card regions per heap region 1 cards per card region 2048
 CPUs: 8 total, 8 available
 Memory: 15914M
 Large Page Support: Disabled
 NUMA Support: Disabled
 Compressed Oops: Enabled (32-bit)
 Heap Region Size: 1M
 Heap Min Capacity: 256M
 Heap Initial Capacity: 256M
 Heap Max Capacity: 512M
 Pre-touch: Disabled
 Parallel Workers: 8
 Concurrent Workers: 2
 Concurrent Refinement Workers: 8
 Periodic GC: Disabled

Heap:
 garbage-first heap   total 262144K, used 49417K [0x00000000e0000000, 0x0000000100000000)
  region size 1024K, 32 young (32768K), 15 survivors (15360K)
 Metaspace       used 35722K, committed 36800K, reserved 393216K
  class space    used 5074K, committed 5568K, reserved 327680K

Heap Regions: E=young(eden), S=young(survivor), O=old, HS=humongous(starts), HC=humongous(continues), CS=collection set, F=free, TAMS=top-at-mark-start, PB=parsable bottom
|   0|0x00000000e0000000, 0x00000000e0100000, 0x00000000e0100000|100%|HS|  |TAMS 0x00000000e0000000| PB 0x00000000e0000000| Complete 
|   1|0x00000000e0100000, 0x00000000e0200000, 0x00000000e0200000|100%|HC|  |TAMS 0x00000000e0100000| PB 0x00000000e0100000| Complete 
|   2|0x00000000e0200000, 0x00000000e0300000, 0x00000000e0300000|100%|HC|  |TAMS 0x00000000e0200000| PB 0x00000000e0200000| Complete 
|   3|0x00000000e0300000, 0x00000000e0400000, 0x00000000e0400000|100%| O|  |TAMS 0x00000000e0300000| PB 0x00000000e0300000| Untracked 
|   4|0x00000000e0400000, 0x00000000e0500000, 0x00000000e0500000|100%| O|  |TAMS 0x00000000e0400000| PB 0x00000000e0400000| Untracked 
|   5|0x00000000e0500000, 0x00000000e0600000, 0x00000000e0600000|100%| O|  |TAMS 0x00000000e0500000| PB 0x00000000e0500000| Untracked 
|   6|0x00000000e0600000, 0x00000000e0700000, 0x00000000e0700000|100%|HS|  |TAMS 0x00000000e0600000| PB 0x00000000e0600000| Complete 
|   7|0x00000000e0700000, 0x00000000e0700000, 0x00000000e0800000|  0%| F|  |TAMS 0x00000000e0700000| PB 0x00000000e0700000| Untracked 
|   8|0x00000000e0800000, 0x00000000e0900000, 0x00000000e0900000|100%| O|  |TAMS 0x00000000e0800000| PB 0x00000000e0800000| Untracked 
|   9|0x00000000e0900000, 0x00000000e0a00000, 0x00000000e0a00000|100%| O|  |TAMS 0x00000000e0900000| PB 0x00000000e0900000| Untracked 
|  10|0x00000000e0a00000, 0x00000000e0a00000, 0x00000000e0b00000|  0%| F|  |TAMS 0x00000000e0a00000| PB 0x00000000e0a00000| Untracked 
|  11|0x00000000e0b00000, 0x00000000e0b00000, 0x00000000e0c00000|  0%| F|  |TAMS 0x00000000e0b00000| PB 0x00000000e0b00000| Untracked 
|  12|0x00000000e0c00000, 0x00000000e0c00000, 0x00000000e0d00000|  0%| F|  |TAMS 0x00000000e0c00000| PB 0x00000000e0c00000| Untracked 
|  13|0x00000000e0d00000, 0x00000000e0d00000, 0x00000000e0e00000|  0%| F|  |TAMS 0x00000000e0d00000| PB 0x00000000e0d00000| Untracked 
|  14|0x00000000e0e00000, 0x00000000e0f00000, 0x00000000e0f00000|100%| O|  |TAMS 0x00000000e0e00000| PB 0x00000000e0e00000| Untracked 
|  15|0x00000000e0f00000, 0x00000000e1000000, 0x00000000e1000000|100%| O|  |TAMS 0x00000000e0f00000| PB 0x00000000e0f00000| Untracked 
|  16|0x00000000e1000000, 0x00000000e1100000, 0x00000000e1100000|100%| O|  |TAMS 0x00000000e1000000| PB 0x00000000e1000000| Untracked 
|  17|0x00000000e1100000, 0x00000000e1200000, 0x00000000e1200000|100%| O|  |TAMS 0x00000000e1100000| PB 0x00000000e1100000| Untracked 
|  18|0x00000000e1200000, 0x00000000e1300000, 0x00000000e1300000|100%| O|  |TAMS 0x00000000e1200000| PB 0x00000000e1200000| Untracked 
|  19|0x00000000e1300000, 0x00000000e1400000, 0x00000000e1400000|100%| O|  |TAMS 0x00000000e1300000| PB 0x00000000e1300000| Untracked 
|  20|0x00000000e1400000, 0x00000000e1500000, 0x00000000e1500000|100%| O|  |TAMS 0x00000000e1400000| PB 0x00000000e1400000| Untracked 
|  21|0x00000000e1500000, 0x00000000e1600000, 0x00000000e1600000|100%| O|  |TAMS 0x00000000e1500000| PB 0x00000000e1500000| Untracked 
|  22|0x00000000e1600000, 0x00000000e16cc2f0, 0x00000000e1700000| 79%| O|  |TAMS 0x00000000e1600000| PB 0x00000000e1600000| Untracked 
|  23|0x00000000e1700000, 0x00000000e1700000, 0x00000000e1800000|  0%| F|  |TAMS 0x00000000e1700000| PB 0x00000000e1700000| Untracked 
|  24|0x00000000e1800000, 0x00000000e1800000, 0x00000000e1900000|  0%| F|  |TAMS 0x00000000e1800000| PB 0x00000000e1800000| Untracked 
|  25|0x00000000e1900000, 0x00000000e1900000, 0x00000000e1a00000|  0%| F|  |TAMS 0x00000000e1900000| PB 0x00000000e1900000| Untracked 
|  26|0x00000000e1a00000, 0x00000000e1a00000, 0x00000000e1b00000|  0%| F|  |TAMS 0x00000000e1a00000| PB 0x00000000e1a00000| Untracked 
|  27|0x00000000e1b00000, 0x00000000e1b00000, 0x00000000e1c00000|  0%| F|  |TAMS 0x00000000e1b00000| PB 0x00000000e1b00000| Untracked 
|  28|0x00000000e1c00000, 0x00000000e1c00000, 0x00000000e1d00000|  0%| F|  |TAMS 0x00000000e1c00000| PB 0x00000000e1c00000| Untracked 
|  29|0x00000000e1d00000, 0x00000000e1d00000, 0x00000000e1e00000|  0%| F|  |TAMS 0x00000000e1d00000| PB 0x00000000e1d00000| Untracked 
|  30|0x00000000e1e00000, 0x00000000e1e00000, 0x00000000e1f00000|  0%| F|  |TAMS 0x00000000e1e00000| PB 0x00000000e1e00000| Untracked 
|  31|0x00000000e1f00000, 0x00000000e1f00000, 0x00000000e2000000|  0%| F|  |TAMS 0x00000000e1f00000| PB 0x00000000e1f00000| Untracked 
|  32|0x00000000e2000000, 0x00000000e2000000, 0x00000000e2100000|  0%| F|  |TAMS 0x00000000e2000000| PB 0x00000000e2000000| Untracked 
|  33|0x00000000e2100000, 0x00000000e2100000, 0x00000000e2200000|  0%| F|  |TAMS 0x00000000e2100000| PB 0x00000000e2100000| Untracked 
|  34|0x00000000e2200000, 0x00000000e2200000, 0x00000000e2300000|  0%| F|  |TAMS 0x00000000e2200000| PB 0x00000000e2200000| Untracked 
|  35|0x00000000e2300000, 0x00000000e2300000, 0x00000000e2400000|  0%| F|  |TAMS 0x00000000e2300000| PB 0x00000000e2300000| Untracked 
|  36|0x00000000e2400000, 0x00000000e2400000, 0x00000000e2500000|  0%| F|  |TAMS 0x00000000e2400000| PB 0x00000000e2400000| Untracked 
|  37|0x00000000e2500000, 0x00000000e2500000, 0x00000000e2600000|  0%| F|  |TAMS 0x00000000e2500000| PB 0x00000000e2500000| Untracked 
|  38|0x00000000e2600000, 0x00000000e2600000, 0x00000000e2700000|  0%| F|  |TAMS 0x00000000e2600000| PB 0x00000000e2600000| Untracked 
|  39|0x00000000e2700000, 0x00000000e2700000, 0x00000000e2800000|  0%| F|  |TAMS 0x00000000e2700000| PB 0x00000000e2700000| Untracked 
|  40|0x00000000e2800000, 0x00000000e2800000, 0x00000000e2900000|  0%| F|  |TAMS 0x00000000e2800000| PB 0x00000000e2800000| Untracked 
|  41|0x00000000e2900000, 0x00000000e2900000, 0x00000000e2a00000|  0%| F|  |TAMS 0x00000000e2900000| PB 0x00000000e2900000| Untracked 
|  42|0x00000000e2a00000, 0x00000000e2a00000, 0x00000000e2b00000|  0%| F|  |TAMS 0x00000000e2a00000| PB 0x00000000e2a00000| Untracked 
|  43|0x00000000e2b00000, 0x00000000e2b00000, 0x00000000e2c00000|  0%| F|  |TAMS 0x00000000e2b00000| PB 0x00000000e2b00000| Untracked 
|  44|0x00000000e2c00000, 0x00000000e2c00000, 0x00000000e2d00000|  0%| F|  |TAMS 0x00000000e2c00000| PB 0x00000000e2c00000| Untracked 
|  45|0x00000000e2d00000, 0x00000000e2d00000, 0x00000000e2e00000|  0%| F|  |TAMS 0x00000000e2d00000| PB 0x00000000e2d00000| Untracked 
|  46|0x00000000e2e00000, 0x00000000e2e00000, 0x00000000e2f00000|  0%| F|  |TAMS 0x00000000e2e00000| PB 0x00000000e2e00000| Untracked 
|  47|0x00000000e2f00000, 0x00000000e2f00000, 0x00000000e3000000|  0%| F|  |TAMS 0x00000000e2f00000| PB 0x00000000e2f00000| Untracked 
|  48|0x00000000e3000000, 0x00000000e3000000, 0x00000000e3100000|  0%| F|  |TAMS 0x00000000e3000000| PB 0x00000000e3000000| Untracked 
|  49|0x00000000e3100000, 0x00000000e3100000, 0x00000000e3200000|  0%| F|  |TAMS 0x00000000e3100000| PB 0x00000000e3100000| Untracked 
|  50|0x00000000e3200000, 0x00000000e3200000, 0x00000000e3300000|  0%| F|  |TAMS 0x00000000e3200000| PB 0x00000000e3200000| Untracked 
|  51|0x00000000e3300000, 0x00000000e3300000, 0x00000000e3400000|  0%| F|  |TAMS 0x00000000e3300000| PB 0x00000000e3300000| Untracked 
|  52|0x00000000e3400000, 0x00000000e3400000, 0x00000000e3500000|  0%| F|  |TAMS 0x00000000e3400000| PB 0x00000000e3400000| Untracked 
|  53|0x00000000e3500000, 0x00000000e3500000, 0x00000000e3600000|  0%| F|  |TAMS 0x00000000e3500000| PB 0x00000000e3500000| Untracked 
|  54|0x00000000e3600000, 0x00000000e3600000, 0x00000000e3700000|  0%| F|  |TAMS 0x00000000e3600000| PB 0x00000000e3600000| Untracked 
|  55|0x00000000e3700000, 0x00000000e3700000, 0x00000000e3800000|  0%| F|  |TAMS 0x00000000e3700000| PB 0x00000000e3700000| Untracked 
|  56|0x00000000e3800000, 0x00000000e3800000, 0x00000000e3900000|  0%| F|  |TAMS 0x00000000e3800000| PB 0x00000000e3800000| Untracked 
|  57|0x00000000e3900000, 0x00000000e3900000, 0x00000000e3a00000|  0%| F|  |TAMS 0x00000000e3900000| PB 0x00000000e3900000| Untracked 
|  58|0x00000000e3a00000, 0x00000000e3a00000, 0x00000000e3b00000|  0%| F|  |TAMS 0x00000000e3a00000| PB 0x00000000e3a00000| Untracked 
|  59|0x00000000e3b00000, 0x00000000e3b00000, 0x00000000e3c00000|  0%| F|  |TAMS 0x00000000e3b00000| PB 0x00000000e3b00000| Untracked 
|  60|0x00000000e3c00000, 0x00000000e3c00000, 0x00000000e3d00000|  0%| F|  |TAMS 0x00000000e3c00000| PB 0x00000000e3c00000| Untracked 
|  61|0x00000000e3d00000, 0x00000000e3d00000, 0x00000000e3e00000|  0%| F|  |TAMS 0x00000000e3d00000| PB 0x00000000e3d00000| Untracked 
|  62|0x00000000e3e00000, 0x00000000e3e00000, 0x00000000e3f00000|  0%| F|  |TAMS 0x00000000e3e00000| PB 0x00000000e3e00000| Untracked 
|  63|0x00000000e3f00000, 0x00000000e3f00000, 0x00000000e4000000|  0%| F|  |TAMS 0x00000000e3f00000| PB 0x00000000e3f00000| Untracked 
|  64|0x00000000e4000000, 0x00000000e4000000, 0x00000000e4100000|  0%| F|  |TAMS 0x00000000e4000000| PB 0x00000000e4000000| Untracked 
|  65|0x00000000e4100000, 0x00000000e4100000, 0x00000000e4200000|  0%| F|  |TAMS 0x00000000e4100000| PB 0x00000000e4100000| Untracked 
|  66|0x00000000e4200000, 0x00000000e4200000, 0x00000000e4300000|  0%| F|  |TAMS 0x00000000e4200000| PB 0x00000000e4200000| Untracked 
|  67|0x00000000e4300000, 0x00000000e4300000, 0x00000000e4400000|  0%| F|  |TAMS 0x00000000e4300000| PB 0x00000000e4300000| Untracked 
|  68|0x00000000e4400000, 0x00000000e4400000, 0x00000000e4500000|  0%| F|  |TAMS 0x00000000e4400000| PB 0x00000000e4400000| Untracked 
|  69|0x00000000e4500000, 0x00000000e4500000, 0x00000000e4600000|  0%| F|  |TAMS 0x00000000e4500000| PB 0x00000000e4500000| Untracked 
|  70|0x00000000e4600000, 0x00000000e4600000, 0x00000000e4700000|  0%| F|  |TAMS 0x00000000e4600000| PB 0x00000000e4600000| Untracked 
|  71|0x00000000e4700000, 0x00000000e4700000, 0x00000000e4800000|  0%| F|  |TAMS 0x00000000e4700000| PB 0x00000000e4700000| Untracked 
|  72|0x00000000e4800000, 0x00000000e4800000, 0x00000000e4900000|  0%| F|  |TAMS 0x00000000e4800000| PB 0x00000000e4800000| Untracked 
|  73|0x00000000e4900000, 0x00000000e4900000, 0x00000000e4a00000|  0%| F|  |TAMS 0x00000000e4900000| PB 0x00000000e4900000| Untracked 
|  74|0x00000000e4a00000, 0x00000000e4a00000, 0x00000000e4b00000|  0%| F|  |TAMS 0x00000000e4a00000| PB 0x00000000e4a00000| Untracked 
|  75|0x00000000e4b00000, 0x00000000e4b00000, 0x00000000e4c00000|  0%| F|  |TAMS 0x00000000e4b00000| PB 0x00000000e4b00000| Untracked 
|  76|0x00000000e4c00000, 0x00000000e4c00000, 0x00000000e4d00000|  0%| F|  |TAMS 0x00000000e4c00000| PB 0x00000000e4c00000| Untracked 
|  77|0x00000000e4d00000, 0x00000000e4d00000, 0x00000000e4e00000|  0%| F|  |TAMS 0x00000000e4d00000| PB 0x00000000e4d00000| Untracked 
|  78|0x00000000e4e00000, 0x00000000e4e00000, 0x00000000e4f00000|  0%| F|  |TAMS 0x00000000e4e00000| PB 0x00000000e4e00000| Untracked 
|  79|0x00000000e4f00000, 0x00000000e4f00000, 0x00000000e5000000|  0%| F|  |TAMS 0x00000000e4f00000| PB 0x00000000e4f00000| Untracked 
|  80|0x00000000e5000000, 0x00000000e5000000, 0x00000000e5100000|  0%| F|  |TAMS 0x00000000e5000000| PB 0x00000000e5000000| Untracked 
|  81|0x00000000e5100000, 0x00000000e5100000, 0x00000000e5200000|  0%| F|  |TAMS 0x00000000e5100000| PB 0x00000000e5100000| Untracked 
|  82|0x00000000e5200000, 0x00000000e5200000, 0x00000000e5300000|  0%| F|  |TAMS 0x00000000e5200000| PB 0x00000000e5200000| Untracked 
|  83|0x00000000e5300000, 0x00000000e5300000, 0x00000000e5400000|  0%| F|  |TAMS 0x00000000e5300000| PB 0x00000000e5300000| Untracked 
|  84|0x00000000e5400000, 0x00000000e5400000, 0x00000000e5500000|  0%| F|  |TAMS 0x00000000e5400000| PB 0x00000000e5400000| Untracked 
|  85|0x00000000e5500000, 0x00000000e5500000, 0x00000000e5600000|  0%| F|  |TAMS 0x00000000e5500000| PB 0x00000000e5500000| Untracked 
|  86|0x00000000e5600000, 0x00000000e5600000, 0x00000000e5700000|  0%| F|  |TAMS 0x00000000e5600000| PB 0x00000000e5600000| Untracked 
|  87|0x00000000e5700000, 0x00000000e5700000, 0x00000000e5800000|  0%| F|  |TAMS 0x00000000e5700000| PB 0x00000000e5700000| Untracked 
|  88|0x00000000e5800000, 0x00000000e5800000, 0x00000000e5900000|  0%| F|  |TAMS 0x00000000e5800000| PB 0x00000000e5800000| Untracked 
|  89|0x00000000e5900000, 0x00000000e5900000, 0x00000000e5a00000|  0%| F|  |TAMS 0x00000000e5900000| PB 0x00000000e5900000| Untracked 
|  90|0x00000000e5a00000, 0x00000000e5a00000, 0x00000000e5b00000|  0%| F|  |TAMS 0x00000000e5a00000| PB 0x00000000e5a00000| Untracked 
|  91|0x00000000e5b00000, 0x00000000e5b00000, 0x00000000e5c00000|  0%| F|  |TAMS 0x00000000e5b00000| PB 0x00000000e5b00000| Untracked 
|  92|0x00000000e5c00000, 0x00000000e5c00000, 0x00000000e5d00000|  0%| F|  |TAMS 0x00000000e5c00000| PB 0x00000000e5c00000| Untracked 
|  93|0x00000000e5d00000, 0x00000000e5d00000, 0x00000000e5e00000|  0%| F|  |TAMS 0x00000000e5d00000| PB 0x00000000e5d00000| Untracked 
|  94|0x00000000e5e00000, 0x00000000e5e00000, 0x00000000e5f00000|  0%| F|  |TAMS 0x00000000e5e00000| PB 0x00000000e5e00000| Untracked 
|  95|0x00000000e5f00000, 0x00000000e5f00000, 0x00000000e6000000|  0%| F|  |TAMS 0x00000000e5f00000| PB 0x00000000e5f00000| Untracked 
|  96|0x00000000e6000000, 0x00000000e6000000, 0x00000000e6100000|  0%| F|  |TAMS 0x00000000e6000000| PB 0x00000000e6000000| Untracked 
|  97|0x00000000e6100000, 0x00000000e6100000, 0x00000000e6200000|  0%| F|  |TAMS 0x00000000e6100000| PB 0x00000000e6100000| Untracked 
|  98|0x00000000e6200000, 0x00000000e6200000, 0x00000000e6300000|  0%| F|  |TAMS 0x00000000e6200000| PB 0x00000000e6200000| Untracked 
|  99|0x00000000e6300000, 0x00000000e6300000, 0x00000000e6400000|  0%| F|  |TAMS 0x00000000e6300000| PB 0x00000000e6300000| Untracked 
| 100|0x00000000e6400000, 0x00000000e6400000, 0x00000000e6500000|  0%| F|  |TAMS 0x00000000e6400000| PB 0x00000000e6400000| Untracked 
| 101|0x00000000e6500000, 0x00000000e6500000, 0x00000000e6600000|  0%| F|  |TAMS 0x00000000e6500000| PB 0x00000000e6500000| Untracked 
| 102|0x00000000e6600000, 0x00000000e6600000, 0x00000000e6700000|  0%| F|  |TAMS 0x00000000e6600000| PB 0x00000000e6600000| Untracked 
| 103|0x00000000e6700000, 0x00000000e6700000, 0x00000000e6800000|  0%| F|  |TAMS 0x00000000e6700000| PB 0x00000000e6700000| Untracked 
| 104|0x00000000e6800000, 0x00000000e6800000, 0x00000000e6900000|  0%| F|  |TAMS 0x00000000e6800000| PB 0x00000000e6800000| Untracked 
| 105|0x00000000e6900000, 0x00000000e6900000, 0x00000000e6a00000|  0%| F|  |TAMS 0x00000000e6900000| PB 0x00000000e6900000| Untracked 
| 106|0x00000000e6a00000, 0x00000000e6a00000, 0x00000000e6b00000|  0%| F|  |TAMS 0x00000000e6a00000| PB 0x00000000e6a00000| Untracked 
| 107|0x00000000e6b00000, 0x00000000e6b00000, 0x00000000e6c00000|  0%| F|  |TAMS 0x00000000e6b00000| PB 0x00000000e6b00000| Untracked 
| 108|0x00000000e6c00000, 0x00000000e6c00000, 0x00000000e6d00000|  0%| F|  |TAMS 0x00000000e6c00000| PB 0x00000000e6c00000| Untracked 
| 109|0x00000000e6d00000, 0x00000000e6d00000, 0x00000000e6e00000|  0%| F|  |TAMS 0x00000000e6d00000| PB 0x00000000e6d00000| Untracked 
| 110|0x00000000e6e00000, 0x00000000e6e00000, 0x00000000e6f00000|  0%| F|  |TAMS 0x00000000e6e00000| PB 0x00000000e6e00000| Untracked 
| 111|0x00000000e6f00000, 0x00000000e6f00000, 0x00000000e7000000|  0%| F|  |TAMS 0x00000000e6f00000| PB 0x00000000e6f00000| Untracked 
| 112|0x00000000e7000000, 0x00000000e7076190, 0x00000000e7100000| 46%| S|CS|TAMS 0x00000000e7000000| PB 0x00000000e7000000| Complete 
| 113|0x00000000e7100000, 0x00000000e7200000, 0x00000000e7200000|100%| S|CS|TAMS 0x00000000e7100000| PB 0x00000000e7100000| Complete 
| 114|0x00000000e7200000, 0x00000000e7300000, 0x00000000e7300000|100%| S|CS|TAMS 0x00000000e7200000| PB 0x00000000e7200000| Complete 
| 115|0x00000000e7300000, 0x00000000e7400000, 0x00000000e7400000|100%| S|CS|TAMS 0x00000000e7300000| PB 0x00000000e7300000| Complete 
| 116|0x00000000e7400000, 0x00000000e7500000, 0x00000000e7500000|100%| S|CS|TAMS 0x00000000e7400000| PB 0x00000000e7400000| Complete 
| 117|0x00000000e7500000, 0x00000000e7600000, 0x00000000e7600000|100%| S|CS|TAMS 0x00000000e7500000| PB 0x00000000e7500000| Complete 
| 118|0x00000000e7600000, 0x00000000e7700000, 0x00000000e7700000|100%| S|CS|TAMS 0x00000000e7600000| PB 0x00000000e7600000| Complete 
| 119|0x00000000e7700000, 0x00000000e7800000, 0x00000000e7800000|100%| S|CS|TAMS 0x00000000e7700000| PB 0x00000000e7700000| Complete 
| 120|0x00000000e7800000, 0x00000000e7900000, 0x00000000e7900000|100%| S|CS|TAMS 0x00000000e7800000| PB 0x00000000e7800000| Complete 
| 121|0x00000000e7900000, 0x00000000e7a00000, 0x00000000e7a00000|100%| S|CS|TAMS 0x00000000e7900000| PB 0x00000000e7900000| Complete 
| 122|0x00000000e7a00000, 0x00000000e7b00000, 0x00000000e7b00000|100%| S|CS|TAMS 0x00000000e7a00000| PB 0x00000000e7a00000| Complete 
| 123|0x00000000e7b00000, 0x00000000e7c00000, 0x00000000e7c00000|100%| S|CS|TAMS 0x00000000e7b00000| PB 0x00000000e7b00000| Complete 
| 124|0x00000000e7c00000, 0x00000000e7d00000, 0x00000000e7d00000|100%| S|CS|TAMS 0x00000000e7c00000| PB 0x00000000e7c00000| Complete 
| 125|0x00000000e7d00000, 0x00000000e7e00000, 0x00000000e7e00000|100%| S|CS|TAMS 0x00000000e7d00000| PB 0x00000000e7d00000| Complete 
| 126|0x00000000e7e00000, 0x00000000e7f00000, 0x00000000e7f00000|100%| S|CS|TAMS 0x00000000e7e00000| PB 0x00000000e7e00000| Complete 
| 127|0x00000000e7f00000, 0x00000000e7f00000, 0x00000000e8000000|  0%| F|  |TAMS 0x00000000e7f00000| PB 0x00000000e7f00000| Untracked 
| 128|0x00000000e8000000, 0x00000000e8000000, 0x00000000e8100000|  0%| F|  |TAMS 0x00000000e8000000| PB 0x00000000e8000000| Untracked 
| 129|0x00000000e8100000, 0x00000000e8100000, 0x00000000e8200000|  0%| F|  |TAMS 0x00000000e8100000| PB 0x00000000e8100000| Untracked 
| 130|0x00000000e8200000, 0x00000000e8200000, 0x00000000e8300000|  0%| F|  |TAMS 0x00000000e8200000| PB 0x00000000e8200000| Untracked 
| 131|0x00000000e8300000, 0x00000000e8300000, 0x00000000e8400000|  0%| F|  |TAMS 0x00000000e8300000| PB 0x00000000e8300000| Untracked 
| 132|0x00000000e8400000, 0x00000000e8400000, 0x00000000e8500000|  0%| F|  |TAMS 0x00000000e8400000| PB 0x00000000e8400000| Untracked 
| 133|0x00000000e8500000, 0x00000000e8500000, 0x00000000e8600000|  0%| F|  |TAMS 0x00000000e8500000| PB 0x00000000e8500000| Untracked 
| 134|0x00000000e8600000, 0x00000000e8600000, 0x00000000e8700000|  0%| F|  |TAMS 0x00000000e8600000| PB 0x00000000e8600000| Untracked 
| 135|0x00000000e8700000, 0x00000000e8700000, 0x00000000e8800000|  0%| F|  |TAMS 0x00000000e8700000| PB 0x00000000e8700000| Untracked 
| 136|0x00000000e8800000, 0x00000000e8800000, 0x00000000e8900000|  0%| F|  |TAMS 0x00000000e8800000| PB 0x00000000e8800000| Untracked 
| 137|0x00000000e8900000, 0x00000000e8900000, 0x00000000e8a00000|  0%| F|  |TAMS 0x00000000e8900000| PB 0x00000000e8900000| Untracked 
| 138|0x00000000e8a00000, 0x00000000e8a00000, 0x00000000e8b00000|  0%| F|  |TAMS 0x00000000e8a00000| PB 0x00000000e8a00000| Untracked 
| 139|0x00000000e8b00000, 0x00000000e8b00000, 0x00000000e8c00000|  0%| F|  |TAMS 0x00000000e8b00000| PB 0x00000000e8b00000| Untracked 
| 140|0x00000000e8c00000, 0x00000000e8c00000, 0x00000000e8d00000|  0%| F|  |TAMS 0x00000000e8c00000| PB 0x00000000e8c00000| Untracked 
| 141|0x00000000e8d00000, 0x00000000e8d00000, 0x00000000e8e00000|  0%| F|  |TAMS 0x00000000e8d00000| PB 0x00000000e8d00000| Untracked 
| 142|0x00000000e8e00000, 0x00000000e8e00000, 0x00000000e8f00000|  0%| F|  |TAMS 0x00000000e8e00000| PB 0x00000000e8e00000| Untracked 
| 143|0x00000000e8f00000, 0x00000000e8f00000, 0x00000000e9000000|  0%| F|  |TAMS 0x00000000e8f00000| PB 0x00000000e8f00000| Untracked 
| 144|0x00000000e9000000, 0x00000000e9000000, 0x00000000e9100000|  0%| F|  |TAMS 0x00000000e9000000| PB 0x00000000e9000000| Untracked 
| 145|0x00000000e9100000, 0x00000000e9100000, 0x00000000e9200000|  0%| F|  |TAMS 0x00000000e9100000| PB 0x00000000e9100000| Untracked 
| 146|0x00000000e9200000, 0x00000000e9200000, 0x00000000e9300000|  0%| F|  |TAMS 0x00000000e9200000| PB 0x00000000e9200000| Untracked 
| 147|0x00000000e9300000, 0x00000000e9300000, 0x00000000e9400000|  0%| F|  |TAMS 0x00000000e9300000| PB 0x00000000e9300000| Untracked 
| 148|0x00000000e9400000, 0x00000000e9400000, 0x00000000e9500000|  0%| F|  |TAMS 0x00000000e9400000| PB 0x00000000e9400000| Untracked 
| 149|0x00000000e9500000, 0x00000000e9500000, 0x00000000e9600000|  0%| F|  |TAMS 0x00000000e9500000| PB 0x00000000e9500000| Untracked 
| 150|0x00000000e9600000, 0x00000000e9600000, 0x00000000e9700000|  0%| F|  |TAMS 0x00000000e9600000| PB 0x00000000e9600000| Untracked 
| 151|0x00000000e9700000, 0x00000000e9700000, 0x00000000e9800000|  0%| F|  |TAMS 0x00000000e9700000| PB 0x00000000e9700000| Untracked 
| 152|0x00000000e9800000, 0x00000000e9800000, 0x00000000e9900000|  0%| F|  |TAMS 0x00000000e9800000| PB 0x00000000e9800000| Untracked 
| 153|0x00000000e9900000, 0x00000000e9900000, 0x00000000e9a00000|  0%| F|  |TAMS 0x00000000e9900000| PB 0x00000000e9900000| Untracked 
| 154|0x00000000e9a00000, 0x00000000e9a00000, 0x00000000e9b00000|  0%| F|  |TAMS 0x00000000e9a00000| PB 0x00000000e9a00000| Untracked 
| 155|0x00000000e9b00000, 0x00000000e9b00000, 0x00000000e9c00000|  0%| F|  |TAMS 0x00000000e9b00000| PB 0x00000000e9b00000| Untracked 
| 156|0x00000000e9c00000, 0x00000000e9c00000, 0x00000000e9d00000|  0%| F|  |TAMS 0x00000000e9c00000| PB 0x00000000e9c00000| Untracked 
| 157|0x00000000e9d00000, 0x00000000e9d00000, 0x00000000e9e00000|  0%| F|  |TAMS 0x00000000e9d00000| PB 0x00000000e9d00000| Untracked 
| 158|0x00000000e9e00000, 0x00000000e9e00000, 0x00000000e9f00000|  0%| F|  |TAMS 0x00000000e9e00000| PB 0x00000000e9e00000| Untracked 
| 159|0x00000000e9f00000, 0x00000000e9f00000, 0x00000000ea000000|  0%| F|  |TAMS 0x00000000e9f00000| PB 0x00000000e9f00000| Untracked 
| 160|0x00000000ea000000, 0x00000000ea000000, 0x00000000ea100000|  0%| F|  |TAMS 0x00000000ea000000| PB 0x00000000ea000000| Untracked 
| 161|0x00000000ea100000, 0x00000000ea100000, 0x00000000ea200000|  0%| F|  |TAMS 0x00000000ea100000| PB 0x00000000ea100000| Untracked 
| 162|0x00000000ea200000, 0x00000000ea200000, 0x00000000ea300000|  0%| F|  |TAMS 0x00000000ea200000| PB 0x00000000ea200000| Untracked 
| 163|0x00000000ea300000, 0x00000000ea300000, 0x00000000ea400000|  0%| F|  |TAMS 0x00000000ea300000| PB 0x00000000ea300000| Untracked 
| 164|0x00000000ea400000, 0x00000000ea400000, 0x00000000ea500000|  0%| F|  |TAMS 0x00000000ea400000| PB 0x00000000ea400000| Untracked 
| 165|0x00000000ea500000, 0x00000000ea500000, 0x00000000ea600000|  0%| F|  |TAMS 0x00000000ea500000| PB 0x00000000ea500000| Untracked 
| 166|0x00000000ea600000, 0x00000000ea600000, 0x00000000ea700000|  0%| F|  |TAMS 0x00000000ea600000| PB 0x00000000ea600000| Untracked 
| 167|0x00000000ea700000, 0x00000000ea700000, 0x00000000ea800000|  0%| F|  |TAMS 0x00000000ea700000| PB 0x00000000ea700000| Untracked 
| 168|0x00000000ea800000, 0x00000000ea800000, 0x00000000ea900000|  0%| F|  |TAMS 0x00000000ea800000| PB 0x00000000ea800000| Untracked 
| 169|0x00000000ea900000, 0x00000000ea900000, 0x00000000eaa00000|  0%| F|  |TAMS 0x00000000ea900000| PB 0x00000000ea900000| Untracked 
| 170|0x00000000eaa00000, 0x00000000eaa00000, 0x00000000eab00000|  0%| F|  |TAMS 0x00000000eaa00000| PB 0x00000000eaa00000| Untracked 
| 171|0x00000000eab00000, 0x00000000eab00000, 0x00000000eac00000|  0%| F|  |TAMS 0x00000000eab00000| PB 0x00000000eab00000| Untracked 
| 172|0x00000000eac00000, 0x00000000eac00000, 0x00000000ead00000|  0%| F|  |TAMS 0x00000000eac00000| PB 0x00000000eac00000| Untracked 
| 173|0x00000000ead00000, 0x00000000ead00000, 0x00000000eae00000|  0%| F|  |TAMS 0x00000000ead00000| PB 0x00000000ead00000| Untracked 
| 174|0x00000000eae00000, 0x00000000eae00000, 0x00000000eaf00000|  0%| F|  |TAMS 0x00000000eae00000| PB 0x00000000eae00000| Untracked 
| 175|0x00000000eaf00000, 0x00000000eaf00000, 0x00000000eb000000|  0%| F|  |TAMS 0x00000000eaf00000| PB 0x00000000eaf00000| Untracked 
| 176|0x00000000eb000000, 0x00000000eb000000, 0x00000000eb100000|  0%| F|  |TAMS 0x00000000eb000000| PB 0x00000000eb000000| Untracked 
| 177|0x00000000eb100000, 0x00000000eb100000, 0x00000000eb200000|  0%| F|  |TAMS 0x00000000eb100000| PB 0x00000000eb100000| Untracked 
| 178|0x00000000eb200000, 0x00000000eb200000, 0x00000000eb300000|  0%| F|  |TAMS 0x00000000eb200000| PB 0x00000000eb200000| Untracked 
| 179|0x00000000eb300000, 0x00000000eb300000, 0x00000000eb400000|  0%| F|  |TAMS 0x00000000eb300000| PB 0x00000000eb300000| Untracked 
| 180|0x00000000eb400000, 0x00000000eb400000, 0x00000000eb500000|  0%| F|  |TAMS 0x00000000eb400000| PB 0x00000000eb400000| Untracked 
| 181|0x00000000eb500000, 0x00000000eb500000, 0x00000000eb600000|  0%| F|  |TAMS 0x00000000eb500000| PB 0x00000000eb500000| Untracked 
| 182|0x00000000eb600000, 0x00000000eb600000, 0x00000000eb700000|  0%| F|  |TAMS 0x00000000eb600000| PB 0x00000000eb600000| Untracked 
| 183|0x00000000eb700000, 0x00000000eb700000, 0x00000000eb800000|  0%| F|  |TAMS 0x00000000eb700000| PB 0x00000000eb700000| Untracked 
| 184|0x00000000eb800000, 0x00000000eb800000, 0x00000000eb900000|  0%| F|  |TAMS 0x00000000eb800000| PB 0x00000000eb800000| Untracked 
| 185|0x00000000eb900000, 0x00000000eb900000, 0x00000000eba00000|  0%| F|  |TAMS 0x00000000eb900000| PB 0x00000000eb900000| Untracked 
| 186|0x00000000eba00000, 0x00000000eba00000, 0x00000000ebb00000|  0%| F|  |TAMS 0x00000000eba00000| PB 0x00000000eba00000| Untracked 
| 187|0x00000000ebb00000, 0x00000000ebb00000, 0x00000000ebc00000|  0%| F|  |TAMS 0x00000000ebb00000| PB 0x00000000ebb00000| Untracked 
| 188|0x00000000ebc00000, 0x00000000ebc00000, 0x00000000ebd00000|  0%| F|  |TAMS 0x00000000ebc00000| PB 0x00000000ebc00000| Untracked 
| 189|0x00000000ebd00000, 0x00000000ebd00000, 0x00000000ebe00000|  0%| F|  |TAMS 0x00000000ebd00000| PB 0x00000000ebd00000| Untracked 
| 190|0x00000000ebe00000, 0x00000000ebe00000, 0x00000000ebf00000|  0%| F|  |TAMS 0x00000000ebe00000| PB 0x00000000ebe00000| Untracked 
| 191|0x00000000ebf00000, 0x00000000ebf00000, 0x00000000ec000000|  0%| F|  |TAMS 0x00000000ebf00000| PB 0x00000000ebf00000| Untracked 
| 192|0x00000000ec000000, 0x00000000ec000000, 0x00000000ec100000|  0%| F|  |TAMS 0x00000000ec000000| PB 0x00000000ec000000| Untracked 
| 193|0x00000000ec100000, 0x00000000ec100000, 0x00000000ec200000|  0%| F|  |TAMS 0x00000000ec100000| PB 0x00000000ec100000| Untracked 
| 194|0x00000000ec200000, 0x00000000ec200000, 0x00000000ec300000|  0%| F|  |TAMS 0x00000000ec200000| PB 0x00000000ec200000| Untracked 
| 195|0x00000000ec300000, 0x00000000ec300000, 0x00000000ec400000|  0%| F|  |TAMS 0x00000000ec300000| PB 0x00000000ec300000| Untracked 
| 196|0x00000000ec400000, 0x00000000ec400000, 0x00000000ec500000|  0%| F|  |TAMS 0x00000000ec400000| PB 0x00000000ec400000| Untracked 
| 197|0x00000000ec500000, 0x00000000ec500000, 0x00000000ec600000|  0%| F|  |TAMS 0x00000000ec500000| PB 0x00000000ec500000| Untracked 
| 198|0x00000000ec600000, 0x00000000ec600000, 0x00000000ec700000|  0%| F|  |TAMS 0x00000000ec600000| PB 0x00000000ec600000| Untracked 
| 199|0x00000000ec700000, 0x00000000ec700000, 0x00000000ec800000|  0%| F|  |TAMS 0x00000000ec700000| PB 0x00000000ec700000| Untracked 
| 200|0x00000000ec800000, 0x00000000ec800000, 0x00000000ec900000|  0%| F|  |TAMS 0x00000000ec800000| PB 0x00000000ec800000| Untracked 
| 201|0x00000000ec900000, 0x00000000ec900000, 0x00000000eca00000|  0%| F|  |TAMS 0x00000000ec900000| PB 0x00000000ec900000| Untracked 
| 202|0x00000000eca00000, 0x00000000eca00000, 0x00000000ecb00000|  0%| F|  |TAMS 0x00000000eca00000| PB 0x00000000eca00000| Untracked 
| 203|0x00000000ecb00000, 0x00000000ecb00000, 0x00000000ecc00000|  0%| F|  |TAMS 0x00000000ecb00000| PB 0x00000000ecb00000| Untracked 
| 204|0x00000000ecc00000, 0x00000000ecc00000, 0x00000000ecd00000|  0%| F|  |TAMS 0x00000000ecc00000| PB 0x00000000ecc00000| Untracked 
| 205|0x00000000ecd00000, 0x00000000ecd00000, 0x00000000ece00000|  0%| F|  |TAMS 0x00000000ecd00000| PB 0x00000000ecd00000| Untracked 
| 206|0x00000000ece00000, 0x00000000ece00000, 0x00000000ecf00000|  0%| F|  |TAMS 0x00000000ece00000| PB 0x00000000ece00000| Untracked 
| 207|0x00000000ecf00000, 0x00000000ecf00000, 0x00000000ed000000|  0%| F|  |TAMS 0x00000000ecf00000| PB 0x00000000ecf00000| Untracked 
| 208|0x00000000ed000000, 0x00000000ed000000, 0x00000000ed100000|  0%| F|  |TAMS 0x00000000ed000000| PB 0x00000000ed000000| Untracked 
| 209|0x00000000ed100000, 0x00000000ed100000, 0x00000000ed200000|  0%| F|  |TAMS 0x00000000ed100000| PB 0x00000000ed100000| Untracked 
| 210|0x00000000ed200000, 0x00000000ed200000, 0x00000000ed300000|  0%| F|  |TAMS 0x00000000ed200000| PB 0x00000000ed200000| Untracked 
| 211|0x00000000ed300000, 0x00000000ed300000, 0x00000000ed400000|  0%| F|  |TAMS 0x00000000ed300000| PB 0x00000000ed300000| Untracked 
| 212|0x00000000ed400000, 0x00000000ed400000, 0x00000000ed500000|  0%| F|  |TAMS 0x00000000ed400000| PB 0x00000000ed400000| Untracked 
| 213|0x00000000ed500000, 0x00000000ed500000, 0x00000000ed600000|  0%| F|  |TAMS 0x00000000ed500000| PB 0x00000000ed500000| Untracked 
| 214|0x00000000ed600000, 0x00000000ed600000, 0x00000000ed700000|  0%| F|  |TAMS 0x00000000ed600000| PB 0x00000000ed600000| Untracked 
| 215|0x00000000ed700000, 0x00000000ed700000, 0x00000000ed800000|  0%| F|  |TAMS 0x00000000ed700000| PB 0x00000000ed700000| Untracked 
| 216|0x00000000ed800000, 0x00000000ed800000, 0x00000000ed900000|  0%| F|  |TAMS 0x00000000ed800000| PB 0x00000000ed800000| Untracked 
| 217|0x00000000ed900000, 0x00000000ed900000, 0x00000000eda00000|  0%| F|  |TAMS 0x00000000ed900000| PB 0x00000000ed900000| Untracked 
| 218|0x00000000eda00000, 0x00000000eda00000, 0x00000000edb00000|  0%| F|  |TAMS 0x00000000eda00000| PB 0x00000000eda00000| Untracked 
| 219|0x00000000edb00000, 0x00000000edb00000, 0x00000000edc00000|  0%| F|  |TAMS 0x00000000edb00000| PB 0x00000000edb00000| Untracked 
| 220|0x00000000edc00000, 0x00000000edc00000, 0x00000000edd00000|  0%| F|  |TAMS 0x00000000edc00000| PB 0x00000000edc00000| Untracked 
| 221|0x00000000edd00000, 0x00000000edd00000, 0x00000000ede00000|  0%| F|  |TAMS 0x00000000edd00000| PB 0x00000000edd00000| Untracked 
| 222|0x00000000ede00000, 0x00000000ede00000, 0x00000000edf00000|  0%| F|  |TAMS 0x00000000ede00000| PB 0x00000000ede00000| Untracked 
| 223|0x00000000edf00000, 0x00000000edf00000, 0x00000000ee000000|  0%| F|  |TAMS 0x00000000edf00000| PB 0x00000000edf00000| Untracked 
| 224|0x00000000ee000000, 0x00000000ee000000, 0x00000000ee100000|  0%| F|  |TAMS 0x00000000ee000000| PB 0x00000000ee000000| Untracked 
| 225|0x00000000ee100000, 0x00000000ee100000, 0x00000000ee200000|  0%| F|  |TAMS 0x00000000ee100000| PB 0x00000000ee100000| Untracked 
| 226|0x00000000ee200000, 0x00000000ee200000, 0x00000000ee300000|  0%| F|  |TAMS 0x00000000ee200000| PB 0x00000000ee200000| Untracked 
| 227|0x00000000ee300000, 0x00000000ee300000, 0x00000000ee400000|  0%| F|  |TAMS 0x00000000ee300000| PB 0x00000000ee300000| Untracked 
| 228|0x00000000ee400000, 0x00000000ee400000, 0x00000000ee500000|  0%| F|  |TAMS 0x00000000ee400000| PB 0x00000000ee400000| Untracked 
| 229|0x00000000ee500000, 0x00000000ee500000, 0x00000000ee600000|  0%| F|  |TAMS 0x00000000ee500000| PB 0x00000000ee500000| Untracked 
| 230|0x00000000ee600000, 0x00000000ee600000, 0x00000000ee700000|  0%| F|  |TAMS 0x00000000ee600000| PB 0x00000000ee600000| Untracked 
| 231|0x00000000ee700000, 0x00000000ee700000, 0x00000000ee800000|  0%| F|  |TAMS 0x00000000ee700000| PB 0x00000000ee700000| Untracked 
| 232|0x00000000ee800000, 0x00000000ee800000, 0x00000000ee900000|  0%| F|  |TAMS 0x00000000ee800000| PB 0x00000000ee800000| Untracked 
| 233|0x00000000ee900000, 0x00000000ee900000, 0x00000000eea00000|  0%| F|  |TAMS 0x00000000ee900000| PB 0x00000000ee900000| Untracked 
| 234|0x00000000eea00000, 0x00000000eea00000, 0x00000000eeb00000|  0%| F|  |TAMS 0x00000000eea00000| PB 0x00000000eea00000| Untracked 
| 235|0x00000000eeb00000, 0x00000000eeb00000, 0x00000000eec00000|  0%| F|  |TAMS 0x00000000eeb00000| PB 0x00000000eeb00000| Untracked 
| 236|0x00000000eec00000, 0x00000000eec00000, 0x00000000eed00000|  0%| F|  |TAMS 0x00000000eec00000| PB 0x00000000eec00000| Untracked 
| 237|0x00000000eed00000, 0x00000000eed00000, 0x00000000eee00000|  0%| F|  |TAMS 0x00000000eed00000| PB 0x00000000eed00000| Untracked 
| 238|0x00000000eee00000, 0x00000000eee00000, 0x00000000eef00000|  0%| F|  |TAMS 0x00000000eee00000| PB 0x00000000eee00000| Untracked 
| 239|0x00000000eef00000, 0x00000000ef000000, 0x00000000ef000000|100%| E|  |TAMS 0x00000000eef00000| PB 0x00000000eef00000| Complete 
| 240|0x00000000ef000000, 0x00000000ef100000, 0x00000000ef100000|100%| E|CS|TAMS 0x00000000ef000000| PB 0x00000000ef000000| Complete 
| 241|0x00000000ef100000, 0x00000000ef200000, 0x00000000ef200000|100%| E|CS|TAMS 0x00000000ef100000| PB 0x00000000ef100000| Complete 
| 242|0x00000000ef200000, 0x00000000ef300000, 0x00000000ef300000|100%| E|CS|TAMS 0x00000000ef200000| PB 0x00000000ef200000| Complete 
| 243|0x00000000ef300000, 0x00000000ef400000, 0x00000000ef400000|100%| E|CS|TAMS 0x00000000ef300000| PB 0x00000000ef300000| Complete 
| 244|0x00000000ef400000, 0x00000000ef500000, 0x00000000ef500000|100%| E|CS|TAMS 0x00000000ef400000| PB 0x00000000ef400000| Complete 
| 245|0x00000000ef500000, 0x00000000ef600000, 0x00000000ef600000|100%| E|CS|TAMS 0x00000000ef500000| PB 0x00000000ef500000| Complete 
| 246|0x00000000ef600000, 0x00000000ef700000, 0x00000000ef700000|100%| E|CS|TAMS 0x00000000ef600000| PB 0x00000000ef600000| Complete 
| 247|0x00000000ef700000, 0x00000000ef800000, 0x00000000ef800000|100%| E|CS|TAMS 0x00000000ef700000| PB 0x00000000ef700000| Complete 
| 248|0x00000000ef800000, 0x00000000ef900000, 0x00000000ef900000|100%| E|CS|TAMS 0x00000000ef800000| PB 0x00000000ef800000| Complete 
| 249|0x00000000ef900000, 0x00000000efa00000, 0x00000000efa00000|100%| E|CS|TAMS 0x00000000ef900000| PB 0x00000000ef900000| Complete 
| 250|0x00000000efa00000, 0x00000000efb00000, 0x00000000efb00000|100%| E|CS|TAMS 0x00000000efa00000| PB 0x00000000efa00000| Complete 
| 251|0x00000000efb00000, 0x00000000efc00000, 0x00000000efc00000|100%| E|CS|TAMS 0x00000000efb00000| PB 0x00000000efb00000| Complete 
| 252|0x00000000efc00000, 0x00000000efd00000, 0x00000000efd00000|100%| E|CS|TAMS 0x00000000efc00000| PB 0x00000000efc00000| Complete 
| 253|0x00000000efd00000, 0x00000000efe00000, 0x00000000efe00000|100%| E|CS|TAMS 0x00000000efd00000| PB 0x00000000efd00000| Complete 
| 254|0x00000000efe00000, 0x00000000eff00000, 0x00000000eff00000|100%| E|CS|TAMS 0x00000000efe00000| PB 0x00000000efe00000| Complete 
| 255|0x00000000eff00000, 0x00000000f0000000, 0x00000000f0000000|100%| E|CS|TAMS 0x00000000eff00000| PB 0x00000000eff00000| Complete 

Card table byte_map: [0x0000022830220000,0x0000022830320000] _byte_map_base: 0x000002282fb20000

Marking Bits: (CMBitMap*) 0x000002281dc2ba00
 Bits: [0x0000022830320000, 0x0000022830b20000)

Polling page: 0x000002281b890000

Metaspace:

Usage:
  Non-class:     29.93 MB used.
      Class:      4.96 MB used.
       Both:     34.89 MB used.

Virtual space:
  Non-class space:       64.00 MB reserved,      30.50 MB ( 48%) committed,  1 nodes.
      Class space:      320.00 MB reserved,       5.44 MB (  2%) committed,  1 nodes.
             Both:      384.00 MB reserved,      35.94 MB (  9%) committed. 

Chunk freelists:
   Non-Class:  1.36 MB
       Class:  10.50 MB
        Both:  11.86 MB

MaxMetaspaceSize: 384.00 MB
CompressedClassSpaceSize: 320.00 MB
Initial GC threshold: 21.00 MB
Current GC threshold: 59.00 MB
CDS: on
 - commit_granule_bytes: 65536.
 - commit_granule_words: 8192.
 - virtual_space_node_default_size: 8388608.
 - enlarge_chunks_in_place: 1.
 - use_allocation_guard: 0.


Internal statistics:

num_allocs_failed_limit: 6.
num_arena_births: 1762.
num_arena_deaths: 0.
num_vsnodes_births: 2.
num_vsnodes_deaths: 0.
num_space_committed: 575.
num_space_uncommitted: 0.
num_chunks_returned_to_freelist: 6.
num_chunks_taken_from_freelist: 3248.
num_chunk_merges: 6.
num_chunk_splits: 2108.
num_chunks_enlarged: 1371.
num_inconsistent_stats: 0.

CodeHeap 'non-profiled nmethods': size=120000Kb used=2557Kb max_used=2751Kb free=117442Kb
 bounds [0x00000228288c0000, 0x0000022828b80000, 0x000002282fdf0000]
CodeHeap 'profiled nmethods': size=120000Kb used=8601Kb max_used=9730Kb free=111398Kb
 bounds [0x0000022820df0000, 0x0000022821780000, 0x0000022828320000]
CodeHeap 'non-nmethods': size=5760Kb used=2556Kb max_used=2602Kb free=3203Kb
 bounds [0x0000022828320000, 0x00000228285c0000, 0x00000228288c0000]
CodeCache: size=245760Kb, used=13714Kb, max_used=15083Kb, free=232043Kb
 total_blobs=5342, nmethods=4514, adapters=732, full_count=0
Compilation: enabled, stopped_count=0, restarted_count=0

Compilation events (20 events):
Event: 201.686 Thread 0x00000228335c0800 nmethod 5066 0x0000022828a63f10 code [0x0000022828a640a0, 0x0000022828a641b8]
Event: 202.651 Thread 0x00000228335cdd50 5067       3       sun.net.util.IPAddressUtil::convertFromIPv4MappedAddress (24 bytes)
Event: 202.653 Thread 0x00000228335cdd50 nmethod 5067 0x0000022820fb4c90 code [0x0000022820fb4e60, 0x0000022820fb5138]
Event: 203.907 Thread 0x00000228335cdd50 5068       3       java.util.stream.FindOps::makeRef (14 bytes)
Event: 203.908 Thread 0x00000228335cdd50 nmethod 5068 0x0000022821286090 code [0x0000022821286240, 0x00000228212863a8]
Event: 203.987 Thread 0x00000228335cdd50 5069       3       java.util.stream.FindOps$FindOp::evaluateSequential (39 bytes)
Event: 203.990 Thread 0x00000228335cdd50 nmethod 5069 0x0000022820f9e910 code [0x0000022820f9eb00, 0x0000022820f9f108]
Event: 204.044 Thread 0x00000228335cdd50 5070       3       java.util.stream.FindOps$FindSink$OfRef::<init> (5 bytes)
Event: 204.044 Thread 0x00000228335cdd50 nmethod 5070 0x0000022820fedc90 code [0x0000022820fede40, 0x0000022820fee008]
Event: 204.202 Thread 0x00000228335cdd50 5071       3       java.util.stream.FindOps$FindSink$OfRef::get (5 bytes)
Event: 204.204 Thread 0x00000228335cdd50 nmethod 5071 0x00000228210de910 code [0x00000228210deb00, 0x00000228210df008]
Event: 206.224 Thread 0x00000228335cdd50 5072       3       org.gradle.internal.time.Time::startCountdownTimer (15 bytes)
Event: 206.228 Thread 0x00000228335cdd50 nmethod 5072 0x0000022820e39390 code [0x0000022820e395a0, 0x0000022820e39b70]
Event: 211.773 Thread 0x00000228335cdd50 5073       3       java.lang.ThreadLocal$ThreadLocalMap::cleanSomeSlots (61 bytes)
Event: 211.774 Thread 0x00000228335cdd50 nmethod 5073 0x0000022820efd590 code [0x0000022820efd780, 0x0000022820efdc80]
Event: 211.986 Thread 0x00000228335c0800 5074       4       java.util.concurrent.TimeUnit::toMillis (69 bytes)
Event: 211.987 Thread 0x00000228335c0800 nmethod 5074 0x000002282891c790 code [0x000002282891c920, 0x000002282891ca68]
Event: 214.822 Thread 0x00000228335cdd50 5075       3       java.util.concurrent.ScheduledThreadPoolExecutor$ScheduledFutureTask::isPeriodic (15 bytes)
Event: 214.822 Thread 0x00000228335cdd50 nmethod 5075 0x00000228210c6990 code [0x00000228210c6b20, 0x00000228210c6c88]
Event: 215.712 Thread 0x00000228335c0800 5076       4       org.gradle.launcher.daemon.context.DefaultDaemonContext$Serializer::read (229 bytes)

GC Heap History (10 events):
Event: 6.810 GC heap before
{Heap before GC invocations=0 (full 0):
 garbage-first heap   total 262144K, used 23552K [0x00000000e0000000, 0x0000000100000000)
  region size 1024K, 23 young (23552K), 0 survivors (0K)
 Metaspace       used 958K, committed 1088K, reserved 393216K
  class space    used 78K, committed 128K, reserved 327680K
}
Event: 6.829 GC heap after
{Heap after GC invocations=1 (full 0):
 garbage-first heap   total 262144K, used 1621K [0x00000000e0000000, 0x0000000100000000)
  region size 1024K, 2 young (2048K), 2 survivors (2048K)
 Metaspace       used 958K, committed 1088K, reserved 393216K
  class space    used 78K, committed 128K, reserved 327680K
}
Event: 13.664 GC heap before
{Heap before GC invocations=1 (full 0):
 garbage-first heap   total 262144K, used 41557K [0x00000000e0000000, 0x0000000100000000)
  region size 1024K, 39 young (39936K), 2 survivors (2048K)
 Metaspace       used 4437K, committed 4608K, reserved 393216K
  class space    used 562K, committed 640K, reserved 327680K
}
Event: 13.667 GC heap after
{Heap after GC invocations=2 (full 0):
 garbage-first heap   total 262144K, used 11028K [0x00000000e0000000, 0x0000000100000000)
  region size 1024K, 5 young (5120K), 5 survivors (5120K)
 Metaspace       used 4437K, committed 4608K, reserved 393216K
  class space    used 562K, committed 640K, reserved 327680K
}
Event: 21.643 GC heap before
{Heap before GC invocations=2 (full 0):
 garbage-first heap   total 262144K, used 74516K [0x00000000e0000000, 0x0000000100000000)
  region size 1024K, 65 young (66560K), 5 survivors (5120K)
 Metaspace       used 8522K, committed 8832K, reserved 393216K
  class space    used 1169K, committed 1280K, reserved 327680K
}
Event: 21.649 GC heap after
{Heap after GC invocations=3 (full 0):
 garbage-first heap   total 262144K, used 18311K [0x00000000e0000000, 0x0000000100000000)
  region size 1024K, 9 young (9216K), 9 survivors (9216K)
 Metaspace       used 8522K, committed 8832K, reserved 393216K
  class space    used 1169K, committed 1280K, reserved 327680K
}
Event: 30.771 GC heap before
{Heap before GC invocations=3 (full 0):
 garbage-first heap   total 262144K, used 99207K [0x00000000e0000000, 0x0000000100000000)
  region size 1024K, 89 young (91136K), 9 survivors (9216K)
 Metaspace       used 20786K, committed 21504K, reserved 393216K
  class space    used 3069K, committed 3456K, reserved 327680K
}
Event: 30.778 GC heap after
{Heap after GC invocations=4 (full 0):
 garbage-first heap   total 262144K, used 24963K [0x00000000e0000000, 0x0000000100000000)
  region size 1024K, 16 young (16384K), 16 survivors (16384K)
 Metaspace       used 20786K, committed 21504K, reserved 393216K
  class space    used 3069K, committed 3456K, reserved 327680K
}
Event: 95.472 GC heap before
{Heap before GC invocations=5 (full 0):
 garbage-first heap   total 262144K, used 143747K [0x00000000e0000000, 0x0000000100000000)
  region size 1024K, 129 young (132096K), 16 survivors (16384K)
 Metaspace       used 35094K, committed 36096K, reserved 393216K
  class space    used 4959K, committed 5440K, reserved 327680K
}
Event: 95.528 GC heap after
{Heap after GC invocations=6 (full 0):
 garbage-first heap   total 262144K, used 33033K [0x00000000e0000000, 0x0000000100000000)
  region size 1024K, 15 young (15360K), 15 survivors (15360K)
 Metaspace       used 35094K, committed 36096K, reserved 393216K
  class space    used 4959K, committed 5440K, reserved 327680K
}

Dll operation events (20 events):
Event: 0.728 Attempting to load shared library C:\Users\wogud\.vscode\extensions\redhat.java-1.56.0-win32-x64\jre\21.0.12.1-win32-x86_64\bin\nio.dll
Event: 0.733 Loaded shared library C:\Users\wogud\.vscode\extensions\redhat.java-1.56.0-win32-x64\jre\21.0.12.1-win32-x86_64\bin\nio.dll
Event: 0.752 Attempting to load shared library C:\Users\wogud\.vscode\extensions\redhat.java-1.56.0-win32-x64\jre\21.0.12.1-win32-x86_64\bin\zip.dll
Event: 0.752 Loaded shared library C:\Users\wogud\.vscode\extensions\redhat.java-1.56.0-win32-x64\jre\21.0.12.1-win32-x86_64\bin\zip.dll
Event: 6.701 Attempting to load shared library C:\Users\wogud\.vscode\extensions\redhat.java-1.56.0-win32-x64\jre\21.0.12.1-win32-x86_64\bin\jimage.dll
Event: 6.701 Loaded shared library C:\Users\wogud\.vscode\extensions\redhat.java-1.56.0-win32-x64\jre\21.0.12.1-win32-x86_64\bin\jimage.dll
Event: 9.101 Attempting to load shared library C:\Users\wogud\.vscode\extensions\redhat.java-1.56.0-win32-x64\jre\21.0.12.1-win32-x86_64\bin\verify.dll
Event: 9.111 Loaded shared library C:\Users\wogud\.vscode\extensions\redhat.java-1.56.0-win32-x64\jre\21.0.12.1-win32-x86_64\bin\verify.dll
Event: 9.424 Attempting to load shared library C:\Users\wogud\.gradle\native\1def1411415f61bf3af743bc5b6707747c0891f09f0c88961ee8f79bc544acac\windows-amd64\native-platform.dll
Event: 9.430 Loaded shared library C:\Users\wogud\.gradle\native\1def1411415f61bf3af743bc5b6707747c0891f09f0c88961ee8f79bc544acac\windows-amd64\native-platform.dll
Event: 9.469 Attempting to load shared library C:\Users\wogud\.gradle\native\0.2.7\x86_64-windows-gnu\gradle-fileevents.dll
Event: 9.479 Loaded shared library C:\Users\wogud\.gradle\native\0.2.7\x86_64-windows-gnu\gradle-fileevents.dll
Event: 20.575 Attempting to load shared library C:\Users\wogud\.vscode\extensions\redhat.java-1.56.0-win32-x64\jre\21.0.12.1-win32-x86_64\bin\management.dll
Event: 20.592 Loaded shared library C:\Users\wogud\.vscode\extensions\redhat.java-1.56.0-win32-x64\jre\21.0.12.1-win32-x86_64\bin\management.dll
Event: 20.620 Attempting to load shared library C:\Users\wogud\.vscode\extensions\redhat.java-1.56.0-win32-x64\jre\21.0.12.1-win32-x86_64\bin\management_ext.dll
Event: 20.641 Loaded shared library C:\Users\wogud\.vscode\extensions\redhat.java-1.56.0-win32-x64\jre\21.0.12.1-win32-x86_64\bin\management_ext.dll
Event: 21.250 Attempting to load shared library C:\Users\wogud\.vscode\extensions\redhat.java-1.56.0-win32-x64\jre\21.0.12.1-win32-x86_64\bin\extnet.dll
Event: 21.312 Loaded shared library C:\Users\wogud\.vscode\extensions\redhat.java-1.56.0-win32-x64\jre\21.0.12.1-win32-x86_64\bin\extnet.dll
Event: 23.039 Attempting to load shared library C:\Users\wogud\.vscode\extensions\redhat.java-1.56.0-win32-x64\jre\21.0.12.1-win32-x86_64\bin\sunmscapi.dll
Event: 23.140 Loaded shared library C:\Users\wogud\.vscode\extensions\redhat.java-1.56.0-win32-x64\jre\21.0.12.1-win32-x86_64\bin\sunmscapi.dll

Deoptimization events (20 events):
Event: 95.339 Thread 0x0000022833943d80 Uncommon trap: trap_request=0xffffff45 fr.pc=0x000002282897de1c relative=0x000000000000033c
Event: 95.339 Thread 0x0000022833943d80 Uncommon trap: reason=unstable_if action=reinterpret pc=0x000002282897de1c method=java.lang.StringLatin1.canEncode(I)Z @ 8 c2
Event: 95.339 Thread 0x0000022833943d80 DEOPT PACKING pc=0x000002282897de1c sp=0x000000cdf74fa9a0
Event: 95.339 Thread 0x0000022833943d80 DEOPT UNPACKING pc=0x0000022828374422 sp=0x000000cdf74fa778 mode 2
Event: 95.339 Thread 0x0000022833943d80 Uncommon trap: trap_request=0xffffff45 fr.pc=0x0000022828951ecc relative=0x000000000000028c
Event: 95.339 Thread 0x0000022833943d80 Uncommon trap: reason=unstable_if action=reinterpret pc=0x0000022828951ecc method=java.net.URI.match(CJJ)Z @ 32 c2
Event: 95.339 Thread 0x0000022833943d80 DEOPT PACKING pc=0x0000022828951ecc sp=0x000000cdf74fa8e0
Event: 95.339 Thread 0x0000022833943d80 DEOPT UNPACKING pc=0x0000022828374422 sp=0x000000cdf74fa7c8 mode 2
Event: 95.394 Thread 0x0000022833943d80 Uncommon trap: trap_request=0xffffff45 fr.pc=0x0000022828ad6f28 relative=0x0000000000000308
Event: 95.394 Thread 0x0000022833943d80 Uncommon trap: reason=unstable_if action=reinterpret pc=0x0000022828ad6f28 method=java.util.HashMap.putVal(ILjava/lang/Object;Ljava/lang/Object;ZZ)Ljava/lang/Object; @ 162 c2
Event: 95.394 Thread 0x0000022833943d80 DEOPT PACKING pc=0x0000022828ad6f28 sp=0x000000cdf74fa4d0
Event: 95.394 Thread 0x0000022833943d80 DEOPT UNPACKING pc=0x0000022828374422 sp=0x000000cdf74fa3e0 mode 2
Event: 95.435 Thread 0x0000022833943d80 Uncommon trap: trap_request=0xffffffde fr.pc=0x0000022828b4a690 relative=0x0000000000000070
Event: 95.435 Thread 0x0000022833943d80 Uncommon trap: reason=class_check action=maybe_recompile pc=0x0000022828b4a690 method=java.util.stream.StreamOpFlag.fromCharacteristics(Ljava/util/Spliterator;)I @ 14 c2
Event: 95.435 Thread 0x0000022833943d80 DEOPT PACKING pc=0x0000022828b4a690 sp=0x000000cdf74fa530
Event: 95.435 Thread 0x0000022833943d80 DEOPT UNPACKING pc=0x0000022828374422 sp=0x000000cdf74fa4c8 mode 2
Event: 95.939 Thread 0x0000022833943d80 Uncommon trap: trap_request=0xffffffde fr.pc=0x0000022828b2e408 relative=0x0000000000002648
Event: 95.939 Thread 0x0000022833943d80 Uncommon trap: reason=class_check action=maybe_recompile pc=0x0000022828b2e408 method=java.util.regex.Pattern$CharProperty.study(Ljava/util/regex/Pattern$TreeInfo;)Z @ 25 c2
Event: 95.939 Thread 0x0000022833943d80 DEOPT PACKING pc=0x0000022828b2e408 sp=0x000000cdf74f88b0
Event: 95.939 Thread 0x0000022833943d80 DEOPT UNPACKING pc=0x0000022828374422 sp=0x000000cdf74f87a8 mode 2

Classes loaded (20 events):
Event: 94.706 Loading class sun/reflect/generics/tree/ArrayTypeSignature
Event: 94.706 Loading class sun/reflect/generics/tree/ArrayTypeSignature done
Event: 94.708 Loading class com/sun/beans/finder/MethodFinder
Event: 94.708 Loading class com/sun/beans/finder/AbstractFinder
Event: 94.709 Loading class com/sun/beans/finder/AbstractFinder done
Event: 94.709 Loading class com/sun/beans/finder/MethodFinder done
Event: 94.709 Loading class com/sun/beans/finder/MethodFinder$1
Event: 94.709 Loading class com/sun/beans/finder/MethodFinder$1 done
Event: 94.709 Loading class com/sun/beans/finder/FinderUtils
Event: 94.709 Loading class com/sun/beans/finder/FinderUtils done
Event: 95.236 Loading class java/lang/invoke/SerializedLambda
Event: 95.237 Loading class java/lang/invoke/SerializedLambda done
Event: 95.435 Loading class java/util/BitSet$1BitSetSpliterator
Event: 95.435 Loading class java/util/BitSet$1BitSetSpliterator done
Event: 95.667 Loading class java/lang/SafeVarargs
Event: 95.667 Loading class java/lang/SafeVarargs done
Event: 96.095 Loading class jdk/internal/reflect/MethodHandleIntegerFieldAccessorImpl
Event: 96.096 Loading class jdk/internal/reflect/MethodHandleIntegerFieldAccessorImpl done
Event: 96.138 Loading class sun/nio/fs/WindowsException
Event: 96.138 Loading class sun/nio/fs/WindowsException done

Classes unloaded (0 events):
No events

Classes redefined (0 events):
No events

Internal exceptions (20 events):
Event: 94.040 Thread 0x0000022833943d80 Exception <a 'java/lang/NoSuchMethodError'{0x00000000e8beaa38}: 'java.lang.Object java.lang.invoke.DirectMethodHandle$Holder.invokeSpecialIFC(java.lang.Object, java.lang.Object, java.lang.Object, java.lang.Object)'> (0x00000000e8beaa38) 
thrown [s\src\hotspot\share\interpreter\linkResolver.cpp, line 773]
Event: 94.700 Thread 0x0000022833943d80 Exception <a 'java/lang/ClassNotFoundException'{0x00000000e87cac88}: groovy/lang/Closure$1BeanInfo> (0x00000000e87cac88) 
thrown [s\src\hotspot\share\classfile\systemDictionary.cpp, line 313]
Event: 94.703 Thread 0x0000022833943d80 Exception <a 'java/lang/ClassNotFoundException'{0x00000000e87d7e00}: groovy/lang/ClosureBeanInfo> (0x00000000e87d7e00) 
thrown [s\src\hotspot\share\classfile\systemDictionary.cpp, line 313]
Event: 94.704 Thread 0x0000022833943d80 Exception <a 'java/lang/ClassNotFoundException'{0x00000000e87e4f40}: groovy/lang/ClosureCustomizer> (0x00000000e87e4f40) 
thrown [s\src\hotspot\share\classfile\systemDictionary.cpp, line 313]
Event: 94.708 Thread 0x0000022833943d80 Exception <a 'java/lang/ClassNotFoundException'{0x00000000e8616f98}: groovy/lang/Closure$1Customizer> (0x00000000e8616f98) 
thrown [s\src\hotspot\share\classfile\systemDictionary.cpp, line 313]
Event: 95.056 Thread 0x0000022833943d80 Exception <a 'java/lang/NoSuchMethodError'{0x00000000e86dd180}: 'void java.lang.invoke.Invokers$Holder.invoke_MT(java.lang.Object, java.lang.Object, java.lang.Object, java.lang.Object)'> (0x00000000e86dd180) 
thrown [s\src\hotspot\share\interpreter\linkResolver.cpp, line 773]
Event: 95.161 Thread 0x0000022833943d80 Exception <a 'java/lang/ClassNotFoundException'{0x00000000e830baf8}: org/gradle/invocation/DefaultGradle_DecoratedBeanInfo> (0x00000000e830baf8) 
thrown [s\src\hotspot\share\classfile\systemDictionary.cpp, line 313]
Event: 95.162 Thread 0x0000022833943d80 Exception <a 'java/lang/ClassNotFoundException'{0x00000000e8319140}: org/gradle/invocation/DefaultGradleBeanInfo> (0x00000000e8319140) 
thrown [s\src\hotspot\share\classfile\systemDictionary.cpp, line 313]
Event: 95.162 Thread 0x0000022833943d80 Exception <a 'java/lang/ClassNotFoundException'{0x00000000e8326d18}: org/gradle/api/internal/project/AbstractPluginAwareBeanInfo> (0x00000000e8326d18) 
thrown [s\src\hotspot\share\classfile\systemDictionary.cpp, line 313]
Event: 95.163 Thread 0x0000022833943d80 Exception <a 'java/lang/ClassNotFoundException'{0x00000000e8334990}: org/gradle/api/internal/project/AbstractPluginAwareCustomizer> (0x00000000e8334990) 
thrown [s\src\hotspot\share\classfile\systemDictionary.cpp, line 313]
Event: 95.181 Thread 0x0000022833943d80 Exception <a 'java/lang/ClassNotFoundException'{0x00000000e83480c8}: org/gradle/invocation/DefaultGradleCustomizer> (0x00000000e83480c8) 
thrown [s\src\hotspot\share\classfile\systemDictionary.cpp, line 313]
Event: 95.184 Thread 0x0000022833943d80 Exception <a 'java/lang/ClassNotFoundException'{0x00000000e838a230}: org/gradle/invocation/DefaultGradle_DecoratedCustomizer> (0x00000000e838a230) 
thrown [s\src\hotspot\share\classfile\systemDictionary.cpp, line 313]
Event: 96.054 Thread 0x0000022833943d80 Exception <a 'java/lang/NoSuchMethodError'{0x00000000efc2eee8}: 'java.lang.Object java.lang.invoke.DirectMethodHandle$Holder.newInvokeSpecial(java.lang.Object, java.lang.Object, int, int)'> (0x00000000efc2eee8) 
thrown [s\src\hotspot\share\interpreter\linkResolver.cpp, line 773]
Event: 96.096 Thread 0x0000022833943d80 Exception <a 'java/lang/NoSuchMethodError'{0x00000000efc691d0}: 'void java.lang.invoke.DirectMethodHandle$Holder.invokeSpecial(java.lang.Object, java.lang.Object, int)'> (0x00000000efc691d0) 
thrown [s\src\hotspot\share\interpreter\linkResolver.cpp, line 773]
Event: 96.097 Thread 0x0000022833943d80 Exception <a 'java/lang/NoSuchMethodError'{0x00000000efc6d4c0}: 'void java.lang.invoke.Invokers$Holder.invokeExact_MT(java.lang.Object, int, java.lang.Object)'> (0x00000000efc6d4c0) 
thrown [s\src\hotspot\share\interpreter\linkResolver.cpp, line 773]
Event: 96.100 Thread 0x0000022833943d80 Exception <a 'java/lang/IncompatibleClassChangeError'{0x00000000efc82de8}: Found class java.lang.Object, but interface was expected> (0x00000000efc82de8) 
thrown [s\src\hotspot\share\interpreter\linkResolver.cpp, line 840]
Event: 96.138 Thread 0x0000022833943d80 Exception <a 'sun/nio/fs/WindowsException'{0x00000000efb7d580}> (0x00000000efb7d580) 
thrown [s\src\hotspot\share\prims\jni.cpp, line 520]
Event: 96.142 Thread 0x0000022833943d80 Exception <a 'sun/nio/fs/WindowsException'{0x00000000efb7eaa8}> (0x00000000efb7eaa8) 
thrown [s\src\hotspot\share\prims\jni.cpp, line 520]
Event: 96.180 Thread 0x0000022833943d80 Exception <a 'sun/nio/fs/WindowsException'{0x00000000efb801d8}> (0x00000000efb801d8) 
thrown [s\src\hotspot\share\prims\jni.cpp, line 520]
Event: 96.218 Thread 0x0000022833943d80 Exception <a 'sun/nio/fs/WindowsException'{0x00000000efb812d0}> (0x00000000efb812d0) 
thrown [s\src\hotspot\share\prims\jni.cpp, line 520]

ZGC Phase Switch (0 events):
No events

VM Operations (20 events):
Event: 120.365 Executing non-safepoint VM operation: RendezvousGCThreads
Event: 120.365 Executing non-safepoint VM operation: RendezvousGCThreads done
Event: 142.539 Executing safepoint VM operation: Cleanup
Event: 142.539 Executing safepoint VM operation: Cleanup done
Event: 146.587 Executing safepoint VM operation: Cleanup
Event: 146.587 Executing safepoint VM operation: Cleanup done
Event: 149.616 Executing safepoint VM operation: Cleanup
Event: 149.616 Executing safepoint VM operation: Cleanup done
Event: 153.658 Executing safepoint VM operation: Cleanup
Event: 153.658 Executing safepoint VM operation: Cleanup done
Event: 163.748 Executing safepoint VM operation: Cleanup
Event: 163.748 Executing safepoint VM operation: Cleanup done
Event: 172.852 Executing safepoint VM operation: Cleanup
Event: 172.852 Executing safepoint VM operation: Cleanup done
Event: 200.077 Executing safepoint VM operation: Cleanup
Event: 200.077 Executing safepoint VM operation: Cleanup done
Event: 205.126 Executing safepoint VM operation: Cleanup
Event: 205.126 Executing safepoint VM operation: Cleanup done
Event: 212.194 Executing safepoint VM operation: Cleanup
Event: 212.194 Executing safepoint VM operation: Cleanup done

Memory protections (0 events):
No events

Nmethod flushes (20 events):
Event: 95.548 Thread 0x0000022833593330 flushing  nmethod 0x0000022820fb8090
Event: 95.548 Thread 0x0000022833593330 flushing  nmethod 0x0000022820fba590
Event: 95.548 Thread 0x0000022833593330 flushing  nmethod 0x0000022820fc0d10
Event: 95.548 Thread 0x0000022833593330 flushing  nmethod 0x0000022821014b90
Event: 95.548 Thread 0x0000022833593330 flushing  nmethod 0x0000022821015a90
Event: 95.548 Thread 0x0000022833593330 flushing  nmethod 0x0000022821017390
Event: 95.548 Thread 0x0000022833593330 flushing  nmethod 0x0000022821017a10
Event: 95.548 Thread 0x0000022833593330 flushing  nmethod 0x000002282101d590
Event: 95.548 Thread 0x0000022833593330 flushing  nmethod 0x0000022821024e90
Event: 95.548 Thread 0x0000022833593330 flushing  nmethod 0x000002282106af90
Event: 95.548 Thread 0x0000022833593330 flushing  nmethod 0x00000228210daa10
Event: 95.548 Thread 0x0000022833593330 flushing  nmethod 0x00000228210de910
Event: 95.548 Thread 0x0000022833593330 flushing  nmethod 0x00000228210e5210
Event: 95.548 Thread 0x0000022833593330 flushing  nmethod 0x0000022821154890
Event: 95.548 Thread 0x0000022833593330 flushing  nmethod 0x0000022821154f90
Event: 95.548 Thread 0x0000022833593330 flushing  nmethod 0x0000022821157d10
Event: 95.548 Thread 0x0000022833593330 flushing  nmethod 0x0000022821158710
Event: 95.548 Thread 0x0000022833593330 flushing  nmethod 0x0000022821159a90
Event: 95.548 Thread 0x0000022833593330 flushing  nmethod 0x000002282115a690
Event: 95.548 Thread 0x0000022833593330 flushing  nmethod 0x000002282115b490

Events (20 events):
Event: 23.241 Thread 0x000002284dc745f0 Thread added: 0x00000228336ca4b0
Event: 23.358 Thread 0x00000228336ca4b0 Thread added: 0x000002284dd91840
Event: 23.978 Thread 0x00000228336ca4b0 Thread added: 0x000002284dad4570
Event: 24.340 Thread 0x00000228336ca4b0 Thread added: 0x0000022833943d80
Event: 24.438 Thread 0x0000022833943d80 Thread added: 0x0000022833944410
Event: 24.443 Thread 0x0000022833943d80 Thread added: 0x0000022833944aa0
Event: 24.447 Thread 0x0000022833943d80 Thread added: 0x00000228339464e0
Event: 26.218 Thread 0x0000022833943d80 Thread added: 0x0000022833946b70
Event: 26.295 Thread 0x0000022833943d80 Thread added: 0x00000228339436f0
Event: 27.398 Thread 0x0000022833943d80 Thread added: 0x0000022833945130
Event: 27.472 Thread 0x00000228339436f0 Thread added: 0x00000228339457c0
Event: 31.385 Thread 0x0000022833943d80 Thread added: 0x00000228337d1920
Event: 31.488 Thread 0x0000022833943d80 Thread added: 0x00000228337d39f0
Event: 34.042 Thread 0x0000022833943d80 Thread added: 0x00000228337d4da0
Event: 34.136 Thread 0x0000022833943d80 Thread added: 0x00000228337d5430
Event: 37.696 Thread 0x0000022833943d80 Thread added: 0x00000228337d2640
Event: 87.206 Thread 0x0000022833943d80 Thread added: 0x00000228337d1fb0
Event: 93.812 Thread 0x0000022833943d80 Thread added: 0x00000228337d6150
Event: 94.244 Thread 0x0000022833943d80 Thread added: 0x00000228337d2cd0
Event: 171.820 Thread 0x00000228339457c0 Thread exited: 0x00000228339457c0


Dynamic libraries:
0x00007ff7ef440000 - 0x00007ff7ef44e000 	C:\Users\wogud\.vscode\extensions\redhat.java-1.56.0-win32-x64\jre\21.0.12.1-win32-x86_64\bin\java.exe
0x00007ffcb6200000 - 0x00007ffcb6466000 	C:\Windows\SYSTEM32\ntdll.dll
0x00007ffcb4c90000 - 0x00007ffcb4d59000 	C:\Windows\System32\KERNEL32.DLL
0x00007ffcb35a0000 - 0x00007ffcb399f000 	C:\Windows\System32\KERNELBASE.dll
0x00007ffcaa340000 - 0x00007ffcaa3df000 	C:\Windows\SYSTEM32\apphelp.dll
0x00007ffcb3d10000 - 0x00007ffcb3e5c000 	C:\Windows\System32\ucrtbase.dll
0x00007ffc9c920000 - 0x00007ffc9c93e000 	C:\Users\wogud\.vscode\extensions\redhat.java-1.56.0-win32-x64\jre\21.0.12.1-win32-x86_64\bin\VCRUNTIME140.dll
0x00007ffc9c900000 - 0x00007ffc9c918000 	C:\Users\wogud\.vscode\extensions\redhat.java-1.56.0-win32-x64\jre\21.0.12.1-win32-x86_64\bin\jli.dll
0x00007ffcb5530000 - 0x00007ffcb56f6000 	C:\Windows\System32\USER32.dll
0x00007ffcb3a40000 - 0x00007ffcb3a67000 	C:\Windows\System32\win32u.dll
0x00007ffcb5aa0000 - 0x00007ffcb5acb000 	C:\Windows\System32\GDI32.dll
0x00007ffcb3a70000 - 0x00007ffcb3b99000 	C:\Windows\System32\gdi32full.dll
0x00007ffcb3ba0000 - 0x00007ffcb3c43000 	C:\Windows\System32\msvcp_win.dll
0x00007ffc8f650000 - 0x00007ffc8f8e1000 	C:\Windows\WinSxS\amd64_microsoft.windows.common-controls_6595b64144ccf1df_6.0.26100.8972_none_3e0da176e32f9d4b\COMCTL32.dll
0x00007ffcb59f0000 - 0x00007ffcb5a99000 	C:\Windows\System32\msvcrt.dll
0x00007ffcb4ac0000 - 0x00007ffcb4af2000 	C:\Windows\System32\IMM32.DLL
0x00007ffca8370000 - 0x00007ffca837c000 	C:\Users\wogud\.vscode\extensions\redhat.java-1.56.0-win32-x64\jre\21.0.12.1-win32-x86_64\bin\vcruntime140_1.dll
0x00007ffc79240000 - 0x00007ffc792cd000 	C:\Users\wogud\.vscode\extensions\redhat.java-1.56.0-win32-x64\jre\21.0.12.1-win32-x86_64\bin\msvcp140.dll
0x00007ffc29f90000 - 0x00007ffc2ad32000 	C:\Users\wogud\.vscode\extensions\redhat.java-1.56.0-win32-x64\jre\21.0.12.1-win32-x86_64\bin\server\jvm.dll
0x00007ffcb4bc0000 - 0x00007ffcb4c7c000 	C:\Windows\System32\ADVAPI32.dll
0x00007ffcb4940000 - 0x00007ffcb49ea000 	C:\Windows\System32\sechost.dll
0x00007ffcb4f80000 - 0x00007ffcb5098000 	C:\Windows\System32\RPCRT4.dll
0x00007ffcb4df0000 - 0x00007ffcb4e72000 	C:\Windows\System32\WS2_32.dll
0x00007ffc97cb0000 - 0x00007ffc97ce6000 	C:\Windows\SYSTEM32\WINMM.dll
0x00007ffcb3270000 - 0x00007ffcb32ce000 	C:\Windows\SYSTEM32\POWRPROF.dll
0x00007ffc9eb00000 - 0x00007ffc9eb0b000 	C:\Windows\SYSTEM32\VERSION.dll
0x00007ffcb3250000 - 0x00007ffcb3265000 	C:\Windows\SYSTEM32\UMPDC.dll
0x00007ffcb2100000 - 0x00007ffcb211b000 	C:\Windows\SYSTEM32\kernel.appcore.dll
0x00007ffc9c1f0000 - 0x00007ffc9c1fa000 	C:\Users\wogud\.vscode\extensions\redhat.java-1.56.0-win32-x64\jre\21.0.12.1-win32-x86_64\bin\jimage.dll
0x00007ffcb0b20000 - 0x00007ffcb0d62000 	C:\Windows\SYSTEM32\DBGHELP.DLL
0x00007ffcb5c70000 - 0x00007ffcb5ff5000 	C:\Windows\System32\combase.dll
0x00007ffcb40d0000 - 0x00007ffcb41a9000 	C:\Windows\System32\OLEAUT32.dll
0x00007ffc82970000 - 0x00007ffc829ab000 	C:\Windows\SYSTEM32\dbgcore.DLL
0x00007ffcb3e70000 - 0x00007ffcb3f1c000 	C:\Windows\System32\bcryptPrimitives.dll
0x00007ffc98bb0000 - 0x00007ffc98bbf000 	C:\Users\wogud\.vscode\extensions\redhat.java-1.56.0-win32-x64\jre\21.0.12.1-win32-x86_64\bin\instrument.dll
0x00007ffc980d0000 - 0x00007ffc980f0000 	C:\Users\wogud\.vscode\extensions\redhat.java-1.56.0-win32-x64\jre\21.0.12.1-win32-x86_64\bin\java.dll
0x00007ffcb41b0000 - 0x00007ffcb4938000 	C:\Windows\System32\SHELL32.dll
0x00007ffcb0e90000 - 0x00007ffcb172b000 	C:\Windows\SYSTEM32\windows.storage.dll
0x00007ffcb4e80000 - 0x00007ffcb4f79000 	C:\Windows\System32\SHCORE.dll
0x00007ffcb5be0000 - 0x00007ffcb5c46000 	C:\Windows\System32\shlwapi.dll
0x00007ffcb3330000 - 0x00007ffcb3359000 	C:\Windows\SYSTEM32\profapi.dll
0x00007ffc90770000 - 0x00007ffc90788000 	C:\Users\wogud\.vscode\extensions\redhat.java-1.56.0-win32-x64\jre\21.0.12.1-win32-x86_64\bin\zip.dll
0x00007ffc9c100000 - 0x00007ffc9c110000 	C:\Users\wogud\.vscode\extensions\redhat.java-1.56.0-win32-x64\jre\21.0.12.1-win32-x86_64\bin\net.dll
0x00007ffc9fa30000 - 0x00007ffc9fb58000 	C:\Windows\SYSTEM32\WINHTTP.dll
0x00007ffcb26b0000 - 0x00007ffcb271c000 	C:\Windows\system32\mswsock.dll
0x00007ffc90750000 - 0x00007ffc90766000 	C:\Users\wogud\.vscode\extensions\redhat.java-1.56.0-win32-x64\jre\21.0.12.1-win32-x86_64\bin\nio.dll
0x00007ffc98b40000 - 0x00007ffc98b50000 	C:\Users\wogud\.vscode\extensions\redhat.java-1.56.0-win32-x64\jre\21.0.12.1-win32-x86_64\bin\verify.dll
0x00007ffc2df70000 - 0x00007ffc2df97000 	C:\Users\wogud\.gradle\native\1def1411415f61bf3af743bc5b6707747c0891f09f0c88961ee8f79bc544acac\windows-amd64\native-platform.dll
0x00007ffc306c0000 - 0x00007ffc30738000 	C:\Users\wogud\.gradle\native\0.2.7\x86_64-windows-gnu\gradle-fileevents.dll
0x00007ffc98c00000 - 0x00007ffc98c0a000 	C:\Users\wogud\.vscode\extensions\redhat.java-1.56.0-win32-x64\jre\21.0.12.1-win32-x86_64\bin\management.dll
0x00007ffc98bf0000 - 0x00007ffc98bfc000 	C:\Users\wogud\.vscode\extensions\redhat.java-1.56.0-win32-x64\jre\21.0.12.1-win32-x86_64\bin\management_ext.dll
0x00007ffcb4b00000 - 0x00007ffcb4b08000 	C:\Windows\System32\PSAPI.DLL
0x00007ffcb1a80000 - 0x00007ffcb1ab3000 	C:\Windows\SYSTEM32\IPHLPAPI.DLL
0x00007ffcb49f0000 - 0x00007ffcb49fa000 	C:\Windows\System32\NSI.dll
0x00007ffc98460000 - 0x00007ffc98469000 	C:\Users\wogud\.vscode\extensions\redhat.java-1.56.0-win32-x64\jre\21.0.12.1-win32-x86_64\bin\extnet.dll
0x00007ffcb29a0000 - 0x00007ffcb29bb000 	C:\Windows\SYSTEM32\CRYPTSP.dll
0x00007ffcb2060000 - 0x00007ffcb2099000 	C:\Windows\system32\rsaenh.dll
0x00007ffcb2760000 - 0x00007ffcb2792000 	C:\Windows\SYSTEM32\USERENV.dll
0x00007ffcb3300000 - 0x00007ffcb332a000 	C:\Windows\SYSTEM32\bcrypt.dll
0x00007ffcb29c0000 - 0x00007ffcb29cc000 	C:\Windows\SYSTEM32\CRYPTBASE.dll
0x00007ffc9b520000 - 0x00007ffc9b52e000 	C:\Users\wogud\.vscode\extensions\redhat.java-1.56.0-win32-x64\jre\21.0.12.1-win32-x86_64\bin\sunmscapi.dll
0x00007ffcb3410000 - 0x00007ffcb358e000 	C:\Windows\System32\CRYPT32.dll
0x00007ffcb2be0000 - 0x00007ffcb2c10000 	C:\Windows\SYSTEM32\ncrypt.dll
0x00007ffcb2b90000 - 0x00007ffcb2bcf000 	C:\Windows\SYSTEM32\NTASN1.dll
0x00007ffc74dc0000 - 0x00007ffc74dc8000 	C:\Windows\system32\wshunix.dll

JVMTI agents:
C:\Users\wogud\.gradle\wrapper\dists\gradle-8.14.4-bin\92wwslzcyst3phie3o264zltu\gradle-8.14.4\lib\agents\gradle-instrumentation-agent-8.14.4.jar path:C:\Users\wogud\.vscode\extensions\redhat.java-1.56.0-win32-x64\jre\21.0.12.1-win32-x86_64\bin\instrument.dll, loaded, initialized, instrumentlib options:none

dbghelp: loaded successfully - version: 4.0.5 - missing functions: none
symbol engine: initialized successfully - sym options: 0x614 - pdb path: .;C:\Users\wogud\.vscode\extensions\redhat.java-1.56.0-win32-x64\jre\21.0.12.1-win32-x86_64\bin;C:\Windows\SYSTEM32;C:\Windows\WinSxS\amd64_microsoft.windows.common-controls_6595b64144ccf1df_6.0.26100.8972_none_3e0da176e32f9d4b;C:\Users\wogud\.vscode\extensions\redhat.java-1.56.0-win32-x64\jre\21.0.12.1-win32-x86_64\bin\server;C:\Users\wogud\.gradle\native\1def1411415f61bf3af743bc5b6707747c0891f09f0c88961ee8f79bc544acac\windows-amd64;C:\Users\wogud\.gradle\native\0.2.7\x86_64-windows-gnu

VM Arguments:
jvm_args: --add-opens=java.base/java.lang=ALL-UNNAMED --add-opens=java.base/java.lang.invoke=ALL-UNNAMED --add-opens=java.base/java.util=ALL-UNNAMED --add-opens=java.prefs/java.util.prefs=ALL-UNNAMED --add-exports=jdk.compiler/com.sun.tools.javac.api=ALL-UNNAMED --add-exports=jdk.compiler/com.sun.tools.javac.util=ALL-UNNAMED --add-opens=java.base/java.util=ALL-UNNAMED --add-opens=java.prefs/java.util.prefs=ALL-UNNAMED --add-opens=java.base/java.nio.charset=ALL-UNNAMED --add-opens=java.base/java.net=ALL-UNNAMED --add-opens=java.base/java.util.concurrent.atomic=ALL-UNNAMED --add-opens=java.xml/javax.xml.namespace=ALL-UNNAMED -XX:MaxMetaspaceSize=384m -XX:+HeapDumpOnOutOfMemoryError -Xms256m -Xmx512m -Dfile.encoding=UTF-8 -Duser.country=KR -Duser.language=ko -Duser.variant -javaagent:C:\Users\wogud\.gradle\wrapper\dists\gradle-8.14.4-bin\92wwslzcyst3phie3o264zltu\gradle-8.14.4\lib\agents\gradle-instrumentation-agent-8.14.4.jar 
java_command: org.gradle.launcher.daemon.bootstrap.GradleDaemon 8.14.4
java_class_path (initial): C:\Users\wogud\.gradle\wrapper\dists\gradle-8.14.4-bin\92wwslzcyst3phie3o264zltu\gradle-8.14.4\lib\gradle-daemon-main-8.14.4.jar
Launcher Type: SUN_STANDARD

[Global flags]
     intx CICompilerCount                          = 4                                         {product} {ergonomic}
   size_t CompressedClassSpaceSize                 = 335544320                                 {product} {ergonomic}
     uint ConcGCThreads                            = 2                                         {product} {ergonomic}
     uint G1ConcRefinementThreads                  = 8                                         {product} {ergonomic}
   size_t G1HeapRegionSize                         = 1048576                                   {product} {ergonomic}
    uintx GCDrainStackTargetSize                   = 64                                        {product} {ergonomic}
     bool HeapDumpOnOutOfMemoryError               = true                                   {manageable} {command line}
   size_t InitialHeapSize                          = 268435456                                 {product} {command line}
   size_t MarkStackSize                            = 4194304                                   {product} {ergonomic}
   size_t MaxHeapSize                              = 536870912                                 {product} {command line}
   size_t MaxMetaspaceSize                         = 402653184                                 {product} {command line}
   size_t MaxNewSize                               = 321912832                                 {product} {ergonomic}
   size_t MinHeapDeltaBytes                        = 1048576                                   {product} {ergonomic}
   size_t MinHeapSize                              = 268435456                                 {product} {command line}
    uintx NonNMethodCodeHeapSize                   = 5839372                                {pd product} {ergonomic}
    uintx NonProfiledCodeHeapSize                  = 122909434                              {pd product} {ergonomic}
    uintx ProfiledCodeHeapSize                     = 122909434                              {pd product} {ergonomic}
    uintx ReservedCodeCacheSize                    = 251658240                              {pd product} {ergonomic}
     bool SegmentedCodeCache                       = true                                      {product} {ergonomic}
   size_t SoftMaxHeapSize                          = 536870912                              {manageable} {ergonomic}
     bool UseCompressedOops                        = true                           {product lp64_product} {ergonomic}
     bool UseG1GC                                  = true                                      {product} {ergonomic}
     bool UseLargePagesIndividualAllocation        = false                                  {pd product} {ergonomic}

Logging:
Log output configuration:
 #0: stdout all=warning uptime,level,tags foldmultilines=false
 #1: stderr all=off uptime,level,tags foldmultilines=false

Release file:
JAVA_VERSION="21.0.12.1" 
MODULES="java.base java.compiler java.datatransfer java.xml java.prefs java.desktop java.instrument java.logging java.management java.security.sasl java.naming java.rmi java.management.rmi java.net.http java.scripting java.security.jgss java.transaction.xa java.sql java.sql.rowset java.xml.crypto java.se java.smartcardio jdk.accessibility jdk.internal.jvmstat jdk.attach jdk.charsets jdk.internal.opt jdk.zipfs jdk.compiler jdk.crypto.ec jdk.crypto.cryptoki jdk.crypto.mscapi jdk.dynalink jdk.internal.ed jdk.editpad jdk.hotspot.agent jdk.httpserver jdk.internal.le jdk.internal.vm.ci jdk.internal.vm.compiler jdk.internal.vm.compiler.management jdk.jartool jdk.javadoc jdk.jcmd jdk.management jdk.management.agent jdk.jconsole jdk.jdeps jdk.jdwp.agent jdk.jdi jdk.jfr jdk.jshell jdk.jsobject jdk.jstatd jdk.localedata jdk.management.jfr jdk.naming.dns jdk.naming.rmi jdk.net jdk.nio.mapmode jdk.random jdk.sctp jdk.security.auth jdk.security.jgss jdk.unsupported jdk.unsupported.desktop jdk.xml.dom" 

Environment Variables:
JAVA_HOME=C:\Program Files\Java\jdk-21.0.10
PATH=C:\Program Files\Common Files\Oracle\Java\javapath;C:\Program Files\Eclipse Adoptium\jdk-21.0.10.7-hotspot\bin;C:\Windows\system32;C:\Windows;C:\Windows\System32\Wbem;C:\Windows\System32\WindowsPowerShell\v1.0\;C:\Windows\System32\OpenSSH\;C:\Program Files\dotnet\;C:\Program Files\nodejs\;C:\Program Files\Git\cmd;C:\Users\wogud\AppData\Local\Programs\Python\Python313\Scripts\;C:\Users\wogud\AppData\Local\Programs\Python\Python313\;C:\Users\wogud\AppData\Local\Programs\Python\Launcher\;C:\Users\wogud\AppData\Local\Microsoft\WindowsApps;C:\Users\wogud\AppData\Local\Programs\Microsoft VS Code\bin;C:\Users\wogud\.dotnet\tools;C:\Users\wogud\AppData\Roaming\npm
USERNAME=wogud
OS=Windows_NT
PROCESSOR_IDENTIFIER=Intel64 Family 6 Model 189 Stepping 1, GenuineIntel
TMP=C:\Users\wogud\AppData\Local\Temp
TEMP=C:\Users\wogud\AppData\Local\Temp




Periodic native trim disabled

---------------  S Y S T E M  ---------------

OS:
 Windows 11 , 64 bit Build 26100 (10.0.26100.9168)
OS uptime: 9 days 16:40 hours
Hyper-V role detected

CPU: total 8 (initial active 8) (8 cores per cpu, 1 threads per core) family 6 model 189 stepping 1 microcode 0x125, cx8, cmov, fxsr, mmx, 3dnowpref, sse, sse2, sse3, ssse3, sse4.1, sse4.2, popcnt, lzcnt, tsc, tscinvbit, avx, avx2, aes, erms, clmul, bmi1, bmi2, adx, sha, fma, vzeroupper, clflush, clflushopt, clwb, hv, serialize, rdtscp, rdpid, fsrm, f16c, cet_ibt, cet_ss
Processor Information for processor 0
  Max Mhz: 2200, Current Mhz: 2200, Mhz Limit: 2200
Processor Information for processor 1
  Max Mhz: 2200, Current Mhz: 2200, Mhz Limit: 2200
Processor Information for processor 2
  Max Mhz: 2200, Current Mhz: 2200, Mhz Limit: 2200
Processor Information for processor 3
  Max Mhz: 2200, Current Mhz: 2200, Mhz Limit: 2200
Processor Information for processor 4
  Max Mhz: 2200, Current Mhz: 2000, Mhz Limit: 2200
Processor Information for processor 5
  Max Mhz: 2200, Current Mhz: 2200, Mhz Limit: 2200
Processor Information for processor 6
  Max Mhz: 2200, Current Mhz: 2200, Mhz Limit: 2200
Processor Information for processor 7
  Max Mhz: 2200, Current Mhz: 2200, Mhz Limit: 2200

Memory: 4k page, system-wide physical 15914M (1013M free)
TotalPageFile size 65066M (AvailPageFile size 9M)
current process WorkingSet (physical memory assigned to process): 39M, peak: 245M
current process commit charge ("private bytes"): 443M, peak: 453M

vm_info: OpenJDK 64-Bit Server VM (21.0.12.1+1-LTS) for windows-amd64 JRE (21.0.12.1+1-LTS), built on 2026-08-18T00:00:00Z by "admin" with MS VC++ 17.12 (VS2022)

END.
